数学建模相关/2023数模国赛C题/运行代码/数据拼合/sales_day_simple.csv
销售日期,单品编码,销量(千克),每日平均销售单价(元/千克),打折数量,原价数量
2020-07-01,102900005115762,6.841,6.0,0,11
2020-07-02,102900005115762,8.112,6.0,0,14
2020-07-03,102900005115762,7.694,6.0,0,12
2020-07-05,102900005115762,6.021,6.0,0,13
2020-07-06,102900005115762,5.854,6.0,0,10
2020-07-07,102900005115762,8.062,6.0,0,15
2020-07-08,102900005115762,9.079,6.0,0,16
2020-07-09,102900005115762,9.78,5.0,0,21
2020-07-10,102900005115762,7.069000000000001,4.733333333333333,2,12
2020-07-11,102900005115762,8.534,4.7,4,14
2020-07-12,102900005115762,8.131,4.7,2,12
2020-07-17,102900005115762,6.807,4.35,4,11
2020-07-18,102900005115762,7.208,4.525,3,11
2020-07-21,102900005115762,7.761,6.0,0,13
2020-07-22,102900005115762,3.8949999999999996,5.75,2,8
2020-07-23,102900005115762,4.5,7.6,0,9
2020-07-25,102900005115762,5.676,7.0,0,12
2020-07-26,102900005115762,7.278,7.0,0,13
2020-07-27,102900005115762,5.2,6.65,1,10
2020-07-28,102900005115762,6.964,6.7,1,14
2020-07-31,102900005115762,3.271,8.0,0,8
2020-08-01,102900005115762,11.704,8.0,0,21
2020-08-02,102900005115762,7.237,9.0,0,16
2020-08-03,102900005115762,8.029,7.0,3,13
2020-08-04,102900005115762,5.99,8.0,0,12
2020-08-05,102900005115762,9.663,8.0,0,19
2020-08-06,102900005115762,7.152,7.0,0,17
2020-08-07,102900005115762,4.928,6.5,1,7
2020-08-08,102900005115762,8.902,7.0,0,20
2020-08-09,102900005115762,10.24,5.666666666666667,6,10
2020-08-10,102900005115762,13.423000000000002,6.0,11,19
2020-08-11,102900005115762,9.7,6.0,0,22
2020-08-13,102900005115762,8.675,5.6,0,19
2020-08-14,102900005115762,5.121,5.0,0,11
2020-08-15,102900005115762,10.02,5.0,0,19
2020-08-16,102900005115762,6.106,5.0,0,14
2020-08-17,102900005115762,9.419,5.0,0,18
2020-08-18,102900005115762,5.442,5.0,0,13
2020-08-19,102900005115762,8.291,5.0,0,16
2020-08-20,102900005115762,8.514,5.0,0,17
2020-08-21,102900005115762,8.336,5.0,0,19
2020-08-22,102900005115762,8.212,5.0,0,15
2020-08-23,102900005115762,6.385,5.0,0,13
2020-08-24,102900005115762,4.958,5.0,0,9
2020-08-25,102900005115762,8.962,5.6,0,16
2020-08-26,102900005115762,7.676,6.0,0,14
2020-08-27,102900005115762,7.073,6.0,0,13
2020-08-28,102900005115762,4.834,6.0,0,9
2020-08-29,102900005115762,8.93,6.0,0,17
2020-08-30,102900005115762,7.743,6.0,0,15
2020-08-31,102900005115762,4.515,6.0,0,10
2020-09-01,102900005115762,6.254,6.0,0,12
2020-09-02,102900005115762,5.843,5.0,0,15
2020-09-03,102900005115762,5.328,4.6,0,9
2020-09-04,102900005115762,5.809,4.6,0,12
2020-09-05,102900005115762,10.926,3.6,0,21
2020-09-06,102900005115762,7.1,4.6,0,18
2020-09-07,102900005115762,3.058,4.6,0,6
2020-09-08,102900005115762,3.145,4.6,0,7
2020-09-09,102900005115762,6.442,4.6,0,12
2020-09-10,102900005115762,4.4990000000000006,4.6,0,10
2020-09-11,102900005115762,5.089,4.6,0,10
2020-09-12,102900005115762,6.551,4.6,0,18
2020-09-13,102900005115762,6.311,4.6,0,16
2020-09-14,102900005115762,6.918,5.6,0,18
2020-09-15,102900005115762,4.678,5.6,0,12
2020-09-16,102900005115762,2.741,5.6,0,6
2020-09-17,102900005115762,5.337999999999999,4.0,1,9
2020-09-18,102900005115762,4.078,5.0,0,8
2020-09-19,102900005115762,4.798,5.0,0,13
2020-09-20,102900005115762,6.469,6.0,0,13
2020-09-21,102900005115762,5.234999999999999,6.0,0,10
2020-09-23,102900005115762,5.636,6.0,0,13
2020-09-24,102900005115762,3.919,10.0,0,8
2020-09-25,102900005115762,2.519,8.0,0,7
2020-09-26,102900005115762,3.512,6.0,0,9
2020-09-29,102900005115762,6.912,4.0,0,15
2021-01-18,102900005115762,2.01,14.0,0,4
2021-01-19,102900005115762,0.494,14.0,0,1
2021-01-22,102900005115762,4.106,14.0,0,8
2021-01-25,102900005115762,1.586,12.0,0,2
2021-01-26,102900005115762,0.693,12.0,0,1
2021-01-29,102900005115762,2.685,10.0,0,5
2021-01-30,102900005115762,4.911,10.0,0,10
2020-07-01,102900005115779,41.966,8.0,0,114
2020-07-02,102900005115779,44.873,5.7,1,110
2020-07-03,102900005115779,36.309,8.0,0,93
2020-07-04,102900005115779,51.205,8.0,0,141
2020-07-05,102900005115779,34.249,7.9,1,91
2020-07-06,102900005115779,36.532,8.0,0,99
2020-07-07,102900005115779,30.058,10.0,0,79
2020-07-08,102900005115779,21.339,10.0,0,57
2020-07-09,102900005115779,33.109,10.0,0,90
2020-07-10,102900005115779,13.582,9.466666666666667,3,34
2020-07-11,102900005115779,20.063,8.328571428571427,6,47
2020-07-12,102900005115779,30.038,9.071428571428571,11,70
2020-07-13,102900005115779,32.985,9.028571428571428,7,80
2020-07-14,102900005115779,25.063,9.766666666666666,2,71
2020-07-15,102900005115779,23.584,9.1,2,66
2020-07-16,102900005115779,25.015,7.42,10,62
2020-07-17,102900005115779,27.073,9.266666666666667,10,71
2020-07-18,102900005115779,40.398,8.854545454545455,14,98
2020-07-19,102900005115779,37.822,8.472727272727273,15,86
2020-07-20,102900005115779,30.473,8.799999999999999,5,78
2020-07-21,102900005115779,35.089000000000006,9.200000000000001,7,85
2020-07-22,102900005115779,30.681,8.7625,10,82
2020-07-23,102900005115779,20.035000000000004,9.1,8,50
2020-07-24,102900005115779,21.268,9.375,4,51
2020-07-25,102900005115779,50.545,7.990909090909091,17,124
2020-07-26,102900005115779,54.457,8.255555555555555,15,128
2020-07-27,102900005115779,26.238,11.022222222222222,10,57
2020-07-28,102900005115779,18.663,10.2,6,51
2020-07-29,102900005115779,18.297,9.299999999999999,6,44
2020-07-30,102900005115779,28.595000000000002,10.399999999999999,8,60
2020-07-31,102900005115779,19.111,12.0,0,62
2020-08-01,102900005115779,29.587,11.3,3,82
2020-08-02,102900005115779,22.288,12.0,0,69
2020-08-03,102900005115779,13.315,12.0,0,43
2020-08-04,102900005115779,17.016000000000002,12.0,0,50
2020-08-05,102900005115779,20.015,12.0,0,66
2020-08-06,102900005115779,20.564,12.0,0,64
2020-08-07,102900005115779,20.897,12.0,0,57
2020-08-08,102900005115779,34.302,12.0,0,97
2020-08-09,102900005115779,20.969,10.0,0,55
2020-08-10,102900005115779,24.445,10.0,0,66
2020-08-11,102900005115779,18.624,10.0,0,54
2020-08-12,102900005115779,27.011,10.0,0,79
2020-08-13,102900005115779,17.69,10.0,0,47
2020-08-14,102900005115779,29.789,10.0,0,87
2020-08-15,102900005115779,42.174,10.0,0,112
2020-08-16,102900005115779,14.431,10.0,0,41
2020-08-17,102900005115779,47.839,8.0,0,129
2020-08-18,102900005115779,34.041,8.0,0,87
2020-08-19,102900005115779,37.437,8.0,0,98
2020-08-20,102900005115779,29.877,8.0,0,73
2020-08-21,102900005115779,15.854,8.0,0,41
2020-08-22,102900005115779,31.245,8.0,0,83
2020-08-23,102900005115779,31.328,9.0,0,77
2020-08-24,102900005115779,28.15,8.0,0,63
2020-08-25,102900005115779,27.859,8.0,0,63
2020-08-26,102900005115779,35.816,8.0,0,90
2020-08-27,102900005115779,33.578,8.0,0,94
2020-08-28,102900005115779,31.005,8.0,0,97
2020-08-29,102900005115779,52.538,8.0,0,139
2020-08-30,102900005115779,43.843,8.0,0,127
2020-08-31,102900005115779,52.387,8.0,0,128
2020-09-01,102900005115779,31.896,8.0,0,81
2020-09-02,102900005115779,24.402,8.0,0,67
2020-09-03,102900005115779,23.558,8.6,0,68
2020-09-04,102900005115779,23.118,8.6,0,63
2020-09-05,102900005115779,27.428,8.6,0,75
2020-09-06,102900005115779,56.537,9.0,0,145
2020-09-07,102900005115779,20.516,9.0,0,56
2020-09-08,102900005115779,13.052,9.0,0,38
2020-09-09,102900005115779,22.562,9.0,0,64
2020-09-10,102900005115779,11.118,9.0,0,34
2020-09-11,102900005115779,41.772,8.0,0,98
2020-09-12,102900005115779,22.96,8.0,0,56
2020-09-13,102900005115779,47.847,8.0,0,109
2020-09-14,102900005115779,38.641,8.0,0,98
2020-09-15,102900005115779,21.041,8.0,0,59
2020-09-16,102900005115779,27.334,8.0,0,78
2020-09-17,102900005115779,17.259,8.0,0,50
2020-09-18,102900005115779,10.181,8.0,0,30
2020-09-19,102900005115779,27.521,8.0,0,72
2020-09-20,102900005115779,56.799,8.0,0,140
2020-09-21,102900005115779,4.11,8.0,0,9
2020-09-22,102900005115779,31.458,8.0,0,64
2020-09-23,102900005115779,28.981,9.0,0,70
2020-09-24,102900005115779,41.111,9.6,0,99
2020-09-25,102900005115779,36.687,9.6,0,101
2020-09-26,102900005115779,47.512,9.6,0,124
2020-09-27,102900005115779,30.446,9.6,0,76
2020-09-28,102900005115779,8.958,9.6,0,28
2020-09-29,102900005115779,32.413,9.6,0,91
2020-09-30,102900005115779,29.74,9.6,0,85
2020-10-01,102900005115779,43.121,9.6,0,107
2020-10-02,102900005115779,28.147,9.6,0,66
2020-10-03,102900005115779,19.879,9.6,0,48
2020-10-04,102900005115779,31.357,8.0,0,76
2020-10-05,102900005115779,49.638,8.0,0,136
2020-10-06,102900005115779,30.877,10.0,0,91
2020-10-07,102900005115779,17.47,10.0,0,46
2020-10-08,102900005115779,26.538,10.0,0,71
2020-10-09,102900005115779,12.515,11.0,0,38
2020-10-10,102900005115779,19.008,11.0,0,59
2020-10-11,102900005115779,33.757,11.0,0,88
2020-10-12,102900005115779,11.98,8.0,0,36
2020-10-13,102900005115779,14.805,8.0,0,41
2020-10-14,102900005115779,29.043,8.0,0,72
2020-10-15,102900005115779,32.872,8.0,0,81
2020-10-16,102900005115779,14.604,8.0,0,39
2020-10-17,102900005115779,21.671,8.0,0,63
2020-10-18,102900005115779,28.461,8.0,0,72
2020-10-19,102900005115779,10.443,8.0,0,31
2020-10-20,102900005115779,20.583,10.0,0,50
2020-10-21,102900005115779,17.138,10.0,0,41
2020-10-22,102900005115779,18.891,10.0,0,44
2020-10-23,102900005115779,12.69,10.0,0,39
2020-10-24,102900005115779,23.833,10.0,0,64
2020-10-25,102900005115779,27.242,10.0,0,71
2020-10-26,102900005115779,15.336,10.0,0,48
2020-10-27,102900005115779,16.552,10.0,0,50
2020-10-28,102900005115779,9.121,10.0,0,31
2020-10-29,102900005115779,14.62,10.0,0,39
2020-10-30,102900005115779,13.231,10.0,0,38
2020-10-31,102900005115779,24.305,10.0,0,66
2020-11-01,102900005115779,13.43,10.0,0,36
2020-11-02,102900005115779,11.262,10.0,0,26
2020-11-03,102900005115779,4.832,10.0,0,17
2020-11-04,102900005115779,9.032,10.0,0,29
2020-11-05,102900005115779,15.806,10.0,0,35
2020-11-06,102900005115779,7.115,10.0,0,17
2020-11-07,102900005115779,13.267,10.0,0,35
2020-11-08,102900005115779,22.87,10.0,0,58
2020-11-09,102900005115779,14.384,10.0,0,42
2020-11-10,102900005115779,9.034,9.0,0,31
2020-11-11,102900005115779,7.561,9.0,0,25
2020-11-12,102900005115779,5.044,9.0,0,17
2020-11-13,102900005115779,7.329,9.0,0,20
2020-11-14,102900005115779,16.206,9.0,0,48
2020-11-15,102900005115779,22.477,9.0,0,61
2020-11-16,102900005115779,8.172,9.0,0,22
2020-11-17,102900005115779,5.781,9.0,0,19
2020-11-18,102900005115779,10.428,8.0,0,31
2020-11-19,102900005115779,13.2,8.0,0,32
2020-11-20,102900005115779,12.284,8.0,0,32
2020-11-21,102900005115779,22.371,8.0,0,58
2020-11-22,102900005115779,26.226,7.0,0,62
2020-11-23,102900005115779,26.255,7.0,0,64
2020-11-24,102900005115779,8.599,7.0,0,23
2020-11-25,102900005115779,6.85,7.0,0,18
2020-11-26,102900005115779,4.616,7.0,0,12
2020-11-27,102900005115779,20.762,7.0,0,48
2020-11-28,102900005115779,15.933,7.0,0,42
2020-11-29,102900005115779,7.05,7.0,0,17
2020-11-30,102900005115779,7.395,7.0,0,19
2020-12-01,102900005115779,11.393,7.0,0,34
2020-12-02,102900005115779,14.029,7.0,0,35
2020-12-03,102900005115779,14.3,7.0,0,38
2020-12-04,102900005115779,4.643,7.0,0,15
2020-12-05,102900005115779,8.569,7.0,0,23
2020-12-06,102900005115779,28.313,6.0,0,69
2020-12-07,102900005115779,6.188,6.0,0,18
2020-12-08,102900005115779,13.395,6.0,0,33
2020-12-09,102900005115779,6.439,6.0,0,19
2020-12-10,102900005115779,6.857,6.0,0,17
2020-12-11,102900005115779,17.86,6.0,0,40
2020-12-12,102900005115779,7.927,6.0,0,25
2020-12-13,102900005115779,18.9,7.0,0,46
2020-12-14,102900005115779,17.194,8.0,0,40
2020-12-15,102900005115779,15.426,8.0,0,33
2020-12-16,102900005115779,4.636,8.0,0,13
2020-12-17,102900005115779,6.868,8.0,0,18
2020-12-18,102900005115779,17.321,8.0,0,38
2020-12-19,102900005115779,29.112,8.0,0,65
2020-12-20,102900005115779,12.308,8.0,0,29
2020-12-21,102900005115779,8.749,8.0,0,21
2020-12-22,102900005115779,5.124,8.0,0,16
2020-12-23,102900005115779,6.753,8.0,0,18
2020-12-24,102900005115779,16.382,8.0,0,40
2020-12-25,102900005115779,13.585,8.0,0,38
2020-12-26,102900005115779,15.807,9.0,0,42
2020-12-27,102900005115779,14.12,9.0,0,33
2020-12-28,102900005115779,5.947,9.0,0,14
2020-12-29,102900005115779,14.144,9.0,0,33
2020-12-30,102900005115779,10.825,9.0,0,23
2020-12-31,102900005115779,15.642,10.0,0,41
2021-01-01,102900005115779,11.224,10.0,0,26
2021-01-02,102900005115779,17.057,10.0,0,42
2021-01-03,102900005115779,16.855,10.0,0,45
2021-01-04,102900005115779,11.598,10.0,0,33
2021-01-05,102900005115779,10.714,10.0,0,28
2021-01-06,102900005115779,11.175,10.0,0,33
2021-01-07,102900005115779,9.824,10.0,0,22
2021-01-08,102900005115779,20.245,10.0,0,49
2021-01-09,102900005115779,29.967,10.0,0,69
2021-01-10,102900005115779,20.141,10.0,0,47
2021-01-11,102900005115779,9.189,10.0,0,25
2021-01-12,102900005115779,8.095,10.0,0,22
2021-01-13,102900005115779,7.372,12.0,0,22
2021-01-14,102900005115779,10.679,12.0,0,25
2021-01-15,102900005115779,15.387,12.0,0,38
2021-01-16,102900005115779,19.276,12.0,0,59
2021-01-17,102900005115779,8.999,12.0,0,28
2021-01-18,102900005115779,7.899,12.0,0,28
2021-01-19,102900005115779,6.47,12.0,0,21
2021-01-20,102900005115779,8.173,12.0,0,24
2021-01-21,102900005115779,4.883,12.0,0,18
2021-01-22,102900005115779,15.602,12.0,0,46
2021-01-23,102900005115779,13.243,12.0,0,36
2021-01-24,102900005115779,19.347,12.0,0,51
2021-01-25,102900005115779,8.83,12.0,0,23
2021-01-26,102900005115779,7.872,12.0,0,22
2021-01-27,102900005115779,8.917,12.0,0,27
2021-01-28,102900005115779,7.998,12.0,0,20
2021-01-29,102900005115779,6.279,12.0,0,18
2021-01-30,102900005115779,12.022,12.0,0,34
2020-07-01,102900005115786,11.352,6.0,0,24
2020-07-02,102900005115786,11.556,6.0,0,24
2020-07-03,102900005115786,11.125,5.0,4,20
2020-07-04,102900005115786,20.571,6.0,0,49
2020-07-05,102900005115786,30.936999999999998,5.9,1,68
2020-07-06,102900005115786,14.131,6.0,0,27
2020-07-07,102900005115786,11.756,6.0,0,29
2020-07-08,102900005115786,7.927,6.0,0,14
2020-07-09,102900005115786,17.546,6.0,0,42
2020-07-10,102900005115786,19.284,5.175,21,21
2020-07-11,102900005115786,23.588,4.583333333333333,9,48
2020-07-12,102900005115786,33.063,4.62,5,69
2020-07-13,102900005115786,12.389000000000001,3.5,5,26
2020-07-14,102900005115786,11.935,3.9,1,24
2020-07-15,102900005115786,14.196,3.8,1,31
2020-07-16,102900005115786,18.904,3.6,3,44
2020-07-17,102900005115786,13.242999999999999,3.05,3,27
2020-07-18,102900005115786,8.314,4.0,0,17
2020-07-19,102900005115786,21.409999999999997,3.6166666666666667,8,43
2020-07-20,102900005115786,13.142,2.96,6,24
2020-07-21,102900005115786,11.029,3.766666666666667,3,21
2020-07-22,102900005115786,21.383,3.75,3,44
2020-07-23,102900005115786,13.645,3.8,3,25
2020-07-24,102900005115786,17.563,3.75,2,34
2020-07-25,102900005115786,16.003,4.575,5,32
2020-07-26,102900005115786,8.375,4.733333333333333,3,18
2020-07-27,102900005115786,13.433,3.925,3,25
2020-07-28,102900005115786,9.855,4.8,2,23
2020-07-29,102900005115786,15.43,3.7857142857142856,7,28
2020-07-30,102900005115786,13.677,4.32,4,32
2020-07-31,102900005115786,16.986,5.0,0,41
2020-08-01,102900005115786,15.156,5.7,5,35
2020-08-02,102900005115786,14.726,8.0,0,35
2020-08-03,102900005115786,17.678,6.0,0,39
2020-08-04,102900005115786,16.946,5.0,0,46
2020-08-05,102900005115786,25.766,5.0,0,59
2020-08-06,102900005115786,12.577000000000002,4.5,8,26
2020-08-07,102900005115786,7.352,5.0,0,19
2020-08-08,102900005115786,12.393,5.0,0,28
2020-08-09,102900005115786,10.904,5.0,0,25
2020-08-10,102900005115786,9.816,5.0,0,28
2020-08-11,102900005115786,10.483,4.0,0,27
2020-08-12,102900005115786,11.962,4.0,0,24
2020-08-13,102900005115786,22.219,4.0,0,53
2020-08-14,102900005115786,10.384,4.0,0,27
2020-08-15,102900005115786,9.13,3.6,0,26
2020-08-16,102900005115786,9.329,3.6,0,23
2020-08-17,102900005115786,9.75,3.6,0,22
2020-08-18,102900005115786,11.228,3.6,0,25
2020-08-19,102900005115786,11.394,3.6,0,28
2020-08-20,102900005115786,10.778,4.0,0,22
2020-08-21,102900005115786,9.422,4.0,0,20
2020-08-22,102900005115786,9.574,4.0,0,18
2020-08-23,102900005115786,17.869,4.0,0,40
2020-08-24,102900005115786,8.193,4.0,0,19
2020-08-25,102900005115786,18.358,4.5,0,36
2020-08-26,102900005115786,8.828,7.0,0,20
2020-08-27,102900005115786,9.935,8.0,0,19
2020-08-29,102900005115786,6.366,8.0,0,15
2020-08-30,102900005115786,16.759,6.0,0,36
2020-08-31,102900005115786,15.772,6.0,0,35
2020-09-01,102900005115786,16.117,5.0,15,19
2020-09-02,102900005115786,10.469,6.0,0,22
2020-09-03,102900005115786,9.198,6.0,0,19
2020-09-04,102900005115786,6.806,6.0,0,15
2020-09-05,102900005115786,4.966,6.0,0,12
2020-09-06,102900005115786,5.787,6.0,0,15
2020-09-07,102900005115786,4.184,5.0,3,6
2020-09-08,102900005115786,0.8029999999999999,6.0,0,2
2020-09-09,102900005115786,6.1370000000000005,6.0,0,15
2020-09-10,102900005115786,10.846,5.0,0,17
2020-09-11,102900005115786,6.734,3.6,0,14
2020-09-12,102900005115786,11.185,3.4,0,22
2020-09-13,102900005115786,9.526,3.4,0,20
2020-09-14,102900005115786,13.463,3.4,0,27
2020-09-15,102900005115786,8.609,3.4,0,21
2020-09-16,102900005115786,8.52,3.4,0,19
2020-09-17,102900005115786,7.487,3.4,0,18
2020-09-18,102900005115786,8.107,3.4,0,18
2020-09-19,102900005115786,13.963,3.4,0,28
2020-09-20,102900005115786,10.003,4.0,0,20
2020-09-21,102900005115786,25.755,4.0,0,47
2020-09-22,102900005115786,11.106,4.0,0,26
2020-09-23,102900005115786,11.183,4.0,0,23
2020-09-24,102900005115786,5.503,4.0,0,14
2020-09-25,102900005115786,4.676,4.0,0,13
2020-09-26,102900005115786,7.691,4.0,0,19
2020-09-27,102900005115786,8.894,5.0,0,21
2020-09-28,102900005115786,5.518,6.0,0,14
2020-09-29,102900005115786,4.812,8.0,0,10
2020-09-30,102900005115786,4.816,7.0,0,13
2020-10-01,102900005115786,10.871,6.0,0,22
2020-10-02,102900005115786,12.529,6.0,0,25
2021-01-18,102900005115786,2.459,16.0,0,7
2021-01-19,102900005115786,3.147,16.0,0,10
2021-01-20,102900005115786,1.908,16.0,0,5
2021-01-21,102900005115786,1.898,16.0,0,5
2021-01-22,102900005115786,2.141,16.0,0,6
2021-01-23,102900005115786,0.76,12.0,0,2
2021-01-24,102900005115786,5.415,14.0,0,15
2021-01-25,102900005115786,2.433,14.0,0,7
2021-01-26,102900005115786,1.524,14.0,0,4
2021-01-27,102900005115786,2.285,16.0,0,5
2021-01-28,102900005115786,1.539,16.0,0,4
2021-01-29,102900005115786,2.747,14.0,0,7
2021-01-30,102900005115786,1.587,14.0,0,4
