数学建模相关/2023数模国赛C题/运行代码/数据拼合/sales_day_simple.csv
销售日期,单品编码,销量(千克),每日平均销售单价(元/千克),打折数量,原价数量
2020-07-01,102900005115793,4.288,16.0,0,11
2020-07-02,102900005115793,4.55,16.0,0,9
2020-07-03,102900005115793,3.099,16.0,0,7
2020-07-04,102900005115793,7.091,16.0,0,15
2020-07-06,102900005115793,6.496,16.0,0,16
2020-07-07,102900005115793,6.929,16.0,0,14
2020-07-08,102900005115793,5.33,16.0,0,13
2020-07-09,102900005115793,3.761,16.0,0,8
2020-07-10,102900005115793,7.827999999999999,15.033333333333333,2,14
2020-07-11,102900005115793,7.742999999999999,15.12,4,14
2020-07-12,102900005115793,6.829,10.266666666666667,2,15
2020-07-13,102900005115793,3.605,16.0,0,9
2020-07-14,102900005115793,4.631,16.0,0,12
2020-07-16,102900005115793,6.6370000000000005,16.933333333333334,2,12
2020-07-17,102900005115793,4.071,17.4,1,9
2020-07-18,102900005115793,10.548,18.0,0,22
2020-07-19,102900005115793,6.960000000000001,15.45,2,10
2020-07-20,102900005115793,5.7509999999999994,11.933333333333332,2,12
2020-07-21,102900005115793,7.804,16.0,0,15
2020-07-22,102900005115793,7.93,15.0,2,16
2020-07-23,102900005115793,6.841,11.875,3,14
2020-07-24,102900005115793,5.39,14.95,1,12
2020-07-25,102900005115793,8.235,14.9,2,16
2020-07-26,102900005115793,8.055,16.0,0,15
2020-07-27,102900005115793,3.498,16.0,0,7
2020-07-28,102900005115793,8.516,16.0,0,19
2020-07-29,102900005115793,7.555,16.0,0,18
2020-07-30,102900005115793,7.021,12.633333333333333,2,15
2020-07-31,102900005115793,8.154,16.0,0,17
2020-08-01,102900005115793,4.619,16.0,0,12
2020-08-02,102900005115793,6.247,16.0,0,13
2020-08-03,102900005115793,4.5,16.0,0,9
2020-08-04,102900005115793,1.427,16.0,0,4
2020-08-05,102900005115793,7.616,16.0,0,18
2020-08-06,102900005115793,3.428,16.0,0,8
2020-08-07,102900005115793,4.274,16.0,0,10
2020-08-08,102900005115793,6.603,16.0,0,14
2020-08-09,102900005115793,7.63,16.0,0,17
2020-08-10,102900005115793,8.138,16.0,0,19
2020-08-11,102900005115793,5.811,12.0,0,13
2020-08-12,102900005115793,6.71,14.0,0,16
2020-08-13,102900005115793,5.559,14.0,0,10
2020-08-14,102900005115793,8.341000000000001,14.0,0,20
2020-08-15,102900005115793,8.964,14.0,0,20
2020-08-16,102900005115793,7.933,14.0,0,17
2020-08-17,102900005115793,7.582,14.0,0,20
2020-08-18,102900005115793,6.981,14.0,0,17
2020-08-19,102900005115793,4.514,16.0,0,11
2020-08-20,102900005115793,5.0280000000000005,16.0,0,12
2020-08-21,102900005115793,7.6,16.0,0,16
2020-08-22,102900005115793,5.815,16.0,0,16
2020-08-23,102900005115793,8.081,16.0,0,18
2020-08-24,102900005115793,7.468999999999999,18.0,0,16
2020-08-25,102900005115793,6.823,18.0,0,15
2020-08-26,102900005115793,5.268,18.0,0,14
2020-08-27,102900005115793,6.147,18.0,0,17
2020-08-28,102900005115793,6.174,18.0,0,12
2020-08-29,102900005115793,8.217,18.0,0,16
2020-08-30,102900005115793,7.141,19.8,0,16
2020-08-31,102900005115793,7.436,19.8,0,15
2020-09-01,102900005115793,6.37,19.8,0,15
2020-09-02,102900005115793,5.371,19.8,0,13
2020-09-03,102900005115793,5.152,17.8,2,9
2020-09-04,102900005115793,3.112,19.8,0,7
2020-09-05,102900005115793,7.105,19.8,0,18
2020-09-06,102900005115793,7.737999999999999,19.8,0,20
2020-09-07,102900005115793,5.228,19.8,0,15
2020-09-08,102900005115793,5.318,19.8,0,11
2020-09-09,102900005115793,2.955,19.8,0,6
2020-09-10,102900005115793,2.96,19.8,0,6
2020-09-11,102900005115793,4.415,19.8,0,12
2020-09-12,102900005115793,8.479,19.8,0,19
2020-09-14,102900005115793,6.103,10.5,1,13
2020-09-15,102900005115793,5.382,16.0,0,13
2020-09-16,102900005115793,3.813,14.0,0,8
2020-09-17,102900005115793,6.051,16.0,0,12
2020-09-18,102900005115793,5.576,16.0,0,13
2020-09-19,102900005115793,6.847,16.0,0,15
2020-09-20,102900005115793,8.995,16.0,0,17
2020-09-21,102900005115793,8.181,16.0,0,20
2020-09-22,102900005115793,7.239,16.0,0,17
2020-09-23,102900005115793,4.956,16.0,0,13
2020-09-24,102900005115793,3.974,16.0,0,9
2020-09-25,102900005115793,2.309,16.0,0,5
2020-09-26,102900005115793,6.672,16.0,0,14
2020-09-27,102900005115793,3.566,16.0,0,8
2020-09-28,102900005115793,2.178,16.0,0,4
2020-09-29,102900005115793,1.189,16.0,0,4
2020-09-30,102900005115793,3.573,16.0,0,8
2020-10-01,102900005115793,7.553,16.0,0,17
2020-10-02,102900005115793,6.752,16.0,0,15
2020-10-03,102900005115793,5.696,16.0,0,15
2020-10-05,102900005115793,3.812,16.0,0,10
2020-10-06,102900005115793,6.333,16.0,0,13
2020-10-07,102900005115793,0.839,16.0,0,2
2020-10-08,102900005115793,4.831,16.0,0,12
2020-10-10,102900005115793,3.449,16.0,0,9
2020-10-11,102900005115793,4.626,16.0,0,13
2020-10-12,102900005115793,3.805,16.0,0,8
2020-10-13,102900005115793,1.195,16.0,0,2
2020-10-17,102900005115793,1.889,14.0,0,4
2020-10-18,102900005115793,2.712,14.0,0,6
2020-10-19,102900005115793,1.831,14.0,0,4
2020-10-20,102900005115793,2.638,12.0,0,4
2020-10-21,102900005115793,0.916,14.0,0,2
2020-10-22,102900005115793,0.644,14.0,0,1
2020-10-23,102900005115793,4.937,14.0,0,12
2020-10-25,102900005115793,2.6260000000000003,14.0,0,5
2020-10-26,102900005115793,1.681,14.0,0,4
2020-10-27,102900005115793,2.138,12.0,0,6
2020-10-28,102900005115793,2.038,12.0,0,5
2020-10-29,102900005115793,1.036,12.0,0,3
2020-10-30,102900005115793,2.775,14.0,0,6
2020-11-01,102900005115793,2.213,12.0,0,5
2020-11-02,102900005115793,0.718,12.0,0,2
2020-11-03,102900005115793,0.359,12.0,0,1
2020-11-05,102900005115793,0.359,12.0,0,1
2020-11-08,102900005115793,1.32,12.0,0,4
2020-11-09,102900005115793,1.102,12.0,0,3
2020-11-10,102900005115793,1.595,12.0,0,5
2020-11-11,102900005115793,1.261,12.0,0,2
2020-11-14,102900005115793,1.945,12.0,0,5
2020-11-15,102900005115793,1.837,12.0,0,4
2020-11-16,102900005115793,2.387,12.0,0,4
2020-11-17,102900005115793,0.543,12.0,0,1
2020-11-18,102900005115793,1.268,12.0,0,4
2020-11-19,102900005115793,2.085,8.0,3,2
2020-11-20,102900005115793,0.417,12.0,0,1
2020-11-21,102900005115793,1.787,12.0,0,5
2020-11-22,102900005115793,1.87,12.0,0,5
2020-11-23,102900005115793,3.256,12.0,0,8
2020-11-25,102900005115793,0.292,12.0,0,1
2020-11-27,102900005115793,0.309,12.0,0,1
2020-12-07,102900005115793,1.158,14.0,0,4
2020-12-08,102900005115793,1.116,14.0,0,3
2020-12-09,102900005115793,1.309,14.0,0,3
2020-12-11,102900005115793,0.272,14.0,0,1
2020-12-12,102900005115793,1.66,14.0,0,5
2020-12-13,102900005115793,1.224,14.0,0,4
2020-12-14,102900005115793,1.259,14.0,0,4
2020-12-18,102900005115793,0.286,14.0,0,1
2020-12-20,102900005115793,1.867,14.0,0,4
2020-07-01,102900005115823,11.476,10.0,0,28
2020-07-02,102900005115823,6.806,10.0,0,17
2020-07-03,102900005115823,13.120000000000001,7.95,1,28
2020-07-04,102900005115823,28.186,10.0,0,64
2020-07-05,102900005115823,12.038,9.85,1,27
2020-07-06,102900005115823,13.458,10.0,0,30
2020-07-07,102900005115823,9.861,10.0,0,26
2020-07-08,102900005115823,12.569,10.0,0,30
2020-07-09,102900005115823,10.182,10.0,0,26
2020-07-10,102900005115823,12.777000000000001,9.3,1,30
2020-07-11,102900005115823,22.47,9.575,4,45
2020-07-12,102900005115823,13.802,9.5,2,30
2020-07-13,102900005115823,12.507,8.833333333333334,2,27
2020-07-14,102900005115823,10.514,10.0,0,25
2020-07-15,102900005115823,15.176,10.0,0,39
2020-07-16,102900005115823,13.959,10.0,0,35
2020-07-17,102900005115823,8.591000000000001,7.333333333333333,3,19
2020-07-18,102900005115823,22.741,9.200000000000001,10,44
2020-07-19,102900005115823,30.753999999999998,8.885714285714286,7,72
2020-07-20,102900005115823,13.892000000000001,7.975,3,24
2020-07-21,102900005115823,14.745999999999999,4.45,1,33
2020-07-22,102900005115823,14.116,6.466666666666666,3,35
2020-07-23,102900005115823,12.32,8.7,1,29
2020-07-24,102900005115823,13.722,8.333333333333334,2,34
2020-07-25,102900005115823,14.812999999999999,8.36,4,32
2020-07-26,102900005115823,21.854,8.283333333333333,5,48
2020-07-27,102900005115823,18.377,8.575,3,39
2020-07-28,102900005115823,10.28,8.6,2,22
2020-07-29,102900005115823,14.113,8.4,3,34
2020-07-30,102900005115823,11.695,8.0,2,28
2020-07-31,102900005115823,12.084,9.0,0,29
2020-08-01,102900005115823,34.027,6.766666666666667,30,46
2020-08-02,102900005115823,21.77,8.5,4,50
2020-08-03,102900005115823,12.754,9.0,0,35
2020-08-04,102900005115823,13.107,9.0,0,30
2020-08-05,102900005115823,8.62,9.0,0,20
2020-08-06,102900005115823,13.476,9.0,0,30
2020-08-07,102900005115823,14.446,9.0,0,37
2020-08-08,102900005115823,42.264,7.0,0,86
2020-08-09,102900005115823,35.806,7.0,0,80
2020-08-10,102900005115823,12.456,8.0,0,23
2020-08-11,102900005115823,38.566,7.0,13,63
2020-08-12,102900005115823,31.04,6.5,20,56
2020-08-13,102900005115823,14.345,7.0,0,29
2020-08-14,102900005115823,13.882,7.0,0,36
2020-08-15,102900005115823,11.651,7.0,0,25
2020-08-16,102900005115823,24.443,8.0,0,57
2020-08-17,102900005115823,11.204,8.0,0,24
2020-08-18,102900005115823,13.849,8.0,0,31
2020-08-19,102900005115823,12.727,10.0,0,29
2020-08-20,102900005115823,14.262,10.0,0,35
2020-08-21,102900005115823,33.883,10.0,0,78
2020-08-22,102900005115823,31.613999999999997,9.0,17,55
2020-08-23,102900005115823,40.56699999999999,9.3,9,85
2020-08-24,102900005115823,31.723,10.0,0,72
2020-08-25,102900005115823,17.641000000000002,10.0,0,41
2020-08-26,102900005115823,16.816,10.0,0,40
2020-08-27,102900005115823,25.568,10.0,0,58
2020-08-28,102900005115823,21.288,10.0,0,54
2020-08-29,102900005115823,37.526,10.0,0,87
2020-08-30,102900005115823,31.011000000000003,9.0,14,62
2020-08-31,102900005115823,20.376,10.0,0,55
2020-09-01,102900005115823,15.103,10.0,0,32
2020-09-02,102900005115823,25.209,10.0,0,61
2020-09-03,102900005115823,11.881,9.6,0,30
2020-09-04,102900005115823,21.985,9.6,0,49
2020-09-05,102900005115823,35.958999999999996,8.6,11,69
2020-09-06,102900005115823,20.795,9.6,0,45
2020-09-07,102900005115823,22.491,8.6,6,39
2020-09-08,102900005115823,17.161,8.6,8,34
2020-09-09,102900005115823,16.726,7.0,2,42
2020-09-10,102900005115823,16.195,8.0,0,37
2020-09-11,102900005115823,6.491,8.0,0,15
2020-09-12,102900005115823,16.544,8.0,0,39
2020-09-13,102900005115823,13.224,8.0,0,30
2020-09-14,102900005115823,12.922,8.0,0,22
2020-09-15,102900005115823,22.009,8.0,0,51
2020-09-16,102900005115823,12.96,8.0,0,31
2020-09-17,102900005115823,22.976,8.0,0,54
2020-09-18,102900005115823,28.499,8.0,0,60
2020-09-19,102900005115823,35.746,8.0,0,76
2020-09-20,102900005115823,9.025,8.0,0,26
2020-09-21,102900005115823,28.823,8.0,0,71
2020-09-22,102900005115823,35.614999999999995,8.0,0,62
2020-09-23,102900005115823,22.611,8.0,0,51
2020-09-24,102900005115823,5.96,9.0,0,18
2020-09-25,102900005115823,5.725,9.0,0,14
2020-09-26,102900005115823,14.41,9.0,0,34
2020-09-27,102900005115823,10.791,9.0,0,27
2020-09-28,102900005115823,6.837,9.0,0,17
2020-09-29,102900005115823,4.075,8.5,1,11
2020-09-30,102900005115823,10.28,9.0,0,21
2020-10-01,102900005115823,8.565,9.0,0,16
2020-10-02,102900005115823,15.682,9.0,0,40
2020-10-03,102900005115823,25.367,9.0,0,60
2020-10-04,102900005115823,15.103,9.0,0,37
2020-10-05,102900005115823,27.219,9.0,0,57
2020-10-06,102900005115823,6.957,10.0,0,17
2020-10-07,102900005115823,5.801,10.0,0,16
2020-10-08,102900005115823,8.289,10.0,0,20
2020-10-09,102900005115823,6.97,11.0,0,18
2020-10-10,102900005115823,3.909,11.0,0,12
2020-10-11,102900005115823,6.5600000000000005,11.0,0,20
2020-10-12,102900005115823,4.131,10.0,0,9
2020-10-13,102900005115823,4.131,9.0,0,11
2020-10-14,102900005115823,3.998,9.0,0,11
2020-10-15,102900005115823,7.27,8.0,0,19
2020-10-16,102900005115823,11.744,8.0,0,21
2020-10-17,102900005115823,8.584,8.0,0,18
2020-10-18,102900005115823,7.97,8.0,0,19
2020-10-19,102900005115823,6.179,8.0,0,13
2020-10-20,102900005115823,9.624,8.0,0,17
2020-10-21,102900005115823,6.755,8.0,0,15
2020-10-22,102900005115823,7.295,8.0,0,15
2020-10-23,102900005115823,5.361,7.0,0,11
2020-10-24,102900005115823,8.385,7.0,0,19
2020-10-25,102900005115823,6.103,7.0,0,16
2020-10-26,102900005115823,5.352,6.0,0,12
2020-10-27,102900005115823,4.147,6.0,0,10
2020-10-28,102900005115823,4.665,6.0,0,10
2020-10-29,102900005115823,2.894,6.0,0,7
2020-10-30,102900005115823,4.465,6.0,0,12
2020-10-31,102900005115823,7.265,7.0,0,16
2020-11-01,102900005115823,3.383,7.0,0,11
2020-11-02,102900005115823,5.903,7.0,0,12
2020-11-03,102900005115823,5.229,7.0,0,12
2020-11-04,102900005115823,4.042,7.0,0,8
2020-11-05,102900005115823,2.966,7.0,0,6
2020-11-06,102900005115823,1.591,7.0,0,4
2020-11-07,102900005115823,14.518,7.0,0,23
2020-11-08,102900005115823,7.051,7.0,0,15
2020-11-09,102900005115823,2.2350000000000003,7.0,0,5
2020-11-10,102900005115823,2.966,7.0,0,9
2020-11-11,102900005115823,3.783,7.0,0,6
2020-11-12,102900005115823,2.676,6.0,0,7
2020-11-13,102900005115823,6.024,6.0,0,13
2020-11-14,102900005115823,3.957,5.0,0,11
2020-11-15,102900005115823,7.49,5.0,0,17
2020-11-16,102900005115823,5.382,5.0,0,12
2020-11-17,102900005115823,3.695,5.0,0,10
2020-11-18,102900005115823,5.562,5.0,0,15
2020-11-19,102900005115823,4.319,5.0,0,11
2020-11-20,102900005115823,5.582,5.0,0,13
2020-11-21,102900005115823,5.745,5.0,0,15
2020-11-22,102900005115823,11.867,5.0,0,25
2020-11-23,102900005115823,5.281,5.0,0,12
2020-11-24,102900005115823,5.805,5.0,0,14
2020-11-25,102900005115823,6.667,5.0,0,13
2020-11-26,102900005115823,2.349,5.0,0,5
2020-11-27,102900005115823,1.405,5.0,0,3
2020-11-28,102900005115823,6.347,5.0,0,13
2020-11-29,102900005115823,4.088,5.6,0,9
2020-11-30,102900005115823,4.157,5.6,0,9
2020-12-01,102900005115823,5.221,5.0,0,10
2020-12-02,102900005115823,2.9720000000000004,5.0,0,6
2020-12-03,102900005115823,2.772,5.0,0,5
2020-12-04,102900005115823,2.349,5.0,0,6
2020-12-05,102900005115823,4.539,5.0,0,9
2020-12-06,102900005115823,2.793,5.0,0,8
2020-12-07,102900005115823,4.798,5.0,0,8
2020-12-08,102900005115823,4.959,5.0,0,10
2020-12-10,102900005115823,2.007,5.0,0,4
2020-12-11,102900005115823,5.503,5.0,0,11
2020-12-12,102900005115823,5.542,5.0,0,11
2020-12-13,102900005115823,11.206,5.0,0,21
2020-12-14,102900005115823,1.828,5.0,0,3
2020-12-15,102900005115823,3.474,5.0,0,5
2020-12-16,102900005115823,3.032,5.0,0,5
2020-12-17,102900005115823,4.358,5.0,0,9
2020-12-18,102900005115823,5.684,5.0,0,10
2020-12-19,102900005115823,8.815,5.0,0,15
2020-12-20,102900005115823,7.01,5.0,0,16
2020-12-21,102900005115823,3.977,5.0,0,7
2020-12-22,102900005115823,5.181,5.0,0,8
2020-12-23,102900005115823,3.696,5.0,0,8
2020-12-24,102900005115823,8.294,5.0,0,10
2020-12-25,102900005115823,3.213,5.0,0,8
2020-12-26,102900005115823,6.446,5.0,0,13
2020-12-27,102900005115823,10.263,5.0,0,21
2020-12-28,102900005115823,4.38,5.0,0,10
2020-12-29,102900005115823,7.17,5.0,0,14
2020-12-30,102900005115823,3.571,8.0,0,6
2020-12-31,102900005115823,7.77,8.0,0,16
2021-01-01,102900005115823,3.747,6.0,0,8
2021-01-02,102900005115823,6.405,6.0,0,13
2021-01-03,102900005115823,12.408,6.0,0,23
2021-01-04,102900005115823,12.042,6.0,0,22
2021-01-05,102900005115823,4.148,8.0,0,7
2021-01-06,102900005115823,7.94,7.0,0,16
2021-01-07,102900005115823,14.049,8.0,0,24
2021-01-08,102900005115823,7.205999999999999,8.0,0,15
2021-01-09,102900005115823,6.443,8.0,0,14
2021-01-10,102900005115823,8.737,8.0,0,19
2021-01-11,102900005115823,3.91,8.0,0,10
2021-01-12,102900005115823,3.735,8.0,0,10
2021-01-13,102900005115823,7.995,8.0,0,17
2021-01-14,102900005115823,15.565,8.0,0,32
2021-01-15,102900005115823,14.951,10.0,0,29
2021-01-16,102900005115823,9.15,10.0,0,19
2021-01-17,102900005115823,13.787,10.0,0,28
2021-01-18,102900005115823,7.387,10.0,0,16
2021-01-19,102900005115823,4.343999999999999,11.0,0,10
2021-01-20,102900005115823,7.367,11.0,0,15
2021-01-21,102900005115823,4.409,11.0,0,8
2021-01-22,102900005115823,7.295,11.0,0,17
2021-01-23,102900005115823,5.586,11.0,0,13
2021-01-24,102900005115823,5.111,11.0,0,14
2021-01-25,102900005115823,6.478,11.0,0,10
2021-01-26,102900005115823,6.4030000000000005,11.0,0,13
2021-01-27,102900005115823,10.045,11.0,0,19
2021-01-28,102900005115823,16.335,10.0,0,31
2021-01-29,102900005115823,6.696,10.0,0,14
2021-01-30,102900005115823,6.495,10.0,0,15
