数学建模相关/2023数模国赛C题/运行代码/数据拼合/sales_day_simple.csv
销售日期,单品编码,销量(千克),每日平均销售单价(元/千克),打折数量,原价数量
2020-07-01,102900005115908,8.959,8.0,0,20
2020-07-02,102900005115908,14.275,8.0,0,35
2020-07-03,102900005115908,8.173,8.0,0,20
2020-07-04,102900005115908,13.034,8.0,0,30
2020-07-05,102900005115908,10.791,8.0,0,24
2020-07-06,102900005115908,10.162,8.0,0,25
2020-07-07,102900005115908,11.478,8.0,0,26
2020-07-08,102900005115908,8.835,8.0,0,22
2020-07-09,102900005115908,8.685,4.15,1,21
2020-07-10,102900005115908,11.507,7.525,4,27
2020-07-11,102900005115908,12.673,7.6,1,30
2020-07-12,102900005115908,19.449,7.45,5,47
2020-07-13,102900005115908,6.279,7.533333333333334,2,14
2020-07-14,102900005115908,9.826,7.7,1,19
2020-07-15,102900005115908,10.688,7.425,3,22
2020-07-16,102900005115908,11.277000000000001,7.75,1,25
2020-07-17,102900005115908,10.726,7.566666666666666,2,25
2020-07-18,102900005115908,20.325999999999997,7.416666666666667,6,43
2020-07-19,102900005115908,15.143,7.357142857142857,11,29
2020-07-20,102900005115908,10.991,7.65,1,29
2020-07-21,102900005115908,12.295,7.566666666666666,4,26
2020-07-22,102900005115908,9.399,7.65,1,25
2020-07-23,102900005115908,10.388,8.0,0,23
2020-07-24,102900005115908,10.802,7.35,4,22
2020-07-25,102900005115908,17.775,7.375,4,43
2020-07-26,102900005115908,21.692,7.375,3,53
2020-07-27,102900005115908,11.242,7.42,5,22
2020-07-28,102900005115908,11.579999999999998,6.5,1,23
2020-07-29,102900005115908,20.644,7.3,6,47
2020-07-30,102900005115908,11.667,7.4,2,23
2020-07-31,102900005115908,43.609,8.0,0,101
2020-08-01,102900005115908,37.297000000000004,7.5,8,88
2020-08-02,102900005115908,46.236000000000004,7.0,11,95
2020-08-03,102900005115908,8.511,8.0,0,19
2020-08-04,102900005115908,11.114,8.0,0,27
2020-08-05,102900005115908,38.751,8.0,0,96
2020-08-06,102900005115908,30.934,7.0,9,57
2020-08-07,102900005115908,12.474,8.0,0,30
2020-08-08,102900005115908,21.556,8.0,0,50
2020-08-09,102900005115908,16.772,8.0,0,46
2020-08-10,102900005115908,22.181,8.0,0,52
2020-08-11,102900005115908,17.788,6.333333333333333,16,23
2020-08-12,102900005115908,15.439,7.166666666666667,10,22
2020-08-13,102900005115908,25.285,6.0,9,42
2020-08-14,102900005115908,17.145,7.0,15,24
2020-08-15,102900005115908,16.804000000000002,8.0,0,44
2020-08-16,102900005115908,12.458,8.0,0,31
2020-08-17,102900005115908,11.655,8.0,0,27
2020-08-18,102900005115908,23.136,8.0,0,54
2020-08-19,102900005115908,11.293,8.0,0,29
2020-08-20,102900005115908,36.769,8.0,0,89
2020-08-21,102900005115908,16.873,6.0,10,29
2020-08-22,102900005115908,18.033,8.0,0,49
2020-08-23,102900005115908,11.961,6.0,3,27
2020-08-24,102900005115908,8.873,8.0,0,21
2020-08-25,102900005115908,8.986,8.0,0,21
2020-08-26,102900005115908,8.612,8.0,0,20
2020-08-27,102900005115908,7.082,8.0,0,18
2020-08-28,102900005115908,8.548,8.0,0,23
2020-08-29,102900005115908,11.393,8.0,0,26
2020-08-31,102900005115908,8.198,8.0,0,19
2020-09-01,102900005115908,11.905,8.0,0,27
2020-09-02,102900005115908,9.732,9.0,0,27
2020-09-03,102900005115908,13.361,8.0,6,25
2020-09-04,102900005115908,7.585,9.0,0,19
2020-09-05,102900005115908,15.366,8.0,10,30
2020-09-06,102900005115908,25.229999999999997,8.5,8,49
2020-09-07,102900005115908,9.189,9.0,0,25
2020-09-08,102900005115908,6.604,9.0,0,15
2020-09-09,102900005115908,3.919,10.0,0,9
2020-09-10,102900005115908,5.6930000000000005,10.0,0,15
2020-09-11,102900005115908,6.118,10.0,0,17
2020-09-12,102900005115908,10.352,10.0,0,22
2020-09-13,102900005115908,11.837,10.0,0,30
2020-09-14,102900005115908,5.403,10.0,0,13
2020-09-15,102900005115908,7.053,9.0,3,12
2020-09-16,102900005115908,1.323,10.0,0,3
2020-09-17,102900005115908,6.167,10.0,0,16
2020-09-18,102900005115908,7.218,10.0,0,17
2020-09-19,102900005115908,17.101,10.0,0,39
2020-09-20,102900005115908,52.276,6.0,0,103
2020-09-21,102900005115908,35.874,6.0,0,71
2020-09-22,102900005115908,15.434,6.0,0,36
2020-09-23,102900005115908,12.856,6.0,0,31
2020-09-24,102900005115908,9.783,6.0,0,18
2020-09-25,102900005115908,7.19,6.0,0,16
2020-09-26,102900005115908,11.137,6.0,0,21
2020-09-27,102900005115908,26.219,8.0,0,52
2020-09-28,102900005115908,2.157,8.0,0,5
2020-09-29,102900005115908,10.928,8.0,0,21
2020-09-30,102900005115908,17.948999999999998,7.0,15,26
2020-10-01,102900005115908,32.852000000000004,7.0,7,20
2020-10-02,102900005115908,10.968,6.0,0,26
2020-10-03,102900005115908,15.033,6.0,0,31
2020-10-04,102900005115908,4.616,6.0,0,11
2020-10-05,102900005115908,5.82,6.0,0,13
2020-10-06,102900005115908,7.058,6.0,0,14
2020-10-07,102900005115908,7.126,6.0,0,16
2020-10-08,102900005115908,10.47,6.0,0,21
2020-10-09,102900005115908,5.57,6.0,0,12
2020-10-10,102900005115908,8.211,6.0,0,15
2020-10-11,102900005115908,7.649,6.0,4,14
2020-10-12,102900005115908,6.634,7.0,0,14
2020-10-13,102900005115908,3.438,7.0,0,9
2020-10-14,102900005115908,3.482,7.0,0,9
2020-10-15,102900005115908,7.951,7.0,0,16
2020-10-16,102900005115908,4.355,7.0,0,10
2020-10-17,102900005115908,7.187,5.0,0,17
2020-10-18,102900005115908,8.39,5.0,0,22
2020-10-19,102900005115908,28.391,5.0,0,55
2020-10-20,102900005115908,10.88,5.0,0,22
2020-10-21,102900005115908,9.761,5.0,0,24
2020-10-22,102900005115908,9.837,5.0,0,20
2020-10-23,102900005115908,23.868000000000002,4.5,42,5
2020-10-24,102900005115908,21.709,6.0,0,46
2020-10-25,102900005115908,9.192,5.6,0,18
2020-10-26,102900005115908,7.674,5.6,0,18
2020-10-27,102900005115908,6.24,5.6,0,15
2020-10-28,102900005115908,6.455,5.6,0,14
2020-10-29,102900005115908,5.682,5.6,0,11
2020-10-30,102900005115908,3.675,5.6,0,9
2020-10-31,102900005115908,13.968,5.6,0,33
2020-11-01,102900005115908,11.35,5.6,0,28
2020-11-02,102900005115908,7.743,5.6,0,20
2020-11-03,102900005115908,4.096,4.8,3,7
2020-11-04,102900005115908,3.227,5.6,0,8
2020-11-05,102900005115908,4.3740000000000006,5.6,0,10
2020-11-06,102900005115908,8.769,5.6,0,22
2020-11-07,102900005115908,5.734,5.6,0,11
2020-11-08,102900005115908,3.838,5.6,0,12
2020-11-09,102900005115908,15.596,5.6,0,35
2020-11-10,102900005115908,16.632,5.6,0,37
2020-11-11,102900005115908,0.915,5.6,0,3
2020-11-12,102900005115908,12.712,5.6,0,32
2020-11-13,102900005115908,6.415,4.8,1,16
2020-11-14,102900005115908,7.007,5.6,0,16
2020-11-15,102900005115908,7.063,5.6,0,17
2020-11-16,102900005115908,6.739,5.6,0,14
2020-11-17,102900005115908,6.741,5.6,0,14
2020-11-18,102900005115908,11.69,5.6,0,26
2020-11-19,102900005115908,4.799,5.0,0,12
2020-11-20,102900005115908,5.822,5.0,0,14
2020-11-21,102900005115908,6.425,5.0,0,16
2020-11-22,102900005115908,11.124,5.0,0,23
2020-11-23,102900005115908,6.666,5.0,0,14
2020-11-24,102900005115908,5.621,5.0,0,13
2020-11-25,102900005115908,2.9720000000000004,5.0,0,6
2020-11-26,102900005115908,1.828,5.6,0,4
2020-11-27,102900005115908,2.779,5.6,0,7
2020-11-28,102900005115908,4.6450000000000005,5.6,0,11
2020-11-29,102900005115908,2.42,5.6,0,4
2020-11-30,102900005115908,0.43,5.6,0,2
2020-12-01,102900005115908,4.267,5.6,0,9
2020-12-02,102900005115908,4.17,7.0,0,10
2020-12-03,102900005115908,2.752,7.0,0,9
2020-12-04,102900005115908,3.094,7.0,0,8
2020-12-05,102900005115908,3.082,7.0,0,6
2020-12-06,102900005115908,2.837,7.0,0,7
2020-12-07,102900005115908,1.39,7.0,0,4
2020-12-08,102900005115908,2.193,7.0,0,6
2020-12-10,102900005115908,1.262,7.0,0,4
2020-12-11,102900005115908,1.605,7.0,0,5
2020-12-12,102900005115908,2.933,8.0,0,8
2020-12-13,102900005115908,2.531,8.0,0,6
2020-12-14,102900005115908,1.654,8.0,0,3
2020-12-15,102900005115908,1.228,8.0,0,2
2020-12-16,102900005115908,1.365,8.0,0,4
2020-12-17,102900005115908,3.007,8.0,0,8
2020-12-18,102900005115908,3.822,8.0,0,11
2020-12-19,102900005115908,4.36,8.0,0,7
2020-12-20,102900005115908,2.695,8.0,0,6
2020-12-21,102900005115908,2.757,8.0,0,6
2020-12-22,102900005115908,2.042,8.0,0,6
2020-12-23,102900005115908,2.432,8.0,0,8
2020-12-24,102900005115908,2.934,8.0,0,8
2020-12-25,102900005115908,2.331,8.0,0,5
2020-12-26,102900005115908,4.987,8.0,0,7
2020-12-27,102900005115908,3.296,8.0,0,7
2020-12-28,102900005115908,2.481,8.0,0,6
2020-12-29,102900005115908,5.889,8.0,0,8
2020-12-30,102900005115908,3.009,8.0,0,9
2020-12-31,102900005115908,4.636,8.0,0,11
2021-01-01,102900005115908,4.8870000000000005,8.0,0,11
2021-01-02,102900005115908,3.984,8.0,0,9
2021-01-03,102900005115908,4.336,8.0,0,10
2021-01-04,102900005115908,2.882,8.0,0,7
2021-01-05,102900005115908,2.194,8.0,0,6
2021-01-06,102900005115908,2.017,8.0,0,5
2021-01-07,102900005115908,1.016,8.0,0,4
2021-01-08,102900005115908,3.07,8.0,0,7
2021-01-09,102900005115908,4.123,8.0,0,11
2021-01-10,102900005115908,2.583,8.0,0,5
2021-01-11,102900005115908,2.733,8.0,0,7
2021-01-12,102900005115908,2.356,8.0,0,6
2021-01-13,102900005115908,3.621,8.0,0,10
2021-01-14,102900005115908,4.524,8.0,0,11
2021-01-15,102900005115908,3.721,8.0,0,9
2021-01-16,102900005115908,2.884,8.0,0,9
2021-01-17,102900005115908,4.086,8.0,0,10
2021-01-18,102900005115908,4.261,8.0,0,12
2021-01-20,102900005115908,4.612,9.0,0,12
2021-01-21,102900005115908,4.256,9.0,0,10
2021-01-23,102900005115908,5.284,10.0,0,13
2021-01-24,102900005115908,6.105,10.0,0,13
2021-01-25,102900005115908,4.732,10.0,0,10
2021-01-26,102900005115908,3.0860000000000003,9.0,0,6
2021-01-27,102900005115908,5.088,9.0,0,11
2021-01-29,102900005115908,5.482,10.0,0,10
2021-01-30,102900005115908,7.276,10.0,0,21
2020-07-01,102900005115946,3.039,7.0,0,9
2020-07-02,102900005115946,3.124,7.0,0,7
2020-07-03,102900005115946,2.306,7.0,0,5
2020-07-04,102900005115946,4.099,7.0,0,11
2020-07-05,102900005115946,3.568,7.0,0,10
2020-07-06,102900005115946,3.539,7.0,0,10
2020-07-07,102900005115946,5.059,7.0,0,13
2020-07-08,102900005115946,4.429,7.0,0,10
2020-07-09,102900005115946,4.013,7.0,0,8
2020-07-10,102900005115946,2.378,6.75,1,5
2020-07-11,102900005115946,2.98,7.0,0,8
2020-07-12,102900005115946,5.174,7.0,0,16
2020-07-13,102900005115946,3.153,7.0,0,8
2020-07-14,102900005115946,4.07,6.65,1,8
2020-07-15,102900005115946,5.904,6.5,1,16
2020-07-16,102900005115946,7.31,5.46,4,13
2020-07-17,102900005115946,5.16,6.466666666666666,2,10
2020-07-18,102900005115946,7.522,6.1000000000000005,6,13
2020-07-19,102900005115946,2.751,7.0,0,6
2020-07-20,102900005115946,3.512,6.65,1,7
2020-07-21,102900005115946,3.21,7.0,0,8
2020-07-22,102900005115946,5.232,7.0,0,11
2020-07-23,102900005115946,5.275,6.45,1,12
2020-07-24,102900005115946,1.82,7.0,0,4
2020-07-25,102900005115946,2.565,5.9,1,5
2020-07-26,102900005115946,2.207,6.6,1,6
2020-07-28,102900005115946,1.605,7.0,0,4
2020-07-29,102900005115946,1.676,7.0,0,5
2020-07-31,102900005115946,1.434,7.0,0,5
2020-08-01,102900005115946,3.146,10.0,0,6
2020-08-02,102900005115946,6.037,7.0,0,15
2020-08-03,102900005115946,1.616,10.0,0,6
2020-08-04,102900005115946,0.873,10.0,0,3
2020-08-05,102900005115946,3.743,10.0,0,13
2020-08-06,102900005115946,0.441,10.0,0,2
2020-08-11,102900005115946,3.076,6.0,0,11
2020-08-13,102900005115946,2.257,6.0,0,7
2020-08-14,102900005115946,2.893,6.0,0,8
2020-08-22,102900005115946,8.699,6.0,0,21
2020-08-24,102900005115946,8.455,7.0,0,19
2020-08-31,102900005115946,2.908,8.0,0,6
2020-09-02,102900005115946,3.544,6.0,0,7
2020-09-05,102900005115946,3.885,8.0,0,9
2020-09-06,102900005115946,1.943,8.0,0,6
2020-09-07,102900005115946,2.018,8.0,0,6
2020-09-08,102900005115946,4.312,8.0,0,13
2020-09-09,102900005115946,4.51,8.0,0,11
2020-09-15,102900005115946,1.779,8.0,0,5
2020-09-16,102900005115946,5.0,6.0,0,13
2020-09-17,102900005115946,1.823,6.0,0,6
2020-09-18,102900005115946,2.392,6.0,0,6
2020-09-19,102900005115946,1.472,6.0,0,5
2020-09-20,102900005115946,12.61,6.0,0,34
2020-09-21,102900005115946,2.108,6.0,0,6
2020-09-22,102900005115946,10.486,6.0,0,30
2020-09-23,102900005115946,1.806,6.0,0,5
2020-09-24,102900005115946,4.668,6.0,0,12
2020-09-25,102900005115946,2.336,4.0,0,5
2020-09-26,102900005115946,1.003,8.0,0,2
2020-09-30,102900005115946,7.993,4.0,0,17
2020-10-02,102900005115946,9.401,4.0,0,23
2020-10-09,102900005115946,2.564,4.0,0,13
2020-10-10,102900005115946,2.79,4.0,0,8
2021-01-22,102900005115946,1.054,4.0,0,4
2021-01-26,102900005115946,0.98,4.0,0,3
