数学建模相关/2023数模国赛C题/运行代码/数据拼合/sales_day_simple.csv
销售日期,单品编码,销量(千克),每日平均销售单价(元/千克),打折数量,原价数量
2020-07-01,102900005115960,14.748,3.2,0,16
2020-07-02,102900005115960,11.228,1.9500000000000002,1,12
2020-07-03,102900005115960,10.446,3.6,0,15
2020-07-04,102900005115960,9.638,3.6,0,12
2020-07-05,102900005115960,9.698,4.0,0,10
2020-07-06,102900005115960,14.098,4.0,0,21
2020-07-07,102900005115960,14.828,3.75,1,23
2020-07-08,102900005115960,6.8100000000000005,4.0,0,9
2020-07-09,102900005115960,23.142,4.0,0,23
2020-07-10,102900005115960,16.759,3.8,1,18
2020-07-11,102900005115960,7.665,3.4,1,9
2020-07-12,102900005115960,17.036,3.766666666666667,4,16
2020-07-13,102900005115960,18.291999999999998,3.8,2,16
2020-07-14,102900005115960,13.62,4.0,0,14
2020-07-15,102900005115960,31.647000000000002,2.7,3,31
2020-07-16,102900005115960,22.319,2.8333333333333335,3,25
2020-07-17,102900005115960,26.681,2.775,3,27
2020-07-18,102900005115960,15.536999999999999,2.766666666666667,4,14
2020-07-19,102900005115960,20.049999999999997,3.65,4,18
2020-07-20,102900005115960,21.031,3.6666666666666665,3,19
2020-07-21,102900005115960,22.412,3.85,1,18
2020-07-22,102900005115960,24.174,3.85,2,21
2020-07-23,102900005115960,14.448,3.3000000000000003,2,9
2020-07-25,102900005115960,14.079,3.3333333333333335,2,12
2020-07-26,102900005115960,12.538,3.6999999999999997,2,14
2020-07-27,102900005115960,14.195,3.8,1,17
2020-07-28,102900005115960,14.305,3.266666666666667,3,18
2020-07-29,102900005115960,15.783999999999999,3.3000000000000003,2,19
2020-07-30,102900005115960,19.804,3.3,5,18
2020-07-31,102900005115960,28.859,3.6,0,41
2020-08-01,102900005115960,20.029,3.4000000000000004,1,24
2020-08-02,102900005115960,15.756,3.6,0,20
2020-08-03,102900005115960,13.576,3.6,0,21
2020-08-04,102900005115960,28.185,3.6,0,26
2020-08-05,102900005115960,26.624,3.6,0,24
2020-08-06,102900005115960,34.693,3.6,0,40
2020-08-07,102900005115960,26.791,3.6,0,25
2020-08-08,102900005115960,20.506,3.6,0,26
2020-08-09,102900005115960,18.101,3.6,0,18
2020-08-10,102900005115960,7.263,3.6,0,11
2020-08-11,102900005115960,13.072,3.6,0,19
2020-08-12,102900005115960,21.456,3.6,0,21
2020-08-13,102900005115960,8.939,3.6,0,14
2020-08-14,102900005115960,20.98,3.6,0,24
2020-08-15,102900005115960,17.962,3.6,0,15
2020-08-16,102900005115960,16.357,4.0,0,14
2020-08-17,102900005115960,17.592,4.0,0,22
2020-08-18,102900005115960,13.069,4.0,0,21
2020-08-19,102900005115960,18.442,4.0,0,22
2020-08-20,102900005115960,20.126,4.0,0,15
2020-08-21,102900005115960,19.949,4.0,0,16
2020-08-22,102900005115960,18.644,4.0,0,18
2020-08-23,102900005115960,18.872,4.0,0,21
2020-08-24,102900005115960,10.522,5.0,0,14
2020-08-25,102900005115960,13.515,5.0,0,17
2020-08-26,102900005115960,23.375,5.0,0,22
2020-08-27,102900005115960,10.323,5.0,0,13
2020-08-28,102900005115960,15.101,5.0,0,23
2020-08-29,102900005115960,18.496,5.0,0,18
2020-08-30,102900005115960,14.237,5.0,0,15
2020-08-31,102900005115960,16.408,5.0,0,26
2020-09-01,102900005115960,5.7620000000000005,5.0,0,7
2020-09-02,102900005115960,13.82,4.0,0,15
2020-09-03,102900005115960,18.316,4.0,0,21
2020-09-04,102900005115960,18.218,4.0,0,16
2020-09-05,102900005115960,13.801,4.6,0,9
2020-09-06,102900005115960,29.983,5.0,0,27
2020-09-07,102900005115960,4.277,5.0,0,4
2020-09-08,102900005115960,13.032,5.0,0,14
2020-09-09,102900005115960,8.394,5.0,0,8
2020-09-10,102900005115960,12.65,5.0,0,11
2020-09-11,102900005115960,18.916,5.0,0,15
2020-09-12,102900005115960,19.36,5.0,0,19
2020-09-13,102900005115960,34.456,4.6,0,26
2020-09-14,102900005115960,15.96,4.6,0,11
2020-09-15,102900005115960,11.681,4.6,0,9
2020-09-16,102900005115960,18.298,4.6,0,14
2020-09-17,102900005115960,13.885,4.6,0,11
2020-09-18,102900005115960,7.991,4.0,0,6
2020-09-19,102900005115960,21.763,4.0,0,22
2020-09-20,102900005115960,30.196,3.6,0,26
2020-09-21,102900005115960,22.788,4.0,0,13
2020-09-22,102900005115960,25.452,4.0,0,28
2020-09-23,102900005115960,23.542,4.0,0,15
2020-09-24,102900005115960,19.221,4.0,0,19
2020-09-25,102900005115960,31.307,4.0,0,35
2020-09-26,102900005115960,39.118,4.0,0,40
2020-09-27,102900005115960,48.923,4.0,0,42
2020-09-28,102900005115960,20.702,4.0,0,26
2020-09-29,102900005115960,11.23,4.0,0,12
2020-09-30,102900005115960,27.01,4.0,0,23
2020-10-01,102900005115960,30.653,4.0,0,28
2020-10-02,102900005115960,32.464,4.0,0,29
2020-10-03,102900005115960,54.244,2.0,0,33
2020-10-04,102900005115960,48.186,2.0,0,31
2020-10-05,102900005115960,90.763,2.0,0,56
2020-10-06,102900005115960,83.416,4.0,0,78
2020-10-07,102900005115960,60.156,4.0,0,55
2020-10-08,102900005115960,43.945,4.0,0,33
2020-10-09,102900005115960,22.965,4.0,0,23
2020-10-10,102900005115960,21.611,4.0,0,20
2020-10-11,102900005115960,53.964,3.0,0,53
2020-10-12,102900005115960,37.42,3.0,0,38
2020-10-13,102900005115960,36.007,3.0,0,30
2020-10-14,102900005115960,37.553,3.0,0,31
2020-10-15,102900005115960,41.682,3.0,0,37
2020-10-16,102900005115960,34.868,3.0,0,37
2020-10-17,102900005115960,56.38,3.0,0,41
2020-10-18,102900005115960,43.258,3.0,0,34
2020-10-19,102900005115960,38.996,3.0,0,33
2020-10-20,102900005115960,26.41,3.0,0,28
2020-10-21,102900005115960,34.612,2.6,0,43
2020-10-22,102900005115960,26.394,2.6,0,32
2020-10-23,102900005115960,74.05,2.0,0,66
2020-10-24,102900005115960,73.495,2.0,0,67
2020-10-25,102900005115960,54.702,2.0,0,54
2020-10-26,102900005115960,43.492,2.0,0,37
2020-10-27,102900005115960,59.504,2.0,0,45
2020-10-28,102900005115960,52.582,2.0,0,48
2020-10-29,102900005115960,34.397,2.0,0,31
2020-10-30,102900005115960,45.71,2.0,0,34
2020-10-31,102900005115960,63.291,2.0,0,59
2020-11-01,102900005115960,60.06,2.0,0,62
2020-11-02,102900005115960,50.463,2.0,0,50
2020-11-03,102900005115960,38.391,2.0,0,42
2020-11-04,102900005115960,47.332,2.0,0,50
2020-11-05,102900005115960,39.855,2.0,0,46
2020-11-06,102900005115960,42.533,2.0,0,48
2020-11-07,102900005115960,44.955,2.0,0,49
2020-11-08,102900005115960,70.971,2.0,0,62
2020-11-09,102900005115960,43.591,2.0,0,33
2020-11-10,102900005115960,58.695,2.0,0,60
2020-11-11,102900005115960,50.219,1.4,0,47
2020-11-12,102900005115960,53.841,1.4,0,38
2020-11-13,102900005115960,59.93,1.4,0,41
2020-11-14,102900005115960,74.135,1.4,0,60
2020-11-15,102900005115960,71.229,1.4,0,52
2020-11-16,102900005115960,36.303,1.4,0,30
2020-11-17,102900005115960,85.255,1.2,0,65
2020-11-18,102900005115960,36.273,1.2,0,31
2020-11-19,102900005115960,94.497,1.0,0,68
2020-11-20,102900005115960,114.708,1.0,0,68
2020-11-21,102900005115960,217.458,1.0,0,168
2020-11-22,102900005115960,178.27100000000002,1.0,0,142
2020-11-23,102900005115960,121.434,1.0,0,71
2020-11-24,102900005115960,67.471,1.6,0,55
2020-11-25,102900005115960,94.998,1.4,0,73
2020-11-26,102900005115960,174.597,1.0,0,86
2020-11-27,102900005115960,115.725,1.0,0,77
2020-11-28,102900005115960,244.4,1.0,0,139
2020-11-29,102900005115960,137.562,1.0,0,102
2020-11-30,102900005115960,97.967,1.0,0,60
2020-12-01,102900005115960,155.423,1.0,0,97
2020-12-02,102900005115960,113.984,1.0,0,69
2020-12-03,102900005115960,167.255,1.0,0,84
2020-12-04,102900005115960,115.929,1.0,0,70
2020-12-05,102900005115960,175.524,1.0,0,105
2020-12-06,102900005115960,228.887,1.0,0,113
2020-12-07,102900005115960,106.64,1.0,0,67
2020-12-08,102900005115960,88.986,1.0,0,59
2020-12-09,102900005115960,93.782,1.0,0,62
2020-12-10,102900005115960,85.616,1.0,0,59
2020-12-11,102900005115960,118.274,1.0,0,83
2020-12-12,102900005115960,156.841,1.0,0,103
2020-12-13,102900005115960,221.55,1.0,0,151
2020-12-14,102900005115960,103.679,1.0,0,53
2020-12-15,102900005115960,102.046,1.0,0,74
2020-12-16,102900005115960,74.393,1.0,0,46
2020-12-17,102900005115960,87.351,1.0,0,56
2020-12-18,102900005115960,63.877,1.0,0,51
2020-12-19,102900005115960,134.189,1.0,0,99
2020-12-20,102900005115960,141.838,1.0,0,117
2020-12-21,102900005115960,58.98,1.0,0,43
2020-12-22,102900005115960,71.121,1.0,0,53
2020-12-23,102900005115960,62.14,1.0,0,48
2020-12-24,102900005115960,130.716,1.0,0,101
2020-12-25,102900005115960,65.106,1.0,0,38
2020-12-26,102900005115960,170.622,1.0,0,104
2020-12-27,102900005115960,181.735,1.0,0,144
2020-12-28,102900005115960,136.846,1.0,0,96
2020-12-29,102900005115960,144.505,1.0,0,93
2020-12-30,102900005115960,77.827,1.4,0,62
2020-12-31,102900005115960,71.16,1.4,0,56
2021-01-01,102900005115960,76.38,1.4,0,55
2021-01-02,102900005115960,86.453,1.4,0,59
2021-01-03,102900005115960,100.875,1.4,0,63
2021-01-04,102900005115960,75.438,1.4,0,51
2021-01-05,102900005115960,61.382,1.4,0,51
2021-01-06,102900005115960,84.567,1.4,0,61
2021-01-07,102900005115960,56.522,1.6,0,37
2021-01-08,102900005115960,113.548,1.6,0,73
2021-01-09,102900005115960,97.918,1.6,0,81
2021-01-10,102900005115960,127.47,1.6,0,100
2021-01-11,102900005115960,92.407,1.6,0,65
2021-01-12,102900005115960,98.387,2.0,0,60
2021-01-13,102900005115960,90.564,2.0,0,76
2021-01-14,102900005115960,76.323,2.0,0,65
2021-01-15,102900005115960,93.194,2.0,0,74
2021-01-16,102900005115960,122.787,2.0,0,94
2021-01-17,102900005115960,120.421,2.0,0,98
2021-01-18,102900005115960,68.993,2.6,0,72
2021-01-19,102900005115960,129.71,2.0,0,86
2021-01-20,102900005115960,84.858,2.0,0,81
2021-01-21,102900005115960,102.839,2.0,0,83
2021-01-22,102900005115960,94.451,2.0,0,70
2021-01-23,102900005115960,112.596,2.0,0,110
2021-01-24,102900005115960,146.376,2.0,0,109
2021-01-25,102900005115960,100.313,2.0,0,96
2021-01-26,102900005115960,76.321,2.0,0,60
2021-01-27,102900005115960,33.954,2.6,0,33
2021-01-28,102900005115960,63.604,2.6,0,57
2021-01-29,102900005115960,65.549,2.6,0,56
2021-01-30,102900005115960,70.472,2.6,0,61
