数学建模相关/2023数模国赛C题/运行代码/数据拼合/sales_day_simple.csv
销售日期,单品编码,销量(千克),每日平均销售单价(元/千克),打折数量,原价数量
2020-07-01,102900005115984,32.579,6.0,0,71
2020-07-02,102900005115984,27.056,6.0,0,64
2020-07-03,102900005115984,36.709,6.0,0,83
2020-07-04,102900005115984,43.330000000000005,5.8,1,104
2020-07-05,102900005115984,12.594,6.0,0,28
2020-07-06,102900005115984,11.053,6.0,0,31
2020-07-07,102900005115984,28.214,6.0,0,68
2020-07-08,102900005115984,9.732,6.0,0,26
2020-07-09,102900005115984,14.213,6.0,0,35
2020-07-10,102900005115984,28.278,5.75,3,71
2020-07-11,102900005115984,48.585,5.027272727272727,15,104
2020-07-12,102900005115984,66.768,5.011111111111111,19,147
2020-07-13,102900005115984,25.288999999999998,5.525,3,61
2020-07-14,102900005115984,32.024,5.4,4,73
2020-07-15,102900005115984,44.27,5.357142857142857,7,104
2020-07-16,102900005115984,44.285,4.683333333333334,7,95
2020-07-17,102900005115984,35.251000000000005,4.875,9,75
2020-07-18,102900005115984,51.306999999999995,4.707142857142857,27,95
2020-07-19,102900005115984,76.61500000000001,4.825,25,151
2020-07-20,102900005115984,12.579,5.175,5,28
2020-07-21,102900005115984,24.918,5.983333333333333,5,55
2020-07-22,102900005115984,15.854000000000001,6.133333333333333,2,36
2020-07-23,102900005115984,17.281,7.533333333333334,2,46
2020-07-24,102900005115984,20.215000000000003,7.24,4,42
2020-07-25,102900005115984,31.348000000000003,7.3,11,73
2020-07-26,102900005115984,23.951,7.05,11,50
2020-07-27,102900005115984,34.201,7.333333333333333,7,68
2020-07-28,102900005115984,31.663999999999998,5.433333333333334,27,45
2020-07-29,102900005115984,21.706,6.9799999999999995,5,49
2020-07-30,102900005115984,14.35,7.32,4,39
2020-07-31,102900005115984,20.0,8.0,0,47
2020-08-01,102900005115984,15.867,7.5,3,42
2020-08-02,102900005115984,24.955,8.0,0,63
2020-08-03,102900005115984,36.056,8.0,0,87
2020-08-04,102900005115984,9.555,9.0,0,27
2020-08-05,102900005115984,11.962,9.0,0,32
2020-08-06,102900005115984,34.155,9.0,0,80
2020-08-07,102900005115984,10.67,9.0,0,27
2020-08-08,102900005115984,35.347,9.0,0,74
2020-08-09,102900005115984,12.808,9.0,0,30
2020-08-10,102900005115984,30.025,9.0,0,75
2020-08-11,102900005115984,11.094,9.0,0,29
2020-08-12,102900005115984,26.84,9.0,0,63
2020-08-13,102900005115984,23.087,9.0,0,49
2020-08-14,102900005115984,22.522,9.0,0,58
2020-08-15,102900005115984,34.728,9.0,0,85
2020-08-16,102900005115984,50.786,9.0,0,117
2020-08-17,102900005115984,13.454,9.0,0,32
2020-08-18,102900005115984,29.157,8.0,0,75
2020-08-19,102900005115984,20.554,8.0,0,54
2020-08-20,102900005115984,23.769,8.0,0,60
2020-08-21,102900005115984,34.656,8.0,0,93
2020-08-22,102900005115984,40.661,8.0,0,108
2020-08-23,102900005115984,28.008,8.0,0,69
2020-08-24,102900005115984,18.497,9.0,0,49
2020-08-25,102900005115984,7.228,9.0,0,21
2020-08-26,102900005115984,21.384,8.0,13,42
2020-08-27,102900005115984,15.723,9.0,0,37
2020-08-28,102900005115984,20.281,9.0,0,53
2020-08-29,102900005115984,33.73,9.0,0,77
2020-08-30,102900005115984,34.727,9.0,0,88
2020-08-31,102900005115984,12.899,9.0,0,33
2020-09-01,102900005115984,21.151,9.0,0,53
2020-09-02,102900005115984,9.075,9.0,0,22
2020-09-03,102900005115984,6.5600000000000005,9.0,0,16
2020-09-04,102900005115984,7.372,9.0,0,18
2020-09-05,102900005115984,15.87,9.0,0,42
2020-09-06,102900005115984,17.964,10.0,0,45
2020-09-07,102900005115984,9.294,10.0,0,24
2020-09-08,102900005115984,8.238,10.0,0,18
2020-09-09,102900005115984,6.376,10.0,0,16
2020-09-10,102900005115984,6.705,10.0,0,14
2020-09-11,102900005115984,6.971,9.0,0,19
2020-09-12,102900005115984,23.418,9.0,0,51
2020-09-13,102900005115984,12.428,9.0,0,33
2020-09-14,102900005115984,5.392,9.0,0,15
2020-09-15,102900005115984,7.205,9.0,0,16
2020-09-16,102900005115984,6.879,8.6,0,19
2020-09-17,102900005115984,6.549,8.6,0,17
2020-09-18,102900005115984,6.063,8.6,0,14
2020-09-19,102900005115984,8.486,8.6,0,20
2020-09-20,102900005115984,34.554,8.0,0,85
2020-09-21,102900005115984,16.696,8.0,0,48
2020-09-22,102900005115984,14.367,9.0,0,39
2020-09-23,102900005115984,7.016,9.0,0,16
2020-09-24,102900005115984,7.615,10.0,0,17
2020-09-25,102900005115984,7.0280000000000005,10.0,0,18
2020-09-26,102900005115984,13.552,10.0,0,29
2020-09-27,102900005115984,6.926,10.0,0,15
2020-09-28,102900005115984,4.58,10.0,0,10
2020-09-29,102900005115984,7.789,10.0,0,23
2020-09-30,102900005115984,6.937,10.0,0,17
2020-10-01,102900005115984,16.56,10.0,0,42
2020-10-02,102900005115984,12.642,10.0,0,35
2020-10-03,102900005115984,17.67,10.0,0,41
2020-10-04,102900005115984,13.972,10.0,0,35
2020-10-05,102900005115984,12.586,10.0,0,26
2020-10-06,102900005115984,11.554,12.0,0,28
2020-10-07,102900005115984,20.543,12.0,0,48
2020-10-08,102900005115984,5.845,12.0,0,15
2020-10-09,102900005115984,15.975,10.0,0,39
2020-10-10,102900005115984,14.503,10.0,0,36
2020-10-11,102900005115984,13.084,10.0,0,38
2020-10-12,102900005115984,5.249,8.0,0,16
2020-10-13,102900005115984,3.084,8.0,0,9
2020-10-14,102900005115984,8.434000000000001,8.0,0,22
2020-10-15,102900005115984,10.44,8.0,0,26
2020-10-16,102900005115984,5.627,8.0,0,13
2020-10-17,102900005115984,13.774,8.0,0,36
2020-10-18,102900005115984,13.911,8.0,0,32
2020-10-19,102900005115984,4.287,8.0,0,12
2020-10-20,102900005115984,3.058,8.0,0,9
2020-10-21,102900005115984,6.116,8.0,0,16
2020-10-22,102900005115984,3.145,8.0,0,10
2020-10-23,102900005115984,10.489,8.0,0,25
2020-10-24,102900005115984,12.748,8.0,0,33
2020-10-25,102900005115984,11.919,8.0,0,31
2020-10-26,102900005115984,7.232,8.0,0,17
2020-10-27,102900005115984,13.111,8.0,0,33
2020-10-28,102900005115984,4.524,8.0,0,10
2020-10-29,102900005115984,3.12,8.0,0,7
2020-10-30,102900005115984,4.95,8.0,0,13
2020-10-31,102900005115984,37.496,6.0,0,86
2020-11-01,102900005115984,28.835,6.0,0,59
2020-11-02,102900005115984,4.249,6.0,0,12
2020-11-03,102900005115984,3.998,7.0,0,7
2020-11-04,102900005115984,9.186,7.0,0,20
2020-11-05,102900005115984,5.072,7.0,0,13
2020-11-06,102900005115984,6.506,7.0,0,19
2020-11-07,102900005115984,7.822,7.0,0,19
2020-11-08,102900005115984,10.751,7.0,0,27
2020-11-09,102900005115984,7.654,7.0,0,20
2020-11-10,102900005115984,6.624,6.0,0,15
2020-11-11,102900005115984,4.265000000000001,6.0,0,11
2020-11-12,102900005115984,6.071,6.0,0,14
2020-11-13,102900005115984,5.117,6.0,0,12
2020-11-14,102900005115984,10.284,6.0,0,24
2020-11-15,102900005115984,14.802,6.0,0,33
2020-11-16,102900005115984,14.132,6.0,0,31
2020-11-17,102900005115984,18.312,6.0,0,39
2020-11-18,102900005115984,6.809,5.0,0,17
2020-11-19,102900005115984,16.046,5.0,0,41
2020-11-20,102900005115984,8.543,4.0,0,21
2020-11-21,102900005115984,18.817,5.0,0,41
2020-11-22,102900005115984,16.708,5.0,0,37
2020-11-23,102900005115984,3.375,5.0,0,9
2020-11-24,102900005115984,4.297,5.0,0,10
2020-11-25,102900005115984,4.677,5.0,0,12
2020-11-26,102900005115984,9.398,5.0,0,19
2020-11-27,102900005115984,11.147,5.0,0,25
2020-11-28,102900005115984,17.47,5.0,0,39
2020-11-29,102900005115984,45.007,3.6,0,87
2020-11-30,102900005115984,4.138,5.0,0,12
2020-12-01,102900005115984,9.147,4.0,0,22
2020-12-02,102900005115984,5.529,4.0,0,15
2020-12-03,102900005115984,3.693,4.0,0,8
2020-12-04,102900005115984,23.721,4.0,0,51
2020-12-05,102900005115984,8.417,4.0,0,19
2020-12-06,102900005115984,8.568,4.0,0,18
2020-12-07,102900005115984,22.744,4.0,0,50
2020-12-08,102900005115984,7.613,4.0,0,17
2020-12-09,102900005115984,18.168,4.0,0,34
2020-12-10,102900005115984,25.328,4.0,0,52
2020-12-11,102900005115984,17.995,4.0,0,39
2020-12-12,102900005115984,12.915,4.0,0,32
2020-12-13,102900005115984,18.495,4.0,0,37
2020-12-14,102900005115984,14.297,4.0,0,36
2020-12-15,102900005115984,23.773,4.0,0,41
2020-12-16,102900005115984,6.568,5.0,0,14
2020-12-17,102900005115984,7.248,5.0,0,16
2020-12-18,102900005115984,5.541,5.0,0,13
2020-12-19,102900005115984,20.401,5.0,0,46
2020-12-20,102900005115984,15.782,5.0,0,34
2020-12-21,102900005115984,17.331,5.0,0,33
2020-12-22,102900005115984,9.779,5.0,0,17
2020-12-23,102900005115984,16.426000000000002,5.0,0,37
2020-12-24,102900005115984,10.663,5.0,0,23
2020-12-25,102900005115984,18.14,5.6,0,35
2020-12-26,102900005115984,13.675,5.0,0,28
2020-12-27,102900005115984,12.834,5.0,0,28
2020-12-28,102900005115984,22.429,5.0,0,51
2020-12-29,102900005115984,5.361,5.0,0,15
2020-12-30,102900005115984,5.52,6.0,0,13
2020-12-31,102900005115984,12.625,4.2,1,29
2021-01-01,102900005115984,22.291,6.0,0,51
2021-01-02,102900005115984,16.726,6.0,0,36
2021-01-03,102900005115984,9.567,6.0,0,23
2021-01-04,102900005115984,7.795,6.0,0,19
2021-01-05,102900005115984,16.990000000000002,6.0,0,36
2021-01-06,102900005115984,7.474,5.4,0,15
2021-01-07,102900005115984,16.724,5.6,0,36
2021-01-08,102900005115984,31.357,6.0,0,68
2021-01-09,102900005115984,12.309,6.0,0,29
2021-01-10,102900005115984,25.423,6.0,0,54
2021-01-11,102900005115984,17.24,6.0,0,40
2021-01-12,102900005115984,13.613,7.0,0,32
2021-01-13,102900005115984,8.523,8.0,0,20
2021-01-14,102900005115984,6.39,8.0,0,16
2021-01-15,102900005115984,4.843999999999999,9.0,0,12
2021-01-16,102900005115984,21.52,9.0,0,51
2021-01-17,102900005115984,20.2,9.0,0,49
2021-01-18,102900005115984,11.402,9.0,0,25
2021-01-19,102900005115984,4.288,9.0,0,10
2021-01-20,102900005115984,7.739,10.0,0,18
2021-01-21,102900005115984,6.695,10.0,0,14
2021-01-22,102900005115984,28.709999999999997,8.0,0,55
2021-01-23,102900005115984,13.029,8.0,0,29
2021-01-24,102900005115984,30.186999999999998,8.0,0,59
2021-01-25,102900005115984,10.995,10.0,0,24
2021-01-26,102900005115984,12.775,10.0,0,25
2021-01-27,102900005115984,15.645,10.0,0,34
2021-01-28,102900005115984,17.945,10.0,0,31
2021-01-29,102900005115984,17.359,8.0,0,35
2021-01-30,102900005115984,12.206,8.0,0,25
