数学建模相关/2023数模国赛C题/运行代码/数据拼合/sales_day_simple.csv
销售日期,单品编码,销量(千克),每日平均销售单价(元/千克),打折数量,原价数量
2020-07-01,102900005116226,2.844,8.0,0,9
2020-07-02,102900005116226,1.6669999999999998,8.0,0,7
2020-07-03,102900005116226,2.331,8.0,0,6
2020-07-04,102900005116226,3.948,8.0,0,11
2020-07-05,102900005116226,3.535,8.0,0,10
2020-07-06,102900005116226,3.896,8.0,0,12
2020-07-07,102900005116226,3.784,8.0,0,10
2020-07-08,102900005116226,5.554,8.0,0,16
2020-07-09,102900005116226,3.058,8.0,0,9
2020-07-10,102900005116226,2.933,8.0,0,10
2020-07-12,102900005116226,3.524,7.5,2,9
2020-07-13,102900005116226,3.447,6.3,1,12
2020-07-14,102900005116226,2.608,8.0,0,7
2020-07-15,102900005116226,4.662,7.45,1,10
2020-07-16,102900005116226,2.4669999999999996,7.65,1,6
2020-07-17,102900005116226,2.996,8.0,0,7
2020-07-18,102900005116226,2.706,6.175,3,6
2020-07-19,102900005116226,3.4250000000000003,7.75,1,11
2020-07-20,102900005116226,4.111,7.6000000000000005,2,12
2020-07-21,102900005116226,3.471,8.0,0,12
2020-07-22,102900005116226,3.016,9.8,1,10
2020-07-23,102900005116226,2.977,10.0,0,9
2020-07-24,102900005116226,2.7960000000000003,7.6,0,8
2020-07-25,102900005116226,1.769,7.6,0,6
2020-07-26,102900005116226,3.815,7.15,1,11
2020-07-27,102900005116226,3.168,7.6,0,9
2020-07-28,102900005116226,3.707,7.3,2,7
2020-07-29,102900005116226,1.794,7.6,0,3
2020-07-30,102900005116226,3.142,7.6,0,8
2020-07-31,102900005116226,3.576,7.6,0,11
2020-08-01,102900005116226,3.512,7.6,0,8
2020-08-02,102900005116226,2.692,7.6,0,10
2020-08-03,102900005116226,3.233,7.6,0,8
2020-08-04,102900005116226,2.217,7.6,0,6
2020-08-06,102900005116226,3.383,8.0,0,10
2020-08-07,102900005116226,2.456,8.0,0,7
2020-08-09,102900005116226,3.728,6.0,0,12
2020-08-10,102900005116226,3.371,8.0,0,9
2020-08-11,102900005116226,2.369,8.0,0,5
2020-08-12,102900005116226,2.795,8.0,0,6
2020-08-13,102900005116226,2.005,8.0,0,5
2020-08-14,102900005116226,3.233,8.0,0,7
2020-08-15,102900005116226,4.061,8.0,0,11
2020-08-16,102900005116226,3.861,8.0,0,13
2020-08-17,102900005116226,3.572,8.0,0,11
2020-08-18,102900005116226,4.233,6.0,0,13
2020-08-19,102900005116226,4.817,6.0,0,11
2020-08-20,102900005116226,3.98,6.0,0,12
2020-08-21,102900005116226,4.275,7.6,0,11
2020-08-22,102900005116226,5.118,6.0,0,19
2020-08-23,102900005116226,4.917,6.0,0,10
2020-08-24,102900005116226,3.713,6.0,0,9
2020-08-25,102900005116226,4.099,7.0,0,13
2020-08-26,102900005116226,4.786,7.0,0,12
2020-08-27,102900005116226,3.626,7.0,0,11
2020-08-28,102900005116226,1.247,7.0,0,3
2020-08-29,102900005116226,3.597,7.0,0,12
2020-08-30,102900005116226,6.492,7.0,0,16
2020-08-31,102900005116226,1.663,7.0,0,6
2020-09-01,102900005116226,4.328,7.0,0,10
2020-09-02,102900005116226,2.092,8.0,0,4
2020-09-03,102900005116226,2.7070000000000003,8.0,0,6
2020-09-04,102900005116226,0.751,12.0,0,3
2020-09-05,102900005116226,3.532,12.0,0,11
2020-09-06,102900005116226,3.247,12.0,0,9
2020-09-07,102900005116226,2.071,12.0,0,8
2020-09-08,102900005116226,2.538,12.0,0,9
2020-09-09,102900005116226,3.173,12.0,0,7
2020-09-10,102900005116226,3.072,12.0,0,9
2020-09-11,102900005116226,3.047,12.0,0,9
2020-09-12,102900005116226,1.377,12.0,0,6
2020-09-13,102900005116226,0.968,12.0,0,4
2020-09-14,102900005116226,1.653,12.0,0,4
2020-09-15,102900005116226,0.843,12.0,0,4
2020-09-16,102900005116226,2.078,12.0,0,5
2020-09-17,102900005116226,1.519,12.0,0,6
2020-09-18,102900005116226,0.618,12.0,0,2
2020-09-19,102900005116226,2.162,12.0,0,9
2020-09-20,102900005116226,2.805,12.0,0,7
2020-09-21,102900005116226,1.524,14.0,0,5
2020-09-22,102900005116226,0.651,14.0,0,1
2020-09-23,102900005116226,1.646,16.0,0,5
2020-09-24,102900005116226,0.407,16.0,0,2
2020-09-25,102900005116226,1.646,16.0,0,4
2020-09-26,102900005116226,1.22,16.0,0,5
2020-09-27,102900005116226,1.076,16.0,0,4
2020-09-28,102900005116226,1.724,14.0,0,6
2020-09-29,102900005116226,1.873,14.0,0,7
2020-09-30,102900005116226,2.182,14.0,0,4
2020-10-01,102900005116226,1.732,14.0,0,7
2020-10-02,102900005116226,2.217,14.0,0,11
2020-10-03,102900005116226,1.854,14.0,0,8
2020-10-04,102900005116226,1.731,14.0,0,8
2020-10-05,102900005116226,0.408,14.0,0,1
2020-10-06,102900005116226,0.737,14.0,0,2
2020-10-07,102900005116226,2.369,14.0,0,8
2020-10-08,102900005116226,1.481,14.0,0,6
2020-10-09,102900005116226,0.859,14.0,0,5
2020-10-10,102900005116226,0.43,14.0,0,3
2020-10-11,102900005116226,1.304,11.0,0,4
2020-10-12,102900005116226,0.741,10.0,0,3
2020-10-13,102900005116226,1.293,10.0,0,6
2020-10-14,102900005116226,0.31,10.0,0,2
2020-10-15,102900005116226,1.633,10.0,0,7
2020-10-16,102900005116226,1.914,10.0,0,5
2020-10-17,102900005116226,2.666,10.0,0,9
2020-10-18,102900005116226,0.15,10.0,0,1
2020-10-19,102900005116226,0.882,10.0,0,3
2020-10-20,102900005116226,1.373,10.0,0,4
2020-10-21,102900005116226,0.34,10.0,0,2
2020-10-22,102900005116226,2.044,10.0,0,5
2020-10-23,102900005116226,0.621,10.0,0,3
2020-10-24,102900005116226,2.616,10.0,0,7
2020-10-25,102900005116226,3.199,10.0,0,9
2020-10-26,102900005116226,2.346,10.0,0,5
2020-10-27,102900005116226,1.263,10.0,0,3
2020-10-28,102900005116226,1.062,10.0,0,4
2020-10-29,102900005116226,1.4529999999999998,10.0,0,4
2020-10-30,102900005116226,2.244,10.0,0,7
2020-10-31,102900005116226,2.0540000000000003,10.0,0,9
2020-11-01,102900005116226,2.5860000000000003,10.0,0,11
2020-11-02,102900005116226,2.928,10.0,0,8
2020-11-03,102900005116226,1.163,10.0,0,3
2020-11-04,102900005116226,0.751,10.0,0,4
2020-11-05,102900005116226,2.014,10.0,0,5
2020-11-06,102900005116226,1.502,10.0,0,6
2020-11-07,102900005116226,3.297,10.0,0,9
2020-11-08,102900005116226,1.764,10.0,0,6
2020-11-09,102900005116226,1.813,10.0,0,5
2020-11-10,102900005116226,2.084,10.0,0,5
2020-11-11,102900005116226,1.0519999999999998,10.0,0,3
2020-11-12,102900005116226,0.521,10.0,0,1
2020-11-14,102900005116226,1.935,10.0,0,6
2020-11-15,102900005116226,0.33,10.0,0,3
2020-11-16,102900005116226,1.202,11.0,0,5
2020-11-17,102900005116226,0.738,11.0,0,2
2020-11-18,102900005116226,2.45,11.0,0,7
2020-11-19,102900005116226,1.849,11.0,0,5
2020-11-20,102900005116226,2.26,11.0,0,4
2020-11-21,102900005116226,2.04,11.0,0,8
2020-11-22,102900005116226,0.776,12.0,0,3
2020-11-23,102900005116226,1.026,12.0,0,5
2020-11-24,102900005116226,1.5539999999999998,12.0,0,7
2020-11-25,102900005116226,0.509,12.0,0,2
2020-11-26,102900005116226,1.044,12.0,0,5
2020-11-27,102900005116226,0.985,12.0,0,2
2020-11-28,102900005116226,0.735,12.0,0,3
2020-11-29,102900005116226,1.3279999999999998,12.0,0,4
2020-11-30,102900005116226,2.103,12.0,0,6
2020-12-01,102900005116226,1.001,14.0,0,3
2020-12-02,102900005116226,1.016,14.0,0,3
2020-12-03,102900005116226,0.973,14.0,0,3
2020-12-04,102900005116226,0.593,12.0,0,3
2020-12-05,102900005116226,1.078,12.0,0,4
2020-12-06,102900005116226,2.088,12.0,0,6
2020-12-07,102900005116226,1.136,12.0,0,4
2020-12-08,102900005116226,0.769,12.0,0,3
2020-12-09,102900005116226,1.945,12.0,0,6
2020-12-10,102900005116226,0.426,12.0,0,2
2020-12-11,102900005116226,0.225,12.0,0,1
2020-12-12,102900005116226,0.927,12.0,0,4
2020-12-13,102900005116226,0.916,14.0,0,3
2020-12-14,102900005116226,0.995,14.0,0,4
2020-12-15,102900005116226,1.0590000000000002,14.0,0,3
2020-12-17,102900005116226,1.088,14.0,0,4
2020-12-18,102900005116226,2.561,14.0,0,7
2020-12-19,102900005116226,1.375,14.0,0,4
2020-12-20,102900005116226,1.294,14.0,0,6
2020-12-21,102900005116226,1.602,14.0,0,4
2020-12-22,102900005116226,0.114,14.0,0,1
2020-12-23,102900005116226,1.045,14.0,0,3
2020-12-24,102900005116226,0.77,16.0,0,3
2020-12-25,102900005116226,1.646,16.0,0,6
2020-12-26,102900005116226,5.368,16.0,0,15
2020-12-27,102900005116226,1.202,16.0,0,3
2020-12-28,102900005116226,2.353,18.0,0,7
2020-12-29,102900005116226,1.596,18.0,0,6
2020-12-30,102900005116226,0.387,23.8,0,2
2020-12-31,102900005116226,1.852,23.8,0,6
2021-01-01,102900005116226,2.926,25.8,0,6
2021-01-02,102900005116226,1.4460000000000002,25.8,0,5
2021-01-03,102900005116226,1.631,23.8,0,4
2021-01-04,102900005116226,2.16,23.8,0,6
2021-01-05,102900005116226,0.652,23.8,0,2
2021-01-06,102900005116226,0.778,23.8,0,3
2021-01-07,102900005116226,0.95,23.8,0,4
2021-01-08,102900005116226,0.853,23.8,0,3
2021-01-09,102900005116226,1.388,23.8,0,5
2021-01-10,102900005116226,1.685,18.0,0,6
2021-01-11,102900005116226,2.37,18.0,0,7
2021-01-12,102900005116226,1.011,25.8,0,3
2021-01-13,102900005116226,0.833,25.8,0,2
2021-01-14,102900005116226,0.526,19.8,0,2
2021-01-15,102900005116226,0.885,19.8,0,4
2021-01-16,102900005116226,3.156,19.8,0,10
2021-01-17,102900005116226,1.268,19.8,0,5
2021-01-18,102900005116226,3.956,18.0,0,11
2021-01-19,102900005116226,3.061,19.8,0,10
2021-01-20,102900005116226,3.938,19.8,0,11
2021-01-21,102900005116226,1.823,19.8,0,5
2021-01-22,102900005116226,3.006,19.8,0,8
2021-01-23,102900005116226,2.607,19.8,0,9
2021-01-24,102900005116226,2.283,19.8,0,8
2021-01-25,102900005116226,3.404,19.8,0,13
2021-01-26,102900005116226,2.076,19.8,0,6
2021-01-27,102900005116226,1.177,19.8,0,3
2021-01-28,102900005116226,2.314,18.0,0,5
2021-01-29,102900005116226,1.6909999999999998,18.0,0,3
2021-01-30,102900005116226,3.372,18.0,0,12
