数学建模相关/2023数模国赛C题/运行代码/数据拼合/sales_day_simple.csv
销售日期,单品编码,销量(千克),每日平均销售单价(元/千克),打折数量,原价数量
2020-07-01,102900005116233,2.512,10.0,0,17
2020-07-02,102900005116233,3.297,10.0,0,14
2020-07-03,102900005116233,4.738,10.0,0,21
2020-07-04,102900005116233,4.948,10.0,0,26
2020-07-05,102900005116233,7.412,10.0,0,37
2020-07-06,102900005116233,4.308,10.0,0,19
2020-07-07,102900005116233,4.158,10.0,0,19
2020-07-08,102900005116233,4.67,10.0,0,23
2020-07-09,102900005116233,3.924,10.0,0,22
2020-07-10,102900005116233,2.605,9.5,1,14
2020-07-11,102900005116233,5.561,9.16,4,19
2020-07-12,102900005116233,6.251,9.75,1,30
2020-07-13,102900005116233,4.677,9.55,4,20
2020-07-14,102900005116233,2.663,9.200000000000001,2,13
2020-07-15,102900005116233,4.702,11.533333333333333,2,17
2020-07-16,102900005116233,4.206,11.5,1,18
2020-07-17,102900005116233,3.8729999999999998,11.45,1,14
2020-07-18,102900005116233,6.696,12.14,4,21
2020-07-19,102900005116233,6.675000000000001,13.05,4,23
2020-07-20,102900005116233,2.5260000000000002,13.45,1,10
2020-07-21,102900005116233,1.566,13.55,1,6
2020-07-22,102900005116233,2.829,15.15,1,14
2020-07-23,102900005116233,3.605,18.0,0,16
2020-07-24,102900005116233,2.983,16.8,1,11
2020-07-25,102900005116233,2.87,18.7,3,8
2020-07-26,102900005116233,2.748,18.8,2,11
2020-07-27,102900005116233,2.275,18.5,1,11
2020-07-28,102900005116233,2.435,19.25,1,9
2020-07-29,102900005116233,2.072,18.066666666666666,2,8
2020-07-30,102900005116233,0.97,19.8,0,3
2020-07-31,102900005116233,2.795,19.8,0,13
2020-08-01,102900005116233,3.106,18.65,2,17
2020-08-02,102900005116233,2.286,19.8,0,12
2020-08-03,102900005116233,1.601,19.8,0,7
2020-08-05,102900005116233,1.999,19.8,0,8
2020-08-06,102900005116233,2.691,19.8,0,7
2020-08-07,102900005116233,2.698,19.8,0,12
2020-08-08,102900005116233,2.335,19.8,0,8
2020-08-09,102900005116233,2.821,18.0,0,13
2020-08-13,102900005116233,1.747,18.0,0,9
2020-08-14,102900005116233,4.412,18.0,0,19
2020-08-15,102900005116233,3.352,18.0,0,14
2020-08-16,102900005116233,3.227,18.0,0,17
2020-08-17,102900005116233,3.938,10.0,0,18
2020-08-18,102900005116233,4.7090000000000005,10.0,0,23
2020-08-19,102900005116233,2.756,10.0,0,11
2020-08-20,102900005116233,5.841,10.0,0,22
2020-08-21,102900005116233,3.577,10.0,0,14
2020-08-22,102900005116233,6.121,10.0,0,30
2020-08-23,102900005116233,6.0520000000000005,10.0,0,27
2020-08-24,102900005116233,7.707,8.0,0,24
2020-08-25,102900005116233,8.023,6.8,1,33
2020-08-26,102900005116233,5.814,8.0,0,25
2020-08-27,102900005116233,4.16,8.0,0,20
2020-08-28,102900005116233,4.087,8.0,0,15
2020-08-29,102900005116233,7.456,8.0,0,26
2020-08-30,102900005116233,6.517,8.0,0,26
2020-08-31,102900005116233,10.108,7.6,0,32
2020-09-01,102900005116233,5.936,7.6,0,22
2020-09-02,102900005116233,5.848,7.6,0,21
2020-09-03,102900005116233,6.492,7.6,0,27
2020-09-04,102900005116233,3.113,7.6,0,15
2020-09-05,102900005116233,5.438,9.0,0,24
2020-09-06,102900005116233,6.046,9.0,0,20
2020-09-07,102900005116233,5.4670000000000005,9.0,0,17
2020-09-08,102900005116233,4.155,9.0,0,18
2020-09-09,102900005116233,3.464,9.0,0,13
2020-09-10,102900005116233,4.633,9.0,0,22
2020-09-11,102900005116233,6.692,9.6,0,24
2020-09-12,102900005116233,9.045,9.6,0,33
2020-09-13,102900005116233,5.282,9.6,0,17
2020-09-14,102900005116233,4.019,9.6,0,15
2020-09-15,102900005116233,4.655,9.6,0,15
2020-09-16,102900005116233,5.621,10.0,0,21
2020-09-17,102900005116233,7.336,12.0,0,30
2020-09-18,102900005116233,3.213,12.0,0,16
2020-09-19,102900005116233,12.247,12.0,0,36
2020-09-20,102900005116233,6.85,14.0,0,31
2020-09-21,102900005116233,4.112,14.0,0,20
2020-09-22,102900005116233,5.313,16.0,0,15
2020-09-23,102900005116233,3.228,18.0,0,13
2020-09-24,102900005116233,3.549,18.0,0,15
2020-09-25,102900005116233,3.4,16.0,0,14
2020-09-26,102900005116233,5.29,16.0,0,25
2020-09-27,102900005116233,4.176,16.0,0,13
2020-09-28,102900005116233,3.2910000000000004,16.0,0,9
2020-09-29,102900005116233,6.341,16.0,0,28
2020-09-30,102900005116233,5.194,16.0,0,24
2020-10-01,102900005116233,8.202,16.0,0,30
2020-10-02,102900005116233,6.191,16.0,0,28
2020-10-03,102900005116233,4.55,16.0,0,18
2020-10-04,102900005116233,4.649,16.0,0,18
2020-10-05,102900005116233,4.25,16.0,0,19
2020-10-06,102900005116233,3.977,18.0,0,15
2020-10-07,102900005116233,3.738,18.0,0,14
2020-10-08,102900005116233,4.716,18.0,0,16
2020-10-09,102900005116233,4.0,18.0,0,17
2020-10-10,102900005116233,2.692,18.0,0,14
2020-10-11,102900005116233,2.132,18.0,0,11
2020-10-12,102900005116233,1.474,18.0,0,7
2020-10-13,102900005116233,2.677,15.0,0,10
2020-10-14,102900005116233,1.838,14.0,0,10
2020-10-15,102900005116233,2.082,14.0,0,10
2020-10-16,102900005116233,3.131,12.0,0,14
2020-10-17,102900005116233,5.026,12.0,0,20
2020-10-18,102900005116233,1.338,14.0,0,7
2020-10-19,102900005116233,2.99,14.0,0,13
2020-10-20,102900005116233,3.191,14.0,0,13
2020-10-21,102900005116233,1.991,16.0,0,10
2020-10-22,102900005116233,3.23,16.0,0,13
2020-10-23,102900005116233,3.349,16.0,0,17
2020-10-24,102900005116233,3.224,16.0,0,16
2020-10-25,102900005116233,2.885,16.0,0,13
2020-10-26,102900005116233,1.842,18.0,0,7
2020-10-27,102900005116233,1.7970000000000002,18.0,0,9
2020-10-28,102900005116233,0.84,18.0,0,4
2020-10-29,102900005116233,1.875,18.0,0,8
2020-10-30,102900005116233,1.239,18.0,0,7
2020-10-31,102900005116233,3.828,18.0,0,16
2020-11-01,102900005116233,0.862,18.0,0,4
2020-11-02,102900005116233,3.244,18.0,0,13
2020-11-03,102900005116233,1.35,18.0,0,8
2020-11-04,102900005116233,1.46,19.8,0,6
2020-11-05,102900005116233,2.137,19.8,0,11
2020-11-06,102900005116233,2.093,19.8,0,11
2020-11-07,102900005116233,5.613,16.0,0,27
2020-11-08,102900005116233,3.885,14.0,0,18
2020-11-09,102900005116233,2.21,14.0,0,9
2020-11-10,102900005116233,2.297,14.0,0,13
2020-11-11,102900005116233,3.083,14.0,0,14
2020-11-12,102900005116233,3.612,14.0,0,13
2020-11-13,102900005116233,3.749,14.0,0,13
2020-11-14,102900005116233,5.835,12.0,0,23
2020-11-15,102900005116233,3.575,12.0,0,18
2020-11-16,102900005116233,3.908,12.0,0,15
2020-11-17,102900005116233,4.316,12.0,0,13
2020-11-18,102900005116233,3.1830000000000003,14.0,0,14
2020-11-19,102900005116233,3.5540000000000003,14.0,0,13
2020-11-20,102900005116233,3.85,12.0,0,17
2020-11-21,102900005116233,7.677,10.0,0,31
2020-11-22,102900005116233,7.524999999999999,10.0,0,21
2020-11-23,102900005116233,3.716,12.0,0,16
2020-11-24,102900005116233,3.88,12.0,0,14
2020-11-25,102900005116233,2.823,12.0,0,11
2020-11-26,102900005116233,4.299,12.0,0,14
2020-11-27,102900005116233,4.61,10.0,0,16
2020-11-28,102900005116233,6.918,10.0,0,17
2020-11-29,102900005116233,6.014,10.0,0,17
2020-11-30,102900005116233,5.362,10.0,0,15
2020-12-01,102900005116233,3.977,10.0,0,15
2020-12-02,102900005116233,3.724,12.0,0,14
2020-12-03,102900005116233,3.783,12.0,0,14
2020-12-04,102900005116233,2.532,12.0,0,15
2020-12-05,102900005116233,3.789,12.0,0,17
2020-12-06,102900005116233,2.698,14.0,0,14
2020-12-07,102900005116233,5.446,16.0,0,20
2020-12-08,102900005116233,2.102,14.0,0,8
2020-12-09,102900005116233,2.947,14.0,0,12
2020-12-10,102900005116233,2.711,14.0,0,11
2020-12-11,102900005116233,2.711,14.0,0,11
2020-12-12,102900005116233,3.432,14.0,0,17
2020-12-13,102900005116233,3.328,14.0,0,15
2020-12-14,102900005116233,3.693,16.0,0,13
2020-12-15,102900005116233,2.726,18.0,0,12
2020-12-16,102900005116233,3.699,18.0,0,11
2020-12-18,102900005116233,2.252,18.0,0,7
2020-12-19,102900005116233,4.97,18.0,0,17
2020-12-20,102900005116233,3.059,18.0,0,11
2020-12-21,102900005116233,1.54,18.0,0,9
2020-12-22,102900005116233,2.672,18.0,0,12
2020-12-23,102900005116233,3.856,18.0,0,12
2020-12-24,102900005116233,3.066,18.0,0,13
2020-12-25,102900005116233,4.057,18.0,0,15
2020-12-26,102900005116233,5.28,18.0,0,21
2020-12-27,102900005116233,3.851,18.0,0,13
2020-12-28,102900005116233,2.493,18.0,0,10
2020-12-29,102900005116233,2.309,18.0,0,8
2020-12-30,102900005116233,3.57,18.0,0,16
2020-12-31,102900005116233,3.716,18.0,0,13
2021-01-01,102900005116233,4.399,18.0,0,19
2021-01-02,102900005116233,3.549,18.0,0,16
2021-01-03,102900005116233,4.478,18.0,0,16
2021-01-04,102900005116233,3.406,18.0,0,14
2021-01-05,102900005116233,1.7080000000000002,18.0,0,8
2021-01-06,102900005116233,2.363,18.0,0,10
2021-01-07,102900005116233,1.814,18.0,0,7
2021-01-08,102900005116233,1.767,18.0,0,7
2021-01-09,102900005116233,4.988,18.0,0,17
2021-01-10,102900005116233,3.7,18.0,0,12
2021-01-11,102900005116233,2.403,18.0,0,8
2021-01-12,102900005116233,1.568,18.0,0,5
2021-01-13,102900005116233,0.717,18.0,0,2
2021-01-14,102900005116233,1.318,18.0,0,4
2021-01-15,102900005116233,2.664,18.0,0,10
2021-01-16,102900005116233,2.66,18.0,0,8
2021-01-17,102900005116233,4.034,18.0,0,12
2021-01-18,102900005116233,1.975,18.0,0,5
2021-01-19,102900005116233,2.798,18.0,0,7
2021-01-20,102900005116233,2.727,18.0,0,8
2021-01-21,102900005116233,3.144,18.0,0,11
2021-01-22,102900005116233,4.056,18.0,0,13
2021-01-23,102900005116233,1.873,18.0,0,8
2021-01-24,102900005116233,4.0,18.0,0,15
2021-01-25,102900005116233,2.5380000000000003,18.0,0,8
2021-01-26,102900005116233,2.435,19.8,0,7
2021-01-27,102900005116233,3.547,19.8,0,15
2021-01-28,102900005116233,4.04,19.8,0,18
2021-01-29,102900005116233,4.671,19.8,0,18
2021-01-30,102900005116233,8.057,19.8,0,29
