数学建模相关/2023数模国赛C题/运行代码/数据拼合/sales_day_simple.csv
销售日期,单品编码,销量(千克),每日平均销售单价(元/千克),打折数量,原价数量
2020-07-01,102900005116257,17.661,6.0,0,32
2020-07-02,102900005116257,14.432,7.0,0,26
2020-07-03,102900005116257,17.553,7.0,0,33
2020-07-04,102900005116257,33.045,7.0,0,65
2020-07-05,102900005116257,26.965999999999998,6.9,1,49
2020-07-06,102900005116257,8.96,8.0,0,19
2020-07-07,102900005116257,14.6,8.0,0,29
2020-07-08,102900005116257,18.588,7.35,1,32
2020-07-09,102900005116257,9.949,8.0,0,18
2020-07-10,102900005116257,15.789000000000001,7.475,4,23
2020-07-11,102900005116257,34.025,7.428571428571429,8,58
2020-07-12,102900005116257,41.141,6.566666666666666,9,59
2020-07-13,102900005116257,19.637999999999998,7.4,1,38
2020-07-14,102900005116257,13.059,7.5,2,23
2020-07-15,102900005116257,13.849,7.45,1,29
2020-07-16,102900005116257,7.693,6.15,3,14
2020-07-17,102900005116257,15.891,7.55,3,26
2020-07-18,102900005116257,18.058,7.366666666666667,5,27
2020-07-19,102900005116257,35.706,7.2,8,57
2020-07-20,102900005116257,14.362,7.375,3,21
2020-07-21,102900005116257,11.416,8.0,0,23
2020-07-22,102900005116257,17.583,7.06,4,33
2020-07-23,102900005116257,19.791,6.6000000000000005,6,28
2020-07-24,102900005116257,20.743,6.900000000000001,5,27
2020-07-25,102900005116257,12.684000000000001,7.3,3,21
2020-07-26,102900005116257,24.756999999999998,8.35,1,41
2020-07-27,102900005116257,9.768,9.0,0,20
2020-07-28,102900005116257,17.651,6.9799999999999995,6,28
2020-07-29,102900005116257,18.252000000000002,8.42,5,28
2020-07-30,102900005116257,18.285999999999998,8.4,3,29
2020-07-31,102900005116257,14.177,9.0,0,26
2020-08-01,102900005116257,15.690000000000001,7.5,1,32
2020-08-02,102900005116257,25.3,7.0,0,43
2020-08-03,102900005116257,16.565,7.0,0,33
2020-08-04,102900005116257,11.428,8.0,0,25
2020-08-05,102900005116257,17.772,8.0,0,33
2020-08-06,102900005116257,20.692,8.0,0,37
2020-08-07,102900005116257,34.299,4.0,0,58
2020-08-08,102900005116257,40.254,4.0,0,68
2020-08-09,102900005116257,25.63,4.0,0,46
2020-08-10,102900005116257,24.399,4.0,0,43
2020-08-11,102900005116257,19.899,4.0,0,34
2020-08-12,102900005116257,13.66,8.0,0,27
2020-08-13,102900005116257,13.735,8.0,0,27
2020-08-14,102900005116257,23.571,8.0,0,42
2020-08-15,102900005116257,24.802,8.0,0,48
2020-08-16,102900005116257,14.376,8.0,0,28
2020-08-17,102900005116257,20.339,8.0,0,34
2020-08-18,102900005116257,15.303,9.0,0,29
2020-08-19,102900005116257,13.664,9.0,0,24
2020-08-20,102900005116257,20.103,9.0,0,35
2020-08-21,102900005116257,10.844,10.0,0,20
2020-08-22,102900005116257,14.206,12.0,0,26
2020-08-23,102900005116257,20.956,12.0,0,42
2020-08-24,102900005116257,12.245,10.0,0,23
2020-08-25,102900005116257,11.879,10.0,0,28
2020-08-26,102900005116257,14.982,10.0,0,24
2020-08-27,102900005116257,6.84,13.0,0,13
2020-08-28,102900005116257,10.944,13.0,0,20
2020-08-29,102900005116257,15.544,13.0,0,30
2020-08-30,102900005116257,8.16,13.0,0,16
2020-08-31,102900005116257,7.447,12.0,0,14
2020-09-01,102900005116257,10.577,13.0,0,21
2020-09-02,102900005116257,5.462,13.0,0,12
2020-09-03,102900005116257,4.673,14.0,0,12
2020-09-04,102900005116257,6.134,12.0,0,12
2020-09-05,102900005116257,11.052,12.0,0,22
2020-09-06,102900005116257,12.774,12.0,0,27
2020-09-07,102900005116257,6.051,12.0,0,13
2020-09-08,102900005116257,7.321,12.0,0,15
2020-09-09,102900005116257,2.622,12.0,0,8
2020-09-10,102900005116257,7.347,12.0,0,15
2020-09-11,102900005116257,3.824,11.0,2,6
2020-09-12,102900005116257,8.448,12.0,0,19
2020-09-13,102900005116257,17.145,12.0,0,37
2020-09-14,102900005116257,9.903,10.0,0,21
2020-09-15,102900005116257,3.7,12.0,0,9
2020-09-16,102900005116257,8.918,10.0,0,19
2020-09-17,102900005116257,10.834,10.0,0,22
2020-09-18,102900005116257,5.874,10.0,0,13
2020-09-19,102900005116257,12.93,10.0,0,29
2020-09-20,102900005116257,25.146,8.0,0,52
2020-09-21,102900005116257,5.629,8.0,0,14
2020-09-22,102900005116257,11.018,8.0,0,22
2020-09-23,102900005116257,10.726,8.0,0,22
2020-09-24,102900005116257,10.702,8.0,0,23
2020-09-25,102900005116257,10.177,8.0,0,20
2020-09-26,102900005116257,12.308,8.0,0,23
2020-09-27,102900005116257,10.266,8.0,0,21
2020-09-28,102900005116257,6.979,7.0,0,14
2020-09-29,102900005116257,6.808,7.0,0,15
2020-09-30,102900005116257,8.971,7.0,0,21
2020-10-01,102900005116257,14.987,7.0,0,27
2020-10-02,102900005116257,18.716,6.0,0,37
2020-10-03,102900005116257,20.591,6.0,0,39
2020-10-04,102900005116257,19.766,6.0,0,43
2020-10-05,102900005116257,11.69,6.0,0,24
2020-10-06,102900005116257,19.484,6.0,0,37
2020-10-07,102900005116257,8.251,6.6,0,16
2020-10-08,102900005116257,7.091,7.0,0,16
2020-10-09,102900005116257,12.208,7.0,0,18
2020-10-10,102900005116257,7.164,7.0,0,16
2020-10-11,102900005116257,9.471,7.0,0,18
2020-10-12,102900005116257,7.32,8.0,0,15
2020-10-13,102900005116257,7.694,7.0,0,17
2020-10-14,102900005116257,2.809,7.0,0,6
2020-10-15,102900005116257,5.819,6.0,0,12
2020-10-16,102900005116257,9.346,6.0,0,20
2020-10-17,102900005116257,17.712,6.0,0,37
2020-10-18,102900005116257,15.151,6.0,0,31
2020-10-19,102900005116257,7.107,6.0,0,16
2020-10-20,102900005116257,8.296,6.0,0,18
2020-10-21,102900005116257,6.348,7.0,0,14
2020-10-22,102900005116257,9.2,7.0,0,17
2020-10-23,102900005116257,8.964,6.0,0,20
2020-10-24,102900005116257,8.931000000000001,6.0,0,17
2020-10-25,102900005116257,15.656,6.0,0,28
2020-10-26,102900005116257,6.439,6.0,0,13
2020-10-27,102900005116257,4.24,7.0,0,7
2020-10-28,102900005116257,3.397,7.0,0,7
2020-10-29,102900005116257,7.767,7.0,0,12
2020-10-30,102900005116257,2.675,6.0,0,8
2020-10-31,102900005116257,8.794,6.0,0,18
2020-11-01,102900005116257,4.714,6.6,0,13
2020-11-02,102900005116257,2.924,7.0,0,7
2020-11-03,102900005116257,4.7,7.0,0,13
2020-11-04,102900005116257,5.776,7.0,0,13
2020-11-05,102900005116257,5.301,7.0,0,15
2020-11-06,102900005116257,3.946,6.0,0,10
2020-11-07,102900005116257,5.335,6.0,0,13
2020-11-08,102900005116257,10.352,6.0,0,19
2020-11-09,102900005116257,3.244,6.0,0,6
2020-11-10,102900005116257,4.164,6.0,0,9
2020-11-11,102900005116257,8.445,6.0,0,18
2020-11-12,102900005116257,3.579,6.0,0,9
2020-11-13,102900005116257,5.017,6.0,0,12
2020-11-14,102900005116257,15.26,5.0,0,30
2020-11-15,102900005116257,11.501,5.0,0,23
2020-11-16,102900005116257,9.296,5.0,0,22
2020-11-17,102900005116257,6.143,5.0,0,16
2020-11-18,102900005116257,10.134,6.0,0,24
2020-11-19,102900005116257,8.383,7.0,0,16
2020-11-20,102900005116257,5.073,7.0,0,10
2020-11-21,102900005116257,13.052,7.0,0,27
2020-11-22,102900005116257,14.301,7.0,0,31
2020-11-23,102900005116257,10.199,6.0,0,20
2020-11-24,102900005116257,6.673,6.0,0,17
2020-11-25,102900005116257,8.346,6.0,0,14
2020-11-26,102900005116257,8.114,6.0,0,16
2020-11-27,102900005116257,7.191,6.0,0,14
2020-11-28,102900005116257,10.653,6.0,0,21
2020-11-29,102900005116257,10.603,6.0,0,24
2020-11-30,102900005116257,6.321,6.0,0,14
2020-12-01,102900005116257,3.912,7.0,0,9
2020-12-02,102900005116257,4.558,7.0,0,14
2020-12-03,102900005116257,4.756,7.0,0,10
2020-12-04,102900005116257,7.508,7.0,0,16
2020-12-05,102900005116257,11.434,7.0,0,23
2020-12-06,102900005116257,14.136,7.4,0,31
2020-12-07,102900005116257,8.333,8.0,0,20
2020-12-08,102900005116257,7.37,8.0,0,17
2020-12-09,102900005116257,7.194,8.0,0,15
2020-12-10,102900005116257,9.162,8.0,0,20
2020-12-11,102900005116257,11.417,8.0,0,24
2020-12-12,102900005116257,8.008,8.0,0,17
2020-12-13,102900005116257,17.457,8.0,0,40
2020-12-14,102900005116257,9.851,8.0,0,26
2020-12-15,102900005116257,5.778,8.0,0,16
2020-12-16,102900005116257,7.759,8.0,0,17
2020-12-17,102900005116257,7.518,8.0,0,18
2020-12-18,102900005116257,15.802,8.0,0,31
2020-12-19,102900005116257,12.82,8.0,0,25
2020-12-20,102900005116257,10.126,8.0,0,26
2020-12-21,102900005116257,10.102,8.0,0,23
2020-12-22,102900005116257,9.312,8.0,0,21
2020-12-23,102900005116257,6.716,8.0,0,15
2020-12-24,102900005116257,7.681,8.0,0,17
2020-12-25,102900005116257,9.222,8.0,0,23
2020-12-26,102900005116257,10.792,8.0,0,23
2020-12-27,102900005116257,9.466,9.0,0,20
2020-12-28,102900005116257,10.94,8.0,0,23
2020-12-29,102900005116257,10.444,8.0,0,23
2020-12-30,102900005116257,12.995,9.0,0,25
2020-12-31,102900005116257,18.877,9.0,0,39
2021-01-01,102900005116257,14.953,9.0,0,31
2021-01-02,102900005116257,15.358,9.0,0,33
2021-01-03,102900005116257,11.994,9.0,0,29
2021-01-04,102900005116257,8.965,9.0,0,21
2021-01-05,102900005116257,13.474,9.0,0,32
2021-01-06,102900005116257,11.885,10.0,0,26
2021-01-07,102900005116257,11.294,10.0,0,22
2021-01-08,102900005116257,10.946,10.0,0,28
2021-01-09,102900005116257,17.319,10.0,0,41
2021-01-10,102900005116257,21.238,10.0,0,47
2021-01-11,102900005116257,14.059,10.0,0,28
2021-01-12,102900005116257,6.304,10.0,0,17
2021-01-14,102900005116257,15.256,9.0,0,30
2021-01-15,102900005116257,12.686,9.0,0,30
2021-01-16,102900005116257,18.888,9.0,0,44
2021-01-17,102900005116257,21.808,9.0,0,45
2021-01-18,102900005116257,9.09,10.0,0,22
2021-01-19,102900005116257,8.119,10.0,0,19
2021-01-20,102900005116257,16.125,10.0,0,33
2021-01-21,102900005116257,16.736,10.0,0,33
2021-01-22,102900005116257,11.45,9.0,0,26
2021-01-23,102900005116257,17.173000000000002,9.0,0,38
2021-01-24,102900005116257,21.138,9.0,0,48
2021-01-25,102900005116257,17.027,9.0,0,37
2021-01-26,102900005116257,13.532,9.0,0,31
2021-01-27,102900005116257,9.733,9.0,0,23
2021-01-28,102900005116257,14.171,10.0,0,28
2021-01-29,102900005116257,13.068,10.0,0,23
2021-01-30,102900005116257,14.604,10.0,0,31
