数学建模相关/2023数模国赛C题/运行代码/数据拼合/sales_day_simple.csv
销售日期,单品编码,销量(千克),每日平均销售单价(元/千克),打折数量,原价数量
2020-07-01,102900005116509,17.713,4.0,0,28
2020-07-02,102900005116509,17.767,4.0,0,30
2020-07-03,102900005116509,18.343,4.0,0,24
2020-07-04,102900005116509,24.022,4.0,0,34
2020-07-05,102900005116509,24.423,4.0,0,37
2020-07-06,102900005116509,16.434,4.0,0,26
2020-07-07,102900005116509,17.512,4.0,0,27
2020-07-08,102900005116509,21.082,4.0,0,31
2020-07-09,102900005116509,8.217,4.0,0,17
2020-07-10,102900005116509,15.025,3.8,1,20
2020-07-11,102900005116509,34.252,3.72,5,45
2020-07-12,102900005116509,23.87,3.675,4,33
2020-07-13,102900005116509,16.131999999999998,3.7,1,25
2020-07-14,102900005116509,15.705,3.6999999999999997,2,25
2020-07-15,102900005116509,14.629,4.6,0,21
2020-07-16,102900005116509,10.003,4.233333333333333,2,15
2020-07-17,102900005116509,7.970000000000001,4.3,1,14
2020-07-18,102900005116509,23.755,3.5833333333333335,6,29
2020-07-19,102900005116509,20.22,5.2,8,20
2020-07-20,102900005116509,6.505,5.8,1,12
2020-07-21,102900005116509,9.283999999999999,5.35,1,15
2020-07-22,102900005116509,16.543,5.6,0,28
2020-07-23,102900005116509,12.706,5.05,1,19
2020-07-24,102900005116509,3.656,5.6,0,5
2020-07-25,102900005116509,14.914,4.875,4,18
2020-07-26,102900005116509,26.711,5.4,8,31
2020-07-27,102900005116509,11.087,5.616666666666667,5,12
2020-07-28,102900005116509,9.582,5.8,1,9
2020-07-29,102900005116509,8.412,5.666666666666667,2,10
2020-07-30,102900005116509,13.815,5.375,3,19
2020-07-31,102900005116509,10.903,6.0,0,14
2020-08-01,102900005116509,16.976,5.65,3,22
2020-08-02,102900005116509,14.451,6.0,0,26
2020-08-03,102900005116509,21.005,6.0,0,32
2020-08-04,102900005116509,8.046,6.0,0,12
2020-08-05,102900005116509,13.563,6.0,0,18
2020-08-07,102900005116509,5.518,6.0,0,8
2020-08-08,102900005116509,12.96,6.0,0,18
2020-08-09,102900005116509,9.197,6.0,0,17
2020-08-10,102900005116509,8.546,6.0,0,14
2020-08-11,102900005116509,5.76,7.0,0,9
2020-08-12,102900005116509,10.585,5.0,0,18
2020-08-13,102900005116509,9.378,5.0,0,16
2020-08-14,102900005116509,6.1450000000000005,5.0,0,10
2020-08-15,102900005116509,8.932,6.0,0,16
2020-08-16,102900005116509,11.122,6.0,0,17
2020-08-17,102900005116509,6.391,6.0,0,12
2020-08-18,102900005116509,9.314,6.0,0,17
2020-08-19,102900005116509,7.141,6.0,0,13
2020-08-20,102900005116509,9.887,7.0,0,16
2020-08-21,102900005116509,11.592,7.0,0,20
2020-08-22,102900005116509,4.873,7.0,0,11
2020-08-23,102900005116509,7.824,7.0,0,12
2020-08-24,102900005116509,6.333,7.0,0,13
2020-08-25,102900005116509,5.015000000000001,7.0,0,9
2020-08-26,102900005116509,6.807,7.0,0,11
2020-08-27,102900005116509,10.778,8.0,0,15
2020-08-28,102900005116509,9.813,8.0,0,16
2020-08-29,102900005116509,13.471,8.0,0,19
2020-08-30,102900005116509,8.122,8.0,0,13
2020-08-31,102900005116509,4.223,8.0,0,8
2020-09-01,102900005116509,12.557,8.0,0,17
2020-09-02,102900005116509,5.892,8.0,0,10
2020-09-03,102900005116509,6.63,8.0,0,10
2020-09-04,102900005116509,9.061,8.0,0,19
2020-09-05,102900005116509,14.311,8.0,0,24
2020-09-06,102900005116509,11.067,8.0,0,19
2020-09-07,102900005116509,6.166,8.0,0,11
2020-09-08,102900005116509,7.155,8.0,0,10
2020-09-09,102900005116509,4.828,7.0,0,10
2020-09-10,102900005116509,6.822,7.0,0,11
2020-09-11,102900005116509,14.515,7.0,0,19
2020-09-12,102900005116509,8.096,7.0,0,13
2020-09-13,102900005116509,7.536,7.0,0,12
2020-09-14,102900005116509,2.736,7.0,0,5
2020-09-15,102900005116509,5.1450000000000005,7.0,0,10
2020-09-16,102900005116509,4.328,7.0,0,8
2020-09-17,102900005116509,3.997,7.0,0,7
2020-09-18,102900005116509,4.899,7.0,0,8
2020-09-19,102900005116509,12.595,7.0,0,19
2020-09-20,102900005116509,7.633,8.0,0,14
2020-09-21,102900005116509,8.85,8.0,0,15
2020-09-22,102900005116509,5.199,8.0,0,8
2020-09-23,102900005116509,3.033,8.0,0,7
2020-09-24,102900005116509,1.992,7.0,0,4
2020-09-25,102900005116509,2.636,7.0,0,5
2020-09-26,102900005116509,9.34,7.0,0,15
2020-09-27,102900005116509,6.390000000000001,7.0,0,8
2020-09-28,102900005116509,3.067,7.0,0,5
2020-09-29,102900005116509,9.917,6.0,0,18
2020-09-30,102900005116509,6.872,6.0,0,9
2020-10-01,102900005116509,6.488,6.0,0,11
2020-10-02,102900005116509,8.764,5.6,0,14
2020-10-03,102900005116509,7.419,5.6,0,11
2020-10-04,102900005116509,8.403,5.6,0,13
2020-10-05,102900005116509,9.237,8.0,0,14
2020-10-06,102900005116509,2.445,8.0,0,6
2020-10-07,102900005116509,4.838,8.0,0,9
2020-10-08,102900005116509,8.785,8.0,0,13
2020-10-09,102900005116509,4.586,8.0,0,8
2020-10-10,102900005116509,2.958,8.0,0,5
2020-10-11,102900005116509,8.321,8.0,0,14
2020-10-12,102900005116509,1.905,8.0,0,4
2020-10-13,102900005116509,3.07,8.0,0,6
2020-10-14,102900005116509,4.099,8.0,0,8
2020-10-15,102900005116509,3.86,8.0,0,8
2020-10-16,102900005116509,1.19,8.0,0,3
2020-10-17,102900005116509,4.849,8.0,0,8
2020-10-18,102900005116509,4.198,8.0,0,7
2020-10-19,102900005116509,0.827,8.0,0,2
2020-10-20,102900005116509,2.281,8.0,0,4
2020-10-21,102900005116509,0.878,8.0,0,2
2020-10-22,102900005116509,0.652,8.0,0,1
2020-10-23,102900005116509,1.141,8.0,0,3
2020-10-24,102900005116509,2.606,8.0,0,5
2020-10-25,102900005116509,4.663,8.0,0,6
2020-10-27,102900005116509,3.093,5.0,0,6
2020-10-28,102900005116509,2.638,4.0,0,6
2020-10-29,102900005116509,2.926,6.0,0,7
2020-10-30,102900005116509,3.367,7.0,0,7
2020-10-31,102900005116509,3.724,7.0,0,7
2020-11-01,102900005116509,4.17,7.0,0,7
2020-11-02,102900005116509,4.799,6.0,0,8
2020-11-03,102900005116509,1.99,6.0,0,4
2020-11-04,102900005116509,2.977,6.0,0,6
2020-11-05,102900005116509,2.709,6.0,0,4
2020-11-06,102900005116509,0.652,6.0,0,1
2020-11-07,102900005116509,2.96,6.0,0,6
2020-11-08,102900005116509,1.924,6.0,0,3
2020-11-09,102900005116509,2.576,6.0,0,6
2020-11-10,102900005116509,1.688,6.0,0,3
2020-11-11,102900005116509,1.606,6.0,0,4
2020-11-12,102900005116509,4.749,6.0,0,9
2020-11-13,102900005116509,2.543,6.0,0,5
2020-11-14,102900005116509,1.405,6.0,0,3
2020-11-15,102900005116509,3.228,6.0,0,6
2020-11-16,102900005116509,2.725,6.0,0,6
2020-11-17,102900005116509,2.308,6.0,0,4
2020-11-18,102900005116509,3.295,6.0,0,7
2020-11-19,102900005116509,2.6580000000000004,6.0,0,6
2020-11-20,102900005116509,1.639,6.0,0,3
2020-11-21,102900005116509,7.425,6.0,0,15
2020-11-22,102900005116509,5.534,6.0,0,10
2020-11-24,102900005116509,5.202,6.0,0,9
2020-11-25,102900005116509,0.815,8.0,0,2
2020-11-26,102900005116509,1.654,8.0,0,4
2020-11-27,102900005116509,2.218,8.0,0,5
2020-11-28,102900005116509,2.846,8.0,0,6
2020-11-29,102900005116509,4.188,9.0,0,8
2020-11-30,102900005116509,0.958,9.0,0,2
2020-12-01,102900005116509,2.149,9.0,0,5
2020-12-02,102900005116509,1.303,9.0,0,4
2020-12-03,102900005116509,2.117,9.0,0,5
2020-12-04,102900005116509,0.702,9.0,0,1
2020-12-05,102900005116509,1.949,9.0,0,4
2020-12-07,102900005116509,0.792,10.0,0,2
2020-12-08,102900005116509,2.015,10.0,0,5
2020-12-09,102900005116509,1.092,10.0,0,2
2020-12-10,102900005116509,0.561,10.0,0,1
2020-12-11,102900005116509,1.564,10.0,0,4
2020-12-12,102900005116509,1.353,10.0,0,3
2020-12-13,102900005116509,1.761,12.0,0,5
2020-12-15,102900005116509,1.592,8.0,0,3
2020-12-16,102900005116509,1.554,8.0,0,3
2020-12-17,102900005116509,1.805,8.0,0,4
2020-12-18,102900005116509,2.781,8.0,0,6
2020-12-19,102900005116509,0.451,8.0,0,1
2020-12-20,102900005116509,2.757,8.0,0,5
2020-12-21,102900005116509,2.394,7.0,0,4
2020-12-22,102900005116509,0.344,7.0,0,1
2020-12-23,102900005116509,1.289,7.0,0,3
2020-12-24,102900005116509,1.018,7.0,0,3
2020-12-25,102900005116509,1.106,4.0,0,2
2020-12-26,102900005116509,3.98,6.0,0,7
2020-12-27,102900005116509,2.408,6.0,0,4
2020-12-28,102900005116509,0.516,7.0,0,1
2020-12-29,102900005116509,0.917,7.0,0,2
2020-12-30,102900005116509,2.808,8.0,0,5
2020-12-31,102900005116509,1.354,8.0,0,3
2021-01-01,102900005116509,3.084,8.0,0,6
2021-01-02,102900005116509,2.944,8.0,0,5
2021-01-03,102900005116509,1.391,8.0,0,2
2021-01-04,102900005116509,0.902,8.0,0,2
2021-01-05,102900005116509,0.965,8.0,0,2
2021-01-06,102900005116509,1.804,8.0,0,3
2021-01-07,102900005116509,1.266,8.0,0,3
2021-01-08,102900005116509,1.103,9.0,0,2
2021-01-09,102900005116509,0.646,9.0,0,2
2021-01-10,102900005116509,2.517,9.0,0,5
2021-01-11,102900005116509,1.782,9.0,0,4
2021-01-14,102900005116509,3.387,10.0,0,5
2021-01-15,102900005116509,1.958,11.0,0,3
2021-01-16,102900005116509,1.221,11.0,0,3
2021-01-17,102900005116509,2.805,11.0,0,7
2021-01-18,102900005116509,1.1760000000000002,11.0,0,3
2021-01-19,102900005116509,1.185,11.0,0,3
2021-01-20,102900005116509,3.196,11.0,0,5
2021-01-21,102900005116509,6.675,11.0,0,11
2021-01-22,102900005116509,0.883,11.0,0,2
2021-01-23,102900005116509,3.16,11.0,0,5
2021-01-24,102900005116509,2.669,11.0,0,5
2021-01-25,102900005116509,3.014,12.0,0,6
2021-01-26,102900005116509,2.546,12.0,0,5
2021-01-27,102900005116509,2.204,12.0,0,4
2021-01-28,102900005116509,3.621,12.0,0,8
2021-01-29,102900005116509,2.004,12.0,0,3
2021-01-30,102900005116509,0.526,12.0,0,1
