数学建模相关/2023数模国赛C题/运行代码/数据拼合/sales_day_simple.csv
销售日期,单品编码,销量(千克),每日平均销售单价(元/千克),打折数量,原价数量
2020-07-01,102900005116530,7.6930000000000005,17.0,1,39
2020-07-02,102900005116530,17.345,19.8,0,69
2020-07-03,102900005116530,15.29,19.8,0,69
2020-07-04,102900005116530,14.532,18.8,3,74
2020-07-05,102900005116530,18.406,19.8,0,83
2020-07-06,102900005116530,13.35,19.8,0,64
2020-07-07,102900005116530,14.533,19.8,0,77
2020-07-08,102900005116530,14.827,19.8,0,70
2020-07-09,102900005116530,10.544,19.8,0,51
2020-07-10,102900005116530,10.17,16.73,16,32
2020-07-11,102900005116530,19.213,17.9625,8,73
2020-07-12,102900005116530,15.752,18.22,4,69
2020-07-13,102900005116530,13.317,18.166666666666668,5,52
2020-07-14,102900005116530,12.269,18.22,4,58
2020-07-15,102900005116530,7.755000000000001,18.766666666666666,2,38
2020-07-16,102900005116530,15.428,17.7,11,63
2020-07-17,102900005116530,15.599,16.2375,7,67
2020-07-18,102900005116530,22.662,16.50588235294118,20,86
2020-07-19,102900005116530,33.406,17.45263157894737,31,135
2020-07-20,102900005116530,13.334999999999999,18.183333333333334,6,66
2020-07-21,102900005116530,11.977,18.516666666666666,5,58
2020-07-22,102900005116530,15.095,15.38,4,70
2020-07-23,102900005116530,10.538,18.28,6,44
2020-07-24,102900005116530,12.286000000000001,18.119999999999997,5,48
2020-07-25,102900005116530,19.229,17.5,10,78
2020-07-26,102900005116530,23.105999999999998,18.075,13,85
2020-07-27,102900005116530,15.158,16.345454545454547,11,64
2020-07-28,102900005116530,12.207,17.2125,7,51
2020-07-29,102900005116530,14.093,18.083333333333332,9,59
2020-07-30,102900005116530,11.704,17.200000000000003,11,52
2020-07-31,102900005116530,10.265,19.8,0,49
2020-08-01,102900005116530,16.685,18.6,2,74
2020-08-02,102900005116530,10.957,19.8,0,54
2020-08-03,102900005116530,14.529,19.8,0,65
2020-08-04,102900005116530,12.721,19.8,0,54
2020-08-05,102900005116530,18.094,19.8,0,72
2020-08-06,102900005116530,13.599,19.8,0,61
2020-08-07,102900005116530,17.867,19.8,0,80
2020-08-08,102900005116530,15.141,18.0,0,71
2020-08-09,102900005116530,30.26,18.0,0,137
2020-08-10,102900005116530,11.581,19.8,0,50
2020-08-11,102900005116530,11.182,19.8,0,47
2020-08-12,102900005116530,10.717,19.8,0,52
2020-08-13,102900005116530,10.53,18.75,1,52
2020-08-14,102900005116530,10.48,19.8,0,55
2020-08-15,102900005116530,14.662,19.8,0,71
2020-08-16,102900005116530,16.105999999999998,19.8,0,77
2020-08-17,102900005116530,8.489,19.8,0,43
2020-08-18,102900005116530,10.522,19.8,0,50
2020-08-19,102900005116530,13.837,19.8,0,58
2020-08-20,102900005116530,13.159,19.8,0,57
2020-08-21,102900005116530,12.851,19.8,0,58
2020-08-22,102900005116530,11.61,19.8,0,54
2020-08-23,102900005116530,14.952,19.8,0,81
2020-08-24,102900005116530,9.491,19.8,0,44
2020-08-25,102900005116530,12.489,19.8,0,60
2020-08-26,102900005116530,12.263,23.8,0,60
2020-08-27,102900005116530,9.396,23.8,0,49
2020-08-28,102900005116530,11.118,23.8,0,60
2020-08-29,102900005116530,12.337,23.8,0,64
2020-08-30,102900005116530,13.612,21.8,0,69
2020-08-31,102900005116530,11.158,21.8,0,54
2020-09-01,102900005116530,9.87,21.8,0,47
2020-09-02,102900005116530,9.589,19.8,0,47
2020-09-03,102900005116530,9.921,19.8,0,47
2020-09-04,102900005116530,11.174,19.8,0,50
2020-09-05,102900005116530,14.957,19.8,0,76
2020-09-06,102900005116530,15.295,19.8,0,69
2020-09-07,102900005116530,8.362,19.8,0,46
2020-09-08,102900005116530,10.857,19.8,0,60
2020-09-09,102900005116530,9.715,19.8,0,45
2020-09-10,102900005116530,9.273,19.8,0,41
2020-09-11,102900005116530,11.877,19.8,0,60
2020-09-12,102900005116530,15.645,19.8,0,85
2020-09-13,102900005116530,25.428,19.8,0,129
2020-09-14,102900005116530,10.757,19.8,0,54
2020-09-15,102900005116530,11.045,19.8,0,56
2020-09-16,102900005116530,9.181,19.8,0,45
2020-09-17,102900005116530,6.109,19.8,0,35
2020-09-18,102900005116530,9.556,19.8,0,50
2020-09-19,102900005116530,11.004000000000001,16.9,1,44
2020-09-20,102900005116530,12.811,21.8,0,60
2020-09-21,102900005116530,9.967,21.8,0,53
2020-09-22,102900005116530,15.129,21.8,0,59
2020-09-23,102900005116530,7.709,21.8,0,42
2020-09-24,102900005116530,13.37,21.8,0,61
2020-09-25,102900005116530,12.095,21.8,0,56
2020-09-26,102900005116530,17.196,21.8,0,74
2020-09-27,102900005116530,12.636,19.8,0,58
2020-09-28,102900005116530,11.822,19.8,0,54
2020-09-29,102900005116530,10.186,21.8,0,49
2020-09-30,102900005116530,35.064,21.8,0,121
2020-10-01,102900005116530,38.695,21.8,0,139
2020-10-02,102900005116530,16.372,21.8,0,69
2020-10-03,102900005116530,15.799,21.8,0,60
2020-10-04,102900005116530,9.716,21.8,0,37
2020-10-05,102900005116530,21.463,21.8,0,107
2020-10-06,102900005116530,17.258,21.8,0,82
2020-10-07,102900005116530,23.477,21.8,0,98
2020-10-08,102900005116530,14.098,19.8,0,58
2020-10-09,102900005116530,8.826,19.8,0,43
2020-10-10,102900005116530,21.722,19.8,0,87
2020-10-11,102900005116530,6.873,19.8,0,36
2020-10-12,102900005116530,7.061,19.8,0,33
2020-10-13,102900005116530,8.959,19.8,0,37
2020-10-14,102900005116530,13.565,19.8,0,53
2020-10-15,102900005116530,11.563,19.8,0,49
2020-10-16,102900005116530,19.952,17.6,0,82
2020-10-17,102900005116530,38.144,17.6,0,153
2020-10-18,102900005116530,45.805,17.6,0,168
2020-10-19,102900005116530,10.913,19.8,0,49
2020-10-20,102900005116530,9.234,19.8,0,40
2020-10-21,102900005116530,11.996,19.8,0,49
2020-10-22,102900005116530,34.885,16.0,0,125
2020-10-23,102900005116530,35.652,16.0,0,141
2020-10-24,102900005116530,21.246,18.0,0,93
2020-10-25,102900005116530,19.511,18.0,0,83
2020-10-26,102900005116530,12.406,18.0,0,53
2020-10-27,102900005116530,11.326,18.0,0,49
2020-10-28,102900005116530,13.792,18.0,0,48
2020-10-29,102900005116530,12.781,18.0,0,52
2020-10-30,102900005116530,17.127,18.0,0,78
2020-10-31,102900005116530,39.348,18.0,0,157
2020-11-01,102900005116530,36.332,18.0,0,129
2020-11-02,102900005116530,14.778,19.8,0,56
2020-11-03,102900005116530,11.695,19.8,0,49
2020-11-04,102900005116530,10.114,18.0,0,44
2020-11-05,102900005116530,13.285,18.0,0,58
2020-11-06,102900005116530,12.051,18.0,0,49
2020-11-07,102900005116530,38.902,18.0,0,131
2020-11-08,102900005116530,43.403,16.0,0,147
2020-11-09,102900005116530,11.328,16.0,0,50
2020-11-10,102900005116530,11.671,14.0,0,41
2020-11-11,102900005116530,6.531,14.0,0,29
2020-11-12,102900005116530,4.777,14.0,0,15
2020-11-13,102900005116530,9.366,14.0,0,31
2020-11-14,102900005116530,17.113,16.0,0,63
2020-11-15,102900005116530,5.158,16.0,0,23
2020-11-16,102900005116530,3.932,16.0,0,18
2020-11-17,102900005116530,2.629,16.0,0,12
2020-11-18,102900005116530,5.526,16.0,0,26
2020-11-19,102900005116530,8.478,14.0,0,24
2020-11-20,102900005116530,2.6630000000000003,14.0,0,11
2020-11-21,102900005116530,11.103,14.0,0,42
2020-11-22,102900005116530,0.465,14.0,0,1
2020-11-23,102900005116530,5.7010000000000005,16.0,0,19
2020-11-24,102900005116530,6.729,16.0,0,24
2020-11-25,102900005116530,5.745,16.0,0,24
2020-11-26,102900005116530,6.023,16.0,0,22
2020-11-27,102900005116530,9.808,16.0,0,30
2020-11-28,102900005116530,8.758000000000001,16.0,0,31
2020-11-29,102900005116530,7.661,16.0,0,26
2020-11-30,102900005116530,4.843,16.0,0,20
2020-12-01,102900005116530,11.57,16.0,0,48
2020-12-02,102900005116530,30.014,16.0,0,95
2020-12-03,102900005116530,26.492,16.0,0,96
2020-12-04,102900005116530,22.295,16.0,0,84
2020-12-05,102900005116530,32.901,16.0,0,117
2020-12-06,102900005116530,44.006,16.0,0,134
2020-12-07,102900005116530,17.505,15.0,17,45
2020-12-08,102900005116530,20.565,16.0,0,79
2020-12-09,102900005116530,23.836,16.0,0,89
2020-12-10,102900005116530,22.108,16.0,0,86
2020-12-11,102900005116530,14.902,18.0,0,56
2020-12-12,102900005116530,35.408,18.0,0,123
2020-12-13,102900005116530,33.804,19.8,0,124
2020-12-14,102900005116530,19.4,19.8,0,75
2020-12-15,102900005116530,23.134,18.9,32,45
2020-12-16,102900005116530,15.921,19.8,0,67
2020-12-17,102900005116530,25.43,17.0,55,35
2020-12-18,102900005116530,26.287,16.0,0,103
2020-12-19,102900005116530,41.546,16.0,0,141
2020-12-20,102900005116530,36.251,16.0,0,136
2020-12-21,102900005116530,28.482,16.0,0,101
2020-12-22,102900005116530,18.902,16.0,0,74
2020-12-23,102900005116530,14.246,17.0,0,61
2020-12-24,102900005116530,14.253,17.0,0,61
2020-12-25,102900005116530,53.037,14.0,0,171
2020-12-26,102900005116530,32.9,14.0,0,120
2020-12-27,102900005116530,41.518,14.0,0,143
2020-12-28,102900005116530,17.289,18.0,0,70
2020-12-29,102900005116530,15.989,18.0,0,62
2020-12-30,102900005116530,14.453,18.0,0,60
2020-12-31,102900005116530,23.186,18.0,0,88
2021-01-01,102900005116530,30.684,18.0,0,125
2021-01-02,102900005116530,24.013,18.0,0,93
2021-01-03,102900005116530,24.028,18.0,0,99
2021-01-04,102900005116530,17.813,18.0,0,79
2021-01-05,102900005116530,21.113,16.0,0,96
2021-01-06,102900005116530,22.354,16.0,0,96
2021-01-07,102900005116530,31.837,16.0,0,107
2021-01-08,102900005116530,24.013,17.0,0,88
2021-01-09,102900005116530,33.55,17.0,0,123
2021-01-10,102900005116530,39.233,18.0,0,135
2021-01-11,102900005116530,20.015,18.0,0,73
2021-01-12,102900005116530,20.751,18.0,0,72
2021-01-13,102900005116530,23.714000000000002,16.0,0,90
2021-01-14,102900005116530,27.805,16.0,0,88
2021-01-15,102900005116530,32.044,16.0,0,107
2021-01-16,102900005116530,39.637,17.8,0,142
2021-01-17,102900005116530,28.837,18.0,0,117
2021-01-18,102900005116530,15.404,18.0,0,62
2021-01-19,102900005116530,11.349,18.0,0,56
2021-01-20,102900005116530,18.13,18.0,0,80
2021-01-21,102900005116530,9.835,18.0,0,42
2021-01-22,102900005116530,0.511,18.0,0,2
2021-01-24,102900005116530,4.067,18.0,0,18
2021-01-25,102900005116530,4.1370000000000005,18.0,0,14
2021-01-26,102900005116530,36.048,14.0,0,109
2021-01-27,102900005116530,35.615,14.0,0,114
2021-01-28,102900005116530,0.215,14.0,0,1
