数学建模相关/2023数模国赛C题/运行代码/数据拼合/sales_day_simple.csv
销售日期,单品编码,销量(千克),每日平均销售单价(元/千克),打折数量,原价数量
2020-07-01,102900005116547,13.863,6.0,0,34
2020-07-02,102900005116547,17.208000000000002,6.0,0,43
2020-07-03,102900005116547,14.633,7.0,0,36
2020-07-04,102900005116547,16.702,7.0,0,39
2020-07-05,102900005116547,18.991,7.0,0,44
2020-07-06,102900005116547,11.911,7.0,0,28
2020-07-07,102900005116547,16.797,7.6,0,38
2020-07-08,102900005116547,14.446,7.6,0,36
2020-07-09,102900005116547,14.091,7.6,0,37
2020-07-10,102900005116547,12.456999999999999,7.8,1,30
2020-07-11,102900005116547,15.078000000000001,7.325,3,32
2020-07-12,102900005116547,13.171999999999999,6.933333333333334,2,29
2020-07-13,102900005116547,12.811,7.8,1,30
2020-07-14,102900005116547,13.652,8.0,0,33
2020-07-15,102900005116547,12.857999999999999,7.475,4,31
2020-07-16,102900005116547,15.697,8.0,0,38
2020-07-17,102900005116547,15.545,7.540000000000001,4,32
2020-07-18,102900005116547,19.481,8.257142857142856,9,36
2020-07-19,102900005116547,19.546,8.275,3,41
2020-07-20,102900005116547,14.32,8.65,1,36
2020-07-21,102900005116547,13.607000000000001,8.5,2,34
2020-07-22,102900005116547,18.855,8.65,3,45
2020-07-23,102900005116547,18.106,8.540000000000001,4,38
2020-07-24,102900005116547,10.405,8.7,3,22
2020-07-25,102900005116547,18.421,8.64,6,38
2020-07-26,102900005116547,18.969,9.0,8,34
2020-07-27,102900005116547,16.224,9.319999999999999,4,32
2020-07-28,102900005116547,14.588999999999999,7.659999999999999,5,27
2020-07-29,102900005116547,16.674,9.55,1,37
2020-07-30,102900005116547,15.161,9.55,1,31
2020-07-31,102900005116547,11.524,10.0,0,24
2020-08-01,102900005116547,13.6,10.0,0,34
2020-08-02,102900005116547,17.546,10.0,0,40
2020-08-03,102900005116547,13.178,10.0,0,29
2020-08-04,102900005116547,14.069,10.0,0,32
2020-08-05,102900005116547,15.041,10.0,0,34
2020-08-06,102900005116547,13.491,10.0,0,32
2020-08-07,102900005116547,7.366,10.0,0,17
2020-08-08,102900005116547,16.216,10.0,0,37
2020-08-09,102900005116547,11.976,10.0,0,27
2020-08-10,102900005116547,12.167,10.0,0,30
2020-08-11,102900005116547,14.982,10.0,0,33
2020-08-12,102900005116547,6.396,10.0,0,17
2020-08-13,102900005116547,11.838,10.0,0,28
2020-08-14,102900005116547,13.069,10.0,0,30
2020-08-15,102900005116547,14.029,10.0,0,29
2020-08-16,102900005116547,13.418,10.0,0,29
2020-08-17,102900005116547,12.346,10.0,0,27
2020-08-18,102900005116547,12.435,10.0,0,27
2020-08-19,102900005116547,12.596,10.0,0,29
2020-08-20,102900005116547,9.561,10.0,0,24
2020-08-21,102900005116547,12.738,10.0,0,30
2020-08-22,102900005116547,13.14,10.0,0,31
2020-08-23,102900005116547,12.98,10.0,0,31
2020-08-24,102900005116547,8.498,10.0,0,21
2020-08-25,102900005116547,14.581,10.0,0,31
2020-08-26,102900005116547,9.941,10.0,0,23
2020-08-27,102900005116547,14.031,10.0,0,31
2020-08-28,102900005116547,11.185,10.0,0,27
2020-08-29,102900005116547,14.88,10.0,0,31
2020-08-30,102900005116547,14.039,10.0,0,29
2020-08-31,102900005116547,12.997,10.0,0,29
2020-09-01,102900005116547,13.2,10.0,0,31
2020-09-02,102900005116547,10.02,10.0,0,22
2020-09-03,102900005116547,9.62,10.0,0,20
2020-09-04,102900005116547,12.858,10.0,0,29
2020-09-05,102900005116547,12.857,10.0,0,27
2020-09-06,102900005116547,14.713,10.0,0,34
2020-09-07,102900005116547,13.047,10.0,0,29
2020-09-08,102900005116547,5.571,10.0,0,13
2020-09-09,102900005116547,3.89,10.0,0,11
2020-09-10,102900005116547,8.572000000000001,10.0,0,25
2020-09-11,102900005116547,8.621,10.0,0,25
2020-09-12,102900005116547,14.265,10.0,0,39
2020-09-13,102900005116547,15.009,10.0,0,40
2020-09-14,102900005116547,7.54,10.0,0,21
2020-09-15,102900005116547,9.092,10.0,0,23
2020-09-16,102900005116547,8.722,10.0,0,23
2020-09-17,102900005116547,4.088,8.0,0,10
2020-09-18,102900005116547,2.732,8.0,0,7
2020-09-19,102900005116547,13.286,8.0,0,32
2020-09-20,102900005116547,13.477,8.0,0,33
2020-09-21,102900005116547,7.888,8.0,0,21
2020-09-22,102900005116547,9.803,8.0,0,24
2020-09-23,102900005116547,8.926,8.0,0,23
2020-09-24,102900005116547,16.225,8.0,0,41
2020-09-25,102900005116547,10.455,8.0,0,26
2020-09-26,102900005116547,16.535,8.0,0,44
2020-09-27,102900005116547,11.507,8.0,0,30
2020-09-28,102900005116547,10.571,8.0,0,27
2020-09-29,102900005116547,7.861,8.0,0,20
2020-09-30,102900005116547,14.438,8.0,0,35
2020-10-01,102900005116547,16.932,8.0,0,44
2020-10-02,102900005116547,12.392,8.0,0,32
2020-10-03,102900005116547,12.396,8.0,0,32
2020-10-04,102900005116547,58.852,6.0,0,144
2020-10-05,102900005116547,36.841,6.0,0,95
2020-10-06,102900005116547,48.136,6.0,0,122
2020-10-07,102900005116547,17.997,10.0,0,48
2020-10-08,102900005116547,5.875,10.0,0,17
2020-10-09,102900005116547,8.52,10.0,0,17
2020-10-10,102900005116547,6.896,10.0,0,18
2020-10-11,102900005116547,20.68,10.0,0,53
2020-10-12,102900005116547,7.0680000000000005,10.0,0,18
2020-10-13,102900005116547,9.684,10.0,0,24
2020-10-14,102900005116547,13.976,10.0,0,37
2020-10-15,102900005116547,9.214,10.0,0,24
2020-10-16,102900005116547,17.021,10.0,0,41
2020-10-17,102900005116547,22.702,8.0,0,57
2020-10-18,102900005116547,16.708,8.0,0,41
2020-10-19,102900005116547,12.647,8.0,0,28
2020-10-20,102900005116547,10.151,8.0,0,22
2020-10-21,102900005116547,11.685,8.0,0,29
2020-10-22,102900005116547,7.147,8.0,0,19
2020-10-23,102900005116547,10.857,8.0,0,29
2020-10-24,102900005116547,21.899,8.0,0,53
2020-10-25,102900005116547,20.222,8.0,0,49
2020-10-26,102900005116547,9.464,8.0,0,23
2020-10-27,102900005116547,6.219,8.0,0,15
2020-10-28,102900005116547,14.867,6.0,0,38
2020-10-29,102900005116547,13.266,6.0,0,29
2020-10-30,102900005116547,6.138,6.0,0,15
2020-10-31,102900005116547,20.587,6.0,0,53
2020-11-01,102900005116547,20.068,6.0,0,45
2020-11-02,102900005116547,9.734,6.0,0,22
2020-11-03,102900005116547,10.067,6.0,0,25
2020-11-04,102900005116547,9.566,6.0,0,23
2020-11-05,102900005116547,8.679,6.0,0,22
2020-11-06,102900005116547,10.488,6.0,0,25
2020-11-07,102900005116547,19.447,6.0,0,43
2020-11-08,102900005116547,17.817,5.0,0,41
2020-11-09,102900005116547,9.037,5.0,0,20
2020-11-10,102900005116547,8.756,5.0,0,18
2020-11-11,102900005116547,8.555,5.0,0,19
2020-11-12,102900005116547,7.09,5.0,0,17
2020-11-13,102900005116547,12.01,5.0,0,26
2020-11-14,102900005116547,18.539,5.0,0,43
2020-11-15,102900005116547,19.521,5.0,0,43
2020-11-16,102900005116547,7.631,5.0,0,16
2020-11-17,102900005116547,7.652,5.0,0,17
2020-11-18,102900005116547,6.769,5.0,0,17
2020-11-19,102900005116547,9.598,5.0,0,21
2020-11-20,102900005116547,8.815999999999999,5.0,0,19
2020-11-21,102900005116547,25.102,5.0,0,53
2020-11-22,102900005116547,22.069,5.0,0,47
2020-11-23,102900005116547,14.329,5.0,0,36
2020-11-24,102900005116547,13.113,5.0,0,27
2020-11-25,102900005116547,12.944,5.0,0,33
2020-11-26,102900005116547,14.55,6.0,0,31
2020-11-27,102900005116547,19.099,6.0,0,40
2020-11-28,102900005116547,17.852,8.0,0,45
2020-11-29,102900005116547,18.039,8.0,0,44
2020-11-30,102900005116547,11.408,8.0,0,27
2020-12-01,102900005116547,10.33,8.0,0,25
2020-12-02,102900005116547,6.079,8.0,0,15
2020-12-03,102900005116547,8.234,8.0,0,22
2020-12-04,102900005116547,8.914,8.0,0,22
2020-12-05,102900005116547,17.188,8.0,0,42
2020-12-06,102900005116547,21.367,8.0,0,54
2020-12-07,102900005116547,9.439,8.0,0,25
2020-12-08,102900005116547,7.094,8.0,0,19
2020-12-09,102900005116547,5.465,8.0,0,14
2020-12-10,102900005116547,7.056,8.0,0,16
2020-12-11,102900005116547,7.837,10.0,0,19
2020-12-12,102900005116547,18.788,10.0,0,49
2020-12-13,102900005116547,22.164,10.0,0,56
2020-12-14,102900005116547,8.071,10.0,0,22
2020-12-15,102900005116547,8.951,10.0,0,24
2020-12-16,102900005116547,7.659,10.0,0,19
2020-12-17,102900005116547,7.368,10.0,0,18
2020-12-18,102900005116547,8.292,10.0,0,22
2020-12-19,102900005116547,17.374,10.0,0,47
2020-12-20,102900005116547,22.75,10.0,0,61
2020-12-22,102900005116547,6.298,10.0,0,18
2020-12-23,102900005116547,7.1,10.0,0,20
2020-12-24,102900005116547,9.28,10.0,0,21
2020-12-25,102900005116547,9.944,10.0,0,25
2020-12-26,102900005116547,14.586,10.0,0,36
2020-12-27,102900005116547,15.898,10.0,0,40
2020-12-28,102900005116547,5.925,10.0,0,15
2020-12-29,102900005116547,9.914,10.0,0,24
2020-12-30,102900005116547,6.235,10.0,0,16
2020-12-31,102900005116547,10.195,10.0,0,25
2021-01-01,102900005116547,12.38,10.0,0,32
2021-01-02,102900005116547,12.145,10.0,0,26
2021-01-03,102900005116547,13.558,10.0,0,30
2021-01-04,102900005116547,10.562,10.0,0,23
2021-01-05,102900005116547,7.087,10.0,0,17
2021-01-06,102900005116547,7.989,10.0,0,20
2021-01-07,102900005116547,7.709,10.0,0,20
2021-01-08,102900005116547,9.244,10.0,0,26
2021-01-09,102900005116547,14.611,10.0,0,31
2021-01-10,102900005116547,14.079,9.0,0,31
2021-01-11,102900005116547,7.036,9.0,0,17
2021-01-12,102900005116547,11.047,10.0,0,27
2021-01-13,102900005116547,6.294,10.0,0,16
2021-01-14,102900005116547,8.729,10.0,0,20
2021-01-15,102900005116547,9.353,10.0,0,23
2021-01-16,102900005116547,18.177,8.0,0,47
2021-01-17,102900005116547,13.29,8.0,0,33
2021-01-18,102900005116547,7.558,8.0,0,19
2021-01-19,102900005116547,8.199,8.0,0,20
2021-01-20,102900005116547,10.795,8.0,0,27
2021-01-21,102900005116547,7.195,8.0,0,18
2021-01-22,102900005116547,11.623,8.0,0,29
2021-01-23,102900005116547,11.033,8.0,0,29
2021-01-24,102900005116547,9.149,8.0,0,22
2021-01-25,102900005116547,6.524,10.0,0,15
2021-01-26,102900005116547,8.358,10.0,0,20
2021-01-27,102900005116547,12.076,10.0,0,26
2021-01-28,102900005116547,11.229,10.0,0,30
2021-01-29,102900005116547,7.095000000000001,10.0,0,15
2021-01-30,102900005116547,12.075,10.0,0,27
