数学建模相关/2023数模国赛C题/运行代码/数据拼合/sales_day_simple.csv
销售日期,单品编码,销量(千克),每日平均销售单价(元/千克),打折数量,原价数量
2020-07-01,102900005116714,34.99,14.0,0,78
2020-07-02,102900005116714,30.109,14.0,0,65
2020-07-03,102900005116714,26.46,14.0,0,64
2020-07-04,102900005116714,42.815,14.0,0,97
2020-07-05,102900005116714,42.365,14.0,0,82
2020-07-06,102900005116714,24.433999999999997,13.6,1,51
2020-07-07,102900005116714,23.05,14.0,0,48
2020-07-08,102900005116714,24.641,14.0,0,52
2020-07-09,102900005116714,25.205,14.0,0,54
2020-07-10,102900005116714,27.932000000000002,13.180000000000001,4,59
2020-07-11,102900005116714,36.721000000000004,12.4875,7,60
2020-07-12,102900005116714,40.69,12.385714285714286,8,77
2020-07-13,102900005116714,15.623999999999999,13.05,1,34
2020-07-14,102900005116714,27.221,13.2,5,52
2020-07-15,102900005116714,18.8,13.075,4,36
2020-07-16,102900005116714,23.379,13.025,3,49
2020-07-17,102900005116714,25.149,11.1625,8,47
2020-07-18,102900005116714,35.15,12.490909090909092,17,59
2020-07-19,102900005116714,44.790000000000006,13.0,12,93
2020-07-20,102900005116714,16.811,9.52,4,38
2020-07-21,102900005116714,22.063,11.0,8,49
2020-07-22,102900005116714,27.232999999999997,12.040000000000001,9,61
2020-07-23,102900005116714,17.907,13.5,1,49
2020-07-24,102900005116714,18.532999999999998,10.4,4,36
2020-07-25,102900005116714,28.770999999999997,12.333333333333334,9,60
2020-07-26,102900005116714,35.36,12.711111111111112,12,75
2020-07-27,102900005116714,21.696,13.116666666666667,7,45
2020-07-28,102900005116714,17.191,12.583333333333334,5,34
2020-07-29,102900005116714,25.701,12.86,5,52
2020-07-30,102900005116714,15.361,12.940000000000001,4,32
2020-07-31,102900005116714,15.867,14.0,0,29
2020-08-01,102900005116714,29.784,13.15,7,62
2020-08-02,102900005116714,27.125,14.0,0,54
2020-08-03,102900005116714,22.77,14.0,0,47
2020-08-04,102900005116714,21.353,14.0,0,54
2020-08-05,102900005116714,16.227,14.0,0,41
2020-08-06,102900005116714,11.31,14.0,0,29
2020-08-07,102900005116714,19.416,14.0,0,47
2020-08-08,102900005116714,25.77,14.0,0,70
2020-08-09,102900005116714,36.037,14.0,0,80
2020-08-10,102900005116714,28.181,14.5,0,68
2020-08-11,102900005116714,27.357,14.0,0,69
2020-08-12,102900005116714,26.143,14.0,0,63
2020-08-13,102900005116714,23.005,13.0,0,58
2020-08-14,102900005116714,25.977,13.0,0,66
2020-08-15,102900005116714,9.16,13.0,0,21
2020-08-16,102900005116714,32.071,12.2,0,83
2020-08-17,102900005116714,24.231,13.0,0,62
2020-08-18,102900005116714,26.065,12.0,0,67
2020-08-19,102900005116714,39.409,10.0,0,92
2020-08-20,102900005116714,36.802,10.0,0,85
2020-08-21,102900005116714,26.791,12.0,0,61
2020-08-22,102900005116714,29.167,12.0,0,74
2020-08-23,102900005116714,40.565,13.0,0,97
2020-08-24,102900005116714,20.983,13.0,0,46
2020-08-25,102900005116714,24.418,13.0,0,58
2020-08-26,102900005116714,58.757000000000005,12.0,46,81
2020-08-27,102900005116714,72.452,10.0,52,99
2020-08-28,102900005116714,16.904,12.0,0,35
2020-08-29,102900005116714,32.329,12.0,0,66
2020-08-30,102900005116714,42.367,12.0,0,95
2020-08-31,102900005116714,27.289,12.0,0,54
2020-09-01,102900005116714,29.952,12.0,0,65
2020-09-02,102900005116714,21.057,12.0,0,52
2020-09-03,102900005116714,18.804,12.0,0,47
2020-09-04,102900005116714,21.798,12.0,0,53
2020-09-05,102900005116714,29.959,12.0,0,70
2020-09-06,102900005116714,30.149,12.0,0,78
2020-09-07,102900005116714,15.392,12.0,0,41
2020-09-08,102900005116714,19.63,12.0,0,54
2020-09-09,102900005116714,18.17,12.0,0,47
2020-09-10,102900005116714,48.941,11.0,11,105
2020-09-11,102900005116714,9.841,12.0,0,23
2020-09-12,102900005116714,30.741,11.0,0,64
2020-09-13,102900005116714,28.722,11.0,0,69
2020-09-14,102900005116714,49.456,11.0,0,121
2020-09-15,102900005116714,18.473,11.0,0,46
2020-09-16,102900005116714,45.961,10.0,14,94
2020-09-17,102900005116714,18.781,11.0,0,42
2020-09-18,102900005116714,15.21,11.0,0,36
2020-09-19,102900005116714,57.06999999999999,9.1,1,112
2020-09-20,102900005116714,21.189,12.0,0,47
2020-09-21,102900005116714,18.474,12.0,0,46
2020-09-22,102900005116714,26.505,12.0,0,54
2020-09-23,102900005116714,18.153,12.0,0,44
2020-09-24,102900005116714,22.639,14.0,0,58
2020-09-25,102900005116714,32.512,14.0,0,73
2020-09-26,102900005116714,52.138,14.0,0,112
2020-09-27,102900005116714,15.171,14.0,0,40
2020-09-28,102900005116714,12.792,14.0,0,31
2020-09-29,102900005116714,15.13,14.0,0,35
2020-09-30,102900005116714,40.032,13.0,6,75
2020-10-01,102900005116714,66.058,13.0,11,123
2020-10-02,102900005116714,46.428999999999995,13.0,8,91
2020-10-03,102900005116714,29.203,14.0,0,60
2020-10-04,102900005116714,20.193,14.0,0,48
2020-10-05,102900005116714,39.814,13.0,18,67
2020-10-06,102900005116714,19.649,14.0,0,44
2020-10-07,102900005116714,28.536,13.0,13,53
2020-10-08,102900005116714,19.808,14.0,0,47
2020-10-09,102900005116714,37.091,14.0,0,82
2020-10-10,102900005116714,16.919,14.0,0,35
2020-10-11,102900005116714,36.23,14.0,0,85
2020-10-12,102900005116714,13.295,14.0,0,29
2020-10-13,102900005116714,17.384999999999998,14.0,0,43
2020-10-14,102900005116714,24.161,12.0,0,55
2020-10-15,102900005116714,36.058,9.2,0,99
2020-10-16,102900005116714,44.818,9.5,17,95
2020-10-17,102900005116714,83.038,10.0,0,164
2020-10-18,102900005116714,67.181,10.0,0,130
2020-10-19,102900005116714,36.458,10.0,0,74
2020-10-20,102900005116714,14.263,10.0,0,30
2020-10-21,102900005116714,24.362,10.0,0,49
2020-10-22,102900005116714,13.3,10.0,0,27
2020-10-23,102900005116714,13.635,11.0,0,28
2020-10-24,102900005116714,15.137,11.0,0,34
2020-10-25,102900005116714,20.423,11.0,0,40
2020-10-26,102900005116714,14.19,11.0,0,29
2020-10-27,102900005116714,21.929,10.0,0,46
2020-10-28,102900005116714,15.998,10.0,0,35
2020-10-29,102900005116714,13.9,9.2,0,27
2020-10-30,102900005116714,18.452,9.2,0,38
2020-10-31,102900005116714,60.735,9.2,0,122
2020-11-01,102900005116714,53.91,9.6,0,96
2020-11-02,102900005116714,20.803,9.6,0,44
2020-11-03,102900005116714,40.612,9.2,0,85
2020-11-04,102900005116714,52.705,7.6,0,99
2020-11-05,102900005116714,43.779,7.6,0,81
2020-11-06,102900005116714,21.562,7.6,0,43
2020-11-07,102900005116714,60.544,7.6,0,124
2020-11-08,102900005116714,67.648,7.0,0,137
2020-11-09,102900005116714,39.625,7.0,0,82
2020-11-10,102900005116714,10.578,8.0,0,24
2020-11-11,102900005116714,55.636,6.0,0,114
2020-11-12,102900005116714,12.075,6.0,0,32
2020-11-13,102900005116714,45.656,6.0,0,87
2020-11-14,102900005116714,75.861,5.6,0,147
2020-11-15,102900005116714,70.059,5.6,0,144
2020-11-16,102900005116714,41.351,5.6,0,84
2020-11-17,102900005116714,40.078,5.6,0,79
2020-11-18,102900005116714,38.98,5.0,0,78
2020-11-19,102900005116714,60.347,5.0,0,105
2020-11-20,102900005116714,37.8,5.6,0,71
2020-11-21,102900005116714,72.819,5.0,0,136
2020-11-22,102900005116714,82.152,5.0,0,155
2020-11-23,102900005116714,46.209,5.0,0,81
2020-11-24,102900005116714,36.545,5.6,0,52
2020-11-25,102900005116714,15.184,6.0,0,33
2020-11-26,102900005116714,20.303,6.0,0,44
2020-11-27,102900005116714,14.464,6.0,0,30
2020-11-28,102900005116714,55.646,6.0,0,98
2020-11-29,102900005116714,56.877,6.0,0,114
2020-11-30,102900005116714,20.152,6.0,0,41
2020-12-01,102900005116714,12.352,7.0,0,25
2020-12-02,102900005116714,12.224,7.0,0,30
2020-12-03,102900005116714,15.288,7.0,0,31
2020-12-04,102900005116714,15.891,7.0,0,32
2020-12-05,102900005116714,55.108,6.0,0,110
2020-12-06,102900005116714,39.488,8.0,0,90
2020-12-07,102900005116714,11.439,8.0,0,26
2020-12-08,102900005116714,16.642,8.0,0,36
2020-12-09,102900005116714,10.841,8.0,0,28
2020-12-10,102900005116714,7.51,8.0,0,19
2020-12-11,102900005116714,18.301,8.0,0,42
2020-12-12,102900005116714,45.187,7.0,0,107
2020-12-13,102900005116714,44.4,8.0,0,101
2020-12-14,102900005116714,14.111,8.0,0,26
2020-12-15,102900005116714,11.404,8.0,0,31
2020-12-16,102900005116714,16.882,8.0,0,41
2020-12-17,102900005116714,11.228,8.0,0,26
2020-12-18,102900005116714,13.861,8.0,0,28
2020-12-19,102900005116714,35.406,8.0,0,85
2020-12-20,102900005116714,54.913,8.0,0,126
2020-12-21,102900005116714,21.605,7.0,8,38
2020-12-22,102900005116714,17.612,8.0,0,38
2020-12-23,102900005116714,31.771,8.0,0,73
2020-12-24,102900005116714,13.75,8.0,0,39
2020-12-25,102900005116714,17.345,8.0,0,43
2020-12-26,102900005116714,33.59,10.0,0,77
2020-12-27,102900005116714,24.308,10.0,0,52
2020-12-28,102900005116714,13.36,10.0,0,30
2020-12-29,102900005116714,17.855,10.0,0,41
2020-12-30,102900005116714,16.43,10.0,0,35
2020-12-31,102900005116714,11.987,10.0,0,29
2021-01-01,102900005116714,27.724,10.0,0,60
2021-01-02,102900005116714,10.226,10.0,0,28
2021-01-03,102900005116714,31.641,10.0,0,67
2021-01-04,102900005116714,13.05,10.0,0,29
2021-01-05,102900005116714,22.343,9.0,10,45
2021-01-06,102900005116714,28.363,8.5,16,47
2021-01-07,102900005116714,20.105,10.0,0,43
2021-01-08,102900005116714,9.911,11.0,0,28
2021-01-09,102900005116714,27.024,12.0,0,65
2021-01-10,102900005116714,36.409,12.0,0,75
2021-01-11,102900005116714,10.772,13.0,0,29
2021-01-12,102900005116714,9.723,13.0,0,24
2021-01-13,102900005116714,17.456,9.9,5,41
2021-01-14,102900005116714,23.224,10.0,6,36
2021-01-15,102900005116714,14.911999999999999,10.0,3,36
2021-01-16,102900005116714,25.33,12.0,0,58
2021-01-17,102900005116714,19.61,12.0,0,42
2021-01-18,102900005116714,13.203,11.0,16,12
2021-01-19,102900005116714,20.779,11.0,10,33
2021-01-20,102900005116714,16.121,12.0,0,38
2021-01-21,102900005116714,13.007,12.0,0,34
2021-01-22,102900005116714,17.629,12.0,0,38
2021-01-23,102900005116714,33.826,12.0,0,78
2021-01-24,102900005116714,27.291,12.0,0,55
2021-01-25,102900005116714,15.407,11.6,0,36
2021-01-26,102900005116714,14.251,11.6,0,34
2021-01-27,102900005116714,16.635,11.6,0,35
2021-01-28,102900005116714,23.103,10.0,0,50
2021-01-29,102900005116714,33.88,10.0,0,72
2021-01-30,102900005116714,48.741,10.0,0,94
2020-07-01,102900005116790,4.837,8.0,0,7
2020-07-02,102900005116790,10.625,8.0,0,17
2020-07-03,102900005116790,6.943,8.0,0,10
2020-07-04,102900005116790,5.251,8.0,0,9
2020-07-08,102900005116790,6.102,8.0,0,8
2020-07-09,102900005116790,11.617,8.0,0,16
2020-07-10,102900005116790,2.783,7.566666666666666,2,3
2020-08-02,102900005116790,4.274,8.0,0,6
2020-08-03,102900005116790,0.614,8.0,0,1
2020-08-04,102900005116790,2.356,8.0,0,4
2020-08-05,102900005116790,4.849,8.0,0,8
2020-08-06,102900005116790,1.541,8.0,0,3
2020-08-07,102900005116790,2.9080000000000004,8.0,0,4
2020-08-08,102900005116790,7.718,8.0,0,13
2020-08-09,102900005116790,19.086,8.0,0,26
2020-08-10,102900005116790,6.267,8.0,0,11
2020-08-12,102900005116790,0.915,8.0,0,2
2020-08-13,102900005116790,5.752,8.0,0,8
2020-08-14,102900005116790,5.213,8.0,0,9
2020-08-15,102900005116790,5.827999999999999,8.0,0,10
2020-08-16,102900005116790,9.85,8.0,0,15
2020-08-17,102900005116790,3.634,8.0,0,6
2020-08-18,102900005116790,4.335,8.0,0,8
2020-08-19,102900005116790,2.908,8.0,0,5
2020-08-20,102900005116790,8.27,8.0,0,15
2020-08-21,102900005116790,5.503,8.0,0,11
2020-08-22,102900005116790,9.926,8.0,0,15
2020-08-23,102900005116790,13.319,8.0,0,18
2020-08-24,102900005116790,7.996,8.0,0,14
2020-08-25,102900005116790,5.777,8.0,0,9
2020-08-26,102900005116790,4.663,8.0,0,7
2020-08-27,102900005116790,6.478,8.0,0,12
2020-08-28,102900005116790,8.134,8.0,0,13
2020-08-29,102900005116790,8.158,8.0,0,14
2020-08-30,102900005116790,9.047,8.0,0,15
2020-08-31,102900005116790,1.73,8.0,0,3
2020-09-02,102900005116790,7.064,7.0,0,10
2020-09-03,102900005116790,9.683,7.0,0,16
2020-09-04,102900005116790,5.286,7.0,0,7
2020-09-05,102900005116790,8.497,7.0,0,11
2020-09-06,102900005116790,4.248,8.0,0,6
2020-09-07,102900005116790,6.804,8.0,0,10
2020-09-08,102900005116790,5.477,8.0,0,9
2020-09-09,102900005116790,6.554,8.0,0,12
2020-09-10,102900005116790,5.114,7.0,0,7
2020-09-11,102900005116790,2.135,7.0,0,4
2020-09-12,102900005116790,9.828,7.0,0,15
2020-09-13,102900005116790,19.126,7.0,0,30
2020-09-14,102900005116790,9.886,7.0,0,14
2020-09-15,102900005116790,5.014,7.0,0,9
2020-09-16,102900005116790,9.842,7.0,0,15
2020-09-17,102900005116790,6.122,7.6,0,10
2020-09-18,102900005116790,5.514,7.6,0,8
2020-09-19,102900005116790,9.341,7.6,0,15
2020-09-20,102900005116790,15.807,7.6,0,24
2020-09-21,102900005116790,7.44,7.6,0,12
2020-09-22,102900005116790,17.138,7.6,0,22
2020-09-24,102900005116790,11.592,8.0,0,15
2020-09-25,102900005116790,4.148,8.0,0,6
2020-09-26,102900005116790,7.633,8.0,0,12
2020-09-27,102900005116790,5.651,8.0,0,10
2020-09-28,102900005116790,6.003,8.0,0,8
2020-09-29,102900005116790,6.304,7.0,0,11
2020-09-30,102900005116790,9.312,7.0,0,17
2020-10-01,102900005116790,10.358,7.0,0,16
2020-10-02,102900005116790,20.586,7.0,0,26
2020-10-03,102900005116790,12.177,7.0,0,17
2020-10-04,102900005116790,16.519,7.0,0,19
2020-10-05,102900005116790,14.686,7.0,0,19
2020-10-06,102900005116790,12.608,7.0,0,17
2020-10-07,102900005116790,65.557,7.0,0,92
2020-10-08,102900005116790,4.872,7.0,0,7
2020-10-09,102900005116790,6.253,8.0,0,10
2020-10-10,102900005116790,52.008,8.0,0,77
2020-10-11,102900005116790,8.772,8.0,0,16
2020-10-12,102900005116790,6.807,8.0,0,18
2020-10-13,102900005116790,11.794,8.0,0,22
2020-10-14,102900005116790,5.463,8.0,0,10
2020-10-15,102900005116790,6.442,8.0,0,9
2020-10-16,102900005116790,11.104,8.0,0,17
2020-10-17,102900005116790,7.883,8.0,0,10
2020-10-18,102900005116790,10.553,8.0,0,15
2020-10-19,102900005116790,0.639,8.0,0,1
2020-10-20,102900005116790,2.644,8.0,0,4
2020-10-21,102900005116790,2.055,8.0,0,4
2020-10-22,102900005116790,1.541,8.0,0,3
2020-10-23,102900005116790,5.469,6.0,0,11
2020-10-24,102900005116790,6.674,6.0,0,13
2020-10-25,102900005116790,3.931,6.0,0,5
2020-10-26,102900005116790,2.459,6.0,0,4
2020-10-27,102900005116790,2.258,6.0,0,4
2020-10-28,102900005116790,6.691,6.0,0,11
2020-10-29,102900005116790,4.539,5.0,0,9
2020-10-30,102900005116790,5.022,5.0,0,7
2020-10-31,102900005116790,3.998,6.0,0,6
2020-11-01,102900005116790,6.304,6.0,0,8
2020-11-02,102900005116790,2.219,8.0,0,4
2020-11-03,102900005116790,1.867,8.0,0,3
2020-11-04,102900005116790,2.192,7.0,0,4
2020-11-05,102900005116790,0.702,7.0,0,2
2020-11-06,102900005116790,0.964,5.0,0,2
2020-11-07,102900005116790,64.226,4.0,0,81
2020-11-08,102900005116790,8.172,5.0,0,16
2020-11-09,102900005116790,0.8029999999999999,6.0,0,2
2020-11-10,102900005116790,1.706,6.0,0,5
2020-11-11,102900005116790,2.844,6.0,0,4
2020-11-12,102900005116790,2.844,6.0,0,5
2020-11-13,102900005116790,0.97,6.0,0,2
2020-11-14,102900005116790,4.215,6.0,0,9
2020-11-15,102900005116790,4.917,6.0,0,8
2020-11-16,102900005116790,5.754,6.0,0,10
2020-11-17,102900005116790,3.428,6.0,0,6
2020-11-18,102900005116790,2.609,6.0,0,5
2020-11-19,102900005116790,3.178,6.0,0,6
2020-11-20,102900005116790,2.911,6.0,0,5
2020-11-21,102900005116790,6.255,6.0,0,9
2020-11-22,102900005116790,7.725,6.0,0,12
2020-11-23,102900005116790,17.376,6.0,0,27
2020-11-24,102900005116790,0.669,6.0,0,2
2020-11-26,102900005116790,1.806,6.0,0,4
2020-11-27,102900005116790,3.73,6.0,0,8
2020-11-28,102900005116790,3.228,6.0,0,7
2020-11-29,102900005116790,3.546,6.0,0,7
2020-11-30,102900005116790,4.449,6.0,0,6
2020-12-01,102900005116790,3.93,6.0,0,6
2020-12-02,102900005116790,6.088,6.0,0,11
2020-12-03,102900005116790,0.619,6.0,0,1
2020-12-04,102900005116790,0.719,6.0,0,1
2020-12-05,102900005116790,2.543,6.0,0,4
2020-12-06,102900005116790,2.091,6.0,0,4
2020-12-07,102900005116790,5.405,6.0,0,12
2020-12-08,102900005116790,1.913,3.0,0,5
2020-12-09,102900005116790,1.713,3.0,0,5
2020-12-10,102900005116790,6.311,3.0,0,12
2020-12-11,102900005116790,1.779,3.0,0,3
2020-12-12,102900005116790,7.717,3.0,0,17
2020-12-13,102900005116790,9.291,3.4,0,12
2020-12-14,102900005116790,3.492,3.4,0,6
2020-12-15,102900005116790,3.936,3.4,0,6
2020-12-16,102900005116790,4.319,3.4,0,6
2020-12-17,102900005116790,2.723,3.4,0,7
2020-12-18,102900005116790,2.4850000000000003,3.4,0,4
2020-12-19,102900005116790,4.558,3.4,0,10
2020-12-20,102900005116790,7.545,3.4,0,16
2020-12-21,102900005116790,2.573,3.4,0,6
2020-12-22,102900005116790,2.811,3.4,0,6
2020-12-23,102900005116790,4.971,3.4,0,12
2020-12-24,102900005116790,4.321,3.4,0,11
2020-12-25,102900005116790,10.298,3.4,0,19
2020-12-26,102900005116790,5.563000000000001,3.4,0,10
2020-12-28,102900005116790,10.267,3.4,0,17
2020-12-29,102900005116790,2.929,3.4,0,6
2020-12-30,102900005116790,4.704,3.4,0,9
2020-12-31,102900005116790,3.286,3.4,0,9
2021-01-01,102900005116790,8.551,3.4,0,17
2021-01-02,102900005116790,6.893,3.4,0,18
2021-01-03,102900005116790,3.789,3.4,0,8
2021-01-04,102900005116790,7.513,3.4,0,17
2021-01-05,102900005116790,5.856,3.4,0,11
2021-01-06,102900005116790,6.98,3.0,0,17
2021-01-07,102900005116790,12.384,3.0,0,24
2021-01-08,102900005116790,1.107,3.0,0,4
2021-01-09,102900005116790,10.84,3.0,0,22
2021-01-10,102900005116790,3.971,4.0,0,10
2021-01-11,102900005116790,4.046,4.0,0,7
2021-01-12,102900005116790,5.526,4.0,0,12
2021-01-13,102900005116790,2.236,4.0,0,5
2021-01-15,102900005116790,4.76,5.0,0,10
2021-01-16,102900005116790,6.227,5.0,0,12
2021-01-17,102900005116790,7.44,6.0,0,19
2021-01-18,102900005116790,4.164,6.0,0,11
2021-01-19,102900005116790,6.789,6.0,0,15
2021-01-20,102900005116790,2.96,6.0,0,6
2021-01-21,102900005116790,2.725,6.0,0,7
2021-01-22,102900005116790,3.614,6.0,0,11
2021-01-23,102900005116790,6.323,6.0,0,17
2021-01-24,102900005116790,7.87,3.4,0,19
2021-01-25,102900005116790,9.35,3.4,0,16
2021-01-26,102900005116790,10.536,3.4,0,19
2021-01-27,102900005116790,7.694,3.4,0,11
2021-01-28,102900005116790,8.461,3.4,0,23
2021-01-29,102900005116790,6.685,3.4,0,18
2021-01-30,102900005116790,4.556,3.4,0,12
