数学建模相关/2023数模国赛C题/运行代码/数据拼合/sales_day_simple.csv
销售日期,单品编码,销量(千克),每日平均销售单价(元/千克),打折数量,原价数量
2020-07-01,102900005116912,1.138,14.0,0,6
2020-07-02,102900005116912,1.539,14.0,0,9
2020-07-03,102900005116912,1.259,14.0,0,7
2020-07-04,102900005116912,1.596,14.0,0,5
2020-07-05,102900005116912,1.772,14.0,0,11
2020-07-06,102900005116912,1.103,14.0,0,5
2020-07-07,102900005116912,1.137,14.0,0,6
2020-07-08,102900005116912,0.908,14.0,0,5
2020-07-09,102900005116912,1.36,14.0,0,7
2020-07-10,102900005116912,1.465,13.5,1,6
2020-07-11,102900005116912,1.803,14.0,0,10
2020-07-12,102900005116912,1.78,14.0,0,11
2020-07-13,102900005116912,1.309,14.0,0,5
2020-07-14,102900005116912,1.144,14.0,0,7
2020-07-15,102900005116912,1.481,12.8,1,9
2020-07-16,102900005116912,0.987,14.0,0,5
2020-07-17,102900005116912,1.253,13.6,1,5
2020-07-18,102900005116912,1.58,13.4,1,6
2020-07-19,102900005116912,1.824,14.0,0,11
2020-07-20,102900005116912,1.481,14.0,0,10
2020-07-21,102900005116912,1.467,12.9,2,6
2020-07-22,102900005116912,1.474,14.0,0,9
2020-07-23,102900005116912,3.0629999999999997,13.0,2,12
2020-07-24,102900005116912,1.817,14.0,0,9
2020-07-25,102900005116912,2.081,9.0,2,7
2020-07-26,102900005116912,1.581,13.200000000000001,2,7
2020-07-27,102900005116912,1.804,14.0,0,8
2020-07-28,102900005116912,1.4509999999999998,12.799999999999999,2,6
2020-07-29,102900005116912,1.7670000000000001,13.1,1,7
2020-07-30,102900005116912,1.23,13.55,1,7
2020-07-31,102900005116912,2.153,14.0,0,9
2020-08-01,102900005116912,1.601,13.15,2,7
2020-08-02,102900005116912,1.165,14.0,0,7
2020-08-03,102900005116912,1.759,14.0,0,10
2020-08-04,102900005116912,0.893,14.0,0,5
2020-08-05,102900005116912,1.344,14.0,0,6
2020-08-06,102900005116912,1.453,14.0,0,8
2020-08-08,102900005116912,1.438,14.0,0,6
2020-08-09,102900005116912,1.367,14.0,0,6
2020-08-10,102900005116912,1.624,14.0,0,5
2020-08-11,102900005116912,0.765,14.0,0,4
2020-08-12,102900005116912,1.251,14.0,0,6
2020-08-13,102900005116912,1.452,14.0,0,3
2020-08-14,102900005116912,1.41,14.0,0,7
2020-08-15,102900005116912,2.339,14.0,0,11
2020-08-16,102900005116912,0.98,14.0,0,5
2020-08-17,102900005116912,1.273,14.0,0,6
2020-08-18,102900005116912,1.839,14.0,0,7
2020-08-19,102900005116912,1.558,14.0,0,9
2020-08-20,102900005116912,0.616,14.0,0,3
2020-08-21,102900005116912,1.572,14.0,0,10
2020-08-22,102900005116912,0.926,16.0,0,5
2020-08-23,102900005116912,1.627,16.0,0,10
2020-08-24,102900005116912,1.264,16.0,0,4
2020-08-25,102900005116912,1.319,16.0,0,8
2020-08-26,102900005116912,1.896,16.0,0,7
2020-08-27,102900005116912,0.976,16.0,0,5
2020-08-28,102900005116912,2.009,16.0,0,8
2020-08-29,102900005116912,2.567,16.0,0,11
2020-08-30,102900005116912,1.209,16.0,0,8
2020-08-31,102900005116912,1.401,16.0,0,8
2020-09-01,102900005116912,1.77,16.0,0,7
2020-09-02,102900005116912,1.692,16.0,0,7
2020-09-03,102900005116912,1.025,16.0,0,7
2020-09-04,102900005116912,1.058,16.0,0,6
2020-09-05,102900005116912,1.834,16.0,0,10
2020-09-06,102900005116912,1.669,18.0,0,10
2020-09-07,102900005116912,0.902,16.0,0,5
2020-09-08,102900005116912,0.538,16.0,0,3
2020-09-09,102900005116912,1.434,16.0,0,5
2020-09-10,102900005116912,0.256,16.0,0,2
2020-09-12,102900005116912,1.514,16.0,0,8
2020-09-14,102900005116912,1.164,16.0,0,7
2020-09-15,102900005116912,0.858,16.0,0,5
2020-09-16,102900005116912,0.7889999999999999,16.0,0,4
2020-09-17,102900005116912,1.239,16.0,0,7
2020-09-18,102900005116912,1.202,16.0,0,5
2020-09-19,102900005116912,1.058,16.0,0,5
2020-09-20,102900005116912,1.613,16.0,0,8
2020-09-21,102900005116912,1.447,16.0,0,8
2020-09-22,102900005116912,1.277,16.0,0,8
2020-09-23,102900005116912,1.339,16.0,0,7
2020-09-24,102900005116912,1.53,18.0,0,8
2020-09-25,102900005116912,0.836,18.0,0,5
2020-09-26,102900005116912,0.7010000000000001,18.0,0,4
2020-09-27,102900005116912,1.174,18.0,0,7
2020-09-28,102900005116912,1.658,18.0,0,6
2020-09-29,102900005116912,1.681,18.0,0,7
2020-09-30,102900005116912,1.413,18.0,0,7
2020-10-01,102900005116912,1.648,18.0,0,9
2020-10-02,102900005116912,1.04,18.0,0,5
2020-10-03,102900005116912,1.613,18.0,0,10
2020-10-04,102900005116912,1.346,18.0,0,7
2020-10-05,102900005116912,1.273,18.0,0,6
2020-10-06,102900005116912,1.508,18.0,0,10
2020-10-07,102900005116912,1.474,18.0,0,8
2020-10-08,102900005116912,1.03,18.0,0,5
2020-10-09,102900005116912,1.008,18.0,0,6
2020-10-10,102900005116912,0.685,18.0,0,4
2020-10-11,102900005116912,0.969,18.0,0,7
2020-10-12,102900005116912,0.878,18.0,0,5
2020-10-13,102900005116912,0.851,18.0,0,5
2020-10-14,102900005116912,1.39,18.0,0,6
2020-10-15,102900005116912,1.647,18.0,0,10
2020-10-16,102900005116912,1.882,18.0,0,10
2020-10-17,102900005116912,1.123,18.0,0,6
2020-10-18,102900005116912,1.84,18.0,0,8
2020-10-19,102900005116912,0.14,18.0,0,2
2020-10-20,102900005116912,0.489,18.0,0,2
2020-12-07,102900005116912,0.193,14.0,0,1
2020-12-08,102900005116912,0.344,14.0,0,2
2020-12-09,102900005116912,0.308,14.0,0,2
2020-12-10,102900005116912,0.372,14.0,0,2
2020-12-11,102900005116912,0.308,14.0,0,3
2020-12-12,102900005116912,0.93,14.0,0,5
2020-12-13,102900005116912,1.343,14.0,0,6
2020-12-14,102900005116912,0.329,14.0,0,2
2020-12-15,102900005116912,0.944,14.0,0,4
2020-12-16,102900005116912,0.15,14.0,0,1
2020-12-17,102900005116912,0.859,14.0,0,4
2020-12-18,102900005116912,0.4559999999999999,16.0,0,3
2020-12-19,102900005116912,0.482,16.0,0,3
2020-12-20,102900005116912,0.3,16.0,0,1
2020-12-21,102900005116912,0.701,16.0,0,3
2020-12-22,102900005116912,0.444,16.0,0,2
2020-12-23,102900005116912,1.627,16.0,0,6
2020-12-24,102900005116912,0.825,16.0,0,3
2020-12-25,102900005116912,0.764,16.0,0,2
2020-12-26,102900005116912,0.951,16.0,0,4
2020-12-27,102900005116912,1.113,16.0,0,5
2020-12-28,102900005116912,0.445,16.0,0,2
2020-12-29,102900005116912,1.183,16.0,0,6
2020-12-30,102900005116912,0.169,16.0,0,1
2020-12-31,102900005116912,1.434,16.0,0,5
2021-01-01,102900005116912,1.515,16.0,0,6
2021-01-02,102900005116912,0.745,16.0,0,4
2021-01-03,102900005116912,0.645,16.0,0,2
2021-01-04,102900005116912,0.933,16.0,0,5
2021-01-05,102900005116912,0.626,16.0,0,3
2021-01-06,102900005116912,1.333,16.0,0,5
2021-01-07,102900005116912,0.5820000000000001,16.0,0,4
2021-01-08,102900005116912,0.751,16.0,0,4
2021-01-09,102900005116912,1.245,16.0,0,7
2021-01-10,102900005116912,1.265,16.0,0,6
2021-01-11,102900005116912,0.394,16.0,0,2
2021-01-12,102900005116912,0.87,16.0,0,4
2021-01-13,102900005116912,0.508,16.0,0,3
2021-01-14,102900005116912,0.657,16.0,0,3
2021-01-15,102900005116912,0.7769999999999999,16.0,0,4
2021-01-16,102900005116912,1.32,16.0,0,7
2021-01-17,102900005116912,1.177,16.0,0,4
2021-01-19,102900005116912,0.401,16.0,0,2
2021-01-20,102900005116912,0.5509999999999999,16.0,0,3
2021-01-21,102900005116912,0.131,16.0,0,1
2021-01-22,102900005116912,1.278,16.0,0,5
2021-01-23,102900005116912,0.6819999999999999,16.0,0,3
2021-01-24,102900005116912,1.0830000000000002,16.0,0,4
2021-01-25,102900005116912,0.876,16.0,0,4
2021-01-26,102900005116912,0.951,16.0,0,3
2021-01-28,102900005116912,0.72,16.0,0,4
2021-01-29,102900005116912,0.758,16.0,0,3
2021-01-30,102900005116912,1.588,16.0,0,7
2020-07-01,102900005116943,2.129,18.0,0,11
2020-07-02,102900005116943,1.679,16.0,0,10
2020-07-03,102900005116943,1.904,16.0,0,13
2020-07-04,102900005116943,1.703,16.0,0,11
2020-07-05,102900005116943,2.56,16.0,0,21
2020-07-06,102900005116943,2.014,16.0,0,14
2020-07-07,102900005116943,2.353,16.0,0,16
2020-07-08,102900005116943,2.697,16.0,0,12
2020-07-09,102900005116943,1.888,16.0,0,13
2020-07-10,102900005116943,1.841,14.75,1,13
2020-07-11,102900005116943,3.436,16.0,0,20
2020-07-12,102900005116943,2.571,15.166666666666666,2,15
2020-07-13,102900005116943,1.945,16.0,0,14
2020-07-14,102900005116943,1.52,14.45,1,11
2020-07-15,102900005116943,2.131,18.0,0,17
2020-07-16,102900005116943,1.2240000000000002,16.9,3,7
2020-07-17,102900005116943,1.575,16.599999999999998,2,9
2020-07-18,102900005116943,2.202,17.2,2,13
2020-07-19,102900005116943,3.511,18.0,0,21
2020-07-20,102900005116943,1.147,17.2,1,9
2020-07-21,102900005116943,0.971,16.0,0,7
2020-07-22,102900005116943,1.3390000000000002,14.8,1,10
2020-07-23,102900005116943,2.644,17.05,1,11
2020-07-24,102900005116943,1.228,17.6,0,8
2020-07-25,102900005116943,1.091,17.6,0,9
2020-07-26,102900005116943,2.121,18.35,1,13
2020-07-27,102900005116943,1.778,25.8,0,10
2020-07-28,102900005116943,1.239,25.8,0,8
2020-07-29,102900005116943,1.758,25.8,0,13
2020-07-30,102900005116943,1.608,23.65,3,11
2020-07-31,102900005116943,1.871,25.8,0,10
2020-08-01,102900005116943,1.16,25.8,0,14
2020-08-02,102900005116943,1.043,25.8,0,7
2020-08-03,102900005116943,0.941,25.8,0,5
2020-08-04,102900005116943,0.987,23.8,0,6
2020-08-05,102900005116943,1.209,23.8,0,10
2020-08-06,102900005116943,0.622,23.8,0,7
2020-08-07,102900005116943,2.012,23.8,0,12
2020-08-08,102900005116943,2.249,23.8,0,22
2020-08-09,102900005116943,2.227,19.8,0,13
2020-08-10,102900005116943,1.941,19.8,0,11
2020-08-11,102900005116943,1.299,19.8,0,9
2020-08-12,102900005116943,1.754,19.8,0,13
2020-08-13,102900005116943,1.126,19.8,0,12
2020-08-14,102900005116943,1.481,19.8,0,9
2020-08-15,102900005116943,2.154,19.8,0,17
2020-08-16,102900005116943,1.728,19.8,0,11
2020-08-17,102900005116943,1.219,19.8,0,7
2020-08-18,102900005116943,1.525,19.8,0,9
2020-08-19,102900005116943,1.31,14.0,0,12
2020-08-20,102900005116943,0.902,14.0,0,7
2020-08-21,102900005116943,1.018,12.0,0,8
2020-08-22,102900005116943,2.02,12.0,0,12
2020-08-23,102900005116943,1.746,12.0,0,15
2020-08-24,102900005116943,1.042,10.0,0,7
2020-08-25,102900005116943,1.5510000000000002,10.0,0,11
2020-08-26,102900005116943,0.931,10.0,0,7
2020-08-27,102900005116943,1.823,10.0,0,8
2020-08-28,102900005116943,1.561,10.0,0,10
2020-08-29,102900005116943,1.572,10.0,0,11
2020-08-30,102900005116943,2.33,12.0,0,17
2020-08-31,102900005116943,1.228,12.0,0,7
2020-09-01,102900005116943,1.261,12.0,0,10
2020-09-02,102900005116943,1.002,12.0,0,6
2020-09-03,102900005116943,1.028,12.0,0,8
2020-09-04,102900005116943,0.576,12.0,0,5
2020-09-05,102900005116943,2.09,12.0,0,17
2020-09-06,102900005116943,1.428,12.0,0,11
2020-09-07,102900005116943,0.672,14.0,0,5
2020-09-08,102900005116943,0.215,14.0,0,2
2020-09-09,102900005116943,0.73,14.0,0,5
2020-09-10,102900005116943,0.215,14.0,0,2
2020-09-11,102900005116943,0.172,14.0,0,2
2020-09-12,102900005116943,2.438,14.0,0,15
2020-09-13,102900005116943,2.189,14.0,0,14
2020-09-14,102900005116943,0.951,14.0,0,6
2020-09-15,102900005116943,1.387,14.0,0,10
2020-09-16,102900005116943,0.936,14.0,0,5
2020-09-17,102900005116943,1.037,14.0,0,4
2020-09-18,102900005116943,1.259,14.0,0,4
2020-09-19,102900005116943,1.4249999999999998,14.0,0,11
2020-09-20,102900005116943,2.483,14.0,0,16
2020-09-21,102900005116943,0.8939999999999999,14.0,0,7
2020-09-22,102900005116943,1.431,14.0,0,12
2020-09-23,102900005116943,1.188,14.0,0,8
2020-09-24,102900005116943,0.835,14.0,0,10
2020-09-25,102900005116943,2.363,14.0,0,11
2020-09-26,102900005116943,1.755,14.0,0,14
2020-09-27,102900005116943,2.762,14.0,0,10
2020-09-28,102900005116943,1.18,14.0,0,5
2020-09-29,102900005116943,1.108,14.0,0,7
2020-09-30,102900005116943,1.431,14.0,0,9
2020-10-01,102900005116943,2.019,14.0,0,16
2020-10-02,102900005116943,2.236,14.0,0,19
2020-10-03,102900005116943,3.644,14.0,0,23
2020-10-04,102900005116943,2.755,14.0,0,19
2020-10-05,102900005116943,1.37,16.0,0,12
2020-10-06,102900005116943,3.343,16.0,0,24
2020-10-07,102900005116943,0.98,18.0,0,8
2020-10-08,102900005116943,2.108,18.0,0,9
2020-10-09,102900005116943,0.964,16.0,0,8
2020-10-10,102900005116943,0.876,16.0,0,4
2020-10-11,102900005116943,0.782,16.0,0,9
2020-10-12,102900005116943,0.5569999999999999,16.0,0,5
2020-10-13,102900005116943,0.463,16.0,0,6
2020-10-14,102900005116943,0.89,16.0,0,6
2020-10-15,102900005116943,1.233,16.0,0,8
2020-10-16,102900005116943,0.8079999999999999,14.0,0,8
2020-10-17,102900005116943,1.245,14.0,0,8
2020-10-18,102900005116943,1.546,16.0,0,10
2020-10-19,102900005116943,2.016,16.0,0,13
2020-10-20,102900005116943,0.713,16.0,0,6
2020-10-21,102900005116943,0.245,16.0,0,2
2020-10-22,102900005116943,0.963,18.0,0,7
2020-10-23,102900005116943,0.494,18.0,0,4
2020-10-24,102900005116943,0.768,19.8,0,9
2020-10-25,102900005116943,1.012,19.8,0,8
2020-10-26,102900005116943,0.379,19.8,0,3
2020-10-27,102900005116943,0.968,18.0,0,6
2020-10-28,102900005116943,0.475,19.8,0,4
2020-10-29,102900005116943,1.162,19.8,0,6
2020-10-30,102900005116943,0.624,25.8,0,6
2020-10-31,102900005116943,1.899,25.8,0,8
2020-11-01,102900005116943,2.002,25.8,0,13
2020-11-02,102900005116943,2.256,25.8,0,10
2020-11-03,102900005116943,1.302,25.8,0,9
2020-11-04,102900005116943,0.612,25.8,0,6
2020-11-05,102900005116943,0.268,25.8,0,2
2020-11-06,102900005116943,0.869,25.8,0,8
2020-11-07,102900005116943,0.391,25.8,0,4
2020-11-08,102900005116943,0.807,25.8,0,8
2020-11-09,102900005116943,0.893,25.8,0,6
2020-11-10,102900005116943,0.4379999999999999,25.8,0,3
2020-11-11,102900005116943,1.039,25.8,0,4
2020-11-12,102900005116943,1.307,25.8,0,7
2020-11-13,102900005116943,0.711,29.8,0,7
2020-11-14,102900005116943,1.128,29.8,0,9
2020-11-15,102900005116943,2.108,29.8,0,5
2020-11-16,102900005116943,0.141,29.8,0,1
2020-11-17,102900005116943,0.315,29.8,0,1
2020-11-18,102900005116943,0.316,29.8,0,3
2020-11-19,102900005116943,0.215,29.8,0,1
2020-11-20,102900005116943,1.443,29.8,0,4
2020-11-21,102900005116943,1.494,31.8,0,8
2020-11-22,102900005116943,1.693,31.8,0,11
2020-11-23,102900005116943,0.366,29.8,0,3
2020-11-24,102900005116943,0.594,29.8,0,5
2020-11-25,102900005116943,1.134,29.8,0,6
2020-11-26,102900005116943,0.239,29.8,0,2
2020-11-27,102900005116943,0.447,29.8,0,4
2020-11-28,102900005116943,0.834,29.8,0,6
2020-11-29,102900005116943,0.695,29.8,0,5
2020-11-30,102900005116943,0.198,33.8,0,3
2020-12-01,102900005116943,0.947,33.8,0,8
2020-12-02,102900005116943,0.637,33.8,0,4
2020-12-03,102900005116943,1.19,35.8,0,4
2020-12-04,102900005116943,0.243,39.8,0,4
2020-12-05,102900005116943,0.945,39.8,0,8
2020-12-06,102900005116943,1.007,39.8,0,9
2020-12-07,102900005116943,0.855,45.8,0,3
2020-12-08,102900005116943,0.6459999999999999,49.8,0,4
2020-12-09,102900005116943,0.179,49.8,0,1
2020-12-10,102900005116943,0.376,49.8,0,2
2020-12-11,102900005116943,0.175,49.8,0,1
2020-12-12,102900005116943,0.727,49.8,0,5
2020-12-13,102900005116943,0.628,49.8,0,4
2020-12-14,102900005116943,0.3259999999999999,49.8,0,2
2020-12-15,102900005116943,0.179,49.8,0,1
2020-12-16,102900005116943,0.155,49.8,0,1
2020-12-17,102900005116943,0.738,49.8,0,4
2020-12-18,102900005116943,0.278,59.8,0,2
2020-12-19,102900005116943,0.479,59.8,0,3
2020-12-20,102900005116943,0.418,59.8,0,3
2020-12-21,102900005116943,0.533,59.8,0,3
2020-12-22,102900005116943,0.418,59.8,0,2
2020-12-23,102900005116943,0.144,59.8,0,1
2020-12-24,102900005116943,0.713,59.8,0,4
2020-12-25,102900005116943,0.303,59.8,0,2
2020-12-26,102900005116943,0.748,49.8,0,6
2020-12-27,102900005116943,0.654,49.8,0,4
2020-12-28,102900005116943,0.529,49.8,0,3
2020-12-30,102900005116943,0.4509999999999999,49.8,0,3
2020-12-31,102900005116943,1.155,49.8,0,7
2021-01-01,102900005116943,0.547,49.8,0,3
2021-01-02,102900005116943,0.479,49.8,0,3
2021-01-03,102900005116943,1.048,49.8,0,6
2021-01-05,102900005116943,0.521,49.8,0,3
2021-01-06,102900005116943,0.175,49.8,0,1
2021-01-07,102900005116943,0.368,49.8,0,2
2021-01-08,102900005116943,1.612,49.8,0,8
2021-01-09,102900005116943,1.631,49.8,0,9
2021-01-10,102900005116943,0.595,49.8,0,3
2021-01-11,102900005116943,0.854,39.8,0,5
2021-01-12,102900005116943,0.914,39.8,0,6
2021-01-13,102900005116943,0.43,39.8,0,2
2021-01-14,102900005116943,1.194,35.8,0,6
2021-01-15,102900005116943,1.409,35.8,0,7
2021-01-16,102900005116943,2.226,35.8,0,12
2021-01-17,102900005116943,2.169,31.8,0,11
2021-01-18,102900005116943,1.012,31.8,0,5
2021-01-19,102900005116943,2.017,31.8,0,8
2021-01-20,102900005116943,0.5660000000000001,31.8,0,2
2021-01-21,102900005116943,2.182,33.8,0,11
2021-01-22,102900005116943,0.8089999999999999,39.8,0,4
2021-01-23,102900005116943,1.126,39.8,0,5
2021-01-24,102900005116943,1.191,39.8,0,5
2021-01-25,102900005116943,0.918,39.8,0,4
2021-01-26,102900005116943,0.855,39.8,0,4
2021-01-27,102900005116943,0.839,39.8,0,4
2021-01-28,102900005116943,1.252,39.8,0,6
2021-01-29,102900005116943,1.009,35.8,0,5
2021-01-30,102900005116943,1.077,33.8,0,5
