数学建模相关/2023数模国赛C题/运行代码/数据拼合/sales_day_simple.csv
销售日期,单品编码,销量(千克),每日平均销售单价(元/千克),打折数量,原价数量
2020-07-01,102900005117056,54.548,7.6,0,137
2020-07-02,102900005117056,39.81,7.6,0,98
2020-07-03,102900005117056,32.351,7.6,0,87
2020-07-04,102900005117056,45.815,7.6,0,121
2020-07-05,102900005117056,53.874,7.6,0,144
2020-07-06,102900005117056,26.296,7.6,0,75
2020-07-07,102900005117056,8.51,8.0,0,26
2020-07-08,102900005117056,22.055,8.0,0,64
2020-07-09,102900005117056,31.46,8.0,0,91
2020-07-10,102900005117056,21.454,9.325,3,64
2020-07-11,102900005117056,23.279,9.08,4,57
2020-07-12,102900005117056,38.286,8.828571428571427,10,105
2020-07-13,102900005117056,28.119999999999997,8.55,5,72
2020-07-14,102900005117056,28.133,8.14,4,74
2020-07-15,102900005117056,35.739999999999995,8.175,9,94
2020-07-16,102900005117056,34.817,7.05,9,86
2020-07-17,102900005117056,27.919999999999998,8.0625,7,76
2020-07-18,102900005117056,26.14,8.481818181818182,14,74
2020-07-19,102900005117056,43.55200000000001,9.09,16,100
2020-07-20,102900005117056,29.836,7.58,19,78
2020-07-21,102900005117056,28.999,8.466666666666667,4,87
2020-07-22,102900005117056,29.557000000000002,8.155555555555557,10,80
2020-07-23,102900005117056,26.695,8.22,8,71
2020-07-24,102900005117056,36.150000000000006,7.9125,8,85
2020-07-25,102900005117056,64.43900000000001,7.742857142857143,26,151
2020-07-26,102900005117056,66.73599999999999,8.445454545454545,25,167
2020-07-27,102900005117056,40.861,8.828571428571427,6,110
2020-07-28,102900005117056,41.195,7.909090909090909,12,106
2020-07-29,102900005117056,56.242,7.972727272727273,17,146
2020-07-30,102900005117056,30.611,8.18,11,84
2020-07-31,102900005117056,10.221,9.0,0,28
2020-08-01,102900005117056,33.367,8.45,2,100
2020-08-02,102900005117056,37.928,8.0,0,111
2020-08-03,102900005117056,61.151,9.0,0,183
2020-08-04,102900005117056,54.463,9.0,0,140
2020-08-05,102900005117056,50.57,9.0,0,137
2020-08-06,102900005117056,45.876,9.0,0,123
2020-08-07,102900005117056,53.052,9.0,0,145
2020-08-08,102900005117056,74.014,9.0,0,202
2020-08-09,102900005117056,36.576,10.0,0,109
2020-08-10,102900005117056,52.421,10.0,0,145
2020-08-11,102900005117056,44.441,10.0,0,136
2020-08-12,102900005117056,48.489,10.0,0,139
2020-08-13,102900005117056,33.73,10.0,0,99
2020-08-14,102900005117056,41.015,10.0,0,117
2020-08-15,102900005117056,60.187,10.0,0,161
2020-08-16,102900005117056,56.89,10.0,0,151
2020-08-17,102900005117056,40.577,10.0,0,110
2020-08-18,102900005117056,38.56,10.0,0,105
2020-08-19,102900005117056,49.149,8.0,0,135
2020-08-20,102900005117056,46.776,8.0,0,130
2020-08-21,102900005117056,47.75,8.0,0,132
2020-08-22,102900005117056,76.432,8.0,0,201
2020-08-23,102900005117056,53.843,8.0,0,165
2020-08-24,102900005117056,59.968,7.6,0,147
2020-08-25,102900005117056,70.585,7.6,0,181
2020-08-26,102900005117056,51.015,7.6,0,151
2020-08-27,102900005117056,57.157,7.6,0,152
2020-08-28,102900005117056,133.609,6.0,0,268
2020-08-29,102900005117056,114.658,6.0,0,269
2020-08-30,102900005117056,118.332,6.0,0,265
2020-08-31,102900005117056,83.488,6.0,0,184
2020-09-01,102900005117056,76.121,6.0,0,178
2020-09-02,102900005117056,62.249,6.0,0,145
2020-09-03,102900005117056,61.676,6.0,0,149
2020-09-04,102900005117056,70.559,6.0,0,171
2020-09-05,102900005117056,81.69,6.0,0,192
2020-09-06,102900005117056,87.795,8.0,0,220
2020-09-07,102900005117056,36.67,8.0,0,89
2020-09-08,102900005117056,31.283,8.0,0,84
2020-09-09,102900005117056,25.944,8.0,0,71
2020-09-10,102900005117056,29.141,10.0,0,80
2020-09-11,102900005117056,27.584,10.0,0,74
2020-09-12,102900005117056,28.579,10.0,0,80
2020-09-13,102900005117056,49.087,10.0,0,134
2020-09-14,102900005117056,29.425,10.0,0,86
2020-09-15,102900005117056,30.579,10.0,0,83
2020-09-16,102900005117056,23.553,12.0,0,70
2020-09-17,102900005117056,22.187,12.0,0,67
2020-09-18,102900005117056,29.937,10.0,0,78
2020-09-19,102900005117056,51.236999999999995,8.5,1,117
2020-09-20,102900005117056,54.459,10.0,0,158
2020-09-21,102900005117056,30.378,10.0,0,98
2020-09-22,102900005117056,48.183,10.0,0,118
2020-09-23,102900005117056,33.028,11.0,0,98
2020-09-24,102900005117056,31.035,11.0,0,94
2020-09-25,102900005117056,30.548,11.0,0,95
2020-09-26,102900005117056,47.666,10.0,0,135
2020-09-27,102900005117056,35.054,10.0,0,106
2020-09-28,102900005117056,21.966,9.0,0,71
2020-09-29,102900005117056,36.146,8.0,0,98
2020-09-30,102900005117056,28.087,7.0,0,86
2020-10-01,102900005117056,31.045,8.0,0,96
2020-10-02,102900005117056,32.912,8.0,0,108
2020-10-03,102900005117056,55.733,9.0,0,152
2020-10-04,102900005117056,49.878,9.0,0,143
2020-10-05,102900005117056,63.268,10.0,0,165
2020-10-06,102900005117056,58.641,10.0,0,154
2020-10-07,102900005117056,40.175,10.0,0,114
2020-10-08,102900005117056,45.592,10.0,0,123
2020-10-09,102900005117056,29.916,9.0,0,91
2020-10-10,102900005117056,34.649,9.0,0,91
2020-10-11,102900005117056,47.441,10.0,0,127
2020-10-12,102900005117056,34.722,10.0,0,93
2020-10-13,102900005117056,33.64,10.0,0,96
2020-10-14,102900005117056,30.337,10.0,0,83
2020-10-15,102900005117056,30.275,10.0,0,86
2020-10-16,102900005117056,27.473,9.0,0,80
2020-10-17,102900005117056,73.228,8.0,0,180
2020-10-18,102900005117056,67.262,8.0,0,174
2020-10-19,102900005117056,41.3,8.0,0,117
2020-10-20,102900005117056,33.924,8.0,0,92
2020-10-21,102900005117056,32.629,7.6,0,82
2020-10-22,102900005117056,34.872,7.6,0,97
2020-10-23,102900005117056,30.083,7.6,0,87
2020-10-24,102900005117056,55.191,7.6,0,144
2020-10-25,102900005117056,49.46,8.0,0,135
2020-10-26,102900005117056,35.029,8.0,0,95
2020-10-27,102900005117056,32.58,8.0,0,91
2020-10-28,102900005117056,38.087,8.0,0,99
2020-10-29,102900005117056,40.293,8.0,0,103
2020-10-30,102900005117056,34.5,8.0,0,90
2020-10-31,102900005117056,57.773,8.0,0,147
2020-11-01,102900005117056,55.845,7.0,0,137
2020-11-02,102900005117056,35.978,7.0,0,95
2020-11-03,102900005117056,55.675,6.0,0,127
2020-11-04,102900005117056,48.883,6.0,0,116
2020-11-05,102900005117056,31.747,7.0,0,81
2020-11-06,102900005117056,37.498,7.0,0,95
2020-11-07,102900005117056,44.808,7.0,0,115
2020-11-08,102900005117056,57.735,6.0,0,143
2020-11-09,102900005117056,51.41,6.0,0,123
2020-11-10,102900005117056,42.712,6.0,0,103
2020-11-11,102900005117056,48.109,6.0,0,120
2020-11-12,102900005117056,44.433,6.0,0,108
2020-11-13,102900005117056,57.462,6.0,0,135
2020-11-14,102900005117056,46.258,6.6,0,115
2020-11-15,102900005117056,54.054,6.6,0,142
2020-11-16,102900005117056,32.195,6.6,0,86
2020-11-17,102900005117056,32.563,6.6,0,80
2020-11-18,102900005117056,30.934,6.6,0,87
2020-11-19,102900005117056,43.423,6.6,0,110
2020-11-20,102900005117056,36.588,7.0,0,99
2020-11-21,102900005117056,56.262,7.0,0,151
2020-11-22,102900005117056,76.578,6.0,0,185
2020-11-23,102900005117056,45.235,6.0,0,112
2020-11-24,102900005117056,38.44,6.6,0,99
2020-11-25,102900005117056,26.619,6.6,0,70
2020-11-26,102900005117056,34.789,6.6,0,87
2020-11-27,102900005117056,37.24,6.0,0,87
2020-11-28,102900005117056,62.476,6.0,0,151
2020-11-29,102900005117056,47.216,6.6,0,123
2020-11-30,102900005117056,36.782,6.6,0,94
2020-12-01,102900005117056,34.683,6.6,0,90
2020-12-02,102900005117056,36.025,7.0,0,94
2020-12-03,102900005117056,32.467,7.0,0,82
2020-12-04,102900005117056,31.367,7.6,0,85
2020-12-05,102900005117056,29.582,7.6,0,76
2020-12-06,102900005117056,39.84,9.0,0,107
2020-12-07,102900005117056,24.607,10.0,0,76
2020-12-08,102900005117056,26.622,10.0,0,73
2020-12-09,102900005117056,23.706,10.0,0,61
2020-12-10,102900005117056,31.6,10.0,0,86
2020-12-11,102900005117056,28.849,10.0,0,81
2020-12-12,102900005117056,37.588,10.0,0,105
2020-12-13,102900005117056,54.366,10.0,0,144
2020-12-14,102900005117056,36.925,10.0,0,103
2020-12-15,102900005117056,28.531,10.0,0,76
2020-12-16,102900005117056,21.563,12.0,0,63
2020-12-17,102900005117056,23.808,12.0,0,64
2020-12-18,102900005117056,25.631,12.0,0,69
2020-12-19,102900005117056,50.257,12.0,0,124
2020-12-20,102900005117056,44.289,12.0,0,119
2020-12-21,102900005117056,19.777,12.0,0,59
2020-12-22,102900005117056,26.333,12.0,0,70
2020-12-23,102900005117056,26.306,12.0,0,76
2020-12-24,102900005117056,25.328,13.0,0,70
2020-12-25,102900005117056,34.354,14.0,0,94
2020-12-26,102900005117056,28.433,16.0,0,84
2020-12-27,102900005117056,32.845,16.0,0,91
2020-12-28,102900005117056,30.812,17.0,0,72
2020-12-29,102900005117056,17.901,17.0,0,49
2020-12-30,102900005117056,19.949,17.0,0,56
2020-12-31,102900005117056,25.942,18.0,0,68
2021-01-01,102900005117056,43.997,18.0,0,105
2021-01-02,102900005117056,43.611,16.0,0,110
2021-01-03,102900005117056,53.769,14.0,0,136
2021-01-04,102900005117056,42.232,14.0,0,109
2021-01-05,102900005117056,27.291,16.0,0,73
2021-01-06,102900005117056,32.436,16.0,0,91
2021-01-07,102900005117056,39.837999999999994,15.0,43,59
2021-01-08,102900005117056,20.683,15.0,29,27
2021-01-09,102900005117056,53.226,15.0,60,73
2021-01-10,102900005117056,46.878,16.0,0,124
2021-01-11,102900005117056,29.281,16.0,0,76
2021-01-12,102900005117056,22.811,17.0,0,62
2021-01-13,102900005117056,26.51,17.0,0,62
2021-01-14,102900005117056,26.415,17.0,0,65
2021-01-15,102900005117056,28.645,16.0,0,82
2021-01-16,102900005117056,54.352,16.0,0,141
2021-01-17,102900005117056,45.99,19.8,0,122
2021-01-18,102900005117056,25.07,19.8,0,65
2021-01-19,102900005117056,29.417,19.8,0,76
2021-01-20,102900005117056,32.41,19.8,0,84
2021-01-21,102900005117056,32.762,21.8,0,83
2021-01-22,102900005117056,29.877000000000002,18.9,29,48
2021-01-23,102900005117056,64.732,18.9,85,63
2021-01-24,102900005117056,68.17099999999999,17.0,49,124
2021-01-25,102900005117056,43.957,18.0,0,109
2021-01-26,102900005117056,36.7,18.0,0,98
2021-01-27,102900005117056,82.425,14.0,0,190
2021-01-28,102900005117056,46.627,16.0,0,113
2021-01-29,102900005117056,44.997,16.0,0,117
2021-01-30,102900005117056,59.953,16.0,0,153
2020-07-01,102900005117209,1.909,16.0,0,5
2020-07-02,102900005117209,1.825,14.0,0,5
2020-07-03,102900005117209,1.581,14.0,0,4
2020-07-04,102900005117209,0.6930000000000001,14.0,0,2
2020-07-05,102900005117209,1.395,14.0,0,5
2020-07-06,102900005117209,1.273,14.0,0,4
2020-07-07,102900005117209,1.323,14.0,0,5
2020-07-08,102900005117209,1.08,14.0,0,5
2020-07-09,102900005117209,0.379,14.0,0,1
2020-07-10,102900005117209,1.052,14.0,0,3
2020-07-11,102900005117209,1.6019999999999999,13.3,1,6
2020-07-12,102900005117209,1.7710000000000001,15.7,1,6
2020-07-13,102900005117209,0.879,18.0,0,2
2020-07-14,102900005117209,0.406,18.0,0,1
2020-07-15,102900005117209,0.45,21.8,0,2
2020-07-16,102900005117209,0.661,21.8,0,2
2020-07-17,102900005117209,1.798,19.8,0,6
2020-07-18,102900005117209,2.237,19.03333333333333,2,6
2020-07-19,102900005117209,1.364,19.8,0,3
2020-07-20,102900005117209,1.379,19.8,0,4
2020-07-21,102900005117209,0.91,19.8,0,3
2020-07-22,102900005117209,0.46,19.8,0,2
2020-07-23,102900005117209,1.965,19.8,0,6
2020-07-24,102900005117209,0.495,17.5,2,0
2020-07-25,102900005117209,1.202,19.8,0,4
2020-07-27,102900005117209,0.813,18.85,1,2
2020-07-28,102900005117209,0.879,18.85,1,1
2020-07-29,102900005117209,0.9149999999999999,18.3,1,3
2020-07-31,102900005117209,0.232,19.8,0,1
2020-08-01,102900005117209,0.601,19.8,0,1
2020-08-02,102900005117209,0.505,19.8,0,1
2020-08-03,102900005117209,0.525,19.8,0,1
2020-08-04,102900005117209,0.234,18.0,0,1
2020-08-06,102900005117209,0.528,18.0,0,1
2020-08-07,102900005117209,0.629,18.0,0,2
2020-08-10,102900005117209,0.6499999999999999,18.0,0,2
2020-08-11,102900005117209,0.334,18.0,0,1
2020-08-12,102900005117209,1.681,18.0,0,4
2020-08-13,102900005117209,0.261,18.0,0,1
2020-08-14,102900005117209,0.473,18.0,0,1
2020-08-15,102900005117209,0.801,18.0,0,2
2020-08-16,102900005117209,0.551,18.0,0,2
2020-08-17,102900005117209,0.275,16.0,0,1
2020-08-18,102900005117209,0.1,16.0,0,1
2020-08-19,102900005117209,1.23,14.0,0,4
2020-08-20,102900005117209,1.037,14.0,0,3
2020-08-21,102900005117209,0.258,14.0,0,1
2020-08-22,102900005117209,0.572,14.0,0,2
2020-08-24,102900005117209,0.887,14.0,0,2
2020-08-25,102900005117209,0.515,14.0,0,2
2020-08-26,102900005117209,0.415,14.0,0,1
2020-08-27,102900005117209,0.665,14.0,0,2
2020-08-28,102900005117209,0.229,14.0,0,1
2020-08-29,102900005117209,0.644,14.0,0,2
2020-08-30,102900005117209,0.243,14.0,0,2
2020-09-01,102900005117209,1.338,14.0,0,4
2020-09-02,102900005117209,0.544,14.0,0,2
2020-09-04,102900005117209,0.408,14.0,0,1
2020-09-05,102900005117209,1.239,16.0,0,3
2020-09-07,102900005117209,0.156,16.0,0,1
2020-09-08,102900005117209,0.7370000000000001,19.8,0,3
2020-09-11,102900005117209,0.808,19.8,0,3
2020-09-12,102900005117209,0.333,19.8,0,1
2020-09-13,102900005117209,0.45,19.8,0,1
2020-09-14,102900005117209,0.197,19.8,0,1
2020-09-16,102900005117209,0.8079999999999999,19.8,0,2
2020-09-18,102900005117209,0.253,19.8,0,1
2020-09-20,102900005117209,1.632,19.8,0,6
2020-09-21,102900005117209,0.5409999999999999,19.8,0,2
2020-09-22,102900005117209,1.137,19.8,0,5
2020-09-23,102900005117209,0.516,19.8,0,2
2020-09-24,102900005117209,0.839,19.8,0,3
2020-09-25,102900005117209,1.066,19.8,0,4
2020-09-26,102900005117209,0.374,19.8,0,1
2020-09-27,102900005117209,0.152,19.8,0,1
2020-09-28,102900005117209,0.469,19.8,0,2
2020-09-30,102900005117209,0.844,19.8,0,3
2020-10-01,102900005117209,0.136,19.8,0,1
2020-10-02,102900005117209,0.996,19.8,0,5
2020-10-04,102900005117209,0.535,19.8,0,2
2020-10-05,102900005117209,0.813,19.8,0,3
2020-10-06,102900005117209,0.222,19.8,0,1
2020-10-07,102900005117209,1.248,19.8,0,4
2020-10-08,102900005117209,0.354,19.8,0,1
2020-10-09,102900005117209,0.298,19.8,0,1
2020-10-10,102900005117209,0.919,19.8,0,3
2020-10-11,102900005117209,1.949,19.8,0,6
2020-10-12,102900005117209,0.298,19.8,0,1
2020-10-14,102900005117209,0.424,19.8,0,1
2020-10-16,102900005117209,0.7749999999999999,25.8,0,2
2020-10-18,102900005117209,0.736,25.8,0,2
2020-10-19,102900005117209,0.501,25.8,0,2
2020-10-20,102900005117209,0.221,25.8,0,1
2020-10-22,102900005117209,0.159,25.8,0,1
2020-10-23,102900005117209,0.741,25.8,0,2
2020-10-25,102900005117209,0.8140000000000001,25.8,0,3
2020-10-26,102900005117209,0.564,29.8,0,2
2020-10-29,102900005117209,0.346,29.8,0,1
2020-10-30,102900005117209,0.364,33.8,0,1
2020-10-31,102900005117209,0.764,25.8,0,2
2020-11-01,102900005117209,1.322,27.8,0,5
2020-11-02,102900005117209,0.173,27.8,0,1
2020-11-03,102900005117209,0.579,27.8,0,2
2020-11-05,102900005117209,1.097,27.8,0,3
2020-11-06,102900005117209,0.508,27.8,0,2
2020-11-07,102900005117209,1.013,21.8,0,3
2020-11-08,102900005117209,0.376,21.8,0,1
2020-11-09,102900005117209,0.61,21.8,0,2
2020-11-10,102900005117209,0.56,21.8,0,2
2020-11-11,102900005117209,0.326,21.8,0,1
2020-11-12,102900005117209,0.925,19.8,0,4
2020-11-13,102900005117209,0.242,19.8,0,1
2020-11-14,102900005117209,0.774,19.8,0,3
2020-11-15,102900005117209,0.607,19.8,0,3
2020-11-16,102900005117209,0.581,19.8,0,2
2020-11-18,102900005117209,0.475,19.8,0,1
2020-11-19,102900005117209,0.182,19.8,0,1
2020-11-20,102900005117209,0.187,19.8,0,1
2020-11-22,102900005117209,0.505,19.8,0,2
2020-11-23,102900005117209,0.308,19.8,0,1
2020-11-24,102900005117209,0.222,19.8,0,1
2020-11-25,102900005117209,0.222,19.8,0,1
2020-11-26,102900005117209,0.434,19.8,0,1
2020-11-28,102900005117209,0.3,16.0,0,1
2020-11-29,102900005117209,0.388,16.0,0,1
2020-11-30,102900005117209,0.607,16.0,0,2
2020-12-01,102900005117209,0.319,16.0,0,1
2020-12-02,102900005117209,0.344,16.0,0,1
2020-12-03,102900005117209,0.938,16.0,0,3
2020-12-04,102900005117209,0.257,16.0,0,1
2020-12-05,102900005117209,2.2960000000000003,16.0,0,7
2020-12-06,102900005117209,0.783,16.0,0,3
2020-12-07,102900005117209,0.363,16.0,0,1
2020-12-08,102900005117209,0.707,16.0,0,2
2020-12-09,102900005117209,0.232,16.0,0,1
2020-12-11,102900005117209,2.353,16.0,0,6
2020-12-12,102900005117209,0.576,16.0,0,2
2020-12-13,102900005117209,1.195,16.0,0,3
2020-12-15,102900005117209,1.183,16.0,0,3
2020-12-16,102900005117209,1.177,16.0,0,3
2020-12-17,102900005117209,0.802,16.0,0,2
2020-12-18,102900005117209,1.753,16.0,0,5
2020-12-19,102900005117209,0.6759999999999999,16.0,0,2
2020-12-20,102900005117209,0.908,14.0,0,2
2020-12-21,102900005117209,1.538,14.0,0,4
2020-12-22,102900005117209,0.945,14.0,0,2
2020-12-23,102900005117209,1.667,14.0,0,4
2020-12-24,102900005117209,0.726,16.0,0,2
2020-12-25,102900005117209,1.596,16.0,0,5
2020-12-26,102900005117209,1.817,14.0,0,5
2020-12-27,102900005117209,0.859,14.0,0,2
2020-12-28,102900005117209,1.233,16.0,0,3
2020-12-29,102900005117209,0.532,16.0,0,1
2020-12-31,102900005117209,1.402,18.0,0,4
2021-01-01,102900005117209,3.071,18.0,0,8
2021-01-02,102900005117209,1.607,19.8,0,4
2021-01-03,102900005117209,0.5,19.8,0,1
2021-01-04,102900005117209,0.54,19.8,0,1
2021-01-05,102900005117209,0.6970000000000001,19.8,0,2
2021-01-06,102900005117209,1.112,19.8,0,2
2021-01-07,102900005117209,0.767,19.8,0,2
2021-01-08,102900005117209,1.061,19.8,0,4
2021-01-09,102900005117209,1.848,19.8,0,5
2021-01-10,102900005117209,2.773,19.8,0,7
2021-01-11,102900005117209,0.54,19.8,0,2
2021-01-12,102900005117209,1.363,19.8,0,4
2021-01-13,102900005117209,0.692,19.8,0,2
2021-01-14,102900005117209,1.49,19.8,0,5
2021-01-15,102900005117209,1.55,19.8,0,4
2021-01-16,102900005117209,1.758,16.0,0,4
2021-01-17,102900005117209,1.879,16.0,0,5
2021-01-18,102900005117209,1.52,16.0,0,4
2021-01-19,102900005117209,1.151,18.0,0,3
2021-01-20,102900005117209,2.068,18.0,0,6
2021-01-21,102900005117209,1.245,18.0,0,4
2021-01-30,102900005117209,0.248,19.8,0,1
