数学建模相关/2023数模国赛C题/运行代码/数据拼合/sales_day_simple.csv
销售日期,单品编码,销量(千克),每日平均销售单价(元/千克),打折数量,原价数量
2020-07-01,102900005118817,5.472,14.0,0,14
2020-08-02,102900005118817,6.237,18.0,0,18
2020-08-03,102900005118817,5.856,18.0,0,17
2020-08-05,102900005118817,1.263,18.0,0,4
2020-08-07,102900005118817,6.356,16.0,5,10
2020-08-08,102900005118817,1.469,18.0,0,4
2020-08-09,102900005118817,4.833,18.0,0,13
2020-09-25,102900005118817,8.540000000000001,14.0,0,26
2020-09-26,102900005118817,8.927999999999999,14.0,0,23
2020-09-27,102900005118817,7.329,16.0,0,16
2020-09-28,102900005118817,11.587,15.0,1,26
2020-09-29,102900005118817,4.982,16.0,0,15
2020-09-30,102900005118817,8.645999999999999,13.0,2,20
2020-10-01,102900005118817,17.921,14.0,0,46
2020-10-02,102900005118817,28.799,12.0,0,75
2020-10-03,102900005118817,28.093,12.0,0,70
2020-10-04,102900005118817,27.109,12.0,0,70
2020-10-05,102900005118817,8.273,12.0,0,20
2020-10-06,102900005118817,28.11,12.0,0,68
2020-10-07,102900005118817,9.161,12.0,0,29
2020-10-08,102900005118817,9.215,12.0,0,27
2020-10-09,102900005118817,9.076,12.0,0,23
2020-10-10,102900005118817,8.29,12.0,0,25
2020-10-11,102900005118817,26.352,12.0,0,64
2020-10-12,102900005118817,22.194,10.0,0,67
2020-10-13,102900005118817,13.862,9.0,9,38
2020-10-14,102900005118817,28.047,10.0,0,68
2020-10-15,102900005118817,9.566,10.0,0,30
2020-10-16,102900005118817,10.561,10.0,0,35
2020-10-17,102900005118817,35.069,10.0,0,104
2020-10-18,102900005118817,14.506,10.0,0,48
2020-10-19,102900005118817,9.03,10.0,0,25
2020-10-20,102900005118817,7.509,10.0,0,21
2020-10-21,102900005118817,10.871,10.0,0,38
2020-10-22,102900005118817,9.727,8.0,0,30
2020-10-23,102900005118817,9.315,8.0,0,31
2020-10-24,102900005118817,31.296,8.0,0,86
2020-10-25,102900005118817,37.713,8.0,0,108
2020-10-26,102900005118817,6.368,8.0,0,19
2020-10-27,102900005118817,8.782,6.0,0,28
2020-10-28,102900005118817,17.557,7.0,0,44
2020-10-29,102900005118817,13.478,8.0,0,44
2020-10-30,102900005118817,3.823,8.0,0,12
2020-10-31,102900005118817,10.141,8.0,0,27
2020-11-01,102900005118817,8.901,8.0,0,29
2020-11-02,102900005118817,9.084,7.0,2,23
2020-11-03,102900005118817,14.295,7.0,0,41
2020-11-04,102900005118817,3.433,8.0,0,10
2020-11-05,102900005118817,6.679,8.0,0,19
2020-11-06,102900005118817,13.613,8.0,0,35
2020-11-07,102900005118817,8.924,8.0,0,27
2020-11-08,102900005118817,6.178,8.0,0,19
2020-11-09,102900005118817,2.795,8.0,0,10
2020-11-10,102900005118817,7.205,8.0,0,20
2020-11-11,102900005118817,5.017,6.0,0,13
2020-11-12,102900005118817,5.552,6.0,0,16
2020-11-13,102900005118817,10.369,6.0,0,29
2020-11-14,102900005118817,8.178,6.0,0,26
2020-11-15,102900005118817,8.58,6.0,0,21
2020-11-16,102900005118817,6.789,6.0,0,23
2020-11-17,102900005118817,28.297,6.0,0,66
2020-11-18,102900005118817,8.932,6.0,0,25
2020-11-19,102900005118817,9.6,6.0,0,23
2020-11-20,102900005118817,21.187,6.0,0,56
2020-11-21,102900005118817,47.819,6.0,0,125
2020-11-22,102900005118817,8.345,6.0,0,23
2020-11-24,102900005118817,23.167,6.6,0,69
2020-11-25,102900005118817,18.133,6.6,0,51
2020-11-26,102900005118817,14.022,5.8,6,35
2020-11-27,102900005118817,5.488,6.6,0,12
2020-11-28,102900005118817,9.137,6.6,0,29
2020-11-29,102900005118817,3.784,6.6,0,14
2020-11-30,102900005118817,17.516000000000002,5.0,0,53
2020-12-01,102900005118817,4.114,6.0,0,14
2020-12-02,102900005118817,11.991,5.0,0,30
2020-12-03,102900005118817,2.96,6.0,0,8
2020-12-04,102900005118817,20.449,5.0,0,54
2020-12-05,102900005118817,28.713,4.0,0,75
2020-12-06,102900005118817,5.042,5.0,0,17
2020-12-07,102900005118817,4.7,5.0,0,18
2020-12-08,102900005118817,4.018,5.0,0,12
2020-12-09,102900005118817,12.843,6.0,0,34
2020-12-10,102900005118817,15.828,5.0,0,43
2020-12-11,102900005118817,5.987,6.0,0,16
2020-12-12,102900005118817,19.383,6.0,0,59
2020-12-13,102900005118817,20.789,6.0,0,58
2020-12-14,102900005118817,6.8580000000000005,6.0,0,20
2020-12-15,102900005118817,6.021,6.0,0,20
2020-12-16,102900005118817,19.99,5.0,21,34
2020-12-17,102900005118817,8.229,6.0,0,27
2020-12-18,102900005118817,7.209,6.0,0,25
2020-12-19,102900005118817,7.659,6.0,0,26
2020-12-20,102900005118817,19.217,6.0,0,54
2020-12-21,102900005118817,2.356,6.0,0,8
2020-12-22,102900005118817,5.688,6.0,0,15
2020-12-23,102900005118817,12.605,5.0,2,33
2020-12-24,102900005118817,4.042,7.0,0,13
2020-12-25,102900005118817,7.009,7.0,0,23
2020-12-26,102900005118817,10.4,7.0,0,28
2020-12-27,102900005118817,8.111,7.0,0,25
2020-12-28,102900005118817,5.23,7.0,0,14
2020-12-29,102900005118817,4.127,7.0,0,12
2020-12-30,102900005118817,5.327,8.0,0,16
2020-12-31,102900005118817,7.483,8.0,0,19
2021-01-01,102900005118817,8.962,8.0,0,27
2021-01-02,102900005118817,7.369,8.0,0,21
2021-01-03,102900005118817,4.875,8.0,0,15
2021-01-04,102900005118817,8.647,8.0,0,25
2021-01-05,102900005118817,8.109,8.0,0,25
2021-01-06,102900005118817,7.984,8.0,0,25
2021-01-07,102900005118817,5.889,8.0,0,18
2021-01-08,102900005118817,8.586,8.0,0,23
2021-01-09,102900005118817,7.271,8.0,0,22
2021-01-10,102900005118817,8.221,8.0,0,26
2021-01-11,102900005118817,6.167,8.0,0,19
2021-01-12,102900005118817,6.085999999999999,7.5,2,19
2021-01-13,102900005118817,9.911,9.0,0,29
2021-01-14,102900005118817,4.121,9.0,0,13
2021-01-15,102900005118817,6.514,10.0,0,20
2021-01-16,102900005118817,11.349,10.0,0,36
2021-01-17,102900005118817,6.684,10.0,0,22
2021-01-18,102900005118817,8.738,10.0,0,25
2021-01-19,102900005118817,5.231,10.0,0,13
2021-01-20,102900005118817,6.034,10.0,0,18
2021-01-21,102900005118817,7.335,10.0,0,25
2021-01-22,102900005118817,4.221,10.0,0,13
2021-01-23,102900005118817,7.876,10.0,0,25
2021-01-24,102900005118817,9.17,10.0,0,24
2021-01-25,102900005118817,7.727,10.0,0,24
2021-01-26,102900005118817,6.214,10.0,0,19
2021-01-27,102900005118817,8.139,10.0,0,20
2021-01-28,102900005118817,6.385,10.0,0,17
2021-01-29,102900005118817,4.631,10.0,0,13
2021-01-30,102900005118817,7.334,10.0,0,21
2020-07-01,102900005118824,4.119,10.0,0,13
2020-07-02,102900005118824,4.342,10.0,0,13
2020-07-03,102900005118824,9.572,7.75,15,15
2020-07-04,102900005118824,3.107,10.0,0,9
2020-07-05,102900005118824,4.019,10.0,0,12
2020-07-06,102900005118824,3.0890000000000004,9.85,1,10
2020-07-07,102900005118824,3.117,10.0,0,11
2020-07-08,102900005118824,2.366,10.0,0,9
2020-07-09,102900005118824,2.106,10.0,0,7
2020-07-10,102900005118824,2.575,10.0,0,11
2020-07-11,102900005118824,1.464,10.0,0,5
2020-07-12,102900005118824,1.904,10.0,0,6
2020-07-13,102900005118824,3.098,8.266666666666666,2,8
2020-07-14,102900005118824,1.323,10.0,0,4
2020-07-15,102900005118824,1.8159999999999998,9.25,1,6
2020-07-16,102900005118824,2.887,9.25,1,9
2020-07-17,102900005118824,2.918,10.0,0,9
2020-07-18,102900005118824,1.843,9.175,3,3
2020-07-19,102900005118824,2.457,9.166666666666666,2,5
2020-07-20,102900005118824,2.426,10.0,0,8
2020-07-21,102900005118824,2.306,9.5,1,5
2020-07-22,102900005118824,2.521,12.0,0,7
2020-07-23,102900005118824,2.314,12.0,0,7
2020-07-24,102900005118824,2.228,12.0,0,6
2020-07-25,102900005118824,1.895,11.55,1,4
2020-07-26,102900005118824,2.746,12.0,0,9
2020-07-27,102900005118824,1.819,14.0,0,7
2020-07-28,102900005118824,2.029,12.0,0,6
2020-07-29,102900005118824,2.067,14.0,0,5
2020-07-30,102900005118824,0.637,14.0,0,2
2020-07-31,102900005118824,1.216,14.0,0,5
2020-08-01,102900005118824,1.696,14.0,0,5
2020-08-02,102900005118824,1.28,14.0,0,5
2020-08-03,102900005118824,1.917,14.0,0,7
2020-08-04,102900005118824,1.524,14.0,0,6
2020-08-05,102900005118824,1.552,12.0,0,6
2020-08-06,102900005118824,0.418,12.0,0,2
2020-08-07,102900005118824,2.103,12.0,0,8
2020-08-08,102900005118824,1.586,12.0,0,5
2020-08-09,102900005118824,2.312,12.0,0,10
2020-08-10,102900005118824,1.62,12.0,0,6
2020-08-11,102900005118824,1.043,12.0,0,5
2020-08-12,102900005118824,0.718,12.0,0,3
2020-08-13,102900005118824,1.135,12.0,0,4
2020-08-14,102900005118824,0.702,12.0,0,3
2020-08-15,102900005118824,1.403,12.0,0,4
2020-08-16,102900005118824,1.51,14.0,0,5
2020-08-17,102900005118824,1.516,14.0,0,5
2020-08-18,102900005118824,0.901,12.0,0,3
2020-08-19,102900005118824,0.852,12.0,0,3
2020-08-20,102900005118824,1.269,12.0,0,4
2020-08-21,102900005118824,1.227,12.0,0,4
2020-08-23,102900005118824,1.127,12.0,0,4
2020-08-24,102900005118824,1.202,12.0,0,5
2020-08-25,102900005118824,1.904,12.0,0,6
2020-08-26,102900005118824,1.093,12.0,0,3
2020-08-27,102900005118824,1.845,12.0,0,7
2020-08-28,102900005118824,4.225,12.0,0,12
2020-08-30,102900005118824,1.511,12.0,0,6
2020-08-31,102900005118824,1.176,12.0,0,4
2020-09-01,102900005118824,1.11,12.0,0,4
2020-09-02,102900005118824,1.427,12.0,0,5
2020-09-03,102900005118824,1.294,12.0,0,6
2020-09-04,102900005118824,3.464,12.0,0,13
2020-09-05,102900005118824,1.745,12.0,0,6
2020-09-06,102900005118824,0.834,12.0,0,3
2020-09-07,102900005118824,1.419,12.0,0,5
2020-09-09,102900005118824,0.858,14.0,0,4
2020-09-10,102900005118824,0.78,14.0,0,3
2020-09-11,102900005118824,0.644,14.0,0,3
2020-09-13,102900005118824,1.052,14.0,0,4
2020-09-14,102900005118824,1.144,14.0,0,4
2020-09-15,102900005118824,4.871,14.0,0,17
2020-09-16,102900005118824,1.502,14.0,0,5
2020-09-18,102900005118824,1.259,14.0,0,4
2020-09-19,102900005118824,1.095,14.0,0,5
2020-09-20,102900005118824,1.201,14.0,0,4
2020-09-22,102900005118824,1.367,14.0,0,5
2020-09-23,102900005118824,1.346,14.0,0,6
2020-09-24,102900005118824,0.78,14.0,0,3
2020-09-25,102900005118824,2.389,14.0,0,7
2020-09-26,102900005118824,2.905,14.0,0,8
2020-09-27,102900005118824,1.173,14.0,0,4
2020-09-28,102900005118824,0.895,14.0,0,3
2020-09-29,102900005118824,0.8009999999999999,14.0,0,3
2020-09-30,102900005118824,1.21,14.0,0,4
2020-10-01,102900005118824,1.795,12.0,0,7
2020-10-02,102900005118824,3.546,12.0,0,9
2020-10-03,102900005118824,0.8520000000000001,14.0,0,3
2020-10-04,102900005118824,0.8440000000000001,12.0,0,3
2020-10-05,102900005118824,3.08,12.0,0,11
2020-10-06,102900005118824,0.5429999999999999,12.0,0,2
2020-10-07,102900005118824,0.751,12.0,0,2
2020-10-08,102900005118824,1.386,12.0,0,4
2020-10-09,102900005118824,0.651,12.0,0,3
2020-10-10,102900005118824,0.267,12.0,0,1
2020-10-11,102900005118824,0.651,12.0,0,2
2020-10-12,102900005118824,1.837,12.0,0,5
2020-10-13,102900005118824,0.8180000000000001,12.0,0,3
2020-10-23,102900005118824,0.234,12.0,0,1
2020-12-15,102900005118824,3.022,12.0,0,10
2020-12-26,102900005118824,1.645,12.0,0,5
