数学建模相关/2023数模国赛C题/运行代码/数据拼合/sales_day_simple.csv
销售日期,单品编码,销量(千克),每日平均销售单价(元/千克),打折数量,原价数量
2020-07-01,102900005118831,10.0,6.65,1,9
2020-07-02,102900005118831,13.0,6.45,6,6
2020-07-03,102900005118831,13.0,6.7,2,11
2020-07-04,102900005118831,15.0,6.25,1,14
2020-07-05,102900005118831,13.0,6.55,3,10
2020-07-06,102900005118831,10.0,6.75,1,9
2020-07-07,102900005118831,13.0,6.1000000000000005,5,8
2020-07-08,102900005118831,12.0,5.883333333333333,5,6
2020-07-09,102900005118831,9.0,6.9,0,9
2020-07-10,102900005118831,14.0,6.38,5,9
2020-07-11,102900005118831,16.0,6.5,3,13
2020-07-12,102900005118831,15.0,6.9,0,15
2020-07-13,102900005118831,8.0,6.7,1,7
2020-07-14,102900005118831,15.0,6.45,1,14
2020-07-15,102900005118831,12.0,6.9,0,12
2020-07-16,102900005118831,14.0,6.58,4,10
2020-07-17,102900005118831,17.0,6.683333333333334,7,9
2020-07-18,102900005118831,15.0,6.575,4,11
2020-07-19,102900005118831,14.0,6.525,4,10
2020-07-20,102900005118831,8.0,6.7,1,7
2020-07-21,102900005118831,14.0,6.7,2,11
2020-07-22,102900005118831,15.0,6.466666666666666,2,13
2020-07-23,102900005118831,10.0,6.9,0,10
2020-07-24,102900005118831,11.0,6.366666666666667,2,9
2020-07-25,102900005118831,18.0,6.533333333333334,2,16
2020-07-26,102900005118831,23.0,5.6499999999999995,7,16
2020-07-27,102900005118831,10.0,6.35,1,9
2020-07-28,102900005118831,10.0,6.6,3,7
2020-07-29,102900005118831,9.0,6.9,0,9
2020-07-30,102900005118831,11.0,6.45,3,8
2020-07-31,102900005118831,12.0,6.233333333333334,2,10
2020-08-01,102900005118831,10.0,6.6000000000000005,2,8
2020-08-02,102900005118831,11.0,6.65,1,10
2020-08-03,102900005118831,12.0,6.9,0,12
2020-08-04,102900005118831,9.0,6.833333333333333,2,7
2020-08-05,102900005118831,9.0,6.733333333333333,2,7
2020-08-06,102900005118831,13.0,6.7,1,12
2020-08-07,102900005118831,7.0,6.7,2,5
2020-08-08,102900005118831,9.0,6.4,1,8
2020-08-09,102900005118831,14.0,6.7,1,13
2020-08-10,102900005118831,11.0,6.9,0,11
2020-08-11,102900005118831,13.0,6.9,0,13
2020-08-12,102900005118831,9.0,6.9,0,9
2020-08-13,102900005118831,9.0,6.550000000000001,1,8
2020-08-14,102900005118831,11.0,6.6,1,10
2020-08-15,102900005118831,11.0,6.9,0,11
2020-08-16,102900005118831,13.0,6.9,0,13
2020-08-17,102900005118831,5.0,6.9,0,5
2020-08-18,102900005118831,15.0,6.9,0,15
2020-08-19,102900005118831,10.0,6.9,0,10
2020-08-20,102900005118831,11.0,6.9,0,11
2020-08-21,102900005118831,10.0,6.9,0,10
2020-08-22,102900005118831,15.0,6.9,0,15
2020-08-23,102900005118831,9.0,6.9,0,9
2020-08-24,102900005118831,9.0,6.9,0,9
2020-08-25,102900005118831,11.0,6.9,0,11
2020-08-26,102900005118831,12.0,6.9,0,12
2020-08-27,102900005118831,6.0,6.9,0,6
2020-08-28,102900005118831,13.0,6.9,0,13
2020-08-29,102900005118831,11.0,6.9,0,11
2020-08-30,102900005118831,14.0,6.9,0,14
2020-08-31,102900005118831,9.0,6.9,0,9
2020-09-01,102900005118831,8.0,6.9,0,8
2020-09-02,102900005118831,7.0,6.9,0,7
2020-09-03,102900005118831,7.0,6.9,0,7
2020-09-04,102900005118831,9.0,6.9,0,9
2020-09-05,102900005118831,16.0,6.9,0,16
2020-09-06,102900005118831,12.0,6.9,0,12
2020-09-07,102900005118831,7.0,6.9,0,7
2020-09-08,102900005118831,4.0,6.9,0,4
2020-09-09,102900005118831,2.0,6.9,0,2
2020-09-11,102900005118831,3.0,6.9,0,3
2020-09-12,102900005118831,9.0,6.9,0,9
2020-09-13,102900005118831,5.0,6.9,0,5
2020-09-14,102900005118831,4.0,6.9,0,4
2020-09-15,102900005118831,1.0,7.9,0,1
2020-09-16,102900005118831,12.0,6.9,0,12
2020-09-17,102900005118831,1.0,6.9,0,1
2020-09-18,102900005118831,6.0,6.9,0,6
2020-09-19,102900005118831,6.0,7.9,0,6
2020-09-20,102900005118831,3.0,7.9,0,3
2020-09-21,102900005118831,1.0,7.9,0,1
2020-09-22,102900005118831,4.0,7.9,0,4
2020-09-23,102900005118831,7.0,7.9,0,7
2020-09-24,102900005118831,6.0,7.9,0,6
2020-09-25,102900005118831,4.0,7.9,0,4
2020-09-26,102900005118831,9.0,7.9,0,9
2020-09-27,102900005118831,4.0,7.9,0,4
2020-09-28,102900005118831,2.0,7.9,0,2
2020-09-29,102900005118831,8.0,7.9,0,8
2020-09-30,102900005118831,9.0,7.9,0,9
2020-10-01,102900005118831,10.0,7.9,0,10
2020-10-02,102900005118831,6.0,7.9,0,6
2020-10-03,102900005118831,7.0,8.8,0,7
2020-10-04,102900005118831,15.0,8.8,0,15
2020-10-05,102900005118831,6.0,7.8,0,6
2020-10-06,102900005118831,6.0,8.8,0,6
2020-10-07,102900005118831,5.0,8.8,0,5
2020-10-08,102900005118831,6.0,8.8,0,6
2020-10-09,102900005118831,8.0,8.8,0,8
2020-10-10,102900005118831,4.0,8.8,0,4
2020-10-11,102900005118831,4.0,7.8,0,4
2020-10-12,102900005118831,7.0,7.8,0,7
2020-10-13,102900005118831,6.0,7.8,0,6
2020-10-14,102900005118831,4.0,7.8,0,4
2020-10-15,102900005118831,7.0,7.8,0,7
2020-10-16,102900005118831,5.0,7.8,0,5
2020-10-17,102900005118831,9.0,5.8,0,9
2020-10-18,102900005118831,6.0,5.8,0,6
2020-10-19,102900005118831,5.0,6.8,0,5
2020-10-20,102900005118831,59.0,4.9,0,59
2020-10-21,102900005118831,43.0,4.9,0,43
2020-10-22,102900005118831,8.0,4.9,0,8
2020-10-23,102900005118831,35.0,4.9,0,35
2020-10-24,102900005118831,56.0,4.9,0,56
2020-10-25,102900005118831,14.0,4.9,0,14
2020-10-26,102900005118831,2.0,5.9,0,2
2020-10-27,102900005118831,4.0,5.9,0,4
2020-10-28,102900005118831,7.0,5.9,0,7
2020-10-29,102900005118831,3.0,5.9,0,3
2020-10-30,102900005118831,2.0,5.9,0,2
2020-10-31,102900005118831,8.0,5.9,0,8
2020-11-01,102900005118831,5.0,4.9,0,5
2020-11-02,102900005118831,4.0,4.9,0,4
2020-11-03,102900005118831,4.0,4.050000000000001,1,3
2020-11-04,102900005118831,1.0,5.9,0,1
2020-11-05,102900005118831,6.0,5.9,0,6
2020-11-06,102900005118831,5.0,5.9,0,5
2020-11-07,102900005118831,5.0,5.9,0,5
2020-11-08,102900005118831,6.0,5.9,0,6
2020-11-09,102900005118831,3.0,4.9,0,3
2020-11-10,102900005118831,4.0,5.9,0,4
2020-11-11,102900005118831,2.0,5.9,0,2
2020-11-12,102900005118831,3.0,5.9,0,3
2020-11-13,102900005118831,4.0,5.9,0,4
2020-11-14,102900005118831,5.0,5.9,0,5
2020-11-15,102900005118831,15.0,4.9,0,15
2020-11-16,102900005118831,2.0,5.9,0,2
2020-11-17,102900005118831,8.0,5.8,0,8
2020-11-18,102900005118831,5.0,5.8,0,5
2020-11-19,102900005118831,5.0,5.8,0,5
2020-11-20,102900005118831,6.0,5.8,0,6
2020-11-21,102900005118831,15.0,5.8,0,15
2020-11-22,102900005118831,14.0,5.8,0,14
2020-11-23,102900005118831,9.0,4.9,0,9
2020-11-24,102900005118831,11.0,4.9,0,11
2020-11-25,102900005118831,4.0,4.9,0,4
2020-11-26,102900005118831,8.0,4.9,0,8
2020-11-27,102900005118831,6.0,4.9,0,6
2020-11-28,102900005118831,9.0,4.9,0,9
2020-11-29,102900005118831,9.0,4.9,0,9
2020-11-30,102900005118831,9.0,4.9,0,9
2020-12-01,102900005118831,9.0,4.9,0,9
2020-12-02,102900005118831,4.0,4.9,0,4
2020-12-03,102900005118831,6.0,4.9,0,6
2020-12-04,102900005118831,6.0,4.9,0,6
2020-12-05,102900005118831,9.0,4.9,0,9
2020-12-06,102900005118831,10.0,4.9,0,10
2020-12-07,102900005118831,8.0,4.9,0,8
2020-12-08,102900005118831,10.0,4.9,0,10
2020-12-09,102900005118831,3.0,4.9,0,3
2020-12-10,102900005118831,10.0,4.9,0,10
2020-12-11,102900005118831,11.0,3.5,0,11
2020-12-12,102900005118831,10.0,3.5,0,10
2020-12-13,102900005118831,13.0,3.5,0,13
2020-12-14,102900005118831,6.0,3.5,0,6
2020-12-15,102900005118831,8.0,3.5,0,8
2020-12-16,102900005118831,5.0,3.5,0,5
2020-12-17,102900005118831,2.0,3.5,0,2
2020-12-18,102900005118831,4.0,3.5,0,4
2020-12-19,102900005118831,6.0,3.5,0,6
2020-12-20,102900005118831,5.0,3.5,0,5
2020-12-21,102900005118831,5.0,3.5,0,5
2020-12-22,102900005118831,5.0,3.5,0,5
2020-12-23,102900005118831,1.0,3.5,0,1
2020-12-24,102900005118831,1.0,3.5,0,1
2020-12-25,102900005118831,9.0,3.5,0,9
2020-12-26,102900005118831,8.0,3.5,0,8
2020-12-27,102900005118831,8.0,3.5,0,8
2020-12-29,102900005118831,6.0,3.5,0,6
2020-12-30,102900005118831,6.0,3.5,0,6
2020-12-31,102900005118831,13.0,3.5,0,13
2021-01-01,102900005118831,11.0,3.5,0,11
2021-01-02,102900005118831,6.0,4.9,0,6
2021-01-03,102900005118831,14.0,4.9,0,14
2021-01-04,102900005118831,5.0,4.9,0,5
2021-01-05,102900005118831,6.0,4.9,0,6
2021-01-06,102900005118831,4.0,4.9,0,4
2021-01-07,102900005118831,8.0,4.9,0,8
2021-01-08,102900005118831,11.0,4.9,0,11
2021-01-09,102900005118831,9.0,4.9,0,9
2021-01-10,102900005118831,9.0,4.9,0,9
2021-01-11,102900005118831,8.0,4.9,0,8
2021-01-12,102900005118831,14.0,4.9,0,14
2021-01-13,102900005118831,6.0,4.9,0,6
2021-01-14,102900005118831,6.0,4.9,0,6
2021-01-15,102900005118831,6.0,5.9,0,6
2021-01-16,102900005118831,16.0,5.9,0,16
2021-01-17,102900005118831,10.0,5.9,0,10
2021-01-18,102900005118831,4.0,5.9,0,4
2021-01-19,102900005118831,3.0,5.9,0,3
2021-01-20,102900005118831,10.0,5.9,0,10
2021-01-21,102900005118831,11.0,5.9,0,11
2021-01-22,102900005118831,7.0,5.9,0,7
2021-01-23,102900005118831,8.0,5.9,0,8
2021-01-24,102900005118831,11.0,5.9,0,11
2021-01-25,102900005118831,9.0,5.9,0,9
2021-01-26,102900005118831,12.0,5.9,0,12
2021-01-27,102900005118831,6.0,6.8,0,6
2021-01-28,102900005118831,8.0,6.8,0,8
2021-01-29,102900005118831,1.0,6.8,0,1
2021-01-30,102900005118831,9.0,6.8,0,9
2020-07-01,102900005119944,0.783,16.0,0,3
2020-07-02,102900005119944,2.254,16.0,0,7
2020-07-03,102900005119944,1.816,16.0,0,8
2020-07-04,102900005119944,1.378,16.0,0,8
2020-07-06,102900005119944,1.202,17.0,0,6
2020-07-07,102900005119944,2.216,17.0,0,6
2020-07-08,102900005119944,1.639,17.0,0,7
2020-07-09,102900005119944,1.543,17.0,0,7
2020-07-10,102900005119944,1.858,17.4,1,10
2020-07-11,102900005119944,2.192,17.0,1,7
2020-07-12,102900005119944,2.108,17.2,1,9
2020-07-13,102900005119944,2.035,18.0,0,9
2020-07-14,102900005119944,1.141,18.0,0,5
2020-07-15,102900005119944,1.875,17.15,1,8
2020-07-16,102900005119944,1.897,18.0,0,11
2020-07-17,102900005119944,2.1079999999999997,17.1,1,7
2020-07-18,102900005119944,1.9529999999999998,15.366666666666667,2,9
2020-07-19,102900005119944,2.315,17.125,3,6
2020-07-20,102900005119944,1.653,18.0,0,9
2020-07-21,102900005119944,1.574,17.2,1,9
2020-07-22,102900005119944,1.774,15.95,1,6
2020-07-23,102900005119944,1.564,16.8,1,7
2020-07-24,102900005119944,2.175,17.3,1,8
2020-07-25,102900005119944,2.103,18.0,0,7
2020-07-26,102900005119944,2.242,11.55,3,6
2020-07-27,102900005119944,2.074,18.0,0,6
2020-07-28,102900005119944,1.6070000000000002,16.85,1,6
2020-07-29,102900005119944,1.487,16.833333333333332,3,4
2020-07-30,102900005119944,1.524,18.0,0,7
2020-07-31,102900005119944,0.846,18.0,0,4
2020-08-01,102900005119944,1.129,18.0,0,5
2020-08-02,102900005119944,1.124,18.0,0,5
2020-08-03,102900005119944,1.475,18.0,0,7
2020-08-04,102900005119944,1.261,18.0,0,6
2020-08-05,102900005119944,2.104,18.0,0,9
2020-08-06,102900005119944,1.212,18.0,0,5
2020-08-07,102900005119944,1.635,18.0,0,10
2020-08-08,102900005119944,1.968,18.0,0,9
2020-08-09,102900005119944,3.498,18.0,0,15
2020-08-10,102900005119944,2.048,18.0,0,12
2020-08-11,102900005119944,2.118,18.0,0,8
2020-08-12,102900005119944,2.253,18.0,0,9
2020-08-13,102900005119944,1.947,18.0,0,12
2020-08-14,102900005119944,2.003,18.0,0,9
2020-08-15,102900005119944,1.5670000000000002,18.0,0,6
2020-08-16,102900005119944,2.203,18.0,0,10
2020-08-17,102900005119944,3.817,18.0,0,14
2020-08-19,102900005119944,1.3010000000000002,18.0,0,5
2020-08-20,102900005119944,2.041,18.0,0,8
2020-08-21,102900005119944,1.974,18.0,0,9
2020-08-22,102900005119944,3.428,18.0,0,16
2020-08-23,102900005119944,1.741,18.0,0,8
2020-08-24,102900005119944,1.77,18.0,0,8
2020-08-25,102900005119944,2.092,18.0,0,9
2020-08-26,102900005119944,1.257,18.0,0,6
2020-08-27,102900005119944,1.641,18.0,0,9
2020-08-28,102900005119944,1.748,18.0,0,7
2020-08-29,102900005119944,1.564,18.0,0,6
2020-08-30,102900005119944,1.814,18.0,0,10
2020-08-31,102900005119944,3.241,18.0,0,16
2020-09-01,102900005119944,1.269,18.0,0,7
2020-09-02,102900005119944,1.891,18.0,0,10
2020-09-03,102900005119944,1.251,18.0,0,7
2020-09-04,102900005119944,2.609,18.0,0,10
2020-09-05,102900005119944,2.5540000000000003,18.0,0,10
2020-09-06,102900005119944,3.656,18.0,0,15
2020-09-07,102900005119944,0.683,18.0,0,4
2020-09-08,102900005119944,2.23,18.0,0,9
2020-09-09,102900005119944,1.04,18.0,0,4
2020-09-10,102900005119944,0.8350000000000001,18.0,0,5
2020-09-11,102900005119944,3.087,18.0,0,12
2020-09-12,102900005119944,1.637,18.0,0,8
2020-09-13,102900005119944,1.507,18.0,0,6
2020-09-14,102900005119944,1.88,18.0,0,7
2020-09-15,102900005119944,1.758,18.0,0,8
2020-09-16,102900005119944,1.347,18.0,0,6
2020-09-17,102900005119944,1.581,18.0,0,8
2020-09-18,102900005119944,1.434,18.0,0,7
2020-09-19,102900005119944,1.885,18.0,0,10
2020-09-20,102900005119944,1.213,18.0,0,5
2020-09-21,102900005119944,1.62,18.0,0,6
2020-09-22,102900005119944,1.569,18.0,0,8
2020-09-23,102900005119944,1.741,18.0,0,10
2020-09-24,102900005119944,1.045,18.0,0,6
2020-09-25,102900005119944,1.247,18.0,0,6
2020-09-26,102900005119944,3.278,18.0,0,13
2020-09-27,102900005119944,1.352,18.0,0,3
2020-09-28,102900005119944,0.595,18.0,0,3
2020-09-29,102900005119944,2.9530000000000003,18.0,0,12
2020-09-30,102900005119944,0.25,18.0,0,1
2020-10-01,102900005119944,2.337,18.0,0,12
2020-10-02,102900005119944,2.92,18.0,0,12
2020-10-03,102900005119944,2.286,18.0,0,10
2020-10-04,102900005119944,2.051,18.0,0,10
2020-10-05,102900005119944,1.442,18.0,0,7
2020-10-06,102900005119944,1.919,18.0,0,7
2020-10-07,102900005119944,1.741,18.0,0,6
2020-10-08,102900005119944,2.079,18.0,0,7
2020-10-09,102900005119944,1.84,18.0,0,8
2020-10-10,102900005119944,1.825,18.0,0,8
2020-10-11,102900005119944,1.596,18.0,0,7
2020-10-12,102900005119944,0.8130000000000001,18.0,0,4
2020-10-13,102900005119944,1.648,18.0,0,10
2020-10-14,102900005119944,1.436,18.0,0,6
2020-10-15,102900005119944,1.847,18.0,0,9
2020-10-16,102900005119944,1.96,18.0,0,8
2020-10-17,102900005119944,2.136,18.0,0,9
2020-10-18,102900005119944,2.045,18.0,0,7
2020-10-19,102900005119944,0.406,18.0,0,3
2020-10-20,102900005119944,1.212,18.0,0,4
2020-12-08,102900005119944,1.001,14.0,0,4
2020-12-09,102900005119944,0.271,14.0,0,2
2020-12-10,102900005119944,0.673,14.0,0,3
2020-12-11,102900005119944,1.631,14.0,0,8
2020-12-12,102900005119944,1.63,14.0,0,6
2020-12-13,102900005119944,1.484,10.0,0,5
2020-12-14,102900005119944,1.487,14.0,0,6
2020-12-15,102900005119944,1.481,14.0,0,6
2020-12-16,102900005119944,0.58,14.0,0,2
2020-12-17,102900005119944,2.504,14.0,0,11
2020-12-18,102900005119944,0.88,14.0,0,2
2020-12-19,102900005119944,0.822,14.0,0,4
2020-12-20,102900005119944,0.779,14.0,0,3
2020-12-21,102900005119944,0.88,14.0,0,5
2020-12-22,102900005119944,0.3429999999999999,14.0,0,2
2020-12-23,102900005119944,1.037,14.0,0,4
2020-12-24,102900005119944,0.987,14.0,0,4
2020-12-25,102900005119944,0.823,14.0,0,3
2020-12-26,102900005119944,0.8440000000000001,14.0,0,3
2020-12-27,102900005119944,0.415,14.0,0,2
2020-12-29,102900005119944,1.081,14.0,0,5
2020-12-30,102900005119944,0.944,14.0,0,4
2020-12-31,102900005119944,1.667,14.0,0,7
2021-01-01,102900005119944,1.673,14.0,0,6
2021-01-02,102900005119944,0.579,14.0,0,2
2021-01-03,102900005119944,1.517,14.0,0,7
2021-01-04,102900005119944,0.322,14.0,0,1
2021-01-05,102900005119944,1.194,14.0,0,4
2021-01-06,102900005119944,0.313,16.0,0,2
2021-01-07,102900005119944,0.863,16.0,0,5
2021-01-08,102900005119944,0.401,16.0,0,2
2021-01-09,102900005119944,1.458,16.0,0,5
2021-01-10,102900005119944,1.564,16.0,0,5
2021-01-11,102900005119944,0.595,16.0,0,2
2021-01-12,102900005119944,0.764,16.0,0,4
2021-01-13,102900005119944,0.3,16.0,0,1
2021-01-14,102900005119944,0.413,16.0,0,2
2021-01-15,102900005119944,0.2809999999999999,16.0,0,2
2021-01-16,102900005119944,1.17,16.0,0,5
2021-01-17,102900005119944,0.8,16.0,0,4
2021-01-18,102900005119944,0.614,16.0,0,3
2021-01-19,102900005119944,0.175,16.0,0,1
2021-01-20,102900005119944,0.833,16.0,0,3
2021-01-21,102900005119944,0.5389999999999999,16.0,0,2
2021-01-22,102900005119944,1.315,16.0,0,4
2021-01-23,102900005119944,1.302,16.0,0,4
2021-01-24,102900005119944,0.163,16.0,0,1
2021-01-25,102900005119944,1.521,16.0,0,6
2021-01-27,102900005119944,0.97,16.0,0,4
2021-01-28,102900005119944,0.063,16.0,0,1
2021-01-29,102900005119944,1.184,16.0,0,6
2021-01-30,102900005119944,1.283,16.0,0,3
