数学建模相关/2023数模国赛C题/运行代码/数据拼合/sales_day_simple.csv
销售日期,单品编码,销量(千克),每日平均销售单价(元/千克),打折数量,原价数量
2020-07-01,102900005119975,22.402,5.0,31,27
2020-07-02,102900005119975,22.549,5.0,25,32
2020-07-03,102900005119975,13.734,5.0,6,35
2020-07-05,102900005119975,55.159,6.0,0,147
2020-07-06,102900005119975,15.903,6.0,0,39
2020-07-07,102900005119975,14.121,5.0,18,13
2020-07-08,102900005119975,18.985,5.5,21,26
2020-07-09,102900005119975,19.198,6.0,0,49
2020-07-10,102900005119975,17.276999999999997,4.966666666666667,2,44
2020-07-11,102900005119975,14.35,5.5,2,34
2020-07-12,102900005119975,13.096,5.66,8,28
2020-07-13,102900005119975,15.786,4.96,8,29
2020-07-14,102900005119975,36.337,5.58,5,89
2020-07-15,102900005119975,15.602,5.433333333333334,2,31
2020-07-16,102900005119975,15.77,5.666666666666667,2,37
2020-07-17,102900005119975,16.789,5.475,4,40
2020-07-18,102900005119975,43.243,3.688888888888889,13,88
2020-07-19,102900005119975,13.55,4.516666666666667,7,30
2020-07-20,102900005119975,46.066,4.325,11,104
2020-07-21,102900005119975,20.183,4.5,2,45
2020-07-22,102900005119975,38.135999999999996,4.357142857142857,27,64
2020-07-23,102900005119975,45.051,3.283333333333333,43,72
2020-07-24,102900005119975,29.817999999999998,3.875,7,66
2020-07-25,102900005119975,15.949,3.875,9,36
2020-07-26,102900005119975,20.887,5.183333333333334,10,47
2020-07-27,102900005119975,13.227,5.3999999999999995,2,32
2020-07-28,102900005119975,11.775,5.5,3,26
2020-07-29,102900005119975,14.818000000000001,5.55,1,35
2020-07-30,102900005119975,32.574,5.3,16,62
2020-07-31,102900005119975,14.017,7.0,0,40
2020-08-01,102900005119975,14.399,6.0,0,37
2020-08-02,102900005119975,15.019,6.0,0,38
2020-08-03,102900005119975,44.662,6.0,0,107
2020-08-04,102900005119975,32.173,6.0,0,78
2020-08-05,102900005119975,28.113,6.0,0,76
2020-08-06,102900005119975,19.671999999999997,5.0,15,30
2020-08-07,102900005119975,30.177,5.0,3,81
2020-08-08,102900005119975,31.605,5.0,0,80
2020-08-09,102900005119975,14.111,5.0,0,36
2020-08-10,102900005119975,12.609,5.0,0,35
2020-08-11,102900005119975,12.668,5.0,0,35
2020-08-12,102900005119975,13.694,5.0,0,32
2020-08-13,102900005119975,11.77,4.6,0,32
2020-08-14,102900005119975,38.198,4.6,0,98
2020-08-15,102900005119975,12.293,4.6,0,36
2020-08-16,102900005119975,14.193,4.6,0,33
2020-08-17,102900005119975,51.062,4.2,5,112
2020-08-18,102900005119975,15.756,4.0,0,33
2020-08-19,102900005119975,12.616,4.0,0,31
2020-08-20,102900005119975,13.896,4.0,0,30
2020-08-21,102900005119975,12.239,4.0,0,32
2020-08-22,102900005119975,14.353,4.0,0,35
2020-08-23,102900005119975,12.208,4.0,0,31
2020-08-24,102900005119975,14.677,4.0,0,31
2020-08-25,102900005119975,12.466,4.0,0,33
2020-08-26,102900005119975,49.081,4.0,0,119
2020-08-27,102900005119975,11.583,4.0,0,29
2020-08-28,102900005119975,12.69,4.0,0,29
2020-08-29,102900005119975,12.865,4.0,0,33
2020-08-30,102900005119975,13.771,4.0,0,33
2020-08-31,102900005119975,7.361,4.0,0,19
2020-09-01,102900005119975,12.714,4.0,0,31
2020-09-02,102900005119975,10.427,4.0,0,25
2020-09-03,102900005119975,29.485,3.5,10,60
2020-09-04,102900005119975,13.013,4.0,0,37
2020-09-05,102900005119975,12.764,4.0,0,34
2020-09-06,102900005119975,14.451,4.0,0,36
2020-09-07,102900005119975,10.582,4.0,0,26
2020-09-08,102900005119975,10.0,4.0,0,24
2020-09-09,102900005119975,9.122,4.0,0,23
2020-09-10,102900005119975,4.95,4.0,0,12
2020-09-11,102900005119975,10.882,4.0,0,29
2020-09-12,102900005119975,9.451,4.0,0,24
2020-09-13,102900005119975,13.459,3.6,0,36
2020-09-14,102900005119975,6.429,3.6,0,16
2020-09-15,102900005119975,7.064,3.6,0,20
2020-09-16,102900005119975,11.448,3.6,0,30
2020-09-17,102900005119975,6.311999999999999,3.6,0,13
2020-09-18,102900005119975,5.754,3.6,0,18
2020-09-19,102900005119975,15.534,3.3,2,32
2020-09-20,102900005119975,6.737,4.0,0,18
2020-09-21,102900005119975,6.434,4.0,0,14
2020-09-22,102900005119975,5.906,4.0,0,14
2020-09-23,102900005119975,5.228,4.0,0,13
2020-09-24,102900005119975,6.533,4.0,0,15
2020-09-25,102900005119975,3.937,3.6,0,10
2020-09-26,102900005119975,6.926,3.6,0,16
2020-10-13,102900005119975,3.856,3.6,0,10
2020-07-01,102900005123880,0.927,12.0,0,3
2020-07-02,102900005123880,1.679,12.0,0,5
2020-07-03,102900005123880,1.369,12.0,0,4
2020-07-04,102900005123880,0.618,12.0,0,2
2020-07-05,102900005123880,0.626,12.0,0,2
2020-07-06,102900005123880,1.127,12.0,0,3
2020-07-07,102900005123880,1.787,12.0,0,5
2020-07-08,102900005123880,0.985,12.0,0,4
2020-07-09,102900005123880,1.252,12.0,0,4
2020-07-11,102900005123880,3.081,11.6,3,7
2020-07-12,102900005123880,1.185,12.0,0,4
2020-07-13,102900005123880,1.654,10.0,0,5
2020-07-14,102900005123880,2.095,10.0,0,5
2020-07-15,102900005123880,0.451,10.0,0,1
2020-07-16,102900005123880,0.6719999999999999,2.5,2,0
2020-07-17,102900005123880,0.732,10.0,0,2
2020-07-18,102900005123880,4.04,9.5,1,11
2020-07-19,102900005123880,3.0069999999999997,9.5,1,6
2020-07-21,102900005123880,1.323,10.0,0,3
2020-07-23,102900005123880,0.421,10.0,0,1
2020-07-24,102900005123880,0.491,10.0,0,1
2020-07-25,102900005123880,0.281,10.0,0,1
2020-07-26,102900005123880,1.586,11.55,1,5
2020-07-27,102900005123880,1.002,12.0,0,2
2020-07-28,102900005123880,0.514,8.0,0,1
2020-07-29,102900005123880,0.426,7.4,1,0
2020-07-30,102900005123880,0.688,16.0,0,1
2020-07-31,102900005123880,0.5389999999999999,16.0,0,2
2020-08-01,102900005123880,1.695,11.25,1,4
2020-08-02,102900005123880,0.391,10.0,0,1
2020-08-03,102900005123880,1.304,10.0,0,4
2020-08-06,102900005123880,0.434,12.0,0,1
2020-08-07,102900005123880,0.241,10.0,0,1
2020-08-08,102900005123880,0.632,10.0,0,2
2020-08-09,102900005123880,1.366,8.0,0,4
2020-08-10,102900005123880,1.028,8.0,0,3
2020-08-11,102900005123880,0.514,8.0,0,1
2020-08-12,102900005123880,1.09,8.0,0,3
2020-08-14,102900005123880,0.313,8.0,0,1
2020-08-15,102900005123880,1.717,8.0,0,6
2020-08-18,102900005123880,0.4509999999999999,8.0,0,2
2020-08-19,102900005123880,0.376,8.0,0,2
2020-08-20,102900005123880,1.442,8.0,0,4
2020-08-21,102900005123880,1.591,8.0,0,4
2020-08-23,102900005123880,1.215,8.0,0,3
2020-08-24,102900005123880,0.451,8.0,0,1
2020-08-26,102900005123880,1.779,8.0,0,4
2020-08-27,102900005123880,1.228,8.0,0,4
2020-08-29,102900005123880,0.389,8.0,0,2
2020-08-30,102900005123880,1.053,8.0,0,3
2020-08-31,102900005123880,0.639,8.0,0,1
2020-09-01,102900005123880,1.065,8.0,0,3
2020-09-02,102900005123880,0.8899999999999999,8.0,0,2
2020-09-03,102900005123880,0.476,8.0,0,1
2020-09-04,102900005123880,0.288,8.0,0,1
2020-09-07,102900005123880,0.772,10.0,0,2
2020-09-09,102900005123880,0.526,12.0,0,2
2020-09-10,102900005123880,1.002,12.0,0,3
2020-09-12,102900005123880,0.434,12.0,0,2
2020-09-13,102900005123880,1.444,12.0,0,3
2020-09-15,102900005123880,2.012,12.0,0,5
2020-09-16,102900005123880,0.935,12.0,0,3
2020-09-17,102900005123880,0.768,12.0,0,2
2020-09-18,102900005123880,0.943,12.0,0,2
2020-09-19,102900005123880,0.367,12.0,0,1
2020-09-20,102900005123880,1.018,12.0,0,3
2020-09-22,102900005123880,1.545,12.0,0,3
2020-09-24,102900005123880,0.236,14.0,0,1
2020-09-25,102900005123880,0.093,14.0,0,1
2020-09-27,102900005123880,0.494,16.0,0,2
2020-09-28,102900005123880,0.6759999999999999,16.0,0,2
2020-09-29,102900005123880,0.313,16.0,0,1
2020-09-30,102900005123880,0.846,16.0,0,3
2020-10-01,102900005123880,2.984,16.0,0,9
2020-10-02,102900005123880,3.242,16.0,0,9
2020-10-03,102900005123880,0.3,16.0,0,1
2020-10-18,102900005123880,0.985,12.0,0,3
2020-10-19,102900005123880,0.351,12.0,0,1
2020-10-20,102900005123880,0.884,12.0,0,3
2020-10-21,102900005123880,0.359,12.0,0,1
2020-10-22,102900005123880,0.326,12.0,0,1
2020-10-23,102900005123880,1.052,12.0,0,4
2020-10-24,102900005123880,1.077,12.0,0,4
2020-10-25,102900005123880,0.551,12.0,0,2
2020-10-26,102900005123880,0.426,12.0,0,2
2020-10-27,102900005123880,0.401,12.0,0,2
2020-10-28,102900005123880,0.401,12.0,0,1
2020-10-29,102900005123880,0.794,12.0,0,3
2020-10-30,102900005123880,0.301,12.0,0,1
2020-10-31,102900005123880,0.877,12.0,0,3
2020-11-01,102900005123880,1.343,12.0,0,6
2020-11-03,102900005123880,1.052,12.0,0,3
2020-11-04,102900005123880,2.288,12.0,0,7
2020-11-05,102900005123880,0.276,12.0,0,1
2020-11-06,102900005123880,1.669,12.0,0,6
2020-11-07,102900005123880,1.027,12.0,0,4
2020-11-08,102900005123880,0.685,12.0,0,2
2020-11-09,102900005123880,0.292,12.0,0,1
2020-11-10,102900005123880,0.742,10.0,0,2
2020-11-11,102900005123880,0.5720000000000001,10.0,0,2
2020-11-12,102900005123880,1.001,10.0,0,5
2020-11-13,102900005123880,0.582,10.0,0,2
2020-11-14,102900005123880,0.762,10.0,0,2
2020-11-15,102900005123880,1.944,10.0,0,5
2020-11-16,102900005123880,0.51,10.0,0,3
2020-11-19,102900005123880,0.471,10.0,0,2
2020-11-20,102900005123880,0.793,10.0,0,3
2020-11-21,102900005123880,0.18,10.0,0,1
2020-11-22,102900005123880,0.231,10.0,0,1
2020-11-27,102900005123880,0.562,10.0,0,2
2020-11-28,102900005123880,0.983,10.0,0,3
2020-11-29,102900005123880,0.983,10.0,0,3
2020-11-30,102900005123880,0.6020000000000001,10.0,0,2
2020-12-01,102900005123880,0.5820000000000001,10.0,0,2
2020-12-02,102900005123880,0.632,10.0,0,2
2020-12-05,102900005123880,1.485,10.0,0,5
2020-12-06,102900005123880,1.234,10.0,0,4
2020-12-08,102900005123880,1.324,10.0,0,4
2020-12-09,102900005123880,0.271,10.0,0,1
2020-12-10,102900005123880,0.883,10.0,0,3
2020-12-11,102900005123880,1.636,12.0,0,6
2020-12-12,102900005123880,1.386,12.0,0,5
2020-12-15,102900005123880,0.276,12.0,0,1
2020-12-16,102900005123880,0.225,12.0,0,1
2020-12-17,102900005123880,0.627,12.0,0,2
2020-12-18,102900005123880,0.843,12.0,0,3
2020-12-19,102900005123880,1.085,12.0,0,4
2020-12-20,102900005123880,0.342,12.0,0,1
2020-12-22,102900005123880,0.6930000000000001,12.0,0,3
2020-12-23,102900005123880,0.652,12.0,0,3
2020-12-24,102900005123880,0.292,12.0,0,1
2020-12-25,102900005123880,1.42,12.0,0,5
2020-12-27,102900005123880,0.451,12.0,0,1
2020-12-28,102900005123880,1.216,14.0,0,4
2020-12-30,102900005123880,0.344,16.0,0,1
2021-01-01,102900005123880,0.52,16.0,0,2
2021-01-05,102900005123880,0.175,16.0,0,1
2021-01-06,102900005123880,0.519,16.0,0,2
2021-01-07,102900005123880,0.988,16.0,0,3
2021-01-08,102900005123880,0.751,16.0,0,2
2021-01-10,102900005123880,1.008,16.0,0,3
2021-01-11,102900005123880,0.313,16.0,0,1
2021-01-13,102900005123880,0.382,16.0,0,1
2021-01-14,102900005123880,0.776,16.0,0,3
2021-01-16,102900005123880,0.432,16.0,0,1
2021-01-17,102900005123880,1.02,16.0,0,3
2021-01-18,102900005123880,1.496,16.0,0,4
2021-01-21,102900005123880,0.744,16.0,0,2
