数学建模相关/2023数模国赛C题/运行代码/数据拼合/sales_day_simple.csv
销售日期,单品编码,销量(千克),每日平均销售单价(元/千克),打折数量,原价数量
2020-07-01,102900005125808,4.383,25.8,0,45
2020-07-02,102900005125808,4.148,25.8,0,44
2020-07-03,102900005125808,3.935,25.8,0,42
2020-07-04,102900005125808,3.4210000000000003,25.8,0,42
2020-07-05,102900005125808,3.699,25.8,0,43
2020-07-06,102900005125808,3.064,25.8,0,38
2020-07-07,102900005125808,2.738,25.8,0,39
2020-07-08,102900005125808,3.165,25.8,0,32
2020-07-09,102900005125808,1.875,25.8,0,31
2020-07-10,102900005125808,3.835,24.266666666666666,3,45
2020-07-11,102900005125808,4.151,22.34,8,32
2020-07-12,102900005125808,5.121,23.5,5,48
2020-07-13,102900005125808,3.457,24.099999999999998,2,26
2020-07-14,102900005125808,2.997,25.8,0,33
2020-07-15,102900005125808,1.188,25.8,0,14
2020-07-16,102900005125808,2.5890000000000004,23.099999999999998,2,20
2020-07-17,102900005125808,2.32,23.46666666666667,2,25
2020-07-18,102900005125808,3.644,23.919999999999998,4,38
2020-07-19,102900005125808,3.107,24.7,5,31
2020-07-20,102900005125808,2.612,19.8,0,26
2020-07-21,102900005125808,2.012,19.05,1,19
2020-07-22,102900005125808,3.675,18.599999999999998,2,34
2020-07-23,102900005125808,3.7159999999999997,19.0,2,31
2020-07-24,102900005125808,3.316,18.4,3,30
2020-07-25,102900005125808,4.2330000000000005,18.2,3,43
2020-07-26,102900005125808,2.802,20.8,3,26
2020-07-27,102900005125808,3.811,20.8,1,41
2020-07-28,102900005125808,2.047,18.633333333333336,2,24
2020-07-29,102900005125808,2.188,12.766666666666666,2,28
2020-07-30,102900005125808,1.802,14.0,0,13
2020-07-31,102900005125808,1.533,14.0,0,19
2020-08-01,102900005125808,3.178,12.833333333333334,2,35
2020-08-02,102900005125808,2.938,14.0,0,36
2020-08-03,102900005125808,3.535,14.0,0,30
2020-08-04,102900005125808,2.44,14.0,0,32
2020-08-05,102900005125808,3.178,14.0,0,32
2020-08-06,102900005125808,2.754,16.0,0,31
2020-08-07,102900005125808,1.855,16.0,0,28
2020-08-08,102900005125808,3.0540000000000003,16.0,0,41
2020-08-09,102900005125808,3.274,12.0,0,31
2020-08-10,102900005125808,3.3600000000000003,12.0,0,33
2020-08-11,102900005125808,2.418,12.0,0,26
2020-08-12,102900005125808,2.442,10.0,0,19
2020-08-13,102900005125808,2.941,10.0,0,30
2020-08-14,102900005125808,2.392,10.0,0,26
2020-08-15,102900005125808,4.173,10.0,0,53
2020-08-16,102900005125808,3.742,10.0,0,40
2020-08-17,102900005125808,3.803,10.0,0,31
2020-08-18,102900005125808,4.654,10.0,0,30
2020-08-19,102900005125808,3.061,8.0,0,25
2020-08-20,102900005125808,3.083,8.0,0,36
2020-08-21,102900005125808,4.25,8.0,0,39
2020-08-22,102900005125808,5.595,10.0,0,41
2020-08-23,102900005125808,4.663,10.0,0,38
2020-08-24,102900005125808,3.052,10.0,0,28
2020-08-25,102900005125808,3.724,10.0,0,32
2020-08-26,102900005125808,2.451,10.0,0,28
2020-08-27,102900005125808,3.342,10.0,0,31
2020-08-28,102900005125808,3.623,10.0,0,33
2020-08-29,102900005125808,2.061,10.0,0,25
2020-08-30,102900005125808,4.032,10.0,0,47
2020-08-31,102900005125808,5.965,8.0,0,47
2020-09-01,102900005125808,3.948,8.0,0,33
2020-09-02,102900005125808,2.946,8.0,0,21
2020-09-03,102900005125808,2.823,10.0,0,26
2020-09-04,102900005125808,3.443,10.0,0,33
2020-09-05,102900005125808,3.358,12.0,0,41
2020-09-06,102900005125808,3.654,12.0,0,42
2020-09-07,102900005125808,2.67,12.0,0,28
2020-09-08,102900005125808,1.511,12.0,0,12
2020-09-09,102900005125808,1.729,12.0,0,20
2020-09-10,102900005125808,2.021,12.0,0,22
2020-09-11,102900005125808,2.17,12.0,0,25
2020-09-12,102900005125808,3.306,12.0,0,33
2020-09-13,102900005125808,1.998,12.0,0,26
2020-09-14,102900005125808,1.546,12.0,0,17
2020-09-15,102900005125808,1.612,12.0,0,17
2020-09-16,102900005125808,1.242,12.0,0,16
2020-09-17,102900005125808,1.244,12.0,0,24
2020-09-18,102900005125808,1.353,12.0,0,15
2020-09-19,102900005125808,2.632,12.0,0,30
2020-09-20,102900005125808,3.464,12.0,0,35
2020-09-21,102900005125808,2.048,12.0,0,25
2020-09-22,102900005125808,1.787,12.0,0,18
2020-09-23,102900005125808,1.744,12.0,0,23
2020-09-24,102900005125808,1.713,12.0,0,15
2020-09-25,102900005125808,1.738,12.0,0,18
2020-09-26,102900005125808,1.486,12.0,0,19
2020-09-27,102900005125808,1.612,14.0,0,22
2020-09-28,102900005125808,0.538,14.0,0,8
2020-09-29,102900005125808,3.322,12.0,0,34
2020-09-30,102900005125808,3.256,12.0,0,34
2020-10-01,102900005125808,3.254,12.0,0,37
2020-10-02,102900005125808,2.398,14.0,0,30
2020-10-03,102900005125808,3.632,16.0,0,32
2020-10-04,102900005125808,3.5,16.0,0,37
2020-10-05,102900005125808,1.923,16.0,0,23
2020-10-06,102900005125808,1.964,18.0,0,15
2020-10-07,102900005125808,3.966,18.0,0,34
2020-10-08,102900005125808,2.82,19.8,0,25
2020-10-09,102900005125808,2.286,19.8,0,24
2020-10-10,102900005125808,2.037,18.0,0,22
2020-10-11,102900005125808,1.981,18.0,0,24
2020-10-12,102900005125808,1.738,18.0,0,16
2020-10-13,102900005125808,3.272,18.0,0,26
2020-10-14,102900005125808,2.347,18.0,0,23
2020-10-15,102900005125808,1.738,18.0,0,22
2020-10-16,102900005125808,1.275,18.0,0,19
2020-10-17,102900005125808,2.249,18.0,0,26
2020-10-18,102900005125808,3.446,18.0,0,30
2020-10-19,102900005125808,0.7070000000000001,19.8,0,11
2020-10-20,102900005125808,2.183,19.8,0,16
2020-10-21,102900005125808,2.82,23.8,0,25
2020-10-22,102900005125808,1.538,27.8,0,12
2020-10-23,102900005125808,1.77,29.8,0,19
2020-10-24,102900005125808,2.327,29.8,0,28
2020-10-25,102900005125808,2.206,29.8,0,25
2020-10-26,102900005125808,1.446,29.8,0,12
2020-10-27,102900005125808,1.158,29.8,0,13
2020-10-28,102900005125808,2.131,29.8,0,19
2020-10-29,102900005125808,1.054,29.8,0,15
2020-10-30,102900005125808,2.112,29.8,0,24
2020-10-31,102900005125808,2.454,29.8,0,26
2020-11-01,102900005125808,2.694,29.8,0,26
2020-11-02,102900005125808,2.064,33.8,0,18
2020-11-03,102900005125808,1.725,33.8,0,15
2020-11-04,102900005125808,2.084,33.8,0,20
2020-11-05,102900005125808,1.638,33.8,0,13
2020-11-06,102900005125808,1.512,33.8,0,15
2020-11-07,102900005125808,2.665,33.8,0,30
2020-11-08,102900005125808,2.918,33.8,0,27
2020-11-09,102900005125808,1.288,33.8,0,17
2020-11-10,102900005125808,1.314,33.8,0,13
2020-11-11,102900005125808,1.308,33.8,0,12
2020-11-12,102900005125808,1.198,33.8,0,15
2020-11-13,102900005125808,1.229,33.8,0,15
2020-11-14,102900005125808,3.057,33.8,0,36
2020-11-15,102900005125808,1.846,33.8,0,21
2020-11-16,102900005125808,1.711,33.8,0,13
2020-11-17,102900005125808,0.716,33.8,0,8
2020-11-18,102900005125808,2.292,33.8,0,23
2020-11-19,102900005125808,1.164,33.8,0,16
2020-11-20,102900005125808,1.862,33.8,0,21
2020-11-21,102900005125808,2.483,33.8,0,29
2020-11-22,102900005125808,1.972,33.8,0,24
2020-11-23,102900005125808,1.096,33.8,0,15
2020-11-24,102900005125808,1.225,33.8,0,16
2020-11-25,102900005125808,1.036,33.8,0,16
2020-11-26,102900005125808,1.467,33.8,0,17
2020-11-27,102900005125808,1.423,33.8,0,14
2020-11-28,102900005125808,1.056,33.8,0,15
2020-11-29,102900005125808,2.524,33.8,0,21
2020-11-30,102900005125808,1.378,33.8,0,13
2020-12-02,102900005125808,1.163,33.8,0,10
2020-12-03,102900005125808,1.548,33.8,0,12
2020-12-04,102900005125808,1.204,39.8,0,15
2020-12-05,102900005125808,1.959,39.8,0,19
2020-12-06,102900005125808,1.917,49.8,0,20
2020-12-07,102900005125808,1.437,55.8,0,15
2020-12-08,102900005125808,1.641,55.8,0,12
2020-12-09,102900005125808,1.424,55.8,0,10
2020-12-10,102900005125808,1.812,55.8,0,12
2020-12-11,102900005125808,1.198,55.8,0,10
2020-12-12,102900005125808,2.961,55.8,0,20
2020-12-13,102900005125808,2.05,55.8,0,13
2020-12-14,102900005125808,2.808,55.8,0,21
2020-12-15,102900005125808,1.796,59.8,0,13
2020-12-16,102900005125808,1.719,59.8,0,13
2020-12-17,102900005125808,1.369,59.8,0,11
2020-12-18,102900005125808,1.547,59.8,0,14
2020-12-19,102900005125808,2.597,59.8,0,21
2020-12-20,102900005125808,2.678,59.8,0,22
2020-12-21,102900005125808,1.366,59.8,0,13
2020-12-22,102900005125808,0.986,59.8,0,9
2020-12-23,102900005125808,1.603,59.8,0,15
2020-12-24,102900005125808,1.306,59.8,0,10
2020-12-25,102900005125808,1.618,59.8,0,12
2020-12-26,102900005125808,3.54,59.8,0,26
2020-12-27,102900005125808,2.131,59.8,0,18
2020-12-28,102900005125808,1.588,59.8,0,12
2020-12-29,102900005125808,1.854,59.8,0,14
2020-12-30,102900005125808,1.27,59.8,0,10
2020-12-31,102900005125808,2.326,59.8,0,17
2021-01-01,102900005125808,2.239,59.8,0,19
2021-01-02,102900005125808,1.304,59.8,0,11
2021-01-03,102900005125808,1.415,59.8,0,11
2021-01-04,102900005125808,1.873,59.8,0,13
2021-01-05,102900005125808,1.188,69.8,0,9
2021-01-06,102900005125808,0.979,69.8,0,8
2021-01-07,102900005125808,1.384,69.8,0,11
2021-01-08,102900005125808,0.72,69.8,0,5
2021-01-09,102900005125808,0.878,69.8,0,6
2021-01-10,102900005125808,2.091,69.8,0,18
2021-01-11,102900005125808,1.867,69.8,0,14
2021-01-12,102900005125808,1.143,69.8,0,9
2021-01-13,102900005125808,1.376,69.8,0,12
2021-01-14,102900005125808,1.869,69.8,0,13
2021-01-15,102900005125808,1.033,79.8,0,7
2021-01-16,102900005125808,2.051,69.8,0,16
2021-01-17,102900005125808,2.492,65.8,0,19
2021-01-18,102900005125808,1.58,59.8,0,11
2021-01-19,102900005125808,1.338,69.8,0,9
2021-01-20,102900005125808,2.082,69.8,0,12
2021-01-21,102900005125808,1.656,69.8,0,11
2021-01-22,102900005125808,1.156,69.8,0,9
2021-01-23,102900005125808,2.472,69.8,0,17
2021-01-24,102900005125808,2.439,69.8,0,17
2021-01-25,102900005125808,1.693,69.8,0,13
2021-01-26,102900005125808,2.399,69.8,0,17
2021-01-27,102900005125808,2.631,69.8,0,19
2021-01-28,102900005125808,2.417,69.8,0,17
2021-01-29,102900005125808,1.428,69.8,0,11
2021-01-30,102900005125808,2.378,69.8,0,17
