数学建模相关/2023数模国赛C题/运行代码/数据拼合/sales_day_simple.csv
销售日期,单品编码,销量(千克),每日平均销售单价(元/千克),打折数量,原价数量
2020-07-01,102900005125815,11.888,10.0,0,37
2020-07-02,102900005125815,10.164,10.0,0,32
2020-07-03,102900005125815,9.444,10.0,0,29
2020-07-04,102900005125815,13.054,10.0,0,42
2020-07-05,102900005125815,14.044,10.0,0,49
2020-07-06,102900005125815,9.012,10.0,0,30
2020-07-07,102900005125815,13.453000000000001,9.65,1,42
2020-07-08,102900005125815,12.148,10.0,0,35
2020-07-09,102900005125815,10.299,10.0,0,31
2020-07-10,102900005125815,11.479000000000001,9.533333333333333,2,32
2020-07-11,102900005125815,13.952,9.48,4,46
2020-07-12,102900005125815,19.148,9.266666666666667,7,49
2020-07-13,102900005125815,12.641,9.666666666666666,2,41
2020-07-14,102900005125815,10.629999999999999,10.120000000000001,4,31
2020-07-15,102900005125815,14.227,11.175,3,38
2020-07-16,102900005125815,10.676,10.9,2,30
2020-07-17,102900005125815,11.403,11.175,3,36
2020-07-18,102900005125815,14.208,10.8375,8,38
2020-07-19,102900005125815,17.231,11.028571428571428,6,44
2020-07-20,102900005125815,11.828,10.985714285714286,6,37
2020-07-21,102900005125815,11.28,11.059999999999999,4,31
2020-07-22,102900005125815,18.596,7.816666666666666,7,49
2020-07-23,102900005125815,14.488,9.533333333333333,2,44
2020-07-24,102900005125815,12.518,9.1,4,37
2020-07-25,102900005125815,15.179,9.14,8,42
2020-07-26,102900005125815,15.396999999999998,7.8,7,34
2020-07-27,102900005125815,11.517,9.0625,11,30
2020-07-28,102900005125815,6.874,10.0,0,22
2020-07-29,102900005125815,14.294,8.459999999999999,5,42
2020-07-30,102900005125815,11.155,9.166666666666666,2,33
2020-07-31,102900005125815,11.799,10.0,0,32
2020-08-01,102900005125815,12.782,9.233333333333334,3,40
2020-08-02,102900005125815,14.169,10.0,0,47
2020-08-03,102900005125815,9.634,9.0,9,23
2020-08-04,102900005125815,11.357,10.0,0,38
2020-08-05,102900005125815,13.257,10.0,0,45
2020-08-06,102900005125815,11.856,10.0,0,42
2020-08-07,102900005125815,12.902,10.0,0,42
2020-08-08,102900005125815,14.157,10.0,0,47
2020-08-09,102900005125815,10.972,10.0,0,32
2020-08-10,102900005125815,8.674,10.0,0,26
2020-08-11,102900005125815,10.97,10.0,0,39
2020-08-12,102900005125815,11.578,10.0,0,37
2020-08-13,102900005125815,9.883,10.0,0,33
2020-08-14,102900005125815,11.595,10.0,0,38
2020-08-15,102900005125815,10.046,10.0,0,32
2020-08-16,102900005125815,12.184,10.0,0,40
2020-08-17,102900005125815,10.784,10.0,0,36
2020-08-18,102900005125815,11.247,10.0,0,38
2020-08-19,102900005125815,11.94,10.0,0,41
2020-08-20,102900005125815,11.896,10.0,0,36
2020-08-21,102900005125815,11.865,10.0,0,41
2020-08-22,102900005125815,11.789,10.0,0,43
2020-08-23,102900005125815,10.926,10.0,0,36
2020-08-24,102900005125815,9.553,10.0,0,25
2020-08-25,102900005125815,11.007,10.0,0,36
2020-08-26,102900005125815,12.03,10.0,0,37
2020-08-27,102900005125815,11.414,10.0,0,32
2020-08-28,102900005125815,9.441,10.0,0,25
2020-08-29,102900005125815,10.145,10.0,0,35
2020-08-30,102900005125815,11.598,10.0,0,35
2020-08-31,102900005125815,11.58,10.0,0,35
2020-09-01,102900005125815,11.173,12.0,0,31
2020-09-02,102900005125815,7.431,12.0,0,23
2020-09-03,102900005125815,7.946,12.0,0,28
2020-09-04,102900005125815,11.002,12.0,0,30
2020-09-05,102900005125815,8.689,12.0,0,26
2020-09-06,102900005125815,12.567,12.0,0,40
2020-09-07,102900005125815,9.316,12.0,0,30
2020-09-08,102900005125815,9.193,12.0,0,25
2020-09-09,102900005125815,6.863,12.0,0,21
2020-09-10,102900005125815,9.424,12.0,0,25
2020-09-11,102900005125815,6.972,12.0,0,21
2020-09-12,102900005125815,12.432,12.0,0,35
2020-09-13,102900005125815,11.697,12.0,0,31
2020-09-14,102900005125815,7.591,12.0,0,25
2020-09-15,102900005125815,7.629,12.0,0,22
2020-09-16,102900005125815,6.387,12.0,0,20
2020-09-17,102900005125815,5.853,12.0,0,17
2020-09-18,102900005125815,3.666,12.0,0,14
2020-09-19,102900005125815,7.272,12.0,0,23
2020-09-20,102900005125815,9.214,14.0,0,35
2020-09-21,102900005125815,7.133,14.0,0,27
2020-09-22,102900005125815,2.741,14.0,0,10
2020-09-23,102900005125815,4.446,14.0,0,17
2020-09-24,102900005125815,5.394,14.0,0,16
2020-09-25,102900005125815,4.902,14.0,0,12
2020-09-26,102900005125815,6.681,14.0,0,23
2020-09-27,102900005125815,5.344,14.0,0,19
2020-09-28,102900005125815,4.25,14.0,0,14
2020-09-29,102900005125815,1.796,14.0,0,5
2020-09-30,102900005125815,6.123,14.0,0,20
2020-10-01,102900005125815,6.772,12.0,0,22
2020-10-02,102900005125815,4.591,12.0,0,14
2020-10-03,102900005125815,4.86,12.0,0,14
2020-10-04,102900005125815,6.493,12.0,0,21
2020-10-05,102900005125815,5.927,12.0,0,16
2020-10-06,102900005125815,5.46,12.0,0,18
2020-10-07,102900005125815,2.128,12.0,0,8
2020-10-08,102900005125815,6.328,12.0,0,19
2020-10-09,102900005125815,3.547,12.0,0,11
2020-10-10,102900005125815,3.59,12.0,0,13
2020-10-11,102900005125815,5.052,12.0,0,16
2020-10-12,102900005125815,1.821,12.0,0,7
2020-10-13,102900005125815,4.167,12.0,0,14
2020-10-14,102900005125815,3.841,12.0,0,14
2020-10-15,102900005125815,4.183,12.0,0,13
2020-10-16,102900005125815,2.155,12.0,0,8
2020-10-17,102900005125815,5.601,11.0,0,19
2020-10-18,102900005125815,5.384,11.0,0,18
2020-10-19,102900005125815,4.681,11.0,0,15
2020-10-20,102900005125815,1.029,11.0,0,3
2020-10-21,102900005125815,3.55,10.0,0,11
2020-10-22,102900005125815,2.787,10.0,0,8
2020-10-23,102900005125815,7.005,10.0,0,19
2020-10-24,102900005125815,3.851,10.0,0,11
2020-10-25,102900005125815,4.999,10.0,0,16
2020-10-26,102900005125815,3.987,10.0,0,14
2020-10-27,102900005125815,2.308,10.0,0,9
2020-10-28,102900005125815,2.713,12.0,0,8
2020-10-29,102900005125815,3.741,12.0,0,11
2020-10-30,102900005125815,2.396,10.0,0,10
2020-10-31,102900005125815,4.371,10.0,0,16
2020-11-01,102900005125815,4.209,10.0,0,12
2020-11-02,102900005125815,2.515,10.0,0,8
2020-11-03,102900005125815,1.1829999999999998,10.0,0,5
2020-11-04,102900005125815,1.713,10.0,0,6
2020-11-05,102900005125815,2.395,10.0,0,9
2020-11-06,102900005125815,3.037,10.0,0,13
2020-11-07,102900005125815,2.706,10.0,0,10
2020-11-08,102900005125815,3.837,10.0,0,13
2020-11-09,102900005125815,1.504,10.0,0,5
2020-11-10,102900005125815,2.748,10.0,0,9
2020-11-11,102900005125815,2.647,10.0,0,8
2020-11-12,102900005125815,2.587,10.0,0,11
2020-11-13,102900005125815,2.085,10.0,0,7
2020-11-14,102900005125815,2.086,10.0,0,8
2020-11-15,102900005125815,1.613,10.0,0,7
2020-11-16,102900005125815,2.004,10.0,0,8
2020-11-17,102900005125815,2.065,10.0,0,8
2020-11-18,102900005125815,3.348,10.0,0,12
2020-11-19,102900005125815,4.149,10.0,0,10
2020-11-20,102900005125815,1.534,10.0,0,6
2020-11-21,102900005125815,3.93,10.0,0,14
2020-11-22,102900005125815,4.731,10.0,0,11
2020-11-23,102900005125815,3.907,10.0,0,16
2020-11-24,102900005125815,3.606,10.0,0,13
2020-11-25,102900005125815,1.592,8.0,0,7
2020-11-26,102900005125815,1.792,8.0,0,6
2020-11-27,102900005125815,1.993,8.0,0,7
2020-11-28,102900005125815,2.857,8.0,0,8
2020-11-29,102900005125815,4.7,8.0,0,13
2020-11-30,102900005125815,1.416,8.0,0,5
2020-12-01,102900005125815,1.692,8.0,0,6
2020-12-02,102900005125815,1.717,8.0,0,5
2020-12-03,102900005125815,1.971,9.0,0,6
2020-12-04,102900005125815,1.404,9.0,0,6
2020-12-05,102900005125815,2.094,9.0,0,6
2020-12-06,102900005125815,4.422000000000001,9.0,0,13
2020-12-07,102900005125815,2.406,9.0,0,6
2020-12-08,102900005125815,2.863,9.0,0,9
2020-12-09,102900005125815,1.237,9.0,0,5
2020-12-10,102900005125815,4.08,10.0,0,13
2020-12-11,102900005125815,3.058,10.0,0,10
2020-12-12,102900005125815,2.605,10.0,0,8
2020-12-13,102900005125815,2.537,10.0,0,9
2020-12-14,102900005125815,3.931,10.0,0,13
2020-12-15,102900005125815,2.787,10.0,0,10
2020-12-16,102900005125815,2.856,10.0,0,9
2020-12-17,102900005125815,3.228,10.0,0,9
2020-12-18,102900005125815,1.763,10.0,0,7
2020-12-19,102900005125815,3.628,10.0,0,14
2020-12-20,102900005125815,3.458,10.0,0,10
2020-12-21,102900005125815,0.872,10.0,0,2
2020-12-22,102900005125815,1.382,10.0,0,5
2020-12-23,102900005125815,2.284,10.0,0,9
2020-12-24,102900005125815,3.319,10.0,0,11
2020-12-25,102900005125815,2.324,10.0,0,8
2020-12-26,102900005125815,4.2490000000000006,10.0,0,13
2020-12-27,102900005125815,4.051,10.0,0,14
2020-12-28,102900005125815,3.109,10.0,0,9
2020-12-29,102900005125815,2.245,10.0,0,8
2020-12-30,102900005125815,2.526,10.0,0,8
2020-12-31,102900005125815,3.578,10.0,0,8
2021-01-01,102900005125815,2.505,10.0,0,9
2021-01-02,102900005125815,3.027,10.0,0,9
2021-01-03,102900005125815,3.5170000000000003,10.0,0,9
2021-01-04,102900005125815,1.833,10.0,0,7
2021-01-05,102900005125815,2.596,10.0,0,8
2021-01-06,102900005125815,4.13,10.0,0,16
2021-01-07,102900005125815,3.267,10.0,0,9
2021-01-08,102900005125815,3.007,10.0,0,11
2021-01-09,102900005125815,4.542,10.0,0,10
2021-01-10,102900005125815,3.358,10.0,0,11
2021-01-11,102900005125815,4.352,10.0,0,12
2021-01-12,102900005125815,3.78,10.0,0,12
2021-01-13,102900005125815,3.498,10.0,0,12
2021-01-14,102900005125815,2.1870000000000003,10.0,0,8
2021-01-15,102900005125815,4.931,10.0,0,14
2021-01-16,102900005125815,2.415,10.0,0,6
2021-01-17,102900005125815,4.42,10.0,0,13
2021-01-18,102900005125815,4.151,10.0,0,13
2021-01-19,102900005125815,3.5380000000000003,10.0,0,10
2021-01-20,102900005125815,3.969,10.0,0,15
2021-01-21,102900005125815,2.628,10.0,0,8
2021-01-22,102900005125815,2.916,10.0,0,10
2021-01-23,102900005125815,5.261,10.0,0,14
2021-01-24,102900005125815,4.479,10.0,0,13
2021-01-25,102900005125815,3.781,10.0,0,12
2021-01-26,102900005125815,3.739,10.0,0,14
2021-01-27,102900005125815,2.908,12.0,0,10
2021-01-28,102900005125815,2.841,12.0,0,10
2021-01-29,102900005125815,3.331,12.0,0,9
2021-01-30,102900005125815,3.581,12.0,0,12
2020-07-01,102900011001219,1.953,14.0,0,7
2020-07-02,102900011001219,1.394,12.0,0,4
2020-07-03,102900011001219,2.239,14.0,0,7
2020-07-04,102900011001219,0.945,14.0,0,3
2020-07-05,102900011001219,1.282,16.0,0,4
2020-07-06,102900011001219,1.234,18.0,0,3
2020-07-07,102900011001219,1.374,18.0,0,4
2020-07-08,102900011001219,1.859,18.0,0,7
2020-07-09,102900011001219,0.156,18.0,0,1
2020-07-11,102900011001219,1.613,18.0,0,6
2020-07-12,102900011001219,1.275,17.65,1,5
2020-07-13,102900011001219,0.718,19.8,0,3
2020-07-14,102900011001219,1.385,19.05,1,4
2020-07-15,102900011001219,0.6920000000000001,19.8,0,3
2020-07-16,102900011001219,1.934,19.8,0,7
2020-07-17,102900011001219,3.9010000000000002,18.3,2,10
2020-07-18,102900011001219,2.848,18.0,0,9
2020-07-19,102900011001219,0.223,18.0,0,1
2020-07-20,102900011001219,0.924,18.0,0,2
2020-07-21,102900011001219,0.512,18.0,0,1
2020-07-22,102900011001219,2.593,17.133333333333333,2,7
2020-07-23,102900011001219,0.267,18.0,0,1
2020-07-25,102900011001219,2.57,16.85,1,5
2020-07-26,102900011001219,2.714,16.466666666666665,2,5
2020-07-27,102900011001219,0.45,18.0,0,2
2020-07-28,102900011001219,0.623,16.8,1,1
2020-07-29,102900011001219,1.536,18.0,0,4
2020-07-30,102900011001219,0.228,18.0,0,1
2020-07-31,102900011001219,0.234,18.0,0,1
2020-08-01,102900011001219,1.7469999999999999,16.9,1,5
2020-08-02,102900011001219,1.135,18.0,0,3
2020-08-03,102900011001219,1.185,18.0,0,4
2020-08-04,102900011001219,1.527,16.0,0,4
2020-08-06,102900011001219,0.119,16.0,0,1
2020-08-07,102900011001219,1.765,16.0,0,6
2020-08-08,102900011001219,1.083,16.0,0,3
2020-08-09,102900011001219,0.707,16.0,0,2
2020-08-10,102900011001219,0.519,16.0,0,1
2020-08-11,102900011001219,2.234,16.0,0,4
2020-08-12,102900011001219,1.232,16.0,0,3
2020-08-13,102900011001219,1.547,16.0,0,5
2020-08-14,102900011001219,1.44,16.0,0,3
2020-08-15,102900011001219,0.832,16.0,0,2
2020-08-16,102900011001219,0.169,16.0,0,1
2020-08-17,102900011001219,0.8160000000000001,14.0,0,2
2020-08-18,102900011001219,0.601,14.0,0,1
2020-08-20,102900011001219,0.7929999999999999,12.0,0,2
2020-08-21,102900011001219,1.173,10.0,0,3
2020-08-22,102900011001219,0.21,10.0,0,1
2020-08-23,102900011001219,1.142,10.0,0,4
2020-08-24,102900011001219,0.972,10.0,0,2
2020-08-25,102900011001219,0.982,10.0,0,3
2020-08-26,102900011001219,0.752,10.0,0,2
2020-08-27,102900011001219,0.912,10.0,0,3
2020-08-28,102900011001219,0.6120000000000001,10.0,0,2
2020-08-29,102900011001219,1.212,10.0,0,4
2020-08-30,102900011001219,0.821,10.0,0,3
2020-08-31,102900011001219,0.983,10.0,0,3
2020-09-01,102900011001219,2.115,10.0,0,4
2020-09-02,102900011001219,0.361,10.0,0,1
2020-09-03,102900011001219,0.7210000000000001,10.0,0,2
2020-09-04,102900011001219,0.742,10.0,0,2
2020-09-06,102900011001219,0.329,14.0,0,1
2020-09-08,102900011001219,0.382,16.0,0,1
2020-09-09,102900011001219,0.482,16.0,0,1
2020-09-10,102900011001219,1.439,16.0,0,3
2020-09-13,102900011001219,2.204,18.0,0,6
2020-09-14,102900011001219,1.09,18.0,0,3
2020-09-16,102900011001219,0.7669999999999999,18.0,0,2
2020-09-17,102900011001219,1.023,18.0,0,3
2020-09-18,102900011001219,0.662,18.0,0,2
2020-09-19,102900011001219,0.334,18.0,0,1
2020-09-20,102900011001219,0.623,18.0,0,2
2020-09-21,102900011001219,0.901,18.0,0,3
2020-09-22,102900011001219,0.723,18.0,0,2
2020-09-23,102900011001219,0.929,18.0,0,3
2020-09-24,102900011001219,0.306,18.0,0,1
2020-09-25,102900011001219,0.751,18.0,0,3
2020-09-26,102900011001219,1.307,18.0,0,4
2020-09-27,102900011001219,0.373,18.0,0,1
2020-09-28,102900011001219,0.639,18.0,0,2
2020-09-29,102900011001219,0.334,18.0,0,1
2020-09-30,102900011001219,1.169,18.0,0,6
2020-10-01,102900011001219,0.5840000000000001,18.0,0,2
2020-10-02,102900011001219,1.563,18.0,0,5
2020-10-03,102900011001219,0.245,18.0,0,1
2020-10-04,102900011001219,0.984,18.0,0,3
2020-10-05,102900011001219,0.562,18.0,0,2
2020-10-06,102900011001219,0.745,18.0,0,2
2020-10-07,102900011001219,2.326,18.0,0,6
2020-10-08,102900011001219,1.282,19.8,0,3
2020-10-09,102900011001219,0.328,19.8,0,1
2020-10-10,102900011001219,0.283,19.8,0,1
2020-10-11,102900011001219,2.287,18.0,0,7
2020-10-12,102900011001219,0.389,18.0,0,1
2020-10-13,102900011001219,0.591,19.8,0,2
2020-10-14,102900011001219,1.535,19.8,0,4
2020-10-15,102900011001219,0.828,19.8,0,3
2020-10-16,102900011001219,0.248,25.8,0,1
2020-10-17,102900011001219,0.7939999999999999,25.8,0,3
2020-10-19,102900011001219,0.663,25.8,0,2
2020-10-21,102900011001219,0.468,27.8,0,1
2020-10-23,102900011001219,0.503,29.8,0,2
2020-10-24,102900011001219,0.632,29.8,0,3
2020-10-25,102900011001219,0.443,29.8,0,1
2020-10-26,102900011001219,0.5700000000000001,29.8,0,2
2020-10-27,102900011001219,0.275,29.8,0,1
2020-10-29,102900011001219,0.13,33.8,0,1
2020-10-30,102900011001219,0.657,33.8,0,2
2020-10-31,102900011001219,0.298,25.8,0,1
2020-11-01,102900011001219,0.601,27.8,0,2
2020-11-05,102900011001219,0.802,27.8,0,3
2020-11-06,102900011001219,0.345,27.8,0,1
2020-11-07,102900011001219,0.977,21.8,0,3
2020-11-08,102900011001219,0.669,21.8,0,2
2020-11-09,102900011001219,0.825,21.8,0,3
2020-11-10,102900011001219,0.188,21.8,0,1
2020-11-11,102900011001219,1.714,21.8,0,5
2020-11-12,102900011001219,0.422,21.8,0,1
2020-11-13,102900011001219,0.667,19.8,0,2
2020-11-14,102900011001219,0.914,19.8,0,3
2020-11-15,102900011001219,1.403,19.8,0,6
2020-11-16,102900011001219,0.389,19.8,0,1
2020-11-17,102900011001219,0.343,19.8,0,1
2020-11-18,102900011001219,0.8440000000000001,19.8,0,2
2020-11-19,102900011001219,0.975,19.8,0,3
2020-11-20,102900011001219,0.783,19.8,0,3
2020-11-21,102900011001219,0.525,19.8,0,2
2020-11-22,102900011001219,1.536,19.8,0,5
2020-11-23,102900011001219,1.243,19.8,0,4
2020-11-24,102900011001219,0.546,19.8,0,2
2020-11-25,102900011001219,0.581,19.8,0,2
2020-11-26,102900011001219,0.162,19.8,0,1
2020-11-27,102900011001219,0.354,19.8,0,1
2020-11-28,102900011001219,0.889,16.0,0,3
2020-11-30,102900011001219,0.35,16.0,0,1
2020-12-01,102900011001219,0.313,16.0,0,1
2020-12-02,102900011001219,0.576,16.0,0,2
2020-12-04,102900011001219,0.419,16.0,0,1
2020-12-05,102900011001219,0.8260000000000001,16.0,0,3
2020-12-06,102900011001219,1.327,16.0,0,4
2020-12-07,102900011001219,0.745,16.0,0,2
2020-12-08,102900011001219,0.476,16.0,0,1
2020-12-09,102900011001219,0.688,16.0,0,3
2020-12-10,102900011001219,1.339,16.0,0,4
2020-12-11,102900011001219,1.526,16.0,0,5
2020-12-13,102900011001219,1.527,16.0,0,4
2020-12-15,102900011001219,1.252,16.0,0,3
2020-12-16,102900011001219,1.02,16.0,0,3
2020-12-17,102900011001219,1.264,16.0,0,3
2020-12-18,102900011001219,1.22,16.0,0,3
2020-12-19,102900011001219,0.782,16.0,0,2
2020-12-20,102900011001219,0.959,14.0,0,3
2020-12-21,102900011001219,0.794,14.0,0,2
2020-12-22,102900011001219,0.802,14.0,0,2
2020-12-23,102900011001219,1.659,14.0,0,4
2020-12-24,102900011001219,1.603,16.0,0,4
2020-12-25,102900011001219,2.166,16.0,0,6
2020-12-26,102900011001219,1.684,16.0,0,4
2020-12-27,102900011001219,1.759,16.0,0,5
2020-12-28,102900011001219,1.264,16.0,0,3
2020-12-30,102900011001219,0.976,16.0,0,2
2020-12-31,102900011001219,2.003,16.0,0,5
2021-01-01,102900011001219,1.845,16.0,0,5
2021-01-02,102900011001219,1.565,16.0,0,4
2021-01-03,102900011001219,1.652,16.0,0,4
2021-01-04,102900011001219,0.45,16.0,0,2
2021-01-05,102900011001219,0.857,16.0,0,2
2021-01-06,102900011001219,0.951,16.0,0,3
2021-01-07,102900011001219,1.076,16.0,0,3
2021-01-08,102900011001219,1.277,16.0,0,4
2021-01-09,102900011001219,2.935,16.0,0,8
2021-01-10,102900011001219,0.595,16.0,0,2
2021-01-11,102900011001219,1.96,16.0,0,5
2021-01-13,102900011001219,1.896,16.0,0,5
2021-01-14,102900011001219,0.757,16.0,0,2
2021-01-15,102900011001219,0.432,16.0,0,1
2021-01-16,102900011001219,2.181,18.0,0,6
2021-01-17,102900011001219,2.242,18.0,0,6
2021-01-18,102900011001219,2.771,18.0,0,7
2021-01-19,102900011001219,2.408,18.0,0,6
2021-01-20,102900011001219,1.692,18.0,0,5
2021-01-21,102900011001219,1.613,18.0,0,4
2021-01-30,102900011001219,0.193,23.8,0,1
