数学建模相关/2023数模国赛C题/运行代码/数据拼合/sales_day_simple.csv
销售日期,单品编码,销量(千克),每日平均销售单价(元/千克),打折数量,原价数量
2020-07-01,102900011006948,2.623,16.0,0,9
2020-07-02,102900011006948,0.857,16.0,0,2
2020-07-03,102900011006948,2.09,16.0,0,7
2020-07-06,102900011006948,5.682,15.8,1,14
2020-07-07,102900011006948,3.416,16.0,0,9
2020-07-08,102900011006948,1.146,18.0,0,3
2020-07-09,102900011006948,1.123,18.0,0,4
2020-07-10,102900011006948,0.835,18.0,0,2
2020-07-11,102900011006948,6.603,15.6,1,17
2020-07-12,102900011006948,2.376,18.0,0,7
2020-08-02,102900011006948,3.793,19.8,0,10
2020-08-03,102900011006948,3.244,19.8,0,10
2020-08-04,102900011006948,1.642,19.8,0,6
2020-08-05,102900011006948,1.414,19.8,0,5
2020-08-06,102900011006948,2.302,19.8,0,7
2020-08-07,102900011006948,3.565,19.8,0,8
2020-08-08,102900011006948,2.964,19.8,0,8
2020-08-09,102900011006948,3.338,19.8,0,11
2020-08-10,102900011006948,2.344,21.8,0,5
2020-08-11,102900011006948,1.7269999999999999,17.9,2,5
2020-08-12,102900011006948,1.211,21.8,0,3
2020-08-14,102900011006948,3.971,21.8,0,11
2020-08-15,102900011006948,4.105,21.8,0,9
2020-07-01,102900011008522,18.271,8.0,0,32
2020-07-02,102900011008522,13.548,8.0,0,25
2020-07-03,102900011008522,13.562,8.0,0,21
2020-07-04,102900011008522,15.843,8.0,0,29
2020-07-05,102900011008522,17.408,8.0,0,30
2020-07-06,102900011008522,40.201,7.0,13,55
2020-07-07,102900011008522,8.107,8.0,0,12
2020-07-08,102900011008522,15.712,8.0,0,24
2020-07-09,102900011008522,13.772,8.0,0,22
2020-07-10,102900011008522,13.334,7.65,1,20
2020-07-11,102900011008522,38.851,7.2299999999999995,11,44
2020-07-12,102900011008522,30.467,7.466666666666666,2,43
2020-07-13,102900011008522,34.037,7.15,7,41
2020-07-14,102900011008522,16.505,7.35,1,21
2020-07-15,102900011008522,22.96,8.0,0,39
2020-07-16,102900011008522,15.691,7.65,1,24
2020-07-17,102900011008522,14.777000000000001,7.65,1,21
2020-07-18,102900011008522,15.411999999999999,7.525,4,22
2020-07-19,102900011008522,55.233000000000004,6.211111111111111,18,67
2020-07-20,102900011008522,29.727,6.5200000000000005,5,35
2020-07-21,102900011008522,21.857,7.5,2,33
2020-07-22,102900011008522,20.365,7.366666666666667,2,37
2020-07-23,102900011008522,18.271,7.9,1,27
2020-07-24,102900011008522,28.481,8.185714285714285,5,34
2020-07-25,102900011008522,17.193,8.0,0,30
2020-07-26,102900011008522,15.103,7.42,4,19
2020-07-27,102900011008522,38.67,6.5625,6,63
2020-07-28,102900011008522,6.442,8.0,0,13
2020-07-29,102900011008522,35.346000000000004,6.414285714285714,5,48
2020-07-30,102900011008522,34.775999999999996,7.3999999999999995,4,46
2020-07-31,102900011008522,5.902,8.0,0,13
2020-08-01,102900011008522,10.603,8.0,0,18
2020-08-02,102900011008522,22.007,8.0,0,41
2020-08-03,102900011008522,9.351,8.0,0,17
2020-08-04,102900011008522,13.811,8.6,0,23
2020-08-05,102900011008522,15.59,8.0,0,21
2020-08-06,102900011008522,10.138,8.0,0,13
2020-08-07,102900011008522,13.547,8.0,0,18
2020-08-08,102900011008522,19.787,8.0,0,25
2020-08-09,102900011008522,19.023,8.0,0,35
2020-08-10,102900011008522,15.337,8.0,0,21
2020-08-11,102900011008522,16.955,8.0,0,21
2020-08-12,102900011008522,15.676,8.0,0,25
2020-08-13,102900011008522,10.124,8.0,0,12
2020-08-14,102900011008522,14.36,8.0,0,16
2020-08-15,102900011008522,18.409,8.0,0,21
2020-08-16,102900011008522,17.045,8.0,0,26
2020-08-17,102900011008522,14.99,8.0,0,21
2020-08-18,102900011008522,9.65,8.0,0,12
2020-08-19,102900011008522,19.024,8.0,0,19
2020-08-20,102900011008522,14.348,8.0,0,19
2020-08-21,102900011008522,17.844,8.0,0,18
2020-08-22,102900011008522,15.94,8.0,0,16
2020-08-23,102900011008522,19.979,8.0,0,20
2020-08-24,102900011008522,17.831,8.0,0,14
2020-08-25,102900011008522,10.729,8.0,0,12
2020-08-26,102900011008522,13.546,8.0,0,13
2020-08-27,102900011008522,36.842,8.0,0,36
2020-08-28,102900011008522,10.627,8.0,0,12
2020-08-29,102900011008522,13.546,8.0,0,12
2020-08-30,102900011008522,44.427,8.0,0,42
2020-08-31,102900011008522,20.79,8.0,0,22
2020-09-01,102900011008522,17.116,8.0,0,19
2020-09-02,102900011008522,17.995,8.0,0,18
2020-09-03,102900011008522,25.311,8.0,0,36
2020-09-04,102900011008522,27.785,8.0,0,37
2020-09-05,102900011008522,26.808,8.0,0,38
2020-09-06,102900011008522,29.922,8.0,0,38
2020-09-07,102900011008522,10.791,8.0,0,16
2020-09-08,102900011008522,31.128,7.0,8,25
2020-09-09,102900011008522,14.977,8.0,0,18
2020-09-10,102900011008522,9.913,8.0,0,16
2020-09-11,102900011008522,12.795,8.0,0,19
2020-09-12,102900011008522,22.445,8.0,0,31
2020-09-13,102900011008522,49.892,8.0,0,62
2020-09-14,102900011008522,14.587,8.0,0,13
2020-09-15,102900011008522,17.944,8.0,0,17
2020-09-16,102900011008522,23.021,8.0,0,22
2020-09-17,102900011008522,18.308,8.0,0,19
2020-09-18,102900011008522,15.488,8.0,0,18
2020-09-19,102900011008522,25.801,8.0,0,31
2020-09-20,102900011008522,19.386,8.0,0,22
2020-09-21,102900011008522,17.57,8.0,0,17
2020-09-22,102900011008522,18.746,8.0,0,16
2020-09-23,102900011008522,16.729,8.0,0,24
2020-09-24,102900011008522,11.017,8.0,0,15
2020-09-25,102900011008522,22.066,8.0,0,26
2020-09-26,102900011008522,18.56,8.0,0,22
2020-09-27,102900011008522,12.38,8.0,0,13
2020-09-28,102900011008522,12.356,8.0,0,17
2020-09-29,102900011008522,9.6,8.0,0,11
2020-09-30,102900011008522,11.579,8.0,0,15
2020-10-01,102900011008522,16.166,8.0,0,15
2020-10-02,102900011008522,17.593,8.0,0,20
2020-10-03,102900011008522,71.582,8.0,0,81
2020-10-04,102900011008522,17.995,8.0,0,16
2020-10-05,102900011008522,28.996,8.0,0,30
2020-10-06,102900011008522,25.102,8.0,0,27
2020-10-07,102900011008522,12.118,8.0,0,12
2020-10-08,102900011008522,38.662,8.0,0,42
2020-10-09,102900011008522,24.45,8.0,0,23
2020-10-10,102900011008522,7.255,8.0,0,8
2020-10-11,102900011008522,16.466,8.0,0,16
2020-10-12,102900011008522,8.535,8.0,0,9
2020-10-13,102900011008522,15.2,8.0,0,17
2020-10-14,102900011008522,15.639,8.0,0,17
2020-10-15,102900011008522,15.121,10.0,0,17
2020-10-16,102900011008522,8.658,10.0,0,10
2020-10-17,102900011008522,10.171,10.0,0,12
2020-10-18,102900011008522,9.548,10.0,0,12
2020-10-19,102900011008522,3.567,10.0,0,4
2020-10-20,102900011008522,1.713,10.0,0,2
2020-10-21,102900011008522,6.562,10.0,0,7
2020-10-22,102900011008522,2.6950000000000003,10.0,0,4
2020-10-23,102900011008522,2.656,10.0,0,3
2020-10-24,102900011008522,5.761,10.0,0,8
2020-10-25,102900011008522,3.747,10.0,0,5
2020-10-26,102900011008522,6.925,10.0,0,7
2020-10-27,102900011008522,2.374,10.0,0,3
2020-10-28,102900011008522,5.832,10.0,0,7
2020-10-29,102900011008522,2.406,8.0,0,4
2020-10-30,102900011008522,5.963,8.0,0,9
2020-10-31,102900011008522,10.502,8.0,0,14
2020-11-01,102900011008522,6.705,8.0,0,9
2020-11-02,102900011008522,1.73,8.0,0,3
2020-11-03,102900011008522,4.311,8.0,0,5
2020-11-04,102900011008522,8.359,8.0,0,9
2020-11-05,102900011008522,5.729,8.0,0,7
2020-11-06,102900011008522,6.052,8.0,0,7
2020-11-07,102900011008522,2.331,8.0,0,4
2020-11-08,102900011008522,6.881,8.0,0,11
2020-11-09,102900011008522,3.722,8.0,0,6
2020-11-10,102900011008522,2.782,8.0,0,4
2020-11-11,102900011008522,3.409,8.0,0,5
2020-11-12,102900011008522,5.151,8.0,0,6
2020-11-13,102900011008522,0.358,7.0,0,1
2020-11-14,102900011008522,9.899,7.0,0,13
2020-11-15,102900011008522,6.075,7.0,0,6
2020-11-16,102900011008522,4.424,8.0,0,5
2020-11-17,102900011008522,6.617,8.0,0,7
2020-11-18,102900011008522,15.337,8.0,0,12
2020-11-19,102900011008522,7.069,8.0,0,6
2020-11-20,102900011008522,6.743,8.0,0,6
2020-11-21,102900011008522,10.566,8.0,0,13
2020-11-22,102900011008522,5.364,8.0,0,6
2020-11-23,102900011008522,5.188,8.0,0,7
2020-11-24,102900011008522,13.986,8.0,0,14
2020-11-25,102900011008522,8.938,8.0,0,10
2020-11-28,102900011008522,3.245,8.0,0,3
2020-11-29,102900011008522,1.73,8.0,0,4
2020-11-30,102900011008522,3.684,8.0,0,5
2020-12-01,102900011008522,5.451,6.0,0,8
2020-12-02,102900011008522,3.98,6.0,0,5
2020-12-03,102900011008522,6.438,6.0,0,7
2020-12-04,102900011008522,7.342,6.0,0,7
2020-12-05,102900011008522,3.613,6.0,0,4
2020-12-06,102900011008522,5.067,6.0,0,6
2020-12-07,102900011008522,2.676,6.0,0,2
2020-12-08,102900011008522,2.943,6.0,0,3
2020-12-09,102900011008522,1.254,6.0,0,2
2020-12-10,102900011008522,2.258,6.0,0,3
2020-12-11,102900011008522,2.575,6.0,0,3
2020-12-12,102900011008522,2.442,6.0,0,2
2020-12-13,102900011008522,5.015000000000001,7.0,0,6
2020-12-14,102900011008522,0.616,7.0,0,1
2020-12-15,102900011008522,1.217,7.0,0,2
2020-12-16,102900011008522,0.587,7.0,0,1
2020-12-17,102900011008522,4.455,7.0,0,3
2020-12-18,102900011008522,4.0120000000000005,7.0,0,5
2020-12-19,102900011008522,2.006,7.0,0,2
2020-12-20,102900011008522,6.805,7.0,0,9
2020-12-21,102900011008522,4.097,7.0,0,6
2020-12-22,102900011008522,2.063,7.0,0,3
2020-12-23,102900011008522,2.149,7.0,0,2
2020-12-24,102900011008522,0.946,7.0,0,1
2020-12-25,102900011008522,1.06,7.0,0,2
2020-12-26,102900011008522,5.515,7.0,0,8
2020-12-27,102900011008522,5.373,7.0,0,7
2020-12-28,102900011008522,6.991,7.0,0,5
2020-12-29,102900011008522,2.163,7.0,0,3
2020-12-30,102900011008522,1.719,7.0,0,3
2020-12-31,102900011008522,3.896,7.0,0,6
2021-01-01,102900011008522,6.202999999999999,7.0,0,5
2021-01-02,102900011008522,5.101,6.0,0,7
2021-01-03,102900011008522,3.027,6.0,0,4
2021-01-04,102900011008522,1.288,6.0,0,2
2021-01-05,102900011008522,8.278,6.0,0,11
2021-01-06,102900011008522,2.96,6.0,0,4
2021-01-07,102900011008522,1.974,6.0,0,2
2021-01-08,102900011008522,2.776,6.0,0,4
2021-01-11,102900011008522,0.577,8.0,0,2
