数学建模相关/2023数模国赛C题/运行代码/数据拼合/sales_day_simple.csv
销售日期,单品编码,销量(千克),每日平均销售单价(元/千克),打折数量,原价数量
2020-07-01,102900011009970,12.086,9.0,0,24
2020-07-02,102900011009970,13.834,9.0,0,30
2020-07-03,102900011009970,15.616,8.0,0,32
2020-07-04,102900011009970,12.847,8.0,0,29
2020-07-05,102900011009970,13.109,8.0,0,24
2020-07-06,102900011009970,18.287,9.0,0,34
2020-07-07,102900011009970,22.699,9.0,0,49
2020-07-08,102900011009970,20.792,9.0,0,43
2020-07-09,102900011009970,15.926,9.0,0,35
2020-07-10,102900011009970,34.412,6.633333333333333,6,67
2020-07-11,102900011009970,39.843,5.875,7,65
2020-07-12,102900011009970,30.924999999999997,6.3999999999999995,9,54
2020-07-13,102900011009970,16.404,5.625,6,32
2020-07-14,102900011009970,30.354,5.220000000000001,5,53
2020-07-15,102900011009970,19.162,5.525,3,34
2020-07-16,102900011009970,16.071,4.55,6,25
2020-07-17,102900011009970,19.049,5.666666666666667,2,35
2020-07-18,102900011009970,25.938,5.383333333333333,7,45
2020-07-19,102900011009970,31.561,5.525,6,54
2020-07-20,102900011009970,30.62,5.066666666666666,7,50
2020-07-21,102900011009970,26.942,5.666666666666667,2,55
2020-07-22,102900011009970,26.442,5.633333333333333,2,44
2020-07-23,102900011009970,21.518,7.340000000000001,5,33
2020-07-24,102900011009970,19.751,7.275,4,35
2020-07-25,102900011009970,28.650000000000002,7.025,8,43
2020-07-26,102900011009970,28.759,6.471428571428571,8,44
2020-07-27,102900011009970,21.18,5.75,3,33
2020-07-28,102900011009970,17.746,7.5,1,31
2020-07-29,102900011009970,16.519000000000002,7.5,3,34
2020-07-30,102900011009970,22.836999999999996,7.433333333333334,8,38
2020-07-31,102900011009970,21.682,5.95,1,44
2020-08-01,102900011009970,24.578,7.5,3,49
2020-08-02,102900011009970,22.094,8.0,0,45
2020-08-03,102900011009970,21.656,8.0,0,42
2020-08-04,102900011009970,23.181,8.0,0,45
2020-08-05,102900011009970,27.404,8.0,0,60
2020-08-06,102900011009970,29.517,8.0,0,55
2020-08-07,102900011009970,20.856,8.0,0,42
2020-08-08,102900011009970,32.386,8.0,0,62
2020-08-09,102900011009970,18.839,8.0,0,37
2020-08-10,102900011009970,22.519,8.0,0,48
2020-08-11,102900011009970,28.922,9.0,0,64
2020-08-12,102900011009970,23.922,9.0,0,48
2020-08-13,102900011009970,24.463,8.0,0,55
2020-08-14,102900011009970,32.605,8.0,0,71
2020-08-15,102900011009970,70.22,8.0,0,148
2020-08-16,102900011009970,28.16,8.0,0,54
2020-08-17,102900011009970,27.518,8.0,0,59
2020-08-18,102900011009970,29.855,8.0,0,62
2020-08-19,102900011009970,24.652,8.0,0,48
2020-08-20,102900011009970,32.785,8.0,0,65
2020-08-21,102900011009970,23.271,8.0,0,47
2020-08-22,102900011009970,26.719,8.0,0,58
2020-08-23,102900011009970,30.991,8.0,0,61
2020-08-24,102900011009970,20.801,8.0,0,43
2020-08-25,102900011009970,23.343,9.0,0,48
2020-08-26,102900011009970,23.787,8.0,0,52
2020-08-27,102900011009970,20.054,8.0,0,42
2020-08-28,102900011009970,23.026,8.0,0,49
2020-08-29,102900011009970,24.474,8.0,0,50
2020-08-30,102900011009970,38.412,8.0,0,75
2020-08-31,102900011009970,27.433,8.0,0,59
2020-09-01,102900011009970,25.906,8.0,0,53
2020-09-02,102900011009970,17.659,8.0,0,38
2020-09-03,102900011009970,20.089,8.0,0,39
2020-09-04,102900011009970,24.814,8.0,0,48
2020-09-05,102900011009970,27.869,8.0,0,55
2020-09-06,102900011009970,23.053,10.0,0,53
2020-09-07,102900011009970,10.865,10.0,0,23
2020-09-08,102900011009970,13.609,10.0,0,29
2020-09-09,102900011009970,14.56,10.0,0,28
2020-09-10,102900011009970,8.378,10.0,0,16
2020-09-11,102900011009970,21.697000000000003,7.5,2,41
2020-09-12,102900011009970,12.596,9.0,0,25
2020-09-13,102900011009970,12.982,8.0,0,26
2020-09-14,102900011009970,14.801,9.0,0,27
2020-09-15,102900011009970,11.405,9.0,0,21
2020-09-16,102900011009970,13.487,9.0,0,23
2020-09-17,102900011009970,13.867,9.0,0,28
2020-09-18,102900011009970,12.495,9.0,0,24
2020-09-19,102900011009970,25.69,7.0,0,46
2020-09-20,102900011009970,32.308,7.0,0,50
2020-09-21,102900011009970,20.717,7.0,0,36
2020-09-22,102900011009970,14.4,8.0,0,24
2020-09-23,102900011009970,13.819,10.0,0,24
2020-09-24,102900011009970,16.313,10.0,0,30
2020-09-25,102900011009970,9.049,10.0,0,19
2020-09-26,102900011009970,34.505,10.0,0,66
2020-09-27,102900011009970,20.793,10.0,0,42
2020-09-28,102900011009970,11.784,10.0,0,22
2020-09-29,102900011009970,12.975,10.0,0,23
2020-09-30,102900011009970,20.739,9.0,0,32
2020-10-01,102900011009970,27.87,8.0,0,48
2020-10-02,102900011009970,20.716,8.0,0,32
2020-10-03,102900011009970,15.29,8.0,0,32
2020-10-04,102900011009970,14.298,8.0,0,21
2020-10-05,102900011009970,52.465,6.0,0,87
2020-10-06,102900011009970,88.508,6.0,0,145
2020-10-07,102900011009970,27.73,6.0,0,48
2020-10-08,102900011009970,29.772,6.0,0,44
2020-10-09,102900011009970,18.754,7.0,0,30
2020-10-10,102900011009970,20.474,7.0,0,28
2020-10-11,102900011009970,24.24,7.0,0,42
2020-10-12,102900011009970,21.52,7.0,0,40
2020-10-13,102900011009970,29.936,6.0,0,56
2020-10-14,102900011009970,24.098,6.0,0,39
2020-10-15,102900011009970,23.566,6.0,0,43
2020-10-16,102900011009970,43.543,6.0,0,68
2020-10-17,102900011009970,26.273,6.0,0,43
2020-10-18,102900011009970,24.416,6.0,0,43
2020-10-19,102900011009970,20.954,6.0,0,40
2020-10-20,102900011009970,16.636,7.0,0,33
2020-10-21,102900011009970,16.192999999999998,7.0,0,31
2020-10-22,102900011009970,12.866,7.0,0,21
2020-10-23,102900011009970,10.219,7.0,0,22
2020-10-24,102900011009970,15.976,7.0,0,30
2020-10-25,102900011009970,22.691,7.0,0,39
2020-10-26,102900011009970,8.181,7.0,0,15
2020-10-27,102900011009970,1.376,7.0,0,3
2020-10-28,102900011009970,14.299,8.0,0,23
2020-10-29,102900011009970,11.002,8.0,0,17
2020-10-30,102900011009970,10.487,7.0,0,20
2020-10-31,102900011009970,21.966,7.0,0,44
2020-11-01,102900011009970,15.152,6.0,0,26
2020-11-02,102900011009970,11.923,6.0,0,18
2020-11-03,102900011009970,11.758,6.0,0,20
2020-11-04,102900011009970,14.822,5.0,0,31
2020-11-05,102900011009970,13.575,5.0,0,24
2020-11-06,102900011009970,73.574,4.0,0,126
2020-11-07,102900011009970,60.909,4.0,0,114
2020-11-08,102900011009970,57.943,4.0,0,96
2020-11-09,102900011009970,17.967,4.0,0,32
2020-11-10,102900011009970,15.12,5.0,0,26
2020-11-11,102900011009970,7.614,4.0,0,13
2020-11-12,102900011009970,1.331,4.0,0,3
2020-11-13,102900011009970,14.65,4.0,0,17
2020-11-14,102900011009970,8.14,4.0,0,13
2020-11-15,102900011009970,7.739,4.0,0,10
2020-11-16,102900011009970,7.289000000000001,4.0,0,12
2020-11-17,102900011009970,3.543,4.0,0,6
2020-11-18,102900011009970,11.458,4.0,0,20
2020-11-19,102900011009970,16.818,3.6,0,30
2020-11-20,102900011009970,14.901,3.0,0,30
2020-11-21,102900011009970,41.247,3.0,0,72
2020-11-22,102900011009970,37.444,2.6,0,61
2020-11-23,102900011009970,28.414,2.6,0,43
2020-11-24,102900011009970,24.382,2.6,0,42
2020-11-25,102900011009970,21.953,2.8,0,38
2020-11-26,102900011009970,14.463,2.8,0,22
2020-11-27,102900011009970,14.47,3.4,0,22
2020-11-28,102900011009970,23.795,4.0,0,45
2020-11-29,102900011009970,20.458,4.0,0,36
2020-11-30,102900011009970,21.004,4.6,0,38
2020-12-01,102900011009970,13.468,4.0,0,26
2020-12-02,102900011009970,12.236,4.0,0,21
2020-12-03,102900011009970,12.054,4.6,0,21
2020-12-04,102900011009970,11.566,5.0,0,21
2020-12-05,102900011009970,17.008,5.4,0,31
2020-12-06,102900011009970,28.48,6.0,0,45
2020-12-07,102900011009970,17.578,6.0,0,30
2020-12-08,102900011009970,13.044,6.0,0,21
2020-12-09,102900011009970,9.984,6.0,0,17
2020-12-10,102900011009970,12.895,6.0,0,25
2020-12-11,102900011009970,12.343,6.0,0,21
2020-12-12,102900011009970,20.605,6.0,0,34
2020-12-13,102900011009970,34.27,6.0,0,56
2020-12-14,102900011009970,19.265,6.0,0,35
2020-12-15,102900011009970,22.026,6.0,0,40
2020-12-16,102900011009970,9.183,6.0,0,15
2020-12-17,102900011009970,19.87,6.0,0,33
2020-12-18,102900011009970,12.593,6.0,0,20
2020-12-19,102900011009970,24.884,6.0,0,43
2020-12-20,102900011009970,34.938,6.0,0,70
2020-12-21,102900011009970,15.452,6.0,0,27
2020-12-22,102900011009970,9.734,6.0,0,17
2020-12-23,102900011009970,8.052,7.0,0,12
2020-12-24,102900011009970,25.543,7.0,0,48
2020-12-25,102900011009970,16.366,7.0,0,36
2020-12-26,102900011009970,29.127,7.0,0,52
2020-12-27,102900011009970,26.708,6.0,0,43
2020-12-28,102900011009970,20.589,6.0,0,40
2020-12-29,102900011009970,15.859,6.0,0,30
2020-12-30,102900011009970,17.008,7.0,0,30
2020-12-31,102900011009970,11.105,8.0,0,19
2021-01-01,102900011009970,28.261,8.0,0,47
2021-01-02,102900011009970,21.607,8.0,0,36
2021-01-03,102900011009970,18.449,8.0,0,34
2021-01-04,102900011009970,11.678,8.0,0,23
2021-01-05,102900011009970,26.706,8.0,0,52
2021-01-06,102900011009970,23.348,8.0,0,47
2021-01-07,102900011009970,22.322,8.0,0,42
2021-01-08,102900011009970,19.792,9.0,0,39
2021-01-09,102900011009970,20.164,10.0,0,43
2021-01-10,102900011009970,21.287,10.0,0,42
2021-01-11,102900011009970,18.09,11.0,0,34
2021-01-12,102900011009970,9.124,12.0,0,21
2021-01-13,102900011009970,7.845,13.0,0,18
2021-01-14,102900011009970,10.895,13.0,0,26
2021-01-15,102900011009970,16.067,13.0,0,31
2021-01-16,102900011009970,20.477,13.0,0,43
2021-01-17,102900011009970,24.231,14.0,0,49
2021-01-18,102900011009970,19.967,14.0,0,44
2021-01-19,102900011009970,11.703,14.0,0,26
2021-01-20,102900011009970,16.663,14.0,0,35
2021-01-21,102900011009970,14.053,14.0,0,31
2021-01-22,102900011009970,15.007,14.0,0,30
2021-01-23,102900011009970,12.814,14.0,0,29
2021-01-24,102900011009970,27.226,14.0,0,67
2021-01-25,102900011009970,19.147,12.0,0,42
2021-01-26,102900011009970,22.022,12.0,0,43
2021-01-27,102900011009970,33.007,10.0,0,76
2021-01-28,102900011009970,24.685,12.0,0,54
2021-01-29,102900011009970,22.099,10.0,0,47
2020-07-01,102900051000944,0.7310000000000001,39.8,0,2
2020-07-02,102900051000944,0.258,37.6,0,1
2020-07-04,102900051000944,2.332,37.6,0,7
2020-07-12,102900051000944,2.7729999999999997,27.700000000000003,1,7
2020-07-21,102900051000944,2.609,24.6,1,5
2020-07-22,102900051000944,1.134,29.8,0,3
2020-07-24,102900051000944,1.226,31.8,0,4
2020-07-26,102900051000944,2.57,30.8,1,9
2020-07-27,102900051000944,1.8980000000000001,30.8,1,6
2020-08-02,102900051000944,0.864,31.8,0,4
2020-08-03,102900051000944,0.902,31.8,0,4
2020-08-04,102900051000944,1.283,31.8,0,5
2020-08-05,102900051000944,0.985,31.8,0,3
2020-08-06,102900051000944,0.491,31.8,0,2
2020-08-07,102900051000944,1.52,31.8,0,7
2020-08-08,102900051000944,1.645,31.8,0,5
2020-08-09,102900051000944,1.18,31.8,0,6
2020-08-10,102900051000944,0.616,31.8,0,2
2020-08-11,102900051000944,1.664,31.8,0,5
2020-08-12,102900051000944,1.038,31.8,0,4
2020-08-13,102900051000944,1.773,31.8,0,6
2020-08-14,102900051000944,0.403,31.8,0,2
2020-08-15,102900051000944,1.849,31.8,0,8
2020-08-16,102900051000944,0.937,31.8,0,3
2020-08-17,102900051000944,1.073,31.8,0,4
2020-08-18,102900051000944,0.597,31.8,0,2
2020-08-19,102900051000944,1.198,31.8,0,3
2020-08-20,102900051000944,0.806,29.8,0,4
2020-08-21,102900051000944,0.5800000000000001,29.8,0,2
2020-08-22,102900051000944,1.7799999999999998,29.8,0,6
2020-08-23,102900051000944,1.175,29.8,0,5
2020-08-24,102900051000944,0.889,29.8,0,3
2020-08-25,102900051000944,1.46,29.8,0,5
2020-08-26,102900051000944,1.226,29.8,0,5
2020-08-27,102900051000944,1.186,33.8,0,4
2020-08-28,102900051000944,1.588,33.8,0,6
2020-08-29,102900051000944,0.696,33.8,0,2
2020-08-30,102900051000944,1.56,33.8,0,6
2020-08-31,102900051000944,0.8400000000000001,33.8,0,3
2020-09-01,102900051000944,0.994,33.8,0,4
2020-09-02,102900051000944,0.21,33.8,0,1
