数学建模相关/2023数模国赛C题/运行代码/数据拼合/sales_day_simple.csv
销售日期,单品编码,销量(千克),每日平均销售单价(元/千克),打折数量,原价数量
2020-07-01,102900051004294,5.51,14.0,0,25
2020-07-02,102900051004294,4.721,14.0,0,16
2020-07-03,102900051004294,4.706,14.0,0,18
2020-07-04,102900051004294,8.509,12.0,0,41
2020-07-05,102900051004294,8.475,12.0,0,41
2020-07-06,102900051004294,5.11,12.0,0,23
2020-07-07,102900051004294,4.226,12.0,0,23
2020-07-08,102900051004294,3.772,12.0,0,17
2020-07-09,102900051004294,4.951,12.0,0,19
2020-07-10,102900051004294,3.877,12.9,1,23
2020-07-11,102900051004294,6.508,13.1,1,27
2020-07-12,102900051004294,6.220000000000001,11.6,1,28
2020-07-13,102900051004294,4.516,11.55,1,21
2020-07-14,102900051004294,3.549,10.8,1,16
2020-07-15,102900051004294,3.764,11.6,1,19
2020-07-16,102900051004294,5.059,12.0,0,22
2020-07-17,102900051004294,4.361,11.033333333333333,2,20
2020-07-18,102900051004294,8.258000000000001,11.05,3,38
2020-07-19,102900051004294,5.066999999999999,11.55,1,27
2020-07-20,102900051004294,3.532,11.6,1,16
2020-07-21,102900051004294,4.241,11.55,1,19
2020-07-22,102900051004294,3.222,12.0,0,17
2020-07-23,102900051004294,5.01,9.6,1,19
2020-07-24,102900051004294,3.848,10.266666666666667,2,15
2020-07-25,102900051004294,3.456,11.025,3,15
2020-07-26,102900051004294,5.779,10.98,4,27
2020-07-27,102900051004294,3.9570000000000003,11.175,3,17
2020-07-28,102900051004294,4.376,11.15,4,14
2020-07-29,102900051004294,2.4290000000000003,12.0,0,14
2020-07-30,102900051004294,2.955,11.1,1,15
2020-07-31,102900051004294,4.399,12.0,0,19
2020-08-01,102900051004294,4.178,11.033333333333333,3,24
2020-08-02,102900051004294,6.363,12.0,0,25
2020-08-03,102900051004294,2.381,12.0,0,12
2020-08-04,102900051004294,5.267,12.0,0,17
2020-08-05,102900051004294,4.141,12.0,0,20
2020-08-06,102900051004294,4.617,10.0,0,23
2020-08-07,102900051004294,4.115,10.0,0,24
2020-08-08,102900051004294,3.165,10.0,0,18
2020-08-09,102900051004294,4.2860000000000005,8.0,0,21
2020-08-10,102900051004294,4.134,8.0,0,21
2020-08-11,102900051004294,5.165,8.0,0,23
2020-08-12,102900051004294,6.18,8.0,0,32
2020-08-13,102900051004294,4.16,8.0,0,21
2020-08-14,102900051004294,4.851,8.0,0,23
2020-08-15,102900051004294,5.353,8.0,0,28
2020-08-16,102900051004294,7.144,8.0,0,37
2020-08-17,102900051004294,5.382,6.0,0,32
2020-08-18,102900051004294,4.939,8.0,0,24
2020-08-19,102900051004294,4.925,8.0,0,33
2020-08-20,102900051004294,5.227,8.0,0,32
2020-08-21,102900051004294,6.667,8.0,0,33
2020-08-22,102900051004294,5.113,8.0,0,22
2020-08-23,102900051004294,4.949,8.0,0,31
2020-08-24,102900051004294,6.256,8.0,0,25
2020-08-25,102900051004294,7.533,8.0,0,31
2020-08-26,102900051004294,4.448,8.0,0,20
2020-08-27,102900051004294,5.188,8.0,0,23
2020-08-28,102900051004294,4.487,8.0,0,20
2020-08-29,102900051004294,1.14,8.0,0,9
2020-08-30,102900051004294,5.992,8.0,0,32
2020-08-31,102900051004294,2.566,8.6,0,17
2020-09-01,102900051004294,1.925,8.6,0,13
2020-09-02,102900051004294,2.87,8.6,0,14
2020-09-03,102900051004294,5.769,8.6,0,28
2020-09-04,102900051004294,5.104,8.6,0,24
2020-09-05,102900051004294,5.667,8.6,0,29
2020-09-06,102900051004294,4.084,8.6,0,24
2020-09-07,102900051004294,1.973,8.6,0,12
2020-09-08,102900051004294,4.828,8.0,0,22
2020-09-10,102900051004294,2.8200000000000003,8.0,0,13
2020-09-11,102900051004294,3.647,10.0,0,18
2020-09-12,102900051004294,4.735,10.0,0,29
2020-09-13,102900051004294,4.047,10.0,0,20
2020-09-14,102900051004294,1.543,10.0,0,8
2020-09-15,102900051004294,2.563,10.0,0,16
2020-09-16,102900051004294,3.256,10.0,0,18
2020-09-17,102900051004294,4.117,10.0,0,17
2020-09-18,102900051004294,2.205,10.0,0,11
2020-09-19,102900051004294,5.85,10.0,0,29
2020-09-20,102900051004294,6.104,12.0,0,33
2020-09-21,102900051004294,5.193,12.0,0,27
2020-09-22,102900051004294,3.899,12.0,0,23
2020-09-23,102900051004294,4.116,12.0,0,18
2020-09-24,102900051004294,3.726,12.0,0,22
2020-09-25,102900051004294,4.636,14.0,0,22
2020-09-26,102900051004294,4.2620000000000005,14.0,0,22
2020-09-27,102900051004294,4.085,14.0,0,20
2020-09-28,102900051004294,2.338,12.0,0,12
2020-09-29,102900051004294,3.715,11.0,0,21
2020-09-30,102900051004294,5.127,11.0,0,29
2020-10-01,102900051004294,4.627,11.0,0,26
2020-10-02,102900051004294,5.976,11.0,0,30
2020-10-03,102900051004294,5.245,12.0,0,33
2020-10-04,102900051004294,4.501,12.0,0,21
2020-10-05,102900051004294,4.694,12.0,0,21
2020-10-06,102900051004294,4.393,12.0,0,24
2020-10-07,102900051004294,4.491,12.0,0,23
2020-10-08,102900051004294,6.147,12.0,0,29
2020-10-09,102900051004294,3.626,10.0,0,18
2020-10-10,102900051004294,5.491,10.0,0,24
2020-10-11,102900051004294,6.261,10.0,0,27
2020-10-12,102900051004294,3.617,10.0,0,15
2020-10-13,102900051004294,3.373,10.0,0,24
2020-10-14,102900051004294,3.545,10.0,0,18
2020-10-15,102900051004294,4.678,10.0,0,24
2020-10-16,102900051004294,5.821,10.0,0,24
2020-10-17,102900051004294,4.859,10.0,0,26
2020-10-18,102900051004294,6.331,10.0,0,33
2020-10-19,102900051004294,4.369,10.0,0,19
2020-10-20,102900051004294,2.915,10.0,0,15
2020-10-21,102900051004294,3.672,11.0,0,15
2020-10-22,102900051004294,3.5420000000000003,11.0,0,17
2020-10-23,102900051004294,2.247,12.0,0,13
2020-10-24,102900051004294,7.715,12.0,0,40
2020-10-25,102900051004294,5.829000000000001,12.0,0,27
2020-10-26,102900051004294,2.164,12.0,0,9
2020-10-27,102900051004294,3.341,12.0,0,18
2020-10-28,102900051004294,3.978,14.0,0,22
2020-10-29,102900051004294,2.638,14.0,0,14
2020-10-30,102900051004294,2.232,14.0,0,13
2020-10-31,102900051004294,3.934,14.0,0,23
2020-11-01,102900051004294,2.706,14.0,0,18
2020-11-02,102900051004294,2.569,14.0,0,14
2020-11-03,102900051004294,1.416,14.0,0,12
2020-11-04,102900051004294,0.717,14.0,0,5
2020-11-05,102900051004294,2.668,14.0,0,12
2020-11-06,102900051004294,1.612,14.0,0,11
2020-11-07,102900051004294,3.87,14.0,0,20
2020-11-08,102900051004294,4.986,14.0,0,25
2020-11-09,102900051004294,2.597,14.0,0,12
2020-11-10,102900051004294,2.431,14.0,0,11
2020-11-11,102900051004294,5.538,14.0,0,23
2020-11-12,102900051004294,2.697,14.0,0,16
2020-11-13,102900051004294,3.557,14.0,0,18
2020-11-14,102900051004294,6.295,14.0,0,33
2020-11-15,102900051004294,4.099,14.0,0,18
2020-11-16,102900051004294,1.91,14.0,0,14
2020-11-17,102900051004294,2.053,14.0,0,12
2020-11-18,102900051004294,2.253,14.0,0,13
2020-11-19,102900051004294,1.459,14.0,0,10
2020-11-20,102900051004294,3.29,14.0,0,15
2020-11-21,102900051004294,4.464,14.0,0,26
2020-11-22,102900051004294,3.836,14.0,0,21
2020-11-23,102900051004294,2.51,14.0,0,14
2020-11-24,102900051004294,2.39,14.0,0,13
2020-11-25,102900051004294,2.826,14.0,0,13
2020-11-26,102900051004294,2.404,14.0,0,13
2020-11-27,102900051004294,2.576,14.0,0,11
2020-11-28,102900051004294,3.463,14.0,0,20
2020-11-29,102900051004294,4.419,14.0,0,21
2020-11-30,102900051004294,3.377,14.0,0,17
2020-12-01,102900051004294,3.218,14.0,0,16
2020-12-02,102900051004294,2.77,14.0,0,15
2020-12-03,102900051004294,2.997,14.0,0,13
2020-12-04,102900051004294,3.49,14.0,0,17
2020-12-05,102900051004294,3.198,14.0,0,17
2020-12-06,102900051004294,3.954,14.0,0,26
2020-12-07,102900051004294,2.146,14.0,0,12
2020-12-08,102900051004294,2.669,14.0,0,17
2020-12-09,102900051004294,2.133,14.0,0,11
2020-12-10,102900051004294,2.662,14.0,0,14
2020-12-11,102900051004294,3.193,16.0,0,15
2020-12-12,102900051004294,3.268,16.0,0,17
2020-12-13,102900051004294,3.613,16.0,0,22
2020-12-14,102900051004294,3.647,16.0,0,17
2020-12-15,102900051004294,2.856,16.0,0,17
2020-12-16,102900051004294,2.659,18.0,0,15
2020-12-17,102900051004294,1.224,18.0,0,7
2020-12-18,102900051004294,2.38,18.0,0,10
2020-12-19,102900051004294,3.74,18.0,0,17
2020-12-20,102900051004294,3.641,18.0,0,17
2020-12-21,102900051004294,0.667,18.0,0,5
2020-12-22,102900051004294,1.576,18.0,0,9
2020-12-23,102900051004294,0.851,18.0,0,4
2020-12-24,102900051004294,2.268,18.0,0,13
2020-12-25,102900051004294,3.216,18.0,0,17
2020-12-26,102900051004294,2.677,19.8,0,17
2020-12-27,102900051004294,2.098,25.8,0,13
2020-12-28,102900051004294,2.718,25.8,0,11
2020-12-29,102900051004294,1.872,25.8,0,9
2020-12-30,102900051004294,2.681,25.8,0,12
2020-12-31,102900051004294,3.598,25.8,0,18
2021-01-01,102900051004294,2.616,25.8,0,16
2021-01-02,102900051004294,2.9090000000000003,23.8,0,13
2021-01-03,102900051004294,2.618,23.8,0,14
2021-01-04,102900051004294,3.1630000000000003,19.8,0,13
2021-01-05,102900051004294,1.79,23.8,0,10
2021-01-06,102900051004294,3.075,25.8,0,19
2021-01-07,102900051004294,1.384,21.8,0,8
2021-01-08,102900051004294,4.809,21.8,0,19
2021-01-09,102900051004294,4.831,21.8,0,20
2021-01-10,102900051004294,3.0500000000000003,21.8,0,12
2021-01-11,102900051004294,3.276,21.8,0,13
2021-01-12,102900051004294,4.49,23.8,0,18
2021-01-13,102900051004294,2.157,23.8,0,9
2021-01-14,102900051004294,2.362,23.8,0,10
2021-01-15,102900051004294,1.021,23.8,0,4
2021-01-16,102900051004294,4.612,23.8,0,19
2021-01-17,102900051004294,2.298,21.8,0,11
2021-01-18,102900051004294,6.242,21.8,0,25
2021-01-19,102900051004294,5.205,23.8,0,20
2021-01-20,102900051004294,4.999,23.8,0,19
2021-01-21,102900051004294,6.904999999999999,23.8,0,25
2021-01-22,102900051004294,4.585,23.8,0,22
2021-01-23,102900051004294,3.2,23.8,0,15
2021-01-24,102900051004294,7.325,23.8,0,34
2021-01-25,102900051004294,4.752,23.8,0,22
2021-01-26,102900051004294,3.346,23.8,0,11
2021-01-27,102900051004294,2.581,25.8,0,12
2021-01-28,102900051004294,3.554,25.8,0,16
2021-01-29,102900051004294,2.256,25.8,0,10
