数学建模相关/2023数模国赛C题/运行代码/数据拼合/sales_day_simple.csv
销售日期,单品编码,销量(千克),每日平均销售单价(元/千克),打折数量,原价数量
2020-07-01,102900051010455,6.549,9.0,0,11
2020-07-02,102900051010455,4.811,6.4,1,9
2020-07-03,102900051010455,9.991,9.0,0,19
2020-07-04,102900051010455,18.431,8.7,1,31
2020-07-05,102900051010455,14.811,9.0,0,31
2020-07-06,102900051010455,8.631,9.0,0,18
2020-07-07,102900051010455,8.897,9.0,0,19
2020-07-08,102900051010455,13.7,9.0,0,26
2020-07-09,102900051010455,8.298,9.0,0,16
2020-07-10,102900051010455,11.604,8.3,1,23
2020-07-11,102900051010455,31.025,6.82,4,52
2020-07-12,102900051010455,32.833999999999996,6.914285714285714,6,56
2020-07-13,102900051010455,11.192,7.433333333333333,2,20
2020-07-14,102900051010455,6.773,8.55,1,15
2020-07-15,102900051010455,19.145,9.0,0,38
2020-07-16,102900051010455,17.476,7.959999999999999,4,33
2020-07-17,102900051010455,8.620000000000001,7.2,1,16
2020-07-18,102900051010455,17.709,7.4,4,30
2020-07-19,102900051010455,26.876,8.05,8,47
2020-07-20,102900051010455,9.833,8.7,1,21
2020-07-21,102900051010455,19.686,8.6,2,36
2020-07-22,102900051010455,26.618,8.166666666666666,2,49
2020-07-23,102900051010455,22.386,8.5,2,41
2020-07-24,102900051010455,16.246,8.1,4,28
2020-07-25,102900051010455,14.956,8.7,1,25
2020-07-26,102900051010455,31.428,7.814285714285715,7,53
2020-07-27,102900051010455,9.728000000000002,7.833333333333333,5,15
2020-07-28,102900051010455,23.794,7.825,2,45
2020-07-29,102900051010455,19.36,8.233333333333333,8,34
2020-07-30,102900051010455,16.584,8.4,2,30
2020-07-31,102900051010455,11.739,9.0,0,21
2020-08-01,102900051010455,14.51,8.45,2,31
2020-08-02,102900051010455,10.706,9.0,0,20
2020-08-03,102900051010455,16.081,9.0,0,31
2020-08-04,102900051010455,8.898,9.0,0,19
2020-08-05,102900051010455,13.72,9.0,0,26
2020-08-06,102900051010455,14.012,9.0,0,29
2020-08-07,102900051010455,26.299,9.0,0,44
2020-08-08,102900051010455,46.43,8.2,0,82
2020-08-09,102900051010455,32.815,8.5,0,55
2020-08-10,102900051010455,25.261,8.0,0,48
2020-08-11,102900051010455,35.505,7.0,0,66
2020-08-12,102900051010455,16.945,8.0,0,34
2020-08-13,102900051010455,14.674,8.0,0,24
2020-08-14,102900051010455,13.959,8.0,0,28
2020-08-15,102900051010455,42.068,7.0,0,74
2020-08-16,102900051010455,45.549,7.0,0,82
2020-08-17,102900051010455,12.452,7.0,0,22
2020-08-18,102900051010455,43.469,7.0,0,79
2020-08-19,102900051010455,44.973,7.0,0,85
2020-08-20,102900051010455,36.895,7.0,0,72
2020-08-21,102900051010455,14.917,7.0,0,29
2020-08-22,102900051010455,45.365,7.0,0,76
2020-08-23,102900051010455,43.975,7.0,0,84
2020-08-24,102900051010455,74.578,4.0,0,108
2020-08-25,102900051010455,187.72899999999998,3.4,1,254
2020-08-26,102900051010455,26.025,5.0,0,49
2020-08-27,102900051010455,12.892,5.0,0,29
2020-08-28,102900051010455,42.261,6.0,0,75
2020-08-29,102900051010455,44.266,6.0,0,78
2020-08-30,102900051010455,29.681,6.0,0,62
2020-08-31,102900051010455,45.102,6.0,0,84
2020-09-01,102900051010455,39.267,6.0,0,78
2020-09-02,102900051010455,29.868,6.0,0,56
2020-09-03,102900051010455,28.63,6.0,0,52
2020-09-04,102900051010455,20.738,6.0,0,40
2020-09-05,102900051010455,41.832,6.0,0,74
2020-09-06,102900051010455,33.701,6.0,0,74
2020-09-07,102900051010455,23.834,6.0,0,44
2020-09-08,102900051010455,19.615,6.0,0,37
2020-09-09,102900051010455,13.027,6.0,0,27
2020-09-10,102900051010455,20.92,6.0,0,49
2020-09-11,102900051010455,18.546,6.0,0,33
2020-09-12,102900051010455,48.303,6.0,0,93
2020-09-13,102900051010455,17.126,6.0,0,33
2020-09-14,102900051010455,18.429000000000002,5.0,0,35
2020-09-15,102900051010455,21.29,6.0,0,42
2020-09-16,102900051010455,11.222,6.0,0,26
2020-09-17,102900051010455,8.111,6.0,0,19
2020-09-18,102900051010455,21.592,6.0,0,41
2020-09-19,102900051010455,33.084,6.0,0,68
2020-09-20,102900051010455,41.868,7.0,0,86
2020-09-21,102900051010455,22.539,7.0,0,49
2020-09-22,102900051010455,14.801,7.0,0,20
2020-09-23,102900051010455,19.486,8.0,0,41
2020-09-24,102900051010455,10.701,8.0,0,19
2020-09-25,102900051010455,4.786,8.0,0,11
2020-09-26,102900051010455,13.434,7.0,0,29
2020-09-27,102900051010455,9.627,8.0,0,21
2020-09-28,102900051010455,6.078,8.0,0,11
2020-09-29,102900051010455,26.042,8.0,0,21
2020-09-30,102900051010455,8.171,8.0,0,17
2020-10-01,102900051010455,9.412,8.0,0,21
2020-10-02,102900051010455,18.785,8.0,0,38
2020-10-03,102900051010455,18.061,8.0,0,39
2020-10-04,102900051010455,11.154,8.0,0,29
2020-10-05,102900051010455,17.215,10.0,0,30
2020-10-06,102900051010455,15.535,10.0,0,31
2020-10-07,102900051010455,6.574,10.0,0,14
2020-10-08,102900051010455,8.948,10.0,0,15
2020-10-09,102900051010455,8.337,10.0,0,16
2020-10-10,102900051010455,6.023,10.0,0,9
2020-10-11,102900051010455,7.657,10.0,0,17
2020-10-12,102900051010455,9.399,10.0,0,17
2020-10-13,102900051010455,6.835,10.0,0,12
2020-10-14,102900051010455,10.524,10.0,0,17
2020-10-15,102900051010455,10.71,11.0,0,21
2020-10-16,102900051010455,7.102,10.0,0,16
2020-10-17,102900051010455,5.265000000000001,10.5,0,9
2020-10-18,102900051010455,14.637,10.0,0,30
2020-10-19,102900051010455,7.795,8.0,0,14
2020-10-20,102900051010455,0.835,12.0,0,2
2020-10-21,102900051010455,4.758,12.0,0,7
2020-10-22,102900051010455,0.651,12.0,0,1
2020-10-23,102900051010455,3.423,12.0,0,8
2020-10-24,102900051010455,2.046,12.0,0,4
2020-10-25,102900051010455,2.5380000000000003,12.0,0,3
2020-10-26,102900051010455,1.394,10.0,0,3
2020-10-27,102900051010455,2.495,10.0,0,3
2020-10-28,102900051010455,2.345,10.0,0,4
2020-10-29,102900051010455,2.396,10.0,0,5
2020-10-30,102900051010455,0.792,10.0,0,1
2020-10-31,102900051010455,5.292,10.0,0,13
2020-11-01,102900051010455,4.572,10.0,0,10
2020-11-02,102900051010455,1.373,10.0,0,3
2020-11-03,102900051010455,1.343,10.0,0,3
2020-11-04,102900051010455,0.882,10.0,0,2
2020-11-05,102900051010455,1.444,10.0,0,3
2020-11-06,102900051010455,1.524,10.0,0,5
2020-11-07,102900051010455,3.528,6.0,0,6
2020-11-08,102900051010455,4.6160000000000005,6.0,0,11
2020-11-09,102900051010455,2.51,6.0,0,7
2020-11-10,102900051010455,0.853,6.0,0,2
2020-11-11,102900051010455,1.856,6.0,0,3
2020-11-12,102900051010455,2.024,6.0,0,5
2020-11-13,102900051010455,2.458,6.0,0,4
2020-11-14,102900051010455,3.863,6.0,0,8
2020-11-15,102900051010455,4.433,6.0,0,12
2020-11-16,102900051010455,5.72,6.0,0,13
2020-11-17,102900051010455,2.324,6.0,0,5
2020-11-18,102900051010455,4.132,6.0,0,9
2020-11-19,102900051010455,4.833,6.0,0,9
2020-11-20,102900051010455,5.904,6.0,0,10
2020-11-21,102900051010455,9.432,6.0,0,19
2020-11-22,102900051010455,9.365,6.0,0,16
2020-11-23,102900051010455,15.635,6.0,0,28
2020-11-26,102900051010455,3.896,6.0,0,7
2020-11-27,102900051010455,3.68,6.0,0,8
2020-11-28,102900051010455,4.163,6.0,0,9
2020-11-29,102900051010455,7.108,6.0,0,15
2020-11-30,102900051010455,7.944,6.0,0,14
2020-12-01,102900051010455,18.796,4.0,0,30
2020-12-02,102900051010455,5.075,4.0,0,10
2020-12-03,102900051010455,2.035,4.0,0,3
2020-12-04,102900051010455,3.19,4.0,0,7
2020-12-05,102900051010455,4.096,4.0,0,9
2020-12-06,102900051010455,7.13,5.0,0,12
2020-12-07,102900051010455,4.299,5.0,0,7
2020-12-08,102900051010455,3.595,5.0,0,6
2020-12-09,102900051010455,5.565,5.0,0,10
2020-12-10,102900051010455,2.329,5.0,0,5
2020-12-11,102900051010455,2.8120000000000003,5.0,0,4
2020-12-12,102900051010455,2.189,5.0,0,4
2020-12-13,102900051010455,5.341,5.0,0,11
2020-12-14,102900051010455,8.535,5.0,0,12
2020-12-15,102900051010455,2.8120000000000003,5.0,0,6
2020-12-16,102900051010455,2.209,5.0,0,6
2020-12-17,102900051010455,2.531,5.0,0,4
2020-12-18,102900051010455,4.037,5.0,0,8
2020-12-19,102900051010455,2.7110000000000003,5.0,0,5
2020-12-20,102900051010455,7.572,5.0,0,13
2020-12-21,102900051010455,6.367,5.0,0,11
2020-12-22,102900051010455,6.043,5.0,0,9
2020-12-23,102900051010455,3.335,5.0,0,5
2020-12-24,102900051010455,2.208,5.0,0,4
2020-12-25,102900051010455,2.992,5.0,0,6
2020-12-26,102900051010455,5.522,5.0,0,11
2020-12-27,102900051010455,4.458,5.0,0,7
2020-12-28,102900051010455,7.49,5.0,0,10
2020-12-29,102900051010455,3.555,5.0,0,5
2020-12-30,102900051010455,4.056,5.0,0,5
2020-12-31,102900051010455,2.37,5.0,0,4
2021-01-01,102900051010455,4.821,5.0,0,8
2021-01-02,102900051010455,7.148,5.0,0,10
2021-01-03,102900051010455,5.021,5.0,0,11
2021-01-04,102900051010455,5.462,5.0,0,8
2021-01-05,102900051010455,3.213,5.0,0,4
2021-01-06,102900051010455,4.8,5.0,0,6
2021-01-07,102900051010455,7.609999999999999,5.0,0,12
2021-01-08,102900051010455,7.391,5.0,0,13
2021-01-09,102900051010455,2.23,5.0,0,3
2021-01-10,102900051010455,9.558,5.0,0,15
2021-01-11,102900051010455,3.83,6.0,0,6
2021-01-13,102900051010455,5.771000000000001,6.0,0,7
2021-01-14,102900051010455,4.667,6.0,0,9
2021-01-15,102900051010455,1.02,6.0,0,3
2021-01-16,102900051010455,14.668,6.0,0,25
2021-01-17,102900051010455,8.161,6.0,0,12
2021-01-18,102900051010455,4.9,6.0,0,7
2021-01-19,102900051010455,2.966,7.0,0,4
2021-01-20,102900051010455,0.426,8.0,0,1
2021-01-21,102900051010455,4.888,8.0,0,8
2021-01-22,102900051010455,4.411,8.0,0,8
2021-01-23,102900051010455,11.042,8.0,0,21
2021-01-24,102900051010455,3.885,8.0,0,5
2021-01-25,102900051010455,5.189,8.0,0,12
2021-01-26,102900051010455,4.375,8.0,0,9
2021-01-27,102900051010455,2.92,8.0,0,5
2021-01-28,102900051010455,2.181,8.0,0,5
2021-01-29,102900051010455,3.094,8.0,0,4
