数学建模相关/2023数模国赛C题/运行代码/数据拼合/sales_day_simple.csv
销售日期,单品编码,销量(千克),每日平均销售单价(元/千克),打折数量,原价数量
2020-07-02,102900011000328,5.844,10.0,0,23
2020-07-03,102900011000328,9.099,10.0,0,25
2020-07-04,102900011000328,10.682,13.6,1,33
2020-07-05,102900011000328,15.638,13.8,1,44
2020-07-06,102900011000328,10.36,14.0,0,32
2020-07-07,102900011000328,11.96,14.0,0,44
2020-07-08,102900011000328,20.043,12.0,8,54
2020-07-09,102900011000328,9.917,14.0,0,28
2020-07-10,102900011000328,21.339,11.366666666666667,2,60
2020-07-11,102900011000328,36.705,10.95,12,99
2020-07-12,102900011000328,6.255000000000001,10.25,3,21
2020-07-13,102900011000328,11.827,8.866666666666667,2,30
2020-07-14,102900011000328,21.389000000000003,9.333333333333334,2,50
2020-07-15,102900011000328,19.574,10.0,0,52
2020-07-16,102900011000328,19.027,7.8625,9,42
2020-07-17,102900011000328,11.549000000000001,8.440000000000001,4,29
2020-07-18,102900011000328,26.28,8.1,12,57
2020-07-19,102900011000328,33.845,8.316666666666668,6,88
2020-07-20,102900011000328,21.283,7.425,5,60
2020-07-21,102900011000328,12.988,8.375,4,35
2020-07-22,102900011000328,34.669000000000004,7.166666666666667,9,88
2020-07-23,102900011000328,10.339,7.45,3,32
2020-07-24,102900011000328,7.431,7.3999999999999995,2,21
2020-07-25,102900011000328,12.295,7.26,5,30
2020-07-26,102900011000328,13.76,7.279999999999999,4,40
2020-07-27,102900011000328,13.287,8.0,0,39
2020-07-28,102900011000328,8.986,7.5,1,30
2020-07-29,102900011000328,13.134,6.76,5,35
2020-07-30,102900011000328,23.951999999999998,6.733333333333333,5,66
2020-07-31,102900011000328,15.704,8.0,0,48
2020-08-01,102900011000328,12.079,7.5,2,34
2020-08-02,102900011000328,11.218,8.0,0,36
2020-08-03,102900011000328,8.645999999999999,8.0,0,30
2020-08-04,102900011000328,6.23,8.0,0,19
2020-08-05,102900011000328,18.929,8.0,0,56
2020-08-06,102900011000328,11.781,8.0,0,38
2020-08-07,102900011000328,9.788,8.0,0,25
2020-08-08,102900011000328,13.76,8.0,0,44
2020-08-09,102900011000328,18.588,8.0,0,49
2020-08-10,102900011000328,11.481,8.0,0,37
2020-08-11,102900011000328,11.882,8.0,0,37
2020-08-12,102900011000328,16.493,8.0,0,47
2020-08-13,102900011000328,14.251,8.0,0,40
2020-08-14,102900011000328,16.879,8.0,0,55
2020-08-15,102900011000328,11.655,8.0,0,33
2020-08-16,102900011000328,17.973,8.0,0,57
2020-08-17,102900011000328,13.371,8.0,0,39
2020-08-18,102900011000328,17.148,8.0,0,50
2020-08-19,102900011000328,13.295,8.0,0,44
2020-08-20,102900011000328,6.872,9.0,0,22
2020-08-21,102900011000328,14.639,8.0,0,37
2020-08-22,102900011000328,15.62,8.0,0,46
2020-08-23,102900011000328,15.187,8.0,0,43
2020-08-24,102900011000328,13.031,8.0,0,36
2020-08-25,102900011000328,10.201,8.0,0,34
2020-08-26,102900011000328,9.929,8.0,0,31
2020-08-27,102900011000328,11.819,8.0,0,31
2020-08-28,102900011000328,6.655,8.0,0,22
2020-08-29,102900011000328,12.898,8.0,0,36
2020-08-30,102900011000328,9.999,8.0,0,29
2020-08-31,102900011000328,11.325,9.0,0,33
2020-09-01,102900011000328,4.467,9.0,0,14
2020-09-02,102900011000328,5.167,9.0,0,16
2020-09-03,102900011000328,5.4270000000000005,9.0,0,16
2020-09-04,102900011000328,6.595,9.0,0,18
2020-09-05,102900011000328,3.728,10.0,0,12
2020-09-06,102900011000328,18.454,10.0,0,55
2020-09-07,102900011000328,5.781000000000001,10.0,0,14
2020-09-08,102900011000328,4.41,10.0,0,13
2020-09-09,102900011000328,3.4770000000000003,10.0,0,11
2020-09-10,102900011000328,4.828,10.0,0,19
2020-09-11,102900011000328,5.55,10.0,0,17
2020-09-12,102900011000328,9.764,11.0,0,29
2020-09-13,102900011000328,15.404,11.0,0,53
2020-09-14,102900011000328,8.126,11.0,0,23
2020-09-15,102900011000328,6.34,11.0,0,22
2020-09-16,102900011000328,7.699,10.0,0,20
2020-09-17,102900011000328,6.914,11.0,0,24
2020-09-18,102900011000328,7.632,11.0,0,21
2020-09-19,102900011000328,8.015,11.0,0,26
2020-09-20,102900011000328,19.71,12.0,0,53
2020-09-21,102900011000328,10.97,12.0,0,37
2020-09-22,102900011000328,12.34,12.0,0,32
2020-09-23,102900011000328,7.932,12.0,0,22
2020-09-24,102900011000328,7.84,12.0,0,20
2020-09-25,102900011000328,7.697,12.0,0,23
2020-09-26,102900011000328,4.734,12.0,0,16
2020-09-27,102900011000328,4.675,12.0,0,14
2020-09-28,102900011000328,4.589,10.0,0,16
2020-09-29,102900011000328,3.865,12.0,0,16
2020-09-30,102900011000328,5.492,12.0,0,15
2020-10-01,102900011000328,9.509,10.0,0,33
2020-10-02,102900011000328,11.323,10.0,0,39
2020-10-03,102900011000328,9.525,12.0,0,30
2020-10-04,102900011000328,6.6770000000000005,12.0,0,22
2020-10-05,102900011000328,10.645,12.0,0,33
2020-10-06,102900011000328,7.705,12.0,0,29
2020-10-07,102900011000328,3.858,12.0,0,15
2020-10-08,102900011000328,7.523,12.0,0,24
2020-10-09,102900011000328,8.966,12.0,0,29
2020-10-10,102900011000328,5.134,12.0,0,16
2020-10-11,102900011000328,6.077,12.0,0,19
2020-10-12,102900011000328,5.443,12.0,0,19
2020-10-13,102900011000328,3.807,12.0,0,12
2020-10-14,102900011000328,5.134,12.0,0,18
2020-10-15,102900011000328,2.769,14.0,0,10
2020-10-16,102900011000328,3.225,14.0,0,11
2020-10-17,102900011000328,7.088,14.0,0,25
2020-10-18,102900011000328,6.453,14.0,0,20
2020-10-19,102900011000328,2.911,14.0,0,9
2020-10-20,102900011000328,3.892,14.0,0,15
2020-10-21,102900011000328,5.523,14.0,0,19
2020-10-22,102900011000328,3.363,14.0,0,13
2020-10-23,102900011000328,2.898,14.0,0,9
2020-10-24,102900011000328,3.547,14.0,0,12
2020-10-25,102900011000328,6.138,14.0,0,20
2020-10-26,102900011000328,0.673,14.0,0,2
2020-10-27,102900011000328,3.696,14.0,0,14
2020-10-28,102900011000328,2.4210000000000003,16.0,0,9
2020-10-29,102900011000328,2.909,16.0,0,11
2020-10-30,102900011000328,2.179,16.0,0,7
2020-10-31,102900011000328,7.411,16.0,0,22
2020-11-01,102900011000328,3.761,16.0,0,11
2020-11-02,102900011000328,5.139,16.0,0,17
2020-11-03,102900011000328,2.572,16.0,0,8
2020-11-04,102900011000328,2.936,16.0,0,8
2020-11-05,102900011000328,2.635,16.0,0,7
2020-11-06,102900011000328,1.6789999999999998,16.0,0,7
2020-11-07,102900011000328,6.077,16.0,0,23
2020-11-08,102900011000328,5.082,16.0,0,22
2020-11-09,102900011000328,2.678,16.0,0,8
2020-11-10,102900011000328,1.897,18.0,0,7
2020-11-11,102900011000328,3.093,16.0,0,12
2020-11-12,102900011000328,2.735,16.0,0,9
2020-11-13,102900011000328,2.047,16.0,0,7
2020-11-14,102900011000328,4.882,16.0,0,17
2020-11-15,102900011000328,4.112,16.0,0,15
2020-11-16,102900011000328,2.798,16.0,0,9
2020-11-17,102900011000328,2.442,16.0,0,8
2020-11-18,102900011000328,2.66,16.0,0,8
2020-11-19,102900011000328,5.819,16.0,0,17
2020-11-20,102900011000328,2.436,16.0,0,7
2020-11-21,102900011000328,4.649,16.0,0,19
2020-11-22,102900011000328,4.569,16.0,0,13
2020-11-23,102900011000328,3.556,16.0,0,11
2020-11-24,102900011000328,3.306,16.0,0,11
2020-11-25,102900011000328,3.304,14.0,0,12
2020-11-26,102900011000328,3.248,16.0,0,11
2020-11-27,102900011000328,4.919,16.0,0,9
2020-11-28,102900011000328,4.831,16.0,0,13
2020-11-29,102900011000328,2.584,16.0,0,9
2020-11-30,102900011000328,3.455,16.0,0,12
2020-12-01,102900011000328,2.842,16.0,0,9
2020-12-02,102900011000328,1.853,16.0,0,7
2020-12-03,102900011000328,4.899,16.0,0,13
2020-12-04,102900011000328,2.824,16.0,0,12
2020-12-05,102900011000328,5.162,16.0,0,15
2020-12-06,102900011000328,6.922,16.0,0,24
2020-12-07,102900011000328,2.831,16.0,0,9
2020-12-08,102900011000328,1.176,16.0,0,6
2020-12-09,102900011000328,2.534,16.0,0,10
2020-12-10,102900011000328,3.938,16.0,0,11
2020-12-11,102900011000328,2.648,16.0,0,9
2020-12-12,102900011000328,4.317,16.0,0,17
2020-12-13,102900011000328,9.161,16.0,0,30
2020-12-15,102900011000328,1.208,16.0,0,4
2020-12-16,102900011000328,2.623,16.0,0,8
2020-12-17,102900011000328,2.26,16.0,0,7
2020-12-18,102900011000328,3.336,16.0,0,7
2020-12-19,102900011000328,2.279,16.0,0,9
2020-12-20,102900011000328,6.6850000000000005,16.0,0,22
2020-12-21,102900011000328,3.029,16.0,0,8
2020-12-22,102900011000328,4.0760000000000005,18.0,0,12
2020-12-23,102900011000328,3.955,18.0,0,13
2020-12-24,102900011000328,1.391,18.0,0,5
2020-12-25,102900011000328,2.707,19.8,0,11
2020-12-26,102900011000328,3.36,19.8,0,13
2020-12-27,102900011000328,6.895,19.8,0,19
2020-12-28,102900011000328,1.657,19.8,0,6
2020-12-29,102900011000328,2.842,19.8,0,10
2020-12-30,102900011000328,2.539,25.8,0,10
2020-12-31,102900011000328,3.59,18.0,1,11
2021-01-01,102900011000328,5.573,25.8,0,17
2021-01-02,102900011000328,5.952,23.8,0,19
2021-01-03,102900011000328,6.686,23.8,0,21
2021-01-04,102900011000328,4.681,19.8,0,14
2021-01-05,102900011000328,2.677,23.8,0,9
2021-01-06,102900011000328,2.14,23.8,0,11
2021-01-07,102900011000328,1.614,23.8,0,8
2021-01-08,102900011000328,3.809,19.8,0,19
2021-01-09,102900011000328,6.773,19.8,0,32
2021-01-10,102900011000328,5.99,21.8,0,27
2021-01-11,102900011000328,3.904,21.8,0,18
2021-01-12,102900011000328,2.295,23.8,0,9
2021-01-13,102900011000328,2.072,23.8,0,9
2021-01-14,102900011000328,2.589,23.8,0,11
2021-01-15,102900011000328,1.572,23.8,0,7
2021-01-16,102900011000328,2.746,23.8,0,11
2021-01-17,102900011000328,11.142,23.8,0,41
2021-01-18,102900011000328,2.544,23.8,0,12
2021-01-19,102900011000328,3.432,23.8,0,16
2021-01-20,102900011000328,0.5760000000000001,23.8,0,3
2021-01-21,102900011000328,5.65,23.8,0,19
2021-01-22,102900011000328,5.961,23.8,0,23
2021-01-23,102900011000328,3.028,23.8,0,12
2021-01-24,102900011000328,3.706,21.8,0,15
2021-01-25,102900011000328,7.419,21.8,0,27
2021-01-26,102900011000328,5.143,21.8,0,19
2021-01-27,102900011000328,6.894,21.8,0,20
2021-01-28,102900011000328,3.871,21.8,0,10
2021-01-29,102900011000328,4.977,21.8,0,16
2021-01-30,102900011000328,4.343,21.8,0,17
2020-07-02,102900011006689,1.392,10.0,0,6
2020-07-03,102900011006689,3.478,10.0,0,6
2020-07-04,102900011006689,4.908,10.0,0,14
2020-07-05,102900011006689,3.625,11.0,0,13
2020-07-07,102900011006689,1.266,11.0,0,1
2020-07-11,102900011006689,9.99,7.279999999999999,6,21
2020-07-12,102900011006689,6.126,7.65,1,15
2020-07-13,102900011006689,7.318,8.0,0,19
2020-07-14,102900011006689,4.301,8.0,0,11
2020-07-15,102900011006689,2.922,8.0,0,8
2020-07-16,102900011006689,2.883,8.0,0,7
2020-07-17,102900011006689,6.881,7.433333333333334,3,18
2020-08-01,102900011006689,8.946,5.65,3,20
2020-08-02,102900011006689,4.85,6.0,0,12
2020-08-04,102900011006689,1.915,6.6,0,3
2020-08-05,102900011006689,8.100999999999999,6.6,0,21
2020-08-06,102900011006689,6.705,6.6,0,18
2020-08-07,102900011006689,4.211,6.6,0,8
2020-08-25,102900011006689,6.354,6.0,0,18
2020-08-26,102900011006689,8.596,6.0,0,23
2020-08-28,102900011006689,1.089,7.0,0,4
2020-09-08,102900011006689,10.882,4.0,0,20
2020-09-14,102900011006689,9.122,4.0,0,24
2020-09-15,102900011006689,4.65,4.0,0,15
2020-09-18,102900011006689,4.379,5.0,0,12
2020-09-24,102900011006689,2.777,6.0,0,8
2020-09-25,102900011006689,9.349,6.0,0,27
2020-09-27,102900011006689,6.046,4.6,0,15
2020-10-16,102900011006689,5.753,6.0,0,16
2020-10-17,102900011006689,8.161,6.0,0,21
2020-10-18,102900011006689,3.412,6.0,0,9
2020-10-19,102900011006689,2.743,6.0,0,10
2020-10-20,102900011006689,2.591,6.0,0,7
2020-10-21,102900011006689,5.65,6.0,0,18
2020-10-22,102900011006689,2.239,6.0,0,7
2020-10-24,102900011006689,7.158,6.0,0,21
2020-10-25,102900011006689,8.589,5.6,0,20
2020-10-29,102900011006689,4.272,4.0,0,8
2020-10-30,102900011006689,1.632,4.0,0,5
2020-11-05,102900011006689,4.043,2.0,0,12
2020-11-10,102900011006689,4.548,2.0,0,11
2020-11-12,102900011006689,3.892,2.0,0,9
2020-11-14,102900011006689,3.085,2.0,0,12
2020-11-18,102900011006689,8.539,2.0,0,20
2020-12-10,102900011006689,3.688,3.6,0,13
2020-12-11,102900011006689,2.794,3.6,0,8
2020-12-15,102900011006689,3.997,4.0,0,13
2020-12-16,102900011006689,0.88,4.0,0,2
2020-12-17,102900011006689,0.503,4.0,0,2
2020-12-18,102900011006689,0.956,4.0,0,5
2020-12-19,102900011006689,2.613,4.0,0,10
2020-12-20,102900011006689,2.262,4.0,0,7
2020-12-21,102900011006689,0.704,4.0,0,2
2020-12-22,102900011006689,1.583,4.0,0,3
2020-12-23,102900011006689,1.608,4.0,0,2
2020-12-24,102900011006689,0.477,4.0,0,2
2020-12-26,102900011006689,1.86,4.0,0,6
2020-12-27,102900011006689,3.141,4.0,0,9
2020-12-28,102900011006689,1.407,4.0,0,5
2020-12-29,102900011006689,0.854,4.0,0,2
2020-12-30,102900011006689,0.904,5.0,0,2
2020-12-31,102900011006689,1.019,6.0,0,3
2021-01-01,102900011006689,0.652,6.0,0,2
2021-01-02,102900011006689,1.318,7.0,0,5
2021-01-03,102900011006689,2.291,6.0,0,8
2021-01-04,102900011006689,1.723,6.0,0,4
2021-01-06,102900011006689,1.506,6.0,0,4
2021-01-07,102900011006689,1.171,6.0,0,3
2021-01-08,102900011006689,1.472,6.0,0,5
2021-01-09,102900011006689,1.456,6.0,0,4
2021-01-10,102900011006689,0.953,6.0,0,2
2021-01-11,102900011006689,0.8029999999999999,6.0,0,3
2021-01-12,102900011006689,0.989,7.0,0,3
2021-01-13,102900011006689,1.275,7.0,0,4
2021-01-14,102900011006689,0.387,7.0,0,1
2021-01-17,102900011006689,0.989,7.0,0,3
2021-01-18,102900011006689,6.855,8.0,0,19
2021-01-19,102900011006689,2.282,8.0,0,6
2021-01-20,102900011006689,2.67,8.0,0,7
2021-01-21,102900011006689,5.176,8.0,0,12
2021-01-22,102900011006689,4.1370000000000005,8.0,0,11
2021-01-23,102900011006689,1.053,6.0,0,3
2021-01-24,102900011006689,4.733,6.0,0,13
2021-01-25,102900011006689,4.9350000000000005,6.0,0,13
2021-01-26,102900011006689,1.873,6.0,0,5
2021-01-27,102900011006689,3.338,7.0,0,8
2021-01-28,102900011006689,2.107,7.0,0,5
2021-01-29,102900011006689,2.623,7.0,0,8
2020-07-05,102900011001813,20.0,3.5,0,20
2020-07-06,102900011001813,4.0,3.45,1,3
2020-07-07,102900011001813,4.0,3.3,1,3
2020-08-07,102900011001813,7.0,3.5,0,7
2020-08-08,102900011001813,18.0,3.5,0,18
2020-08-09,102900011001813,1.0,3.5,0,1
2020-08-14,102900011001813,8.0,3.5,0,8
2020-08-15,102900011001813,5.0,3.5,0,5
2020-08-20,102900011001813,8.0,3.5,0,8
2020-08-28,102900011001813,4.0,4.5,0,4
2020-08-29,102900011001813,5.0,4.5,0,5
2020-08-30,102900011001813,16.0,3.9,0,16
2020-09-02,102900011001813,9.0,3.9,0,9
2020-09-03,102900011001813,12.0,3.9,0,12
2020-09-05,102900011001813,5.0,3.9,0,5
2020-09-06,102900011001813,15.0,3.9,0,15
2020-09-08,102900011001813,3.0,3.9,0,3
2020-09-10,102900011001813,1.0,3.9,0,1
2020-09-11,102900011001813,1.0,3.9,0,1
2020-09-12,102900011001813,13.0,3.9,0,13
2020-09-13,102900011001813,2.0,3.9,0,2
2020-09-15,102900011001813,2.0,3.9,0,2
2020-09-17,102900011001813,11.0,3.9,0,11
2020-09-19,102900011001813,19.0,3.9,0,19
2020-09-21,102900011001813,23.0,3.9,0,23
2020-09-23,102900011001813,10.0,3.9,0,10
2020-09-25,102900011001813,9.0,4.9,0,9
2020-09-26,102900011001813,11.0,4.9,0,11
2020-09-27,102900011001813,7.0,4.9,0,7
2020-09-28,102900011001813,2.0,4.9,0,2
2020-09-29,102900011001813,2.0,4.9,0,2
2020-09-30,102900011001813,14.0,4.9,0,14
2020-10-01,102900011001813,5.0,4.9,0,5
2020-10-02,102900011001813,5.0,4.9,0,5
2020-10-04,102900011001813,3.0,4.9,0,3
2020-10-05,102900011001813,14.0,4.9,0,14
2020-10-06,102900011001813,13.0,4.9,0,13
2020-10-07,102900011001813,8.0,4.9,0,8
2020-10-08,102900011001813,279.0,2.5,0,139
2020-10-09,102900011001813,14.0,2.5,0,14
2020-10-10,102900011001813,21.0,2.5,0,21
2020-10-12,102900011001813,8.0,3.5,0,8
2020-10-13,102900011001813,5.0,3.9,0,5
2020-10-14,102900011001813,12.0,3.9,0,12
2020-10-15,102900011001813,12.0,3.9,0,12
2020-10-16,102900011001813,5.0,3.9,0,5
2020-10-17,102900011001813,13.0,3.9,0,13
2020-10-18,102900011001813,8.0,3.9,0,8
2020-10-19,102900011001813,6.0,3.9,0,6
2020-10-20,102900011001813,3.0,3.9,0,3
2020-10-21,102900011001813,7.0,3.9,0,7
2020-10-22,102900011001813,10.0,3.9,0,10
2020-10-23,102900011001813,16.0,3.9,0,16
2020-10-24,102900011001813,9.0,3.9,0,9
2020-10-25,102900011001813,9.0,3.9,0,9
2020-10-26,102900011001813,9.0,3.9,0,9
2020-10-27,102900011001813,5.0,3.9,0,5
2020-10-28,102900011001813,15.0,3.9,0,15
2020-10-29,102900011001813,4.0,3.5,0,4
2020-10-30,102900011001813,13.0,3.5,0,13
2020-10-31,102900011001813,12.0,3.5,0,12
2020-11-01,102900011001813,12.0,3.5,0,12
2020-11-02,102900011001813,7.0,3.5,0,7
2020-11-03,102900011001813,9.0,3.5,0,9
2020-11-04,102900011001813,145.0,2.5,0,144
2020-11-05,102900011001813,81.0,2.5,0,81
2020-11-06,102900011001813,24.0,2.5,0,24
2020-11-07,102900011001813,13.0,2.9,0,13
2020-11-08,102900011001813,12.0,2.9,0,12
2020-11-09,102900011001813,4.0,2.5,0,4
2020-11-10,102900011001813,10.0,2.5,0,10
2020-11-11,102900011001813,13.0,2.5,0,13
2020-11-12,102900011001813,12.0,2.5,0,12
2020-11-13,102900011001813,12.0,2.5,0,12
2020-11-14,102900011001813,13.0,2.5,0,13
2020-11-15,102900011001813,10.0,2.5,0,10
2020-11-16,102900011001813,12.0,2.5,0,12
2020-11-17,102900011001813,92.0,2.5,0,76
2020-11-18,102900011001813,55.0,2.5,0,51
2020-11-19,102900011001813,26.0,2.5,0,26
2020-11-20,102900011001813,25.0,2.5,0,25
2020-11-21,102900011001813,45.0,2.0,0,45
2020-11-23,102900011001813,49.0,2.0,0,49
2020-11-24,102900011001813,38.0,2.5,0,38
2020-11-25,102900011001813,18.0,2.5,0,18
2020-11-26,102900011001813,12.0,2.5,0,12
2020-11-27,102900011001813,25.0,2.5,0,25
2020-11-28,102900011001813,67.0,2.5,0,67
2020-11-29,102900011001813,43.0,2.5,0,43
2020-11-30,102900011001813,8.0,2.5,0,8
2020-12-01,102900011001813,25.0,2.5,0,25
2020-12-02,102900011001813,88.0,2.25,45,41
2020-12-03,102900011001813,21.0,2.9,0,21
2020-12-04,102900011001813,25.0,2.9,0,25
2020-12-05,102900011001813,34.0,2.9,0,34
2020-12-06,102900011001813,69.0,2.9,0,69
2020-12-07,102900011001813,16.0,2.9,0,16
2020-12-08,102900011001813,15.0,2.9,0,15
2020-12-09,102900011001813,17.0,2.9,0,17
2020-12-10,102900011001813,12.0,3.5,0,12
2020-12-11,102900011001813,12.0,3.2,4,8
2020-12-12,102900011001813,39.0,3.5,0,39
2020-12-13,102900011001813,14.0,3.5,0,14
2020-12-15,102900011001813,2.0,3.5,0,2
2020-12-16,102900011001813,3.0,3.5,0,3
2020-12-17,102900011001813,6.0,3.5,0,6
