数学建模相关/2023数模国赛C题/运行代码/数据拼合/sales_day_simple.csv
销售日期,单品编码,销量(千克),每日平均销售单价(元/千克),打折数量,原价数量
2020-07-05,102900011009444,10.427,11.85,1,23
2020-07-06,102900011009444,5.333,12.0,0,12
2020-07-09,102900011009444,7.755,12.0,0,13
2020-07-10,102900011009444,7.046,11.4,1,13
2020-07-12,102900011009444,16.695,8.92,4,26
2020-07-13,102900011009444,8.609,10.0,0,14
2020-07-14,102900011009444,5.9830000000000005,10.0,0,12
2020-07-15,102900011009444,9.692,10.0,0,19
2020-07-16,102900011009444,8.89,10.0,0,20
2020-07-17,102900011009444,13.389999999999999,9.275,4,21
2020-07-18,102900011009444,14.771999999999998,9.35,3,25
2020-07-19,102900011009444,15.846,9.3,4,28
2020-07-20,102900011009444,13.08,8.675,3,23
2020-07-21,102900011009444,6.393999999999999,9.55,1,11
2020-07-22,102900011009444,14.121,9.233333333333333,2,23
2020-07-23,102900011009444,11.645,10.0,0,18
2020-07-24,102900011009444,10.571,9.7,1,18
2020-07-25,102900011009444,34.275999999999996,6.7700000000000005,12,50
2020-07-26,102900011009444,18.053,6.959999999999999,4,27
2020-07-27,102900011009444,15.266000000000002,6.04,5,17
2020-07-28,102900011009444,13.107000000000001,7.666666666666667,2,14
2020-07-29,102900011009444,14.113000000000001,7.6000000000000005,3,21
2020-07-30,102900011009444,14.209999999999999,7.340000000000001,4,23
2020-07-31,102900011009444,9.012,8.0,0,13
2020-08-01,102900011009444,16.139,7.5,1,31
2020-08-02,102900011009444,11.142,8.0,0,24
2020-08-03,102900011009444,7.621,8.0,0,17
2020-08-04,102900011009444,11.117,8.0,0,19
2020-08-05,102900011009444,18.137,8.0,0,34
2020-08-06,102900011009444,10.904,8.0,0,20
2020-08-07,102900011009444,11.982,8.0,0,24
2020-08-08,102900011009444,10.55,8.0,0,25
2020-08-09,102900011009444,17.008,6.0,0,32
2020-08-10,102900011009444,14.719,6.0,0,28
2020-08-11,102900011009444,7.913,6.0,0,17
2020-08-12,102900011009444,11.764,7.0,0,21
2020-08-13,102900011009444,7.996,7.0,0,15
2020-08-14,102900011009444,8.11,7.0,0,15
2020-08-15,102900011009444,9.545,7.0,0,18
2020-08-16,102900011009444,22.868,7.0,0,39
2020-08-17,102900011009444,8.284,7.0,0,18
2020-08-18,102900011009444,9.402,7.0,0,20
2020-08-19,102900011009444,9.542,7.0,0,20
2020-08-20,102900011009444,7.967,10.0,0,16
2020-08-21,102900011009444,7.258,8.0,0,14
2020-08-22,102900011009444,11.343,8.0,0,21
2020-08-23,102900011009444,18.536,8.0,0,36
2020-08-24,102900011009444,8.296,8.0,0,19
2020-08-25,102900011009444,6.378,12.0,0,15
2020-08-26,102900011009444,8.933,12.0,0,20
2020-08-27,102900011009444,1.085,12.0,0,3
2020-10-03,102900011009444,16.706,6.0,0,30
2020-10-06,102900011009444,14.912,7.0,0,29
2020-10-07,102900011009444,11.675,7.0,0,22
2020-10-08,102900011009444,4.473,8.0,0,10
2020-10-09,102900011009444,3.86,8.0,0,9
2020-10-10,102900011009444,6.93,8.0,0,12
2020-10-11,102900011009444,9.624,8.0,0,19
2020-10-12,102900011009444,3.484,8.0,0,5
2020-10-13,102900011009444,8.575,8.0,0,19
2020-10-14,102900011009444,4.71,7.6,0,11
2020-10-15,102900011009444,5.436,7.6,0,13
2020-10-16,102900011009444,5.673,7.6,0,11
2020-10-17,102900011009444,5.862,7.0,0,13
2020-10-18,102900011009444,9.987,7.0,0,22
2020-10-19,102900011009444,8.081,7.0,0,14
2020-10-20,102900011009444,1.462,7.0,0,4
2020-10-21,102900011009444,3.244,8.0,0,8
2020-10-22,102900011009444,3.2960000000000003,8.0,0,7
2020-10-23,102900011009444,3.133,8.0,0,6
2020-10-24,102900011009444,5.163,8.0,0,11
2020-10-25,102900011009444,5.767,8.0,0,12
2020-10-26,102900011009444,3.283,8.0,0,6
2020-10-27,102900011009444,4.211,7.0,0,8
2020-10-28,102900011009444,4.643,7.0,0,9
2020-10-29,102900011009444,0.731,7.0,0,2
2020-10-30,102900011009444,4.124,8.0,0,12
2020-10-31,102900011009444,0.414,8.0,0,1
2020-11-01,102900011009444,1.667,8.0,0,4
2020-11-02,102900011009444,1.128,8.0,0,3
2020-11-03,102900011009444,1.253,7.6,0,2
2020-11-04,102900011009444,0.712,7.6,0,2
2020-11-06,102900011009444,1.439,7.6,0,4
2020-11-07,102900011009444,1.992,7.6,0,6
2020-11-08,102900011009444,2.283,7.6,0,6
2020-11-09,102900011009444,1.571,7.6,0,4
2020-11-10,102900011009444,2.468,7.6,0,6
2020-11-11,102900011009444,1.806,7.6,0,4
2020-11-12,102900011009444,4.062,8.0,0,8
2020-11-14,102900011009444,0.459,7.0,0,1
2020-11-15,102900011009444,2.478,7.0,0,4
2020-11-16,102900011009444,2.593,7.0,0,4
2020-11-17,102900011009444,2.321,7.0,0,5
2020-11-18,102900011009444,1.549,7.0,0,5
2020-11-19,102900011009444,1.391,7.0,0,5
2020-11-20,102900011009444,2.322,7.0,0,4
2020-11-21,102900011009444,2.357,8.0,0,6
2020-11-22,102900011009444,4.41,8.0,0,12
2020-11-23,102900011009444,4.198,8.0,0,8
2020-11-24,102900011009444,0.947,9.0,0,3
2020-11-25,102900011009444,1.815,9.0,0,4
2020-11-26,102900011009444,1.846,12.0,0,5
2020-11-27,102900011009444,2.547,14.0,0,6
2020-11-28,102900011009444,3.039,12.0,0,8
2020-11-29,102900011009444,2.7870000000000004,12.0,0,6
2020-11-30,102900011009444,2.028,12.0,0,5
2020-12-01,102900011009444,1.469,12.0,0,4
2020-12-02,102900011009444,1.26,12.0,0,3
2020-12-03,102900011009444,3.966,12.0,0,10
2020-12-04,102900011009444,1.511,12.0,0,4
2020-12-05,102900011009444,2.179,12.0,0,6
2020-12-06,102900011009444,0.543,12.0,0,1
2020-07-07,102900005116837,0.424,13.0,0,1
2020-09-11,102900005116837,3.266,10.0,0,12
2020-09-15,102900005116837,3.989,10.0,0,13
2020-09-16,102900005116837,2.787,12.0,0,13
2020-09-17,102900005116837,3.389,12.0,0,14
2020-09-18,102900005116837,3.055,12.0,0,10
2020-09-19,102900005116837,4.015,12.0,0,22
2020-09-20,102900005116837,4.092,12.0,0,21
2020-09-21,102900005116837,4.474,12.0,0,21
2020-09-22,102900005116837,4.208,12.0,0,18
2020-09-23,102900005116837,7.313,12.0,0,27
2020-09-24,102900005116837,4.392,12.0,0,19
2020-09-25,102900005116837,3.698,12.0,0,17
2020-09-26,102900005116837,4.007,12.0,0,21
2020-09-27,102900005116837,2.94,12.0,0,15
2020-09-28,102900005116837,3.316,10.0,0,15
2020-09-29,102900005116837,4.068,10.0,0,19
2020-09-30,102900005116837,1.803,10.0,0,8
2020-10-01,102900005116837,9.33,6.0,0,29
2020-10-02,102900005116837,4.175,8.0,0,17
2020-10-03,102900005116837,4.685,10.0,0,15
2020-10-04,102900005116837,4.5680000000000005,10.0,0,22
2020-10-05,102900005116837,4.482,12.0,0,19
2020-10-06,102900005116837,4.675,12.0,0,22
2020-10-07,102900005116837,7.181,12.0,0,29
2020-10-08,102900005116837,7.381,12.0,0,33
2020-10-09,102900005116837,7.539,12.0,0,25
2020-10-10,102900005116837,3.43,12.0,0,10
2020-10-11,102900005116837,3.991,12.0,0,12
2020-10-12,102900005116837,5.311,10.0,0,16
2020-10-13,102900005116837,6.905,8.0,0,25
2020-10-14,102900005116837,4.0600000000000005,8.0,0,15
2020-10-15,102900005116837,9.113,8.0,0,25
2020-10-16,102900005116837,6.835,10.0,0,18
2020-10-17,102900005116837,7.189,10.0,0,22
2020-10-18,102900005116837,7.507,10.0,0,19
2020-10-19,102900005116837,4.551,10.0,0,18
2020-10-20,102900005116837,5.415,10.0,0,15
2020-10-21,102900005116837,4.883,10.0,0,14
2020-10-22,102900005116837,8.869,5.6,0,29
2020-10-23,102900005116837,6.792,5.6,0,20
2020-10-24,102900005116837,11.172,6.0,0,32
2020-10-25,102900005116837,8.741,7.0,0,26
2020-10-26,102900005116837,2.256,8.0,0,8
2020-10-27,102900005116837,6.655,8.0,0,19
2020-10-28,102900005116837,6.439,6.0,0,22
2020-10-29,102900005116837,6.856,6.0,0,24
2020-10-30,102900005116837,6.857,6.0,0,19
2020-10-31,102900005116837,8.914,6.0,0,22
2020-11-01,102900005116837,7.358,6.0,0,17
2020-11-02,102900005116837,7.743,6.0,0,20
2020-11-03,102900005116837,10.938,6.0,0,31
2020-11-04,102900005116837,4.146,6.0,0,13
2020-11-05,102900005116837,5.537,6.0,0,17
2020-11-06,102900005116837,9.267,6.0,0,23
2020-11-07,102900005116837,8.446,6.0,0,18
2020-11-08,102900005116837,7.727,6.0,0,26
2020-11-09,102900005116837,7.693,6.0,0,26
2020-11-10,102900005116837,7.776,6.0,0,22
2020-11-11,102900005116837,9.353,5.0,5,20
2020-11-12,102900005116837,7.675,6.0,0,22
2020-11-13,102900005116837,4.75,6.0,0,14
2020-11-14,102900005116837,12.425,6.0,0,36
2020-11-15,102900005116837,7.358,6.0,0,19
2020-11-16,102900005116837,6.238,6.0,0,21
2020-11-17,102900005116837,5.318,6.0,0,15
2020-11-18,102900005116837,7.16,6.0,0,23
2020-11-19,102900005116837,6.072,6.0,0,16
2020-11-20,102900005116837,8.346,6.0,0,25
2020-11-21,102900005116837,17.46,6.0,0,55
2020-11-22,102900005116837,18.045,7.0,0,42
2020-11-23,102900005116837,13.128,7.0,0,34
2020-11-24,102900005116837,11.58,7.0,0,37
2020-11-25,102900005116837,11.936,7.0,0,35
2020-11-26,102900005116837,16.747,8.0,0,44
2020-11-27,102900005116837,13.683,8.0,0,36
2020-11-28,102900005116837,18.223,8.0,0,51
2020-11-29,102900005116837,16.681,8.0,0,41
2020-11-30,102900005116837,7.08,8.0,0,20
2020-12-01,102900005116837,14.9,8.0,0,42
2020-12-02,102900005116837,12.607,8.0,0,30
2020-12-03,102900005116837,8.119,10.0,0,21
2020-12-04,102900005116837,11.004,10.0,0,31
2020-12-05,102900005116837,16.621,10.0,0,46
2020-12-06,102900005116837,18.433,10.0,0,50
2020-12-07,102900005116837,13.242,10.0,0,32
2020-12-08,102900005116837,10.586,10.0,0,30
2020-12-09,102900005116837,10.264,10.0,0,32
2020-12-10,102900005116837,12.469,10.0,0,32
2020-12-11,102900005116837,12.433,8.0,0,30
2020-12-12,102900005116837,19.702,8.0,0,48
2020-12-13,102900005116837,16.129,8.0,0,46
2020-12-14,102900005116837,8.742,9.0,0,25
2020-12-15,102900005116837,14.1,9.0,0,36
2020-12-16,102900005116837,10.547,9.0,0,27
2020-12-17,102900005116837,11.414,8.0,0,25
2020-12-18,102900005116837,9.312,8.0,0,26
2020-12-19,102900005116837,16.944,8.0,0,38
2020-12-20,102900005116837,17.282,8.0,0,45
2020-12-21,102900005116837,6.88,8.0,0,20
2020-12-22,102900005116837,10.778,8.0,0,25
2020-12-23,102900005116837,8.24,7.0,0,20
2020-12-24,102900005116837,11.305,7.0,0,31
2020-12-25,102900005116837,11.542,6.0,0,27
2020-12-26,102900005116837,12.676,6.0,0,33
2020-12-27,102900005116837,13.446,6.0,0,31
2020-12-28,102900005116837,13.902,7.0,0,34
2020-12-29,102900005116837,10.475,7.0,0,23
2020-12-30,102900005116837,9.531,7.0,0,25
2020-12-31,102900005116837,12.844,6.0,0,30
2021-01-01,102900005116837,16.873,6.0,0,42
2021-01-02,102900005116837,16.187,6.0,0,38
2021-01-03,102900005116837,10.404,6.0,0,26
2021-01-04,102900005116837,12.222,6.0,0,26
2021-01-05,102900005116837,10.032,6.0,0,24
2021-01-06,102900005116837,11.304,6.0,0,35
2021-01-07,102900005116837,14.384,6.0,0,36
2021-01-08,102900005116837,4.727,7.0,0,14
2021-01-09,102900005116837,11.965,7.0,0,37
2021-01-10,102900005116837,11.65,9.0,0,32
2021-01-11,102900005116837,11.005,9.0,0,27
2021-01-12,102900005116837,6.906,10.0,0,18
2021-01-13,102900005116837,9.883,11.0,0,22
2021-01-14,102900005116837,3.628,10.0,0,12
2021-01-15,102900005116837,9.224,12.0,0,22
2021-01-16,102900005116837,15.053,10.0,0,44
2021-01-17,102900005116837,11.363,9.0,0,32
2021-01-18,102900005116837,3.795,9.0,0,11
2021-01-19,102900005116837,7.317,9.0,0,21
2021-01-20,102900005116837,7.173,9.0,0,23
2021-01-21,102900005116837,9.245,9.0,0,26
2021-01-22,102900005116837,5.064,8.0,0,17
2021-01-23,102900005116837,9.9,8.0,0,30
2021-01-24,102900005116837,12.132,8.0,0,33
2021-01-25,102900005116837,11.38,8.0,0,35
2021-01-26,102900005116837,5.864,8.0,0,16
2021-01-27,102900005116837,10.479,8.0,0,19
2021-01-28,102900005116837,10.627,8.0,0,25
2021-01-29,102900005116837,8.786,7.0,0,21
2021-01-30,102900005116837,11.865,7.0,0,30
