数学建模相关/2023数模国赛C题/运行代码/数据拼合/sales_day_simple.csv
销售日期,单品编码,销量(千克),每日平均销售单价(元/千克),打折数量,原价数量
2020-07-08,102900005116899,8.239,16.0,0,17
2020-07-10,102900005116899,6.45,15.55,1,16
2020-07-11,102900005116899,7.464,15.175,4,14
2020-07-12,102900005116899,9.317,14.925,3,19
2020-07-13,102900005116899,8.506999999999998,14.8,1,20
2020-07-14,102900005116899,7.684,15.45,1,17
2020-07-15,102900005116899,8.422,14.55,1,16
2020-07-16,102900005116899,8.467,15.133333333333333,2,18
2020-07-17,102900005116899,7.809,16.0,0,20
2020-07-18,102900005116899,8.575,14.75,5,13
2020-07-19,102900005116899,8.667000000000002,14.9,6,12
2020-07-20,102900005116899,7.122,11.366666666666667,2,13
2020-07-21,102900005116899,7.829000000000001,15.0,1,16
2020-07-22,102900005116899,7.3950000000000005,15.066666666666668,2,17
2020-07-23,102900005116899,8.103,15.5,2,16
2020-07-24,102900005116899,8.286,15.200000000000001,2,17
2020-07-25,102900005116899,8.529,13.183333333333332,5,13
2020-07-26,102900005116899,7.672,14.875,3,14
2020-07-27,102900005116899,13.548,11.0,2,23
2020-07-28,102900005116899,11.93,11.2,1,27
2020-07-29,102900005116899,16.53,11.7,1,28
2020-07-30,102900005116899,10.008,11.2,5,19
2020-07-31,102900005116899,17.846,11.0,0,32
2020-08-01,102900005116899,19.736,10.35,5,34
2020-08-02,102900005116899,54.010000000000005,10.0,11,87
2020-08-03,102900005116899,12.736,11.0,0,30
2020-08-04,102900005116899,23.401,11.0,0,40
2020-08-05,102900005116899,18.915,11.0,0,29
2020-08-06,102900005116899,18.206,11.0,0,32
2020-08-07,102900005116899,21.13,11.0,0,33
2020-08-08,102900005116899,22.267,11.0,0,37
2020-08-09,102900005116899,22.408,10.0,0,41
2020-08-10,102900005116899,23.61,10.0,0,43
2020-08-11,102900005116899,16.016,10.0,0,32
2020-08-12,102900005116899,22.016,10.0,0,40
2020-08-13,102900005116899,16.416,10.0,0,34
2020-08-14,102900005116899,20.886,10.0,0,40
2020-08-15,102900005116899,22.39,8.8,0,35
2020-08-16,102900005116899,22.007,8.8,0,44
2020-08-17,102900005116899,13.327,8.8,0,23
2020-08-18,102900005116899,20.255,8.8,0,33
2020-08-19,102900005116899,15.9,8.8,0,29
2020-08-20,102900005116899,20.891,8.8,0,40
2020-08-21,102900005116899,22.791,8.8,0,43
2020-08-22,102900005116899,21.992,8.8,0,41
2020-08-23,102900005116899,25.755,8.8,0,40
2020-08-24,102900005116899,18.214,8.8,0,29
2020-08-25,102900005116899,16.698,8.8,0,31
2020-08-26,102900005116899,16.631,8.8,0,31
2020-08-27,102900005116899,14.24,10.0,0,27
2020-08-28,102900005116899,14.733,10.0,0,28
2020-08-29,102900005116899,65.118,8.0,0,108
2020-08-30,102900005116899,26.934,8.0,0,50
2020-08-31,102900005116899,50.933,8.0,0,81
2020-09-01,102900005116899,45.554,8.0,0,69
2020-09-02,102900005116899,16.304,8.0,0,28
2020-09-03,102900005116899,14.702,8.0,0,25
2020-09-04,102900005116899,13.171,8.0,0,24
2020-09-05,102900005116899,40.809,7.6,0,73
2020-09-06,102900005116899,46.129,7.3,6,72
2020-09-07,102900005116899,37.507000000000005,6.6,3,56
2020-09-08,102900005116899,19.127,8.0,0,38
2020-09-09,102900005116899,11.303,8.0,0,20
2020-09-10,102900005116899,13.712,8.0,0,25
2020-09-11,102900005116899,12.72,8.0,0,23
2020-09-12,102900005116899,16.957,8.0,0,29
2020-09-13,102900005116899,16.165,8.0,0,30
2020-09-14,102900005116899,16.217,8.0,0,22
2020-09-15,102900005116899,14.348,8.0,0,28
2020-09-16,102900005116899,17.316000000000003,6.5,7,24
2020-09-17,102900005116899,17.437,7.0,0,31
2020-09-18,102900005116899,10.13,7.0,0,20
2020-09-19,102900005116899,38.336,8.0,0,63
2020-09-20,102900005116899,38.35,8.0,0,60
2020-09-21,102900005116899,16.289,8.0,0,34
2020-09-22,102900005116899,36.441,8.0,0,61
2020-09-23,102900005116899,17.283,8.0,0,30
2020-09-24,102900005116899,51.106,7.0,9,83
2020-09-25,102900005116899,20.343,8.0,0,35
2020-09-26,102900005116899,62.839,8.0,0,105
2020-09-27,102900005116899,27.116,8.0,0,45
2020-09-28,102900005116899,10.966,8.0,0,21
2020-09-29,102900005116899,23.334,8.0,0,33
2020-09-30,102900005116899,35.629,8.0,0,49
2020-10-01,102900005116899,53.561,8.0,0,81
2020-10-02,102900005116899,18.385,8.0,0,28
2020-10-03,102900005116899,17.645,8.0,0,24
2020-10-04,102900005116899,18.41,8.0,0,26
2020-10-05,102900005116899,76.672,8.0,0,107
2020-10-06,102900005116899,25.241,8.0,0,39
2020-10-07,102900005116899,52.156,7.0,1,82
2020-10-08,102900005116899,30.566,8.0,0,49
2020-10-09,102900005116899,50.824999999999996,6.5,4,71
2020-10-10,102900005116899,21.803,8.0,0,36
2020-10-11,102900005116899,56.572,8.0,0,93
2020-10-12,102900005116899,36.496,7.0,11,44
2020-10-13,102900005116899,49.701,7.0,6,79
2020-10-14,102900005116899,46.207,8.0,0,65
2020-10-15,102900005116899,42.162,7.0,7,58
2020-10-16,102900005116899,58.973,7.0,8,73
2020-10-17,102900005116899,87.11999999999999,7.0,4,130
2020-10-18,102900005116899,79.338,7.0,6,116
2020-10-19,102900005116899,40.6,7.0,2,60
2020-10-20,102900005116899,49.434000000000005,7.0,5,70
2020-10-21,102900005116899,21.201,7.0,4,26
2020-10-22,102900005116899,35.917,7.0,9,45
2020-10-23,102900005116899,30.567,7.0,1,41
2020-10-24,102900005116899,67.932,7.0,11,87
2020-10-25,102900005116899,71.16,7.0,15,93
2020-10-26,102900005116899,20.666,8.0,0,33
2020-10-27,102900005116899,21.273,7.0,1,33
2020-10-28,102900005116899,32.418,7.0,26,27
2020-10-29,102900005116899,15.828,8.0,0,25
2020-10-30,102900005116899,18.769,7.0,2,32
2020-10-31,102900005116899,79.265,7.0,9,102
2020-11-01,102900005116899,71.332,7.0,20,85
2020-11-02,102900005116899,15.053,8.0,0,25
2020-11-03,102900005116899,15.727,7.0,4,25
2020-11-04,102900005116899,18.183,8.0,0,32
2020-11-05,102900005116899,8.347,8.0,0,14
2020-11-06,102900005116899,13.443,7.0,3,23
2020-11-07,102900005116899,71.413,7.0,13,85
2020-11-08,102900005116899,58.207,7.0,5,85
2020-11-09,102900005116899,14.578999999999999,7.0,2,20
2020-11-10,102900005116899,12.103,7.0,4,16
2020-11-11,102900005116899,14.727,7.0,2,23
2020-11-12,102900005116899,14.210999999999999,7.0,1,18
2020-11-13,102900005116899,13.052999999999999,7.0,2,22
2020-11-14,102900005116899,58.126999999999995,6.5,9,81
2020-11-15,102900005116899,45.353,6.5,8,56
2020-11-16,102900005116899,14.45,7.0,1,22
2020-11-17,102900005116899,24.762,7.0,6,34
2020-11-18,102900005116899,19.171,7.0,5,31
2020-11-19,102900005116899,16.766000000000002,7.0,8,23
2020-11-20,102900005116899,20.750999999999998,7.0,3,35
2020-11-21,102900005116899,91.611,7.0,6,135
2020-11-22,102900005116899,67.538,8.0,0,98
2020-11-23,102900005116899,34.987,8.0,0,52
2020-11-24,102900005116899,44.692,7.0,4,72
2020-11-25,102900005116899,38.696999999999996,7.0,9,48
2020-11-26,102900005116899,24.099,8.0,0,35
2020-11-27,102900005116899,23.178,7.0,3,31
2020-11-28,102900005116899,30.289,8.0,0,45
2020-11-29,102900005116899,31.494,8.0,0,46
2020-11-30,102900005116899,18.481,7.0,5,28
2020-12-01,102900005116899,25.029,8.0,0,45
2020-12-02,102900005116899,20.197,7.0,1,33
2020-12-03,102900005116899,22.817999999999998,7.0,6,24
2020-12-04,102900005116899,23.924,8.0,0,37
2020-12-05,102900005116899,34.801,7.0,6,47
2020-12-06,102900005116899,64.56,7.0,7,87
2020-12-07,102900005116899,45.368,7.0,9,57
2020-12-08,102900005116899,40.159,7.0,16,52
2020-12-09,102900005116899,36.39,7.0,28,25
2020-12-10,102900005116899,43.065,6.0,16,41
2020-12-11,102900005116899,44.021,6.0,0,61
2020-12-12,102900005116899,57.082,7.0,3,75
2020-12-13,102900005116899,51.712,8.0,0,78
2020-12-14,102900005116899,51.695,6.333333333333333,68,16
2020-12-15,102900005116899,36.313,7.0,6,46
2020-12-16,102900005116899,32.948,7.0,12,31
2020-12-17,102900005116899,34.981,7.0,8,48
2020-12-18,102900005116899,38.543,7.0,10,43
2020-12-19,102900005116899,48.441,9.0,0,76
2020-12-20,102900005116899,45.702999999999996,7.5,2,63
2020-12-21,102900005116899,36.636,7.5,1,48
2020-12-22,102900005116899,30.202,7.5,2,34
2020-12-23,102900005116899,33.509,7.5,5,38
2020-12-24,102900005116899,47.608000000000004,7.5,9,55
2020-12-25,102900005116899,32.717,7.5,6,40
2020-12-26,102900005116899,46.044,9.0,0,64
2020-12-27,102900005116899,48.028,9.0,0,69
2020-12-28,102900005116899,40.015,7.5,7,42
2020-12-29,102900005116899,35.654,7.0,4,41
2020-12-30,102900005116899,38.003,7.0,1,52
2020-12-31,102900005116899,51.652,6.5,1,61
2021-01-01,102900005116899,66.895,7.0,0,88
2021-01-02,102900005116899,60.253,6.5,9,72
2021-01-03,102900005116899,48.053,6.5,8,66
2021-01-04,102900005116899,28.703,9.0,0,51
2021-01-05,102900005116899,33.833,9.0,0,47
2021-01-06,102900005116899,26.38,9.0,0,36
2021-01-07,102900005116899,37.841,9.0,0,51
2021-01-08,102900005116899,20.534,9.0,0,30
2021-01-09,102900005116899,39.814,9.0,0,57
2021-01-10,102900005116899,39.867000000000004,9.0,0,54
2021-01-11,102900005116899,28.683,8.0,0,36
2021-01-12,102900005116899,30.226,9.0,0,44
2021-01-13,102900005116899,26.666,10.0,0,38
2021-01-14,102900005116899,23.585,9.0,0,32
2021-01-15,102900005116899,30.471,9.0,0,40
2021-01-16,102900005116899,41.605,9.0,0,54
2021-01-17,102900005116899,31.654,10.0,0,37
2021-01-18,102900005116899,23.469,10.0,0,32
2021-01-19,102900005116899,23.031,10.0,0,37
2021-01-20,102900005116899,27.318,10.0,0,41
2021-01-21,102900005116899,28.117,10.0,0,39
2021-01-22,102900005116899,24.242,10.0,0,37
2021-01-23,102900005116899,35.446,10.0,0,55
2021-01-24,102900005116899,40.665,10.0,0,62
2021-01-25,102900005116899,42.278,10.0,0,54
2021-01-26,102900005116899,34.542,10.0,0,47
2021-01-27,102900005116899,34.14,10.0,0,46
2021-01-28,102900005116899,42.278,10.0,0,57
2021-01-29,102900005116899,28.599,10.0,0,39
2021-01-30,102900005116899,29.941,10.0,0,44
2020-07-10,102900005115861,0.538,3.2,0,1
2020-09-12,102900005115861,6.823,9.0,3,13
2020-09-22,102900005115861,10.224,10.0,0,24
2020-09-25,102900005115861,4.086,8.0,0,11
2020-09-26,102900005115861,4.029,6.0,0,12
2020-09-27,102900005115861,3.4130000000000003,6.0,0,10
2020-09-28,102900005115861,10.17,6.0,0,32
2020-09-29,102900005115861,9.382,6.0,0,23
2020-09-30,102900005115861,8.598,6.0,0,18
2020-10-01,102900005115861,8.126,6.0,0,20
2020-10-02,102900005115861,8.881,6.0,0,20
2020-10-03,102900005115861,8.782,6.0,0,17
2020-10-04,102900005115861,7.226,6.0,0,18
2020-10-05,102900005115861,11.975,6.0,0,26
2020-10-06,102900005115861,20.94,6.0,0,46
2020-10-07,102900005115861,26.341,6.0,0,69
2020-10-08,102900005115861,65.999,6.0,0,129
2020-10-09,102900005115861,24.383,6.0,0,63
2020-10-10,102900005115861,12.208,6.0,0,38
2020-10-11,102900005115861,33.986,6.0,0,92
2020-10-12,102900005115861,32.093,6.0,0,83
2020-10-13,102900005115861,39.921,6.0,0,108
2020-10-14,102900005115861,21.108,7.0,0,54
2020-10-15,102900005115861,16.711000000000002,7.0,0,41
2020-10-16,102900005115861,28.003,7.0,0,72
2020-10-17,102900005115861,33.405,7.0,0,91
2020-10-18,102900005115861,31.746,7.0,0,87
2020-10-19,102900005115861,18.215,7.0,0,45
2020-10-20,102900005115861,21.092,7.0,0,41
2020-10-21,102900005115861,11.908,7.0,0,24
2020-10-22,102900005115861,12.694,6.0,0,28
2020-10-23,102900005115861,3.452,7.0,0,14
2020-10-24,102900005115861,12.08,7.0,0,34
2020-10-25,102900005115861,13.001,7.0,0,36
2020-10-26,102900005115861,25.431,6.6,0,62
2020-10-27,102900005115861,8.451,6.6,0,25
2020-10-28,102900005115861,25.23,6.6,0,64
2020-10-29,102900005115861,7.752,6.6,0,21
2020-10-30,102900005115861,24.07,6.6,0,60
2020-10-31,102900005115861,11.962,4.0,0,31
2020-11-01,102900005115861,16.132,4.0,0,39
2020-11-02,102900005115861,11.058,4.0,0,23
2020-11-03,102900005115861,22.942,4.0,0,49
2020-11-04,102900005115861,14.975,4.0,0,31
2020-11-05,102900005115861,16.56,4.0,0,38
2020-11-06,102900005115861,28.32,4.0,0,56
2020-11-07,102900005115861,20.078,4.0,0,46
2020-11-08,102900005115861,25.16,3.2,0,55
2020-11-09,102900005115861,19.2,3.0,0,40
2020-11-10,102900005115861,21.21,3.0,0,45
2020-11-11,102900005115861,28.695,3.0,0,50
2020-11-12,102900005115861,19.436,3.0,0,35
2020-11-13,102900005115861,19.701,3.0,0,35
2020-11-14,102900005115861,23.16,3.0,0,43
2020-11-15,102900005115861,25.975,3.0,0,40
2020-11-16,102900005115861,17.351,3.0,0,33
2020-11-17,102900005115861,20.774,3.0,0,41
2020-11-18,102900005115861,51.474,2.6,0,93
2020-11-19,102900005115861,20.737,2.6,0,38
2020-11-20,102900005115861,25.347,2.6,0,48
2020-11-21,102900005115861,42.866,2.6,0,86
2020-11-22,102900005115861,32.636,2.6,0,61
2020-11-23,102900005115861,25.932,2.6,0,41
2020-11-24,102900005115861,46.58,3.0,0,88
2020-11-25,102900005115861,57.956,3.0,0,115
2020-11-26,102900005115861,25.312,2.6,0,53
2020-11-27,102900005115861,31.473,2.6,0,50
2020-11-28,102900005115861,30.815,2.6,0,59
2020-11-29,102900005115861,31.161,2.6,0,65
2020-11-30,102900005115861,25.968,2.6,0,64
2020-12-01,102900005115861,38.843,2.6,0,68
2020-12-02,102900005115861,18.101,2.6,0,44
2020-12-03,102900005115861,38.684,2.6,0,79
2020-12-04,102900005115861,20.347,2.6,0,48
2020-12-05,102900005115861,22.428,2.4,0,46
2020-12-06,102900005115861,24.235,2.4,0,52
2020-12-07,102900005115861,10.668,2.4,0,25
2020-12-08,102900005115861,30.368,2.4,0,53
2020-12-09,102900005115861,12.642,2.4,0,27
2020-12-10,102900005115861,10.198,2.6,0,24
2020-12-11,102900005115861,10.001,2.6,0,19
2020-12-12,102900005115861,13.488,2.6,0,30
2020-12-13,102900005115861,18.063,2.6,0,41
2020-12-14,102900005115861,16.436,2.6,0,33
2020-12-15,102900005115861,14.461,2.6,0,33
2020-12-16,102900005115861,11.783,2.6,0,28
2020-12-17,102900005115861,23.491,2.6,0,45
2020-12-18,102900005115861,17.942,2.3,9,27
2020-12-19,102900005115861,20.505,2.6,0,51
2020-12-20,102900005115861,18.607,2.6,0,38
2020-12-21,102900005115861,13.876,2.6,0,32
2020-12-22,102900005115861,24.832,2.3,15,31
2020-12-23,102900005115861,9.457,2.6,0,21
2020-12-24,102900005115861,26.161,2.6,0,47
2020-12-25,102900005115861,11.862,2.6,0,30
2020-12-26,102900005115861,19.612,2.6,0,51
2020-12-27,102900005115861,19.612,2.6,0,44
2020-12-28,102900005115861,35.156,2.6,0,64
2020-12-29,102900005115861,13.063,2.6,0,29
2020-12-30,102900005115861,12.325,2.6,0,28
2020-12-31,102900005115861,17.366,2.6,0,44
2021-01-01,102900005115861,28.686,2.6,0,57
2021-01-02,102900005115861,19.539,2.6,0,46
2021-01-03,102900005115861,18.604,2.6,0,44
2021-01-04,102900005115861,24.5,2.6,0,49
2021-01-05,102900005115861,11.984,3.4,0,26
2021-01-06,102900005115861,17.25,3.4,0,32
2021-01-07,102900005115861,12.605,3.4,0,26
2021-01-08,102900005115861,14.236,3.8,0,26
2021-01-09,102900005115861,16.721,3.8,0,41
2021-01-10,102900005115861,13.178,3.8,0,31
2021-01-11,102900005115861,13.684,3.8,0,29
2021-01-12,102900005115861,5.479,3.8,0,15
2021-01-13,102900005115861,6.269,3.8,0,16
2021-01-14,102900005115861,4.565,4.6,0,10
2021-01-15,102900005115861,5.874,4.6,0,15
2021-01-16,102900005115861,8.02,8.0,0,20
2021-01-17,102900005115861,1.624,10.0,0,4
2021-01-18,102900005115861,1.083,10.0,0,3
2021-01-19,102900005115861,7.967,10.0,0,22
2021-01-20,102900005115861,14.361,9.55,1,32
2021-01-21,102900005115861,6.353,10.0,0,11
2021-01-24,102900005115861,9.701,10.0,0,15
2021-01-25,102900005115861,5.071,10.0,0,11
2020-07-10,106956146480203,4.0,3.5,0,4
2020-12-08,106956146480203,5.0,4.9,0,5
2020-12-09,106956146480203,3.0,4.9,0,3
2020-12-10,106956146480203,1.0,4.9,0,1
2020-12-12,106956146480203,4.0,4.9,0,4
2020-12-13,106956146480203,2.0,4.9,0,2
2020-12-14,106956146480203,2.0,4.9,0,2
2020-12-15,106956146480203,3.0,4.9,0,3
2020-12-16,106956146480203,4.0,4.9,0,4
2020-12-17,106956146480203,1.0,4.9,0,1
2020-12-19,106956146480203,2.0,4.9,0,2
2020-12-23,106956146480203,1.0,4.9,0,1
2020-12-26,106956146480203,5.0,4.9,0,5
2020-12-27,106956146480203,3.0,4.9,0,3
2020-12-30,106956146480203,3.0,4.9,0,3
2021-01-19,106956146480203,1.0,4.9,0,1
2021-01-20,106956146480203,2.0,4.9,0,2
2021-01-24,106956146480203,3.0,4.9,0,3
2021-01-25,106956146480203,1.0,4.9,0,1
2021-01-26,106956146480203,3.0,4.9,0,3
2021-01-28,106956146480203,4.0,4.9,0,4
2020-07-12,106956146480197,4.0,3.5,0,4
2020-07-14,106956146480197,4.0,3.5,0,4
2020-07-15,106956146480197,3.0,3.5,0,3
2020-07-16,106956146480197,5.0,3.5,0,5
2020-07-17,106956146480197,4.0,3.4,1,3
2020-07-18,106956146480197,6.0,3.3000000000000003,2,4
2020-07-19,106956146480197,3.0,3.5,0,3
2020-07-20,106956146480197,5.0,3.5,0,5
2020-07-21,106956146480197,2.0,3.5,0,2
2020-07-22,106956146480197,7.0,3.5,0,7
2020-07-23,106956146480197,5.0,3.5,0,5
2020-07-24,106956146480197,5.0,3.5,0,5
2020-07-25,106956146480197,5.0,3.5,0,5
2020-07-26,106956146480197,5.0,3.5,0,5
2020-07-27,106956146480197,3.0,3.3333333333333335,2,1
2020-07-28,106956146480197,4.0,3.5,0,4
2020-07-29,106956146480197,3.0,3.5,0,3
2020-07-30,106956146480197,6.0,3.5,0,6
2020-07-31,106956146480197,5.0,3.5,0,5
2020-08-01,106956146480197,5.0,3.5,0,5
2020-08-02,106956146480197,5.0,3.5,0,5
2020-08-03,106956146480197,4.0,3.5,0,4
2020-08-05,106956146480197,7.0,3.5,0,7
2020-08-06,106956146480197,4.0,3.5,0,4
2020-08-07,106956146480197,5.0,3.5,0,5
2020-08-08,106956146480197,5.0,3.5,0,5
2020-08-09,106956146480197,5.0,3.5,0,5
2020-08-14,106956146480197,2.0,3.5,0,2
2020-08-15,106956146480197,5.0,3.5,0,5
2020-08-16,106956146480197,4.0,3.5,0,4
2020-08-17,106956146480197,6.0,3.5,0,6
2020-08-18,106956146480197,2.0,3.5,0,2
2020-08-19,106956146480197,2.0,3.5,0,2
2020-08-20,106956146480197,2.0,3.5,0,2
2020-08-21,106956146480197,2.0,3.5,0,2
2020-08-24,106956146480197,1.0,3.5,0,1
2020-08-25,106956146480197,5.0,3.5,0,5
2020-08-26,106956146480197,1.0,3.5,0,1
2020-08-27,106956146480197,2.0,4.2,1,1
2020-08-28,106956146480197,8.0,4.9,0,8
2020-08-29,106956146480197,6.0,4.9,0,6
2020-08-30,106956146480197,5.0,4.9,0,5
2020-09-01,106956146480197,6.0,4.9,0,6
2020-09-02,106956146480197,7.0,4.9,0,7
2020-09-03,106956146480197,4.0,4.9,0,4
2020-09-04,106956146480197,7.0,4.9,0,7
2020-09-05,106956146480197,7.0,4.9,0,7
2020-09-06,106956146480197,6.0,4.9,0,6
2020-09-07,106956146480197,4.0,4.9,0,4
2020-09-08,106956146480197,1.0,4.9,0,1
2020-09-09,106956146480197,2.0,4.9,0,2
2020-09-10,106956146480197,3.0,4.9,0,3
2020-09-11,106956146480197,5.0,4.9,0,5
2020-09-12,106956146480197,7.0,4.9,0,7
2020-09-13,106956146480197,8.0,4.9,0,8
2020-09-16,106956146480197,4.0,4.9,0,4
2020-09-18,106956146480197,1.0,4.9,0,1
2020-09-19,106956146480197,1.0,4.9,0,1
