数学建模相关/2023数模国赛C题/运行代码/数据拼合/sales_day_simple.csv
销售日期,单品编码,销量(千克),每日平均销售单价(元/千克),打折数量,原价数量
2020-07-14,102900011011546,2.0,5.3,2,0
2020-07-15,102900011011546,1.0,5.7,1,0
2020-07-27,102900011011546,2.0,5.7,1,1
2020-07-28,102900011011546,2.0,5.9,0,2
2020-08-02,102900011011546,2.0,5.9,0,2
2020-08-03,102900011011546,2.0,5.9,0,2
2020-08-04,102900011011546,4.0,5.9,0,4
2020-08-05,102900011011546,6.0,5.9,0,6
2020-08-06,102900011011546,2.0,5.9,0,2
2020-08-07,102900011011546,4.0,5.9,0,4
2020-08-08,102900011011546,5.0,5.9,0,5
2020-08-09,102900011011546,3.0,5.9,0,3
2020-08-12,102900011011546,2.0,4.9,0,2
2020-08-14,102900011011546,2.0,4.9,0,2
2020-08-15,102900011011546,3.0,4.9,0,3
2020-08-16,102900011011546,3.0,4.9,0,3
2020-08-17,102900011011546,2.0,4.9,0,2
2020-08-18,102900011011546,5.0,4.9,0,5
2020-08-19,102900011011546,2.0,4.9,0,2
2020-08-20,102900011011546,2.0,4.9,0,2
2020-08-21,102900011011546,2.0,4.9,0,2
2020-08-22,102900011011546,2.0,4.9,0,2
2020-08-23,102900011011546,8.0,4.9,0,8
2020-08-24,102900011011546,3.0,4.9,0,3
2020-08-25,102900011011546,3.0,4.9,0,3
2020-08-26,102900011011546,2.0,4.9,0,2
2020-08-27,102900011011546,2.0,4.9,0,2
2020-08-28,102900011011546,1.0,4.9,0,1
2020-08-29,102900011011546,5.0,4.9,0,5
2020-08-30,102900011011546,3.0,4.9,0,3
2020-08-31,102900011011546,2.0,4.9,0,2
2020-09-01,102900011011546,2.0,4.9,0,2
2020-09-04,102900011011546,3.0,4.9,0,3
2020-09-05,102900011011546,2.0,4.9,0,2
2020-09-06,102900011011546,4.0,4.9,0,4
2020-09-07,102900011011546,2.0,4.9,0,2
2020-09-09,102900011011546,3.0,4.9,0,3
2020-09-10,102900011011546,1.0,4.9,0,1
2020-09-11,102900011011546,1.0,4.9,0,1
2020-09-12,102900011011546,3.0,4.9,0,3
2020-09-13,102900011011546,5.0,4.9,0,5
2020-09-14,102900011011546,2.0,4.9,0,2
2020-09-15,102900011011546,1.0,4.9,0,1
2020-09-16,102900011011546,2.0,4.9,0,2
2020-09-17,102900011011546,4.0,4.9,0,4
2020-09-18,102900011011546,7.0,4.9,0,7
2020-09-19,102900011011546,2.0,4.9,0,2
2020-09-20,102900011011546,3.0,4.9,0,3
2020-09-21,102900011011546,2.0,4.9,0,2
2020-09-22,102900011011546,3.0,4.9,0,3
2020-09-23,102900011011546,3.0,4.9,0,3
2020-09-24,102900011011546,7.0,4.9,0,7
2020-09-25,102900011011546,4.0,4.9,0,4
2020-09-26,102900011011546,5.0,4.9,0,5
2020-09-27,102900011011546,9.0,4.9,0,9
2020-09-28,102900011011546,3.0,4.9,0,3
2020-09-29,102900011011546,4.0,4.9,0,4
2020-09-30,102900011011546,15.0,4.9,0,15
2020-10-01,102900011011546,9.0,4.9,0,9
2020-10-02,102900011011546,9.0,4.9,0,8
2020-10-03,102900011011546,2.0,4.9,0,2
2020-10-04,102900011011546,9.0,4.9,0,9
2020-10-05,102900011011546,9.0,4.9,0,9
2020-10-06,102900011011546,10.0,4.9,0,10
2020-10-07,102900011011546,4.0,4.9,0,4
2020-10-08,102900011011546,2.0,4.9,0,2
2020-10-09,102900011011546,6.0,4.9,0,6
2020-10-10,102900011011546,6.0,4.9,0,6
2020-10-11,102900011011546,2.0,4.9,0,2
2020-10-12,102900011011546,4.0,4.9,0,4
2020-10-13,102900011011546,2.0,5.9,0,2
2020-10-14,102900011011546,9.0,5.4,1,8
2020-10-15,102900011011546,2.0,5.9,0,2
2020-10-16,102900011011546,5.0,5.9,0,5
2020-10-17,102900011011546,7.0,4.9,0,7
2020-10-18,102900011011546,9.0,4.9,0,9
2020-10-19,102900011011546,5.0,4.9,0,5
2020-10-20,102900011011546,4.0,4.9,0,4
2020-10-21,102900011011546,3.0,4.9,0,3
2020-10-22,102900011011546,13.0,4.5,0,13
2020-10-23,102900011011546,9.0,4.5,0,9
2020-10-24,102900011011546,21.0,4.5,0,21
2020-10-25,102900011011546,15.0,4.5,0,15
2020-10-26,102900011011546,7.0,4.5,0,7
2020-10-27,102900011011546,8.0,4.5,0,8
2020-10-28,102900011011546,8.0,4.5,0,8
2020-10-29,102900011011546,7.0,4.5,0,7
2020-10-30,102900011011546,9.0,4.5,0,9
2020-10-31,102900011011546,13.0,4.5,0,13
2020-11-01,102900011011546,24.0,4.5,0,24
2020-11-02,102900011011546,9.0,4.5,0,9
2020-11-03,102900011011546,7.0,4.5,0,7
2020-11-04,102900011011546,12.0,4.5,0,12
2020-11-05,102900011011546,4.0,4.5,0,4
2020-11-06,102900011011546,11.0,4.5,0,11
2020-11-07,102900011011546,16.0,4.5,0,16
2020-11-08,102900011011546,13.0,4.5,0,13
2020-11-09,102900011011546,13.0,4.5,0,13
2020-11-10,102900011011546,5.0,4.5,0,5
2020-11-11,102900011011546,7.0,4.5,0,7
2020-11-12,102900011011546,22.0,3.5,0,21
2020-11-13,102900011011546,18.0,3.5,0,18
2020-11-14,102900011011546,10.0,4.5,0,10
2020-11-15,102900011011546,14.0,4.5,0,14
2020-11-16,102900011011546,8.0,4.5,0,8
2020-11-17,102900011011546,8.0,4.5,0,8
2020-11-18,102900011011546,9.0,4.5,0,9
2020-11-19,102900011011546,11.0,4.5,0,11
2020-11-20,102900011011546,7.0,4.5,0,7
2020-11-21,102900011011546,29.0,4.5,0,29
2020-11-22,102900011011546,16.0,3.5,0,16
2020-11-23,102900011011546,57.0,3.5,0,49
2020-11-24,102900011011546,13.0,3.5,0,13
2020-11-25,102900011011546,8.0,3.5,0,8
2020-11-26,102900011011546,4.0,3.5,0,4
2020-11-27,102900011011546,12.0,3.5,0,12
2020-11-28,102900011011546,23.0,3.5,0,23
2020-11-29,102900011011546,16.0,3.5,0,16
2020-11-30,102900011011546,7.0,3.5,0,7
2020-12-01,102900011011546,12.0,3.5,0,12
2020-12-02,102900011011546,12.0,3.5,0,12
2020-12-03,102900011011546,16.0,3.5,0,16
2020-12-04,102900011011546,18.0,3.5,0,18
2020-12-05,102900011011546,13.0,3.5,0,13
2020-12-06,102900011011546,36.0,3.5,0,36
2020-12-07,102900011011546,14.0,3.5,0,14
2020-12-08,102900011011546,9.0,3.5,0,9
2020-12-09,102900011011546,3.0,3.5,0,3
2020-12-10,102900011011546,9.0,3.5,0,9
2020-12-11,102900011011546,10.0,3.5,0,10
2020-12-12,102900011011546,12.0,3.5,0,12
2020-12-13,102900011011546,30.0,3.5,0,30
2020-12-14,102900011011546,13.0,3.5,0,13
2020-12-15,102900011011546,10.0,3.5,0,10
2020-12-16,102900011011546,9.0,3.5,0,9
2020-12-17,102900011011546,8.0,3.5,0,8
2020-12-18,102900011011546,10.0,3.5,0,10
2020-12-19,102900011011546,20.0,3.5,0,20
2020-12-20,102900011011546,22.0,3.5,0,22
2020-12-21,102900011011546,10.0,3.5,0,10
2020-12-22,102900011011546,5.0,3.5,0,5
2020-12-23,102900011011546,7.0,3.5,0,7
2020-12-24,102900011011546,6.0,3.5,0,6
2020-12-25,102900011011546,21.0,3.5,0,21
2020-12-26,102900011011546,11.0,3.5,0,11
2020-12-27,102900011011546,3.0,3.5,0,3
2020-12-28,102900011011546,9.0,3.5,0,9
2020-12-29,102900011011546,9.0,3.5,0,9
2020-12-30,102900011011546,6.0,3.5,0,6
2020-12-31,102900011011546,8.0,3.5,0,8
2020-07-16,102900011001806,4.0,5.9,0,4
2020-07-17,102900011001806,2.0,5.9,0,2
2020-07-18,102900011001806,6.0,5.566666666666666,2,4
2020-07-19,102900011001806,3.0,5.9,0,3
2020-07-20,102900011001806,5.0,5.5,1,4
2020-07-21,102900011001806,4.0,5.65,1,3
2020-07-22,102900011001806,4.0,5.9,0,4
2020-07-23,102900011001806,4.0,5.9,0,4
2020-07-24,102900011001806,5.0,5.45,1,4
2020-07-25,102900011001806,5.0,5.9,0,5
2020-07-26,102900011001806,5.0,5.9,0,5
2020-07-27,102900011001806,1.0,5.6,1,0
2020-07-28,102900011001806,5.0,5.9,0,5
2020-07-29,102900011001806,3.0,5.9,0,3
2020-07-30,102900011001806,4.0,5.9,0,4
2020-07-31,102900011001806,4.0,5.9,0,4
2020-08-01,102900011001806,3.0,5.9,0,3
2020-08-02,102900011001806,3.0,5.9,0,3
2020-08-03,102900011001806,2.0,5.9,0,2
2020-08-04,102900011001806,1.0,5.9,0,1
2020-08-06,102900011001806,1.0,5.9,0,1
2020-08-07,102900011001806,3.0,5.9,0,3
2020-08-08,102900011001806,1.0,5.9,0,1
2020-08-09,102900011001806,1.0,5.9,0,1
2020-08-14,102900011001806,2.0,5.9,0,2
2020-08-15,102900011001806,2.0,5.9,0,2
2020-08-16,102900011001806,2.0,5.9,0,2
2020-08-17,102900011001806,2.0,5.9,0,2
2020-08-18,102900011001806,2.0,5.9,0,2
2020-08-19,102900011001806,2.0,5.9,0,2
2020-08-20,102900011001806,2.0,5.9,0,2
2020-08-21,102900011001806,3.0,5.9,0,3
2020-08-22,102900011001806,3.0,5.9,0,3
2020-08-23,102900011001806,3.0,5.9,0,3
2020-08-24,102900011001806,3.0,5.9,0,3
2020-08-25,102900011001806,3.0,5.9,0,3
2020-08-27,102900011001806,6.0,5.9,0,6
2020-08-28,102900011001806,4.0,5.9,0,4
2020-08-29,102900011001806,3.0,5.9,0,3
2020-08-30,102900011001806,3.0,5.9,0,3
2020-08-31,102900011001806,1.0,5.9,0,1
2020-09-01,102900011001806,1.0,5.9,0,1
2020-09-02,102900011001806,1.0,5.9,0,1
2020-09-04,102900011001806,3.0,5.9,0,3
2020-09-05,102900011001806,3.0,5.9,0,3
2020-09-06,102900011001806,3.0,5.9,0,3
2020-09-07,102900011001806,2.0,5.9,0,2
2020-09-09,102900011001806,5.0,5.9,0,5
2020-09-10,102900011001806,2.0,5.9,0,2
2020-09-11,102900011001806,3.0,5.9,0,3
2020-09-12,102900011001806,1.0,5.9,0,1
2020-09-13,102900011001806,3.0,5.9,0,3
2020-09-15,102900011001806,4.0,5.9,0,4
2020-09-17,102900011001806,2.0,5.9,0,2
2020-09-18,102900011001806,3.0,5.9,0,3
2020-09-20,102900011001806,3.0,5.9,0,3
2020-09-21,102900011001806,4.0,5.9,0,4
2020-09-22,102900011001806,3.0,5.9,0,3
2020-09-23,102900011001806,3.0,5.9,0,3
2020-09-24,102900011001806,6.0,6.9,0,6
2020-09-25,102900011001806,3.0,6.9,0,3
2020-09-26,102900011001806,15.0,6.9,0,15
2020-09-27,102900011001806,6.0,6.9,0,6
2020-09-28,102900011001806,4.0,6.9,0,4
2020-09-29,102900011001806,5.0,6.9,0,5
2020-09-30,102900011001806,10.0,6.9,0,10
2020-10-01,102900011001806,5.0,6.9,0,5
2020-10-02,102900011001806,12.0,6.9,0,12
2020-10-03,102900011001806,5.0,6.9,0,5
2020-10-04,102900011001806,8.0,6.9,0,8
2020-10-05,102900011001806,11.0,6.9,0,11
2020-10-06,102900011001806,4.0,6.9,0,4
2020-10-07,102900011001806,4.0,6.9,0,4
2020-10-08,102900011001806,1.0,6.9,0,1
2020-10-09,102900011001806,3.0,6.9,0,3
2020-10-10,102900011001806,2.0,6.9,0,2
2020-10-11,102900011001806,2.0,6.9,0,2
2020-10-13,102900011001806,2.0,6.9,0,2
2020-10-14,102900011001806,1.0,6.9,0,1
2020-10-15,102900011001806,2.0,6.9,0,2
2020-10-16,102900011001806,2.0,6.9,0,2
2020-10-17,102900011001806,4.0,6.9,0,4
2020-10-18,102900011001806,6.0,6.9,0,6
2020-10-20,102900011001806,3.0,6.9,0,3
2020-10-21,102900011001806,1.0,6.9,0,1
2020-10-22,102900011001806,4.0,6.9,0,4
2020-10-23,102900011001806,10.0,6.9,0,10
2020-10-24,102900011001806,4.0,6.9,0,4
2020-10-25,102900011001806,3.0,6.9,0,3
2020-10-26,102900011001806,2.0,6.9,0,2
2020-10-27,102900011001806,2.0,6.9,0,2
2020-10-28,102900011001806,3.0,6.9,0,3
2020-10-29,102900011001806,8.0,6.9,0,8
2020-10-30,102900011001806,5.0,6.9,0,5
2020-10-31,102900011001806,4.0,6.9,0,4
2020-11-01,102900011001806,1.0,6.9,0,1
2020-11-02,102900011001806,4.0,6.9,0,4
2020-11-03,102900011001806,4.0,6.9,0,4
2020-11-04,102900011001806,4.0,6.9,0,4
2020-11-05,102900011001806,3.0,6.9,0,3
2020-11-06,102900011001806,6.0,6.9,0,6
2020-11-07,102900011001806,4.0,6.9,0,4
2020-11-08,102900011001806,4.0,6.9,0,4
2020-11-09,102900011001806,3.0,6.9,0,3
2020-11-10,102900011001806,3.0,6.9,0,3
2020-11-12,102900011001806,4.0,6.9,0,4
2020-11-14,102900011001806,3.0,6.9,0,3
2020-11-15,102900011001806,4.0,6.9,0,4
2020-11-16,102900011001806,2.0,6.9,0,2
2020-11-17,102900011001806,4.0,6.9,0,4
2020-11-18,102900011001806,3.0,6.9,0,3
2020-11-19,102900011001806,3.0,6.9,0,3
2020-11-20,102900011001806,3.0,5.9,0,3
2020-11-21,102900011001806,11.0,5.9,0,11
2020-11-22,102900011001806,8.0,5.5,0,8
2020-11-23,102900011001806,5.0,5.5,0,5
2020-11-24,102900011001806,4.0,5.5,0,4
2020-11-25,102900011001806,5.0,5.5,0,5
2020-11-26,102900011001806,4.0,5.5,0,4
2020-11-27,102900011001806,5.0,5.5,0,5
2020-11-28,102900011001806,4.0,6.5,0,4
2020-11-29,102900011001806,3.0,6.5,0,3
2020-11-30,102900011001806,1.0,6.5,0,1
2020-12-01,102900011001806,1.0,5.9,0,1
2020-12-02,102900011001806,5.0,5.9,0,5
2020-12-03,102900011001806,4.0,5.9,0,4
2020-12-04,102900011001806,3.0,5.9,0,3
2020-12-05,102900011001806,10.0,5.9,0,10
2020-12-06,102900011001806,6.0,5.9,0,6
2020-12-07,102900011001806,1.0,5.9,0,1
2020-12-08,102900011001806,3.0,5.5,0,3
2020-12-09,102900011001806,2.0,5.5,0,2
2020-12-10,102900011001806,3.0,5.9,0,3
2020-12-11,102900011001806,2.0,5.9,0,2
2020-12-12,102900011001806,3.0,5.9,0,3
2020-12-13,102900011001806,6.0,5.9,0,6
2020-12-14,102900011001806,3.0,5.9,0,3
2020-12-15,102900011001806,2.0,5.9,0,2
2020-12-16,102900011001806,3.0,5.9,0,3
2020-12-17,102900011001806,3.0,5.9,0,3
2020-12-18,102900011001806,1.0,5.9,0,1
2020-12-20,102900011001806,2.0,5.9,0,2
2020-12-21,102900011001806,5.0,5.9,0,5
2020-12-22,102900011001806,2.0,5.9,0,2
2020-12-23,102900011001806,1.0,5.9,0,1
2020-12-24,102900011001806,2.0,5.9,0,2
2020-12-25,102900011001806,2.0,5.9,0,2
2020-12-26,102900011001806,1.0,5.9,0,1
2020-12-27,102900011001806,2.0,5.9,0,2
2020-12-28,102900011001806,3.0,5.9,0,3
2020-12-29,102900011001806,4.0,5.9,0,4
2020-12-30,102900011001806,1.0,5.9,0,1
2020-12-31,102900011001806,6.0,5.9,0,6
2021-01-01,102900011001806,7.0,5.9,0,7
2021-01-02,102900011001806,3.0,5.9,0,3
2021-01-03,102900011001806,4.0,5.9,0,4
2021-01-04,102900011001806,4.0,5.9,0,4
2021-01-05,102900011001806,2.0,5.9,0,2
2021-01-06,102900011001806,1.0,5.9,0,1
2021-01-07,102900011001806,5.0,5.9,0,5
2021-01-08,102900011001806,3.0,5.9,0,3
2021-01-09,102900011001806,3.0,5.9,0,3
2021-01-10,102900011001806,9.0,5.9,0,9
2021-01-11,102900011001806,5.0,5.9,0,5
2021-01-12,102900011001806,1.0,5.9,0,1
2021-01-13,102900011001806,1.0,5.9,0,1
2021-01-14,102900011001806,2.0,5.9,0,2
2021-01-15,102900011001806,5.0,5.9,0,5
2021-01-16,102900011001806,5.0,5.9,0,5
2021-01-17,102900011001806,5.0,5.9,0,5
2021-01-18,102900011001806,5.0,5.9,0,5
2021-01-19,102900011001806,2.0,5.9,0,2
2021-01-20,102900011001806,3.0,5.9,0,3
2021-01-21,102900011001806,1.0,5.9,0,1
2021-01-22,102900011001806,7.0,5.9,0,7
2021-01-23,102900011001806,3.0,5.9,0,3
2021-01-24,102900011001806,1.0,5.9,0,1
2021-01-25,102900011001806,8.0,5.9,0,8
2021-01-26,102900011001806,1.0,6.9,0,1
2021-01-27,102900011001806,2.0,6.9,0,2
2021-01-28,102900011001806,4.0,6.9,0,4
2021-01-29,102900011001806,2.0,6.9,0,2
2020-07-30,102900005116219,2.263,11.433333333333332,2,11
2020-08-01,102900005116219,1.533,16.0,0,10
2020-08-02,102900005116219,1.464,16.0,0,10
2020-08-03,102900005116219,1.972,16.0,0,11
2020-08-05,102900005116219,2.203,18.0,0,9
2020-08-06,102900005116219,1.242,18.0,0,7
2020-08-09,102900005116219,0.111,18.0,0,1
2020-08-11,102900005116219,2.636,18.0,0,14
2020-08-12,102900005116219,3.01,18.0,0,10
2020-08-04,102900011000175,6.004,8.0,0,20
2020-08-05,102900011000175,9.584999999999999,7.0,6,21
2020-08-06,102900011000175,9.987,8.0,0,26
2020-08-07,102900011000175,9.046,8.0,0,25
2020-08-08,102900011000175,10.315,8.0,0,32
2020-08-09,102900011000175,10.154,8.0,0,27
2020-08-10,102900011000175,9.727,8.0,0,29
2020-08-11,102900011000175,8.644,9.0,0,23
2020-08-12,102900011000175,8.978,9.0,0,22
2020-08-13,102900011000175,8.832,9.0,0,22
