数学建模相关/2023数模国赛C题/运行代码/数据拼合/sales_day_simple.csv
销售日期,单品编码,销量(千克),每日平均销售单价(元/千克),打折数量,原价数量
2020-08-07,102900011012994,5.0,5.9,0,5
2020-08-08,102900011012994,5.0,5.9,0,5
2020-08-09,102900011012994,5.0,5.9,0,5
2020-09-25,102900011012994,3.0,6.9,0,3
2020-09-26,102900011012994,2.0,6.9,0,2
2020-09-27,102900011012994,2.0,6.9,0,2
2020-09-29,102900011012994,1.0,6.9,0,1
2020-09-30,102900011012994,3.0,6.9,0,3
2020-10-01,102900011012994,2.0,6.9,0,2
2020-10-02,102900011012994,7.0,6.9,0,7
2020-10-03,102900011012994,4.0,6.9,0,4
2020-10-04,102900011012994,5.0,6.9,0,5
2020-10-05,102900011012994,6.0,6.9,0,6
2020-10-06,102900011012994,6.0,6.9,0,6
2020-10-07,102900011012994,3.0,6.9,0,3
2020-10-08,102900011012994,6.0,6.9,0,6
2020-10-09,102900011012994,1.0,6.9,0,1
2020-10-10,102900011012994,3.0,6.9,0,3
2020-10-11,102900011012994,111.0,4.9,0,111
2020-10-12,102900011012994,66.0,4.9,0,66
2020-10-13,102900011012994,5.0,4.9,0,5
2020-10-14,102900011012994,11.0,4.9,0,11
2020-10-15,102900011012994,14.0,4.9,0,14
2020-10-16,102900011012994,2.0,4.9,0,2
2020-10-17,102900011012994,6.0,4.9,0,6
2020-10-18,102900011012994,3.0,4.9,0,3
2020-10-19,102900011012994,4.0,4.9,0,4
2020-10-20,102900011012994,3.0,4.9,0,3
2020-10-21,102900011012994,6.0,4.9,0,6
2020-10-22,102900011012994,4.0,4.9,0,4
2020-10-23,102900011012994,11.0,4.9,0,11
2020-10-24,102900011012994,10.0,4.9,0,10
2020-10-25,102900011012994,6.0,5.9,0,6
2020-10-26,102900011012994,8.0,5.9,0,8
2020-10-27,102900011012994,5.0,5.9,0,5
2020-10-28,102900011012994,2.0,5.9,0,2
2020-10-29,102900011012994,12.0,5.9,0,10
2020-10-30,102900011012994,5.0,5.9,0,5
2020-10-31,102900011012994,11.0,5.9,0,11
2020-11-01,102900011012994,10.0,5.9,0,10
2020-11-02,102900011012994,4.0,5.9,0,4
2020-11-03,102900011012994,2.0,5.9,0,2
2020-11-04,102900011012994,2.0,5.9,0,2
2020-11-05,102900011012994,4.0,5.9,0,4
2020-11-07,102900011012994,8.0,5.9,0,8
2020-11-08,102900011012994,3.0,5.9,0,3
2020-11-09,102900011012994,6.0,5.9,0,6
2020-11-10,102900011012994,5.0,5.9,0,5
2020-11-11,102900011012994,4.0,5.9,0,4
2020-11-12,102900011012994,4.0,5.9,0,4
2020-11-13,102900011012994,2.0,5.9,0,2
2020-11-14,102900011012994,1.0,5.9,0,1
2020-11-15,102900011012994,5.0,5.9,0,5
2020-11-16,102900011012994,1.0,5.9,0,1
2020-11-17,102900011012994,4.0,5.9,0,4
2020-11-18,102900011012994,2.0,5.9,0,2
2020-11-19,102900011012994,7.0,5.9,0,7
2020-11-20,102900011012994,3.0,5.9,0,3
2020-11-21,102900011012994,8.0,4.5,0,8
2020-11-22,102900011012994,17.0,4.5,0,17
2020-11-23,102900011012994,11.0,4.5,0,11
2020-11-24,102900011012994,2.0,4.5,0,2
2020-11-25,102900011012994,2.0,4.5,0,2
2020-11-26,102900011012994,4.0,4.5,0,4
2020-11-27,102900011012994,2.0,4.5,0,2
2020-11-28,102900011012994,4.0,4.9,0,4
2020-11-29,102900011012994,2.0,4.9,0,2
2020-11-30,102900011012994,4.0,4.9,0,4
2020-12-01,102900011012994,3.0,3.5,0,3
2020-12-02,102900011012994,5.0,3.5,0,5
2020-12-03,102900011012994,4.0,3.5,0,4
2020-12-04,102900011012994,3.0,5.9,0,3
2020-12-05,102900011012994,4.0,5.9,0,4
2020-12-06,102900011012994,9.0,5.9,0,9
2020-12-07,102900011012994,2.0,5.9,0,2
2020-12-08,102900011012994,1.0,5.9,0,1
2020-12-09,102900011012994,1.0,5.9,0,1
2020-12-10,102900011012994,1.0,5.9,0,1
2020-12-11,102900011012994,5.0,5.9,0,5
2020-12-12,102900011012994,2.0,5.9,0,2
2020-12-13,102900011012994,4.0,5.9,0,4
2020-12-14,102900011012994,2.0,5.9,0,2
2020-12-15,102900011012994,2.0,5.9,0,2
2020-12-16,102900011012994,2.0,5.9,0,2
2020-12-17,102900011012994,3.0,5.9,0,3
2020-12-18,102900011012994,3.0,5.9,0,3
2020-12-19,102900011012994,2.0,5.9,0,2
2020-12-20,102900011012994,5.0,5.9,0,5
2020-12-22,102900011012994,1.0,5.9,0,1
2020-12-24,102900011012994,1.0,5.9,0,1
2020-12-25,102900011012994,5.0,5.9,0,5
2020-12-26,102900011012994,3.0,5.9,0,3
2020-12-27,102900011012994,3.0,5.9,0,3
2020-12-28,102900011012994,2.0,5.9,0,2
2020-12-29,102900011012994,1.0,5.9,0,1
2020-12-30,102900011012994,5.0,5.9,0,5
2020-12-31,102900011012994,2.0,5.9,0,2
2021-01-01,102900011012994,4.0,5.9,0,4
2021-01-02,102900011012994,2.0,5.9,0,2
2021-01-03,102900011012994,2.0,5.9,0,2
2021-01-04,102900011012994,6.0,5.9,0,6
2021-01-05,102900011012994,1.0,5.9,0,1
2021-01-06,102900011012994,2.0,5.9,0,2
2021-01-07,102900011012994,2.0,5.9,0,2
2021-01-08,102900011012994,2.0,5.9,0,2
2021-01-09,102900011012994,6.0,5.9,0,6
2021-01-10,102900011012994,5.0,5.9,0,5
2021-01-11,102900011012994,4.0,5.9,0,4
2021-01-12,102900011012994,2.0,5.9,0,2
2021-01-13,102900011012994,3.0,5.9,0,3
2021-01-14,102900011012994,3.0,5.9,0,3
2021-01-15,102900011012994,9.0,5.9,0,9
2021-01-16,102900011012994,7.0,5.9,0,7
2021-01-17,102900011012994,9.0,5.9,0,9
2021-01-18,102900011012994,7.0,5.9,0,7
2021-01-19,102900011012994,1.0,5.9,0,1
2021-01-20,102900011012994,7.0,5.9,0,7
2021-01-21,102900011012994,3.0,5.9,0,3
2021-01-22,102900011012994,2.0,5.9,0,2
2021-01-23,102900011012994,6.0,5.9,0,6
2021-01-24,102900011012994,7.0,5.9,0,7
2021-01-25,102900011012994,2.0,5.9,0,2
2021-01-26,102900011012994,2.0,4.9,0,2
2021-01-27,102900011012994,3.0,4.9,0,3
2021-01-28,102900011012994,4.0,4.9,0,4
2021-01-29,102900011012994,5.0,4.9,0,5
2020-08-07,102900011013274,4.0,7.9,0,4
2020-08-08,102900011013274,7.0,7.9,0,7
2020-08-19,102900011013274,2.0,7.9,0,2
2020-08-20,102900011013274,2.0,7.9,0,2
2020-08-21,102900011013274,2.0,7.9,0,2
2020-08-22,102900011013274,2.0,7.9,0,2
2020-08-23,102900011013274,2.0,7.9,0,2
2020-08-24,102900011013274,2.0,7.9,0,2
2020-08-25,102900011013274,2.0,7.9,0,2
2020-08-26,102900011013274,1.0,7.9,0,1
2020-08-27,102900011013274,3.0,7.9,0,3
2020-08-28,102900011013274,2.0,7.9,0,2
2020-08-29,102900011013274,1.0,7.9,0,1
2020-08-30,102900011013274,3.0,7.9,0,3
2020-08-31,102900011013274,1.0,7.9,0,1
2020-09-01,102900011013274,1.0,7.9,0,1
2020-09-02,102900011013274,2.0,7.9,0,2
2020-09-03,102900011013274,2.0,7.9,0,2
2020-09-04,102900011013274,2.0,7.9,0,2
2020-09-05,102900011013274,3.0,7.9,0,3
2020-09-06,102900011013274,2.0,7.9,0,2
2020-09-07,102900011013274,1.0,7.9,0,1
2020-09-11,102900011013274,4.0,7.9,0,4
2020-09-12,102900011013274,3.0,7.9,0,3
2020-09-13,102900011013274,3.0,7.9,0,3
2020-09-18,102900011013274,2.0,7.9,0,2
2020-09-20,102900011013274,2.0,7.9,0,2
2020-09-21,102900011013274,2.0,7.9,0,2
2020-09-22,102900011013274,4.0,7.9,0,4
2020-09-23,102900011013274,5.0,7.9,0,5
2020-09-24,102900011013274,5.0,7.9,0,5
2020-09-25,102900011013274,8.0,7.9,0,8
2020-09-26,102900011013274,8.0,7.9,0,8
2020-09-27,102900011013274,8.0,7.9,0,8
2020-09-28,102900011013274,5.0,7.9,0,5
2020-09-29,102900011013274,3.0,7.9,0,3
2020-09-30,102900011013274,7.0,7.9,0,7
2020-10-01,102900011013274,7.0,7.9,0,7
2020-10-02,102900011013274,13.0,7.9,0,13
2020-10-03,102900011013274,5.0,7.9,0,5
2020-10-04,102900011013274,10.0,7.9,0,10
2020-10-05,102900011013274,11.0,7.9,0,11
2020-10-06,102900011013274,9.0,7.9,0,9
2020-10-07,102900011013274,6.0,7.9,0,6
2020-10-08,102900011013274,3.0,7.9,0,3
2020-10-09,102900011013274,1.0,7.9,0,1
2020-10-10,102900011013274,4.0,7.9,0,4
2020-10-11,102900011013274,8.0,7.9,0,8
2020-10-14,102900011013274,2.0,7.9,0,2
2020-10-15,102900011013274,5.0,7.9,0,5
2020-10-16,102900011013274,3.0,7.9,0,3
2020-10-17,102900011013274,2.0,7.9,0,2
2020-10-18,102900011013274,4.0,7.9,0,4
2020-10-19,102900011013274,3.0,7.9,0,3
2020-10-21,102900011013274,4.0,7.9,0,4
2020-10-22,102900011013274,1.0,7.9,0,1
2020-10-23,102900011013274,6.0,7.9,0,6
2020-10-24,102900011013274,2.0,7.9,0,2
2020-10-25,102900011013274,6.0,7.9,0,6
2020-10-26,102900011013274,3.0,7.9,0,3
2020-10-27,102900011013274,4.0,7.9,0,4
2020-10-28,102900011013274,5.0,7.9,0,5
2020-10-29,102900011013274,7.0,6.9,0,7
2020-10-30,102900011013274,5.0,6.9,0,5
2020-10-31,102900011013274,10.0,6.9,0,10
2020-11-01,102900011013274,8.0,6.9,0,8
2020-11-02,102900011013274,6.0,6.9,0,6
2020-11-03,102900011013274,5.0,6.9,0,5
2020-11-04,102900011013274,6.0,6.9,0,6
2020-11-05,102900011013274,7.0,6.9,0,7
2020-11-06,102900011013274,4.0,6.9,0,4
2020-11-07,102900011013274,11.0,6.9,0,11
2020-11-08,102900011013274,10.0,6.9,0,10
2020-11-09,102900011013274,4.0,6.9,0,4
2020-11-10,102900011013274,4.0,6.9,0,4
2020-11-11,102900011013274,8.0,6.9,0,8
2020-11-12,102900011013274,2.0,6.9,0,2
2020-11-13,102900011013274,3.0,6.9,0,3
2020-11-14,102900011013274,3.0,6.9,0,3
2020-11-15,102900011013274,4.0,6.9,0,4
2020-11-16,102900011013274,5.0,6.9,0,5
2020-11-17,102900011013274,3.0,6.9,0,3
2020-11-18,102900011013274,3.0,6.9,0,3
2020-11-19,102900011013274,9.0,6.9,0,9
2020-11-20,102900011013274,6.0,6.9,0,6
2020-11-21,102900011013274,12.0,5.9,0,12
2020-11-22,102900011013274,16.0,5.9,0,16
2020-11-23,102900011013274,8.0,5.9,0,8
2020-11-24,102900011013274,7.0,5.9,0,7
2020-11-25,102900011013274,6.0,5.9,0,6
2020-11-26,102900011013274,33.0,5.9,0,33
2020-11-27,102900011013274,7.0,5.9,0,7
2020-11-28,102900011013274,15.0,5.9,0,15
2020-11-29,102900011013274,21.0,5.9,0,21
2020-11-30,102900011013274,48.0,4.9,0,48
2020-12-01,102900011013274,7.0,4.9,2,5
2020-12-02,102900011013274,19.0,4.9,4,15
2020-12-03,102900011013274,6.0,4.9,0,6
2020-12-04,102900011013274,2.0,5.9,0,2
2020-12-05,102900011013274,11.0,5.9,0,11
2020-12-06,102900011013274,8.0,5.9,0,8
2020-12-07,102900011013274,4.0,5.9,0,4
2020-12-08,102900011013274,3.0,5.9,0,3
2020-12-09,102900011013274,1.0,5.9,0,1
2020-12-10,102900011013274,5.0,5.9,0,5
2020-12-11,102900011013274,8.0,5.9,0,8
2020-12-12,102900011013274,12.0,5.9,0,12
2020-12-13,102900011013274,7.0,5.9,0,7
2020-12-14,102900011013274,1.0,5.9,0,1
2020-12-15,102900011013274,3.0,5.9,0,3
2020-12-16,102900011013274,4.0,5.9,0,4
2020-12-17,102900011013274,3.0,5.9,0,3
2020-12-18,102900011013274,4.0,5.9,0,4
2020-12-19,102900011013274,9.0,5.9,0,9
2020-12-20,102900011013274,5.0,5.9,0,5
2020-12-21,102900011013274,5.0,5.9,0,5
2020-12-22,102900011013274,6.0,5.9,0,6
2020-12-23,102900011013274,5.0,5.9,0,5
2020-12-24,102900011013274,1.0,5.9,0,1
2020-12-25,102900011013274,7.0,5.9,0,7
2020-12-26,102900011013274,12.0,5.9,0,12
2020-12-27,102900011013274,8.0,5.9,0,8
2020-12-28,102900011013274,2.0,5.9,0,2
2020-12-29,102900011013274,5.0,6.9,0,5
2020-12-30,102900011013274,3.0,6.9,0,3
2020-12-31,102900011013274,6.0,6.9,0,6
2021-01-01,102900011013274,9.0,6.9,0,9
2021-01-02,102900011013274,7.0,6.9,0,7
2021-01-03,102900011013274,6.0,6.9,0,6
2021-01-04,102900011013274,4.0,6.9,0,4
2021-01-05,102900011013274,6.0,6.9,0,6
2021-01-06,102900011013274,3.0,6.5,0,3
2021-01-07,102900011013274,4.0,6.5,0,4
2021-01-08,102900011013274,7.0,6.5,0,7
2021-01-09,102900011013274,7.0,6.5,0,7
2021-01-10,102900011013274,8.0,6.5,0,8
2021-01-11,102900011013274,9.0,6.5,0,9
2021-01-12,102900011013274,3.0,6.5,0,3
2021-01-13,102900011013274,4.0,6.5,0,4
2021-01-14,102900011013274,6.0,6.5,0,6
2021-01-15,102900011013274,10.0,6.5,0,10
2021-01-16,102900011013274,3.0,6.5,0,3
2021-01-17,102900011013274,12.0,6.5,0,12
2021-01-18,102900011013274,4.0,6.5,0,4
2021-01-19,102900011013274,8.0,6.5,0,8
2021-01-20,102900011013274,7.0,6.5,0,7
2021-01-21,102900011013274,6.0,6.5,0,6
2021-01-22,102900011013274,3.0,6.5,0,3
2021-01-23,102900011013274,5.0,6.5,0,5
2021-01-24,102900011013274,14.0,6.5,0,14
2021-01-25,102900011013274,3.0,6.5,0,3
2021-01-26,102900011013274,3.0,7.9,0,3
2021-01-27,102900011013274,7.0,7.9,0,7
2021-01-28,102900011013274,4.0,7.9,0,4
2021-01-29,102900011013274,3.0,7.9,0,3
2020-08-24,102900011008164,9.772,7.0,0,27
2020-08-27,102900011008164,9.783,7.0,0,25
2020-09-04,102900011008164,6.489,5.0,0,18
2020-09-05,102900011008164,8.352,5.0,0,20
2020-09-06,102900011008164,8.712,5.0,0,21
2020-09-07,102900011008164,8.955,5.0,0,22
2020-09-08,102900011008164,5.562,5.0,0,12
2020-09-09,102900011008164,7.791,5.0,0,21
2020-09-10,102900011008164,8.356,5.0,0,16
2020-09-11,102900011008164,8.093,4.0,0,21
2020-09-12,102900011008164,7.185,4.0,0,18
2020-09-13,102900011008164,17.789,4.0,0,37
2020-09-14,102900011008164,8.467,4.0,0,25
2020-09-15,102900011008164,9.649,4.0,0,28
2020-09-16,102900011008164,8.169,4.0,0,22
2020-09-17,102900011008164,9.175,4.0,0,21
2020-09-18,102900011008164,8.268,4.0,0,19
2020-09-19,102900011008164,8.417,4.0,0,20
2020-09-20,102900011008164,9.65,4.0,0,18
2020-09-21,102900011008164,8.444,4.0,0,20
2020-09-22,102900011008164,7.565,4.0,0,18
2020-09-23,102900011008164,8.166,4.0,0,22
2020-09-24,102900011008164,7.011,4.0,0,18
2020-09-25,102900011008164,7.011,4.0,0,15
2020-09-26,102900011008164,7.99,4.0,0,18
2020-09-27,102900011008164,8.367,4.0,0,20
2020-09-28,102900011008164,8.162,4.0,0,21
2020-09-29,102900011008164,5.896,3.6,0,15
2020-09-30,102900011008164,7.614,4.0,0,18
2020-10-01,102900011008164,18.817,4.0,0,40
2020-10-02,102900011008164,5.262,4.6,0,16
2020-10-03,102900011008164,8.713,4.6,0,18
2020-10-04,102900011008164,7.739,4.0,0,15
2020-10-05,102900011008164,6.936,4.0,0,13
2020-10-06,102900011008164,4.015,5.0,0,9
2020-10-07,102900011008164,8.751,4.5,2,18
2020-10-08,102900011008164,6.868,5.0,0,18
2020-10-09,102900011008164,6.305000000000001,5.0,0,16
2020-10-10,102900011008164,5.844,5.0,0,14
2020-10-11,102900011008164,7.25,5.0,0,18
2020-10-13,102900011008164,7.551,5.0,0,21
2020-10-14,102900011008164,8.815,5.0,0,18
2020-10-15,102900011008164,9.483,5.0,0,25
2020-10-16,102900011008164,7.426,6.0,0,21
2020-10-17,102900011008164,10.135,6.0,0,26
2020-10-18,102900011008164,8.094,6.0,0,20
2020-10-19,102900011008164,6.471,6.0,0,16
2020-10-20,102900011008164,6.338,6.0,0,14
2020-10-21,102900011008164,4.531,6.0,0,10
2020-10-22,102900011008164,4.6850000000000005,6.0,0,9
2020-10-23,102900011008164,8.078,6.0,0,20
2020-10-24,102900011008164,8.278,6.0,0,25
2020-10-25,102900011008164,6.94,6.0,0,17
2020-10-26,102900011008164,6.589,6.0,0,16
2020-10-27,102900011008164,7.71,6.0,0,16
2020-10-28,102900011008164,5.084,6.0,0,16
2020-10-29,102900011008164,7.124,6.0,0,19
2020-10-30,102900011008164,2.425,6.0,0,6
2020-10-31,102900011008164,10.386,6.0,0,25
2020-11-01,102900011008164,9.145,6.0,0,24
2020-11-02,102900011008164,15.039,5.0,0,33
2020-11-03,102900011008164,9.565999999999999,4.5,2,18
2020-11-04,102900011008164,4.256,5.0,0,12
2020-11-05,102900011008164,12.952,5.0,0,31
2020-11-06,102900011008164,2.412,4.0,0,4
2020-11-07,102900011008164,4.359,3.6,0,10
2020-11-08,102900011008164,8.381,3.6,0,19
2020-11-09,102900011008164,8.102,3.6,0,14
2020-11-11,102900011008164,19.162,3.6,0,45
2020-11-12,102900011008164,13.354,3.6,0,29
2020-11-13,102900011008164,0.391,3.6,0,1
2020-11-14,102900011008164,6.205,3.6,0,17
2020-11-15,102900011008164,7.99,3.6,0,15
2020-11-17,102900011008164,8.072,3.6,0,16
2020-11-18,102900011008164,8.392,3.0,0,16
2020-11-19,102900011008164,4.109,2.6,0,8
2020-11-20,102900011008164,5.544,2.6,0,11
2020-11-21,102900011008164,6.354,2.6,0,15
2020-11-22,102900011008164,6.591,2.6,0,16
2020-11-23,102900011008164,9.033,2.6,0,19
2020-11-24,102900011008164,4.640000000000001,3.6,0,10
2020-11-25,102900011008164,4.968,3.0,0,11
2020-11-26,102900011008164,4.032,2.8,0,9
2020-11-27,102900011008164,3.635,2.8,0,8
2020-11-28,102900011008164,10.401,2.8,0,19
2020-11-30,102900011008164,4.494,2.4,0,8
2020-12-01,102900011008164,4.914,2.4,0,9
2020-12-02,102900011008164,6.047,2.6,0,13
2020-12-03,102900011008164,3.141,2.6,0,5
2020-12-04,102900011008164,4.496,2.6,0,10
2020-12-05,102900011008164,6.783,2.6,0,11
2020-12-06,102900011008164,4.845,2.6,0,12
2020-12-07,102900011008164,3.372,2.6,0,7
2020-12-08,102900011008164,3.14,2.6,0,8
2020-12-09,102900011008164,5.815,2.6,0,13
2020-12-10,102900011008164,6.667,2.6,0,12
2020-12-11,102900011008164,4.42,2.6,0,9
2020-12-12,102900011008164,4.224,2.6,0,10
2020-12-13,102900011008164,7.714,2.6,0,15
2020-12-14,102900011008164,0.969,2.6,0,3
2020-12-16,102900011008164,1.744,2.6,0,5
2020-12-17,102900011008164,3.257,2.6,0,7
2020-12-18,102900011008164,2.093,2.6,0,5
2020-12-19,102900011008164,1.395,2.6,0,3
2020-12-20,102900011008164,7.211,2.6,0,16
2021-01-13,102900011008164,11.291,7.0,0,26
2021-01-14,102900011008164,3.059,8.0,0,5
2021-01-15,102900011008164,3.447,8.0,0,7
2021-01-16,102900011008164,2.733,8.0,0,7
2021-01-17,102900011008164,11.544,8.0,0,29
2021-01-19,102900011008164,5.239,8.0,0,13
2021-01-20,102900011008164,10.288,8.0,0,22
2021-01-21,102900011008164,4.95,8.0,0,9
2021-01-22,102900011008164,6.855,8.0,0,14
2021-01-24,102900011008164,8.584,8.0,0,19
2021-01-25,102900011008164,6.705,8.0,0,14
2021-01-26,102900011008164,5.112,8.0,0,12
2021-01-27,102900011008164,6.865,8.0,0,12
2021-01-28,102900011008164,4.612,8.0,0,9
2021-01-29,102900011008164,1.441,8.0,0,4
