数学建模相关/2023数模国赛C题/运行代码/数据拼合/sales_day_simple.csv
销售日期,单品编码,销量(千克),每日平均销售单价(元/千克),打折数量,原价数量
2020-08-27,102900051000463,0.426,8.0,0,1
2020-08-28,102900051000463,3.84,10.0,0,7
2020-08-29,102900051000463,1.66,9.0,0,3
2020-08-30,102900051000463,5.359,9.0,0,10
2020-08-31,102900051000463,4.273,8.0,0,8
2020-09-01,102900051000463,3.195,8.0,0,5
2020-09-02,102900051000463,2.519,8.0,0,3
2020-09-03,102900051000463,2.869,8.0,0,6
2020-09-04,102900051000463,5.038,8.0,0,8
2020-09-05,102900051000463,6.428,8.0,0,11
2020-09-06,102900051000463,7.33,8.0,0,11
2020-09-07,102900051000463,4.611,8.0,0,7
2020-09-08,102900051000463,5.339,8.0,0,10
2020-09-09,102900051000463,3.01,6.0,0,4
2020-09-10,102900051000463,2.49,6.0,0,5
2020-09-11,102900051000463,3.68,6.0,0,6
2020-09-12,102900051000463,4.398,6.0,0,8
2020-09-13,102900051000463,4.056,5.5,0,8
2020-09-14,102900051000463,3.495,5.0,0,5
2020-09-15,102900051000463,4.398,5.0,0,8
2020-09-16,102900051000463,1.948,5.0,0,3
2020-09-17,102900051000463,8.093,5.0,0,10
2020-09-18,102900051000463,3.032,5.0,0,6
2020-09-19,102900051000463,4.881,5.0,0,9
2020-09-20,102900051000463,8.695,5.0,0,13
2020-09-21,102900051000463,6.389,6.0,0,13
2020-09-22,102900051000463,9.602,5.0,0,18
2020-09-23,102900051000463,8.756,5.0,0,14
2020-09-24,102900051000463,6.206,5.0,0,9
2020-09-25,102900051000463,13.716,5.0,0,20
2020-09-26,102900051000463,11.869,5.0,0,20
2020-09-27,102900051000463,3.876,5.0,0,7
2020-09-28,102900051000463,8.355,5.0,0,11
2020-09-29,102900051000463,7.994,5.0,0,14
2020-09-30,102900051000463,10.022,5.0,0,14
2020-10-01,102900051000463,11.007,4.0,0,15
2020-10-02,102900051000463,11.282,4.0,0,15
2020-10-03,102900051000463,18.819,4.0,0,29
2020-10-04,102900051000463,15.68,4.0,0,27
2020-10-05,102900051000463,10.201,4.0,0,16
2020-10-06,102900051000463,5.477,4.0,0,10
2020-10-07,102900051000463,4.321,4.0,0,8
2020-10-08,102900051000463,13.141,4.0,0,22
2020-10-09,102900051000463,3.635,5.0,0,5
2020-10-10,102900051000463,9.762,5.0,0,15
2020-10-11,102900051000463,7.31,5.0,0,9
2020-10-12,102900051000463,5.167,6.0,0,8
2020-10-13,102900051000463,3.78,6.0,0,5
2020-10-14,102900051000463,2.124,6.0,0,4
2020-10-15,102900051000463,4.332,6.0,0,7
2020-10-16,102900051000463,3.93,6.0,0,6
2020-10-17,102900051000463,2.133,5.6,0,3
2020-10-18,102900051000463,7.025,5.6,0,12
2020-10-19,102900051000463,4.015000000000001,5.6,0,3
2020-10-20,102900051000463,1.738,5.6,0,4
2020-10-21,102900051000463,4.857,5.6,0,7
2020-10-22,102900051000463,1.577,5.6,0,3
2020-10-23,102900051000463,1.189,7.0,0,1
2020-10-24,102900051000463,5.521,5.6,0,6
2020-10-25,102900051000463,4.05,5.6,0,7
2020-10-26,102900051000463,1.075,5.6,0,2
2020-10-27,102900051000463,1.9,5.6,0,3
2020-10-28,102900051000463,1.56,5.6,0,3
2020-10-29,102900051000463,3.012,5.6,0,6
2020-10-30,102900051000463,2.026,5.6,0,4
2020-10-31,102900051000463,3.567,5.6,0,6
2020-11-01,102900051000463,4.856,5.6,0,4
2020-11-02,102900051000463,2.527,5.6,0,4
2020-11-03,102900051000463,2.903,5.6,0,4
2020-11-04,102900051000463,1.237,5.6,0,1
2020-11-05,102900051000463,1.057,5.6,0,2
2020-11-06,102900051000463,1.1829999999999998,5.6,0,2
2020-11-07,102900051000463,0.591,5.6,0,1
2020-11-08,102900051000463,2.347,5.6,0,3
2020-11-09,102900051000463,2.672,5.6,0,5
2020-11-10,102900051000463,1.254,5.6,0,2
2020-11-11,102900051000463,3.728,5.6,0,4
2020-11-12,102900051000463,3.118,5.6,0,6
2020-11-13,102900051000463,0.484,5.6,0,1
2020-11-14,102900051000463,1.022,5.6,0,2
2020-11-15,102900051000463,1.111,5.6,0,2
2020-11-16,102900051000463,1.058,5.6,0,2
2020-11-17,102900051000463,1.452,5.6,0,3
2020-11-18,102900051000463,0.968,5.6,0,1
2020-11-19,102900051000463,0.376,5.6,0,1
2020-11-20,102900051000463,0.77,5.6,0,2
2020-11-21,102900051000463,2.617,5.6,0,5
2020-11-22,102900051000463,2.688,5.6,0,5
2020-11-23,102900051000463,1.505,5.6,0,2
2020-11-24,102900051000463,1.075,5.6,0,1
2020-11-25,102900051000463,2.223,5.6,0,3
2020-11-26,102900051000463,1.254,5.6,0,2
2020-11-27,102900051000463,1.219,5.6,0,1
2020-11-28,102900051000463,2.221,7.0,0,4
2020-11-29,102900051000463,3.124,7.0,0,5
2020-11-30,102900051000463,2.809,7.0,0,3
2020-12-01,102900051000463,0.514,8.0,0,1
2020-12-02,102900051000463,1.967,8.0,0,2
2020-12-03,102900051000463,0.451,8.0,0,1
2020-12-04,102900051000463,1.165,8.0,0,2
2020-12-05,102900051000463,2.018,8.0,0,2
2020-12-06,102900051000463,2.03,8.0,0,3
2020-12-07,102900051000463,1.178,8.0,0,2
2020-12-08,102900051000463,0.439,8.0,0,1
2020-12-09,102900051000463,1.604,8.0,0,2
2020-12-10,102900051000463,1.354,8.0,0,3
2020-12-11,102900051000463,0.426,8.0,0,1
2020-12-12,102900051000463,2.02,12.0,0,2
2020-12-13,102900051000463,0.735,12.0,0,1
2020-12-14,102900051000463,0.659,12.0,0,1
2020-12-15,102900051000463,1.3809999999999998,9.0,0,2
2020-12-17,102900051000463,1.548,9.0,0,2
2020-12-18,102900051000463,0.457,9.0,0,1
2020-12-19,102900051000463,1.253,8.0,0,2
2020-12-20,102900051000463,1.503,8.0,0,3
2020-12-22,102900051000463,1.142,10.0,0,2
2020-12-23,102900051000463,1.144,12.0,0,1
2020-12-26,102900051000463,1.418,12.0,0,3
2020-12-28,102900051000463,1.81,14.0,0,2
2020-09-05,102900005119968,3.697,10.0,0,15
2020-09-06,102900005119968,1.463,10.0,0,6
2020-09-07,102900005119968,0.241,10.0,0,1
2020-09-08,102900005119968,0.2,10.0,0,1
2020-09-09,102900005119968,0.27,10.0,0,3
2020-09-10,102900005119968,0.15,10.0,0,1
2020-09-11,102900005119968,0.55,10.0,0,4
2020-09-12,102900005119968,0.831,10.0,0,4
2020-09-13,102900005119968,0.65,10.0,0,5
2021-01-30,102900005119968,0.651,23.8,0,4
2020-09-05,102900011016909,1.94,14.0,0,5
2020-09-06,102900011016909,2.226,14.0,0,5
2020-09-07,102900011016909,0.537,14.0,0,1
2020-09-08,102900011016909,0.808,14.0,0,2
2020-09-09,102900011016909,1.581,14.0,0,3
2020-09-10,102900011016909,0.257,16.0,0,1
2020-09-12,102900011016909,0.469,16.0,0,1
2020-11-30,102900011016909,6.174,7.6,0,10
2020-12-01,102900011016909,1.227,7.6,0,4
2020-12-02,102900011016909,0.515,7.6,0,1
2020-12-03,102900011016909,1.623,7.6,0,3
2020-12-04,102900011016909,0.631,10.0,0,1
2020-12-05,102900011016909,1.113,9.0,0,2
2020-12-06,102900011016909,2.172,9.0,0,4
2020-12-07,102900011016909,0.234,9.0,0,1
2020-12-08,102900011016909,1.08,9.0,0,2
2020-12-10,102900011016909,0.334,12.0,0,1
2020-12-11,102900011016909,1.511,12.0,0,2
2020-12-12,102900011016909,0.584,12.0,0,1
2020-12-13,102900011016909,0.8919999999999999,10.0,0,2
2020-12-14,102900011016909,2.205,10.0,0,5
2020-12-15,102900011016909,1.544,10.0,0,3
2020-12-17,102900011016909,1.283,10.0,0,3
2020-12-18,102900011016909,0.501,10.0,0,1
2020-12-21,102900011016909,0.501,10.0,0,1
2020-12-22,102900011016909,0.281,10.0,0,1
2020-12-23,102900011016909,0.251,10.0,0,1
2020-12-24,102900011016909,1.102,10.0,0,2
2020-12-29,102900011016909,1.38,14.0,0,2
2020-12-30,102900011016909,0.515,14.0,0,2
2020-12-31,102900011016909,0.494,14.0,0,1
2020-09-13,102900005115885,5.324000000000001,14.0,2,14
2020-10-17,102900005115885,3.404,16.0,0,9
2020-10-18,102900005115885,2.573,16.0,0,8
2020-10-19,102900005115885,2.228,16.0,0,7
2020-10-20,102900005115885,2.841,16.0,0,10
2020-10-22,102900005115885,2.053,16.0,0,5
2020-10-23,102900005115885,3.892,16.0,0,8
2020-10-24,102900005115885,1.0630000000000002,16.0,0,3
2020-10-25,102900005115885,1.614,16.0,0,5
2020-10-26,102900005115885,1.152,16.0,0,4
2020-10-27,102900005115885,1.497,16.0,0,4
2020-10-28,102900005115885,3.163,14.0,0,7
2020-10-29,102900005115885,2.282,14.0,0,5
2020-10-30,102900005115885,2.175,14.0,0,6
2020-10-31,102900005115885,4.859,14.0,0,12
2020-11-01,102900005115885,3.533,14.0,0,9
2020-11-06,102900005115885,2.203,14.0,0,6
2020-11-07,102900005115885,2.741,14.0,0,7
2020-11-08,102900005115885,2.74,14.0,0,7
2020-11-09,102900005115885,2.025,14.0,0,6
2020-11-10,102900005115885,1.002,14.0,0,2
2020-11-11,102900005115885,1.238,14.0,0,4
2020-11-12,102900005115885,1.644,14.0,0,5
2020-11-13,102900005115885,1.116,14.0,0,3
2020-11-14,102900005115885,2.946,14.0,0,10
2020-11-15,102900005115885,3.013,14.0,0,7
2020-11-16,102900005115885,1.624,14.0,0,4
2020-11-18,102900005115885,2.205,14.0,0,6
2020-11-19,102900005115885,0.744,14.0,0,2
2020-11-20,102900005115885,2.517,14.0,0,6
2020-11-21,102900005115885,5.079,14.0,0,15
2020-11-22,102900005115885,2.96,14.0,0,8
2020-11-23,102900005115885,3.146,14.0,0,8
2020-11-24,102900005115885,2.011,14.0,0,3
2020-11-25,102900005115885,1.037,14.0,0,3
2020-11-26,102900005115885,2.175,14.0,0,7
2020-11-27,102900005115885,1.545,14.0,0,4
2020-11-28,102900005115885,3.762,14.0,0,8
2020-11-29,102900005115885,1.959,16.0,0,4
2020-11-30,102900005115885,0.845,16.0,0,2
2020-12-02,102900005115885,0.356,18.0,0,1
2020-12-03,102900005115885,1.413,18.0,0,4
2020-12-04,102900005115885,0.298,19.8,0,1
2020-12-05,102900005115885,1.849,19.8,0,6
2020-12-06,102900005115885,1.439,19.8,0,4
2020-12-07,102900005115885,1.465,19.8,0,5
2020-12-12,102900005115885,1.99,19.8,0,4
2020-12-13,102900005115885,1.087,19.8,0,4
2020-12-14,102900005115885,0.596,19.8,0,1
2020-12-15,102900005115885,0.253,19.8,0,1
2020-12-16,102900005115885,1.2120000000000002,19.8,0,3
2020-12-17,102900005115885,0.5860000000000001,19.8,0,2
2020-12-18,102900005115885,0.945,19.8,0,3
2020-12-19,102900005115885,1.718,19.8,0,5
2020-12-20,102900005115885,2.874,19.8,0,7
2020-12-21,102900005115885,1.657,19.8,0,5
2020-12-22,102900005115885,0.343,19.8,0,1
2020-12-23,102900005115885,2.55,19.8,0,6
2020-12-24,102900005115885,1.282,19.8,0,3
2020-12-25,102900005115885,0.338,19.8,0,1
2020-12-26,102900005115885,1.47,19.8,0,3
2020-12-27,102900005115885,1.515,19.8,0,4
2020-12-28,102900005115885,0.929,19.8,0,2
2020-12-29,102900005115885,0.687,19.8,0,2
2020-12-30,102900005115885,0.7430000000000001,19.8,0,2
2020-12-31,102900005115885,1.885,19.8,0,5
2021-01-01,102900005115885,0.585,19.8,0,2
2021-01-02,102900005115885,2.562,19.8,0,6
2021-01-03,102900005115885,2.087,19.8,0,6
2021-01-04,102900005115885,0.338,19.8,0,1
2021-01-05,102900005115885,1.183,21.8,0,3
2021-01-06,102900005115885,1.148,25.8,0,4
2021-01-07,102900005115885,1.315,25.8,0,5
2021-01-08,102900005115885,0.523,25.8,0,2
2021-01-09,102900005115885,2.245,25.8,0,8
2021-01-10,102900005115885,1.046,25.8,0,4
2021-01-18,102900005115885,1.81,29.8,0,7
2021-01-22,102900005115885,1.813,19.8,0,8
2021-01-23,102900005115885,0.586,19.8,0,2
2020-09-16,102900005115878,14.123,3.8,0,34
2020-09-17,102900005115878,6.86,12.0,0,18
2020-09-18,102900005115878,7.288,12.0,0,19
2020-09-22,102900005115878,2.706,12.0,0,8
2020-09-23,102900005115878,4.066,12.0,0,13
2020-09-24,102900005115878,5.476,12.0,0,14
2020-09-25,102900005115878,5.92,12.0,0,17
2020-09-26,102900005115878,6.664,12.0,0,21
2020-09-27,102900005115878,6.678,12.0,0,16
2020-09-28,102900005115878,7.647,12.0,0,17
2020-09-29,102900005115878,8.403,11.0,2,22
2020-09-30,102900005115878,5.911,12.0,0,13
2020-10-01,102900005115878,7.44,12.0,0,20
2020-10-02,102900005115878,9.633,12.0,0,26
2020-10-03,102900005115878,6.0440000000000005,12.0,0,20
2020-10-04,102900005115878,16.8,12.0,0,44
2020-10-05,102900005115878,10.704,12.0,0,28
2020-10-06,102900005115878,13.291,12.0,0,33
2020-10-07,102900005115878,9.941,12.0,0,27
2020-10-08,102900005115878,12.248,12.0,0,33
2020-10-09,102900005115878,9.155,12.0,0,26
2020-10-10,102900005115878,6.054,12.0,0,17
2020-10-11,102900005115878,13.958,10.0,0,38
2020-10-12,102900005115878,14.965,10.0,0,43
2020-10-13,102900005115878,10.567,10.0,0,27
2020-10-14,102900005115878,6.854,12.0,0,20
2020-10-15,102900005115878,8.432,12.0,0,21
2020-10-16,102900005115878,11.669,12.0,0,34
2020-10-17,102900005115878,9.952,12.0,0,24
2020-10-18,102900005115878,13.452,12.0,0,33
2020-10-19,102900005115878,6.894,12.0,0,18
2020-10-20,102900005115878,8.322,12.0,0,24
2020-10-21,102900005115878,4.132,12.0,0,11
2020-10-22,102900005115878,6.744,12.0,0,18
2020-10-23,102900005115878,9.234,12.0,0,27
2020-10-24,102900005115878,11.581,12.0,0,31
2020-10-25,102900005115878,13.961,8.0,0,38
2020-10-26,102900005115878,11.737,7.0,0,31
2020-10-27,102900005115878,8.798,7.0,0,20
2020-10-28,102900005115878,10.002,7.0,0,27
2020-10-29,102900005115878,6.22,7.0,0,14
2020-10-30,102900005115878,8.911999999999999,6.0,0,23
2020-10-31,102900005115878,14.956,4.0,0,36
2020-11-01,102900005115878,7.564,4.0,0,22
2020-11-02,102900005115878,11.632,4.0,0,29
2020-11-03,102900005115878,14.171,4.0,0,37
2020-11-04,102900005115878,8.52,4.0,0,23
2020-11-05,102900005115878,21.581,3.0,0,52
2020-11-06,102900005115878,11.012,3.0,0,28
2020-11-07,102900005115878,16.816,3.0,0,34
2020-11-08,102900005115878,17.686,3.0,0,40
2020-11-09,102900005115878,10.974,3.0,0,28
2020-11-10,102900005115878,14.773,3.0,0,36
2020-11-11,102900005115878,10.676,3.0,0,25
2020-11-12,102900005115878,8.427,3.0,0,20
2020-11-13,102900005115878,12.097,3.6,0,26
2020-11-14,102900005115878,15.809,3.0,0,38
2020-11-15,102900005115878,18.322,3.0,0,38
2020-11-16,102900005115878,10.877,3.0,0,27
2020-11-17,102900005115878,15.006,3.0,0,32
2020-11-18,102900005115878,15.339,3.0,0,36
2020-11-19,102900005115878,11.143,3.0,0,22
2020-11-20,102900005115878,13.256,3.0,0,30
2020-11-21,102900005115878,24.041,3.0,0,63
2020-11-22,102900005115878,23.399,3.0,0,54
2020-11-23,102900005115878,19.1,3.0,0,40
2020-11-24,102900005115878,19.666,3.6,0,49
2020-11-25,102900005115878,12.965,4.0,0,29
2020-11-26,102900005115878,21.374000000000002,3.5,28,19
2020-11-27,102900005115878,10.729,4.0,0,26
2020-11-28,102900005115878,22.757,3.0,0,64
2020-11-29,102900005115878,22.125,3.0,0,57
2020-11-30,102900005115878,11.278,3.0,0,28
2020-12-01,102900005115878,9.599,3.0,0,28
2020-12-02,102900005115878,10.551,4.0,0,28
2020-12-03,102900005115878,5.427,4.0,0,10
2020-12-04,102900005115878,11.861,4.0,0,22
2020-12-05,102900005115878,11.757,4.0,0,32
2020-12-06,102900005115878,19.578,3.6,0,51
2020-12-07,102900005115878,4.582,3.6,0,12
2020-12-08,102900005115878,3.045,3.6,0,7
2020-12-09,102900005115878,9.0,4.0,0,21
2020-12-10,102900005115878,5.729,4.0,0,13
2020-12-11,102900005115878,3.821,4.0,0,10
2020-12-12,102900005115878,10.698,5.0,0,27
2020-12-13,102900005115878,13.5,5.0,0,40
2020-12-14,102900005115878,7.99,4.5,3,19
2020-12-15,102900005115878,9.959,5.0,0,23
2020-12-16,102900005115878,2.508,6.0,0,7
2020-12-17,102900005115878,6.5920000000000005,6.0,0,17
2020-12-18,102900005115878,4.316,5.0,0,12
2020-12-19,102900005115878,10.203,5.0,2,24
2020-12-20,102900005115878,8.518,5.0,0,23
2020-12-21,102900005115878,2.057,6.0,0,5
2020-12-22,102900005115878,4.966,6.0,0,16
2020-12-23,102900005115878,3.662,6.0,0,11
2020-12-24,102900005115878,2.595,7.0,0,9
2020-12-25,102900005115878,6.609,7.0,0,21
2020-12-26,102900005115878,8.784,7.0,0,27
2020-12-27,102900005115878,6.822,7.0,0,21
2020-12-28,102900005115878,7.194,7.0,0,18
2020-12-29,102900005115878,6.821,7.0,0,15
2020-12-30,102900005115878,5.753,8.0,0,18
2020-12-31,102900005115878,6.918,8.0,0,16
2021-01-01,102900005115878,7.407,8.0,0,19
2021-01-02,102900005115878,6.456,8.0,0,17
2021-01-03,102900005115878,9.75,8.0,0,26
2021-01-04,102900005115878,5.1530000000000005,8.0,0,17
2021-01-05,102900005115878,4.262,8.0,0,12
2021-01-06,102900005115878,6.392,8.0,0,18
2021-01-07,102900005115878,3.999,8.0,0,11
2021-01-08,102900005115878,2.257,8.0,0,8
2021-01-09,102900005115878,7.393,8.0,0,22
2021-01-10,102900005115878,7.405,8.0,0,19
2021-01-11,102900005115878,3.553,9.0,0,10
2021-01-12,102900005115878,2.505,9.0,0,7
2021-01-13,102900005115878,1.314,9.0,0,6
2021-01-14,102900005115878,1.996,10.0,0,7
2021-01-15,102900005115878,2.679,12.0,0,9
2021-01-16,102900005115878,3.75,12.0,0,12
2021-01-17,102900005115878,4.691,12.0,0,15
2021-01-18,102900005115878,5.077,12.0,0,13
2021-01-19,102900005115878,3.723,12.0,0,10
2021-01-20,102900005115878,7.329,12.0,0,20
2021-01-21,102900005115878,6.41,11.0,0,18
2021-01-22,102900005115878,6.018,10.0,0,17
2021-01-23,102900005115878,7.269,10.0,0,21
2021-01-24,102900005115878,6.593,10.0,0,22
2021-01-25,102900005115878,7.535,10.0,0,20
2021-01-26,102900005115878,4.511,10.0,0,12
2021-01-27,102900005115878,3.68,10.0,0,9
2021-01-28,102900005115878,4.702,10.0,0,13
2021-01-29,102900005115878,2.948,10.0,0,7
2021-01-30,102900005115878,8.853,9.0,0,20
2020-09-18,102900005115250,0.195,23.6,0,1
2020-09-27,102900005115250,1.308,27.6,0,5
2020-09-28,102900005115250,0.163,27.6,0,1
2020-11-22,102900005115250,44.844,19.8,0,161
2020-11-23,102900005115250,17.55,19.8,0,77
2020-11-24,102900005115250,14.653,19.8,0,61
2020-11-25,102900005115250,17.311,19.8,0,70
2020-11-26,102900005115250,8.325,21.8,0,31
2020-11-27,102900005115250,11.599,21.8,0,45
2020-11-28,102900005115250,21.584,19.8,0,81
2020-11-29,102900005115250,27.072,19.8,0,100
2020-11-30,102900005115250,0.743,21.8,0,2
2020-12-01,102900005115250,0.17,21.8,0,1
2020-12-02,102900005115250,0.395,21.8,0,1
2021-01-18,102900005115250,1.17,21.8,0,6
2021-01-19,102900005115250,3.216,21.8,0,14
2021-01-20,102900005115250,3.643,21.8,0,17
2021-01-21,102900005115250,3.174,21.8,0,11
2021-01-22,102900005115250,19.915,21.8,0,66
2021-01-23,102900005115250,30.122,21.8,0,106
2021-01-24,102900005115250,29.017,21.8,0,108
2021-01-25,102900005115250,19.002,21.8,0,76
2021-01-27,102900005115250,5.628,21.8,0,24
2021-01-28,102900005115250,16.274,21.8,0,62
2021-01-29,102900005115250,20.616,21.8,0,79
2021-01-30,102900005115250,22.342,21.8,0,88
