数学建模相关/2023数模国赛C题/运行代码/数据拼合/sales_day_simple.csv
销售日期,单品编码,销量(千克),每日平均销售单价(元/千克),打折数量,原价数量
2020-09-18,102900005119098,3.122,18.9,1,9
2020-09-22,102900005119098,3.112,20.9,4,10
2020-09-23,102900005119098,2.468,20.9,7,4
2020-09-25,102900005119098,3.125,19.9,4,10
2020-09-26,102900005119098,1.62,20.9,2,6
2020-09-27,102900005119098,2.972,20.9,1,10
2020-10-20,102900005119098,2.889,20.9,2,10
2020-12-05,102900005119098,3.332,12.5,2,7
2020-12-06,102900005119098,6.875,12.0,10,10
2020-12-07,102900005119098,3.553,12.0,5,7
2020-12-08,102900005119098,3.379,16.0,0,11
2020-12-09,102900005119098,3.426,13.0,0,8
2020-12-10,102900005119098,2.572,12.0,3,6
2020-12-11,102900005119098,2.504,16.0,0,6
2020-12-12,102900005119098,6.922000000000001,12.0,5,19
2020-12-13,102900005119098,6.207999999999999,12.0,2,18
2020-12-14,102900005119098,5.4,12.0,4,11
2020-12-15,102900005119098,2.848,12.0,1,10
2020-12-18,102900005119098,3.2910000000000004,12.0,6,4
2020-12-19,102900005119098,4.205,12.0,5,7
2020-12-20,102900005119098,2.279,13.0,3,7
2020-12-21,102900005119098,2.987,14.0,4,6
2020-12-22,102900005119098,3.365,13.0,6,6
2020-12-23,102900005119098,4.6259999999999994,13.333333333333334,2,19
2020-12-24,102900005119098,2.942,13.5,6,6
2020-12-25,102900005119098,2.615,18.0,0,10
2020-12-26,102900005119098,2.073,14.4,2,9
2020-12-27,102900005119098,4.208,14.4,3,13
2020-12-28,102900005119098,2.519,13.9,3,9
2020-12-29,102900005119098,3.101,19.8,0,10
2020-12-30,102900005119098,3.359,12.15,4,9
2020-12-31,102900005119098,3.3040000000000003,14.4,3,8
2021-01-01,102900005119098,3.405,14.4,1,11
2021-01-02,102900005119098,3.342,14.4,4,7
2021-01-03,102900005119098,3.2640000000000002,14.4,2,9
2021-01-04,102900005119098,3.549,14.4,3,10
2021-01-05,102900005119098,2.912,14.4,2,7
2021-01-06,102900005119098,3.259,13.4,2,8
2021-01-07,102900005119098,3.631,14.4,5,8
2021-01-10,102900005119098,2.984,19.8,0,10
2021-01-11,102900005119098,0.273,19.8,0,1
2021-01-17,102900005119098,2.818,19.8,0,11
2021-01-18,102900005119098,3.152,19.8,0,12
2021-01-22,102900005119098,2.174,19.8,0,10
2021-01-23,102900005119098,0.768,19.8,0,3
2021-01-26,102900005119098,2.152,19.450000000000003,1,8
2021-01-28,102900005119098,1.864,19.8,0,7
2021-01-29,102900005119098,0.984,19.8,0,3
2021-01-30,102900005119098,3.285,19.8,0,15
2020-09-22,102900011012871,0.48199999999999993,116.0,1,2
2020-10-30,102900011012871,0.254,116.0,0,2
2020-10-31,102900011012871,0.51,116.0,0,4
2020-11-12,102900011012871,0.284,116.0,0,2
2020-11-27,102900011012871,0.332,99.8,0,2
2020-12-04,102900011012871,0.5740000000000001,99.8,0,3
2020-12-05,102900011012871,1.104,99.8,0,7
2020-12-08,102900011012871,0.196,99.8,0,1
2020-12-09,102900011012871,0.692,99.8,0,4
2020-12-12,102900011012871,0.206,99.8,0,1
2020-12-13,102900011012871,0.164,99.8,0,1
2020-12-15,102900011012871,0.208,99.8,0,1
2020-12-18,102900011012871,0.174,99.8,0,1
2020-12-20,102900011012871,0.186,99.8,0,1
2020-12-21,102900011012871,0.243,99.8,0,1
2020-12-25,102900011012871,0.186,99.8,0,1
2020-09-29,102900011007044,1.0,4.9,0,1
2020-12-07,102900011007044,1.0,5.9,0,1
2020-12-09,102900011007044,1.0,5.9,0,1
2020-12-11,102900011007044,1.0,5.9,0,1
2020-12-12,102900011007044,2.0,5.9,0,2
2020-12-13,102900011007044,4.0,5.9,0,4
2020-12-16,102900011007044,2.0,5.9,0,2
2020-12-17,102900011007044,1.0,5.9,0,1
2020-12-18,102900011007044,1.0,5.9,0,1
2020-12-21,102900011007044,2.0,5.9,0,2
2020-12-22,102900011007044,1.0,5.9,0,1
2020-12-23,102900011007044,1.0,5.9,0,1
2020-12-24,102900011007044,4.0,5.9,0,4
2020-12-25,102900011007044,3.0,5.9,0,3
2020-12-26,102900011007044,2.0,5.9,0,2
2021-01-03,102900011007044,1.0,5.9,0,1
2021-01-08,102900011007044,1.0,5.9,0,1
2021-01-09,102900011007044,2.0,5.9,0,2
2021-01-10,102900011007044,1.0,5.9,0,1
2021-01-12,102900011007044,1.0,5.9,0,1
2021-01-15,102900011007044,2.0,5.9,0,2
2021-01-16,102900011007044,1.0,5.9,0,1
2021-01-17,102900011007044,2.0,5.9,0,2
2021-01-21,102900011007044,1.0,5.9,0,1
2021-01-23,102900011007044,1.0,5.9,0,1
2021-01-26,102900011007044,1.0,5.9,0,1
2021-01-27,102900011007044,2.0,5.9,0,2
2020-10-15,102900005115854,6.558,4.0,0,9
2020-10-16,102900005115854,4.296,4.0,0,7
2020-10-17,102900005115854,7.563000000000001,4.0,0,10
2020-10-18,102900005115854,7.512,4.0,0,15
2020-10-25,102900005115854,5.579,4.0,0,11
2020-10-26,102900005115854,11.585,4.0,0,27
2020-10-27,102900005115854,5.554,4.0,0,12
2020-10-28,102900005115854,3.995,4.0,0,7
2020-10-29,102900005115854,5.124,4.0,0,10
2020-10-30,102900005115854,7.788,4.0,0,15
2020-10-31,102900005115854,6.281,4.0,0,11
2020-11-01,102900005115854,4.798,3.0,0,9
2020-11-02,102900005115854,4.735,3.0,0,12
2020-11-03,102900005115854,1.645,3.0,0,5
2020-11-04,102900005115854,1.779,3.0,0,4
2020-11-06,102900005115854,1.175,3.0,0,3
2020-11-07,102900005115854,3.96,3.0,0,9
2020-10-16,102900011018095,3.0,7.8,0,3
2020-10-17,102900011018095,6.0,6.8,0,6
2020-10-18,102900011018095,3.0,6.8,0,3
2020-10-19,102900011018095,7.0,6.8,0,7
2020-10-20,102900011018095,2.0,6.8,0,2
2020-10-21,102900011018095,3.0,6.8,0,3
2020-10-22,102900011018095,9.0,6.8,0,9
2020-10-23,102900011018095,3.0,6.8,0,3
2020-10-24,102900011018095,11.0,6.8,0,11
2020-10-25,102900011018095,11.0,6.8,0,11
2020-10-26,102900011018095,5.0,6.8,0,5
2020-10-27,102900011018095,6.0,6.8,0,6
2020-10-28,102900011018095,4.0,6.8,0,4
2020-10-29,102900011018095,6.0,6.8,0,6
2020-10-30,102900011018095,4.0,6.8,0,4
2020-10-31,102900011018095,10.0,6.8,0,10
2020-11-01,102900011018095,5.0,6.8,0,5
2020-11-02,102900011018095,13.0,6.8,0,13
2020-11-03,102900011018095,4.0,6.8,0,4
2020-11-08,102900011018095,9.0,6.8,0,9
2020-11-09,102900011018095,3.0,6.8,0,3
2020-11-10,102900011018095,6.0,6.8,0,6
2020-11-11,102900011018095,5.0,6.8,0,5
2020-11-12,102900011018095,1.0,6.8,0,1
2020-11-13,102900011018095,3.0,6.8,0,3
2020-11-14,102900011018095,12.0,6.8,0,12
2020-11-15,102900011018095,2.0,6.8,0,2
2020-11-16,102900011018095,6.0,6.8,0,6
2020-11-17,102900011018095,3.0,6.8,0,3
2020-11-18,102900011018095,4.0,6.8,0,4
2020-11-19,102900011018095,6.0,6.8,0,6
2020-11-20,102900011018095,5.0,6.8,0,5
2020-11-21,102900011018095,6.0,6.8,0,6
2020-11-22,102900011018095,13.0,6.8,0,13
2020-11-23,102900011018095,10.0,6.8,0,10
2020-11-24,102900011018095,3.0,6.8,0,3
2020-11-25,102900011018095,5.0,6.8,0,5
2020-11-26,102900011018095,5.0,6.8,0,5
2020-11-27,102900011018095,5.0,5.9,0,5
2020-11-28,102900011018095,3.0,5.9,0,3
2020-11-29,102900011018095,7.0,5.9,0,7
2020-11-30,102900011018095,6.0,5.9,0,6
2020-12-01,102900011018095,12.0,5.9,0,12
2020-12-02,102900011018095,5.0,5.9,0,5
2020-12-03,102900011018095,1.0,5.9,0,1
2020-12-04,102900011018095,13.0,5.9,0,13
2020-12-05,102900011018095,8.0,5.9,0,8
2020-12-06,102900011018095,8.0,5.9,0,8
2020-12-07,102900011018095,6.0,5.9,0,6
2020-12-08,102900011018095,4.0,5.9,0,4
2020-12-09,102900011018095,6.0,5.9,0,6
2020-12-10,102900011018095,6.0,5.9,0,6
2020-12-11,102900011018095,7.0,5.9,0,7
2020-12-12,102900011018095,11.0,5.9,0,11
2020-12-13,102900011018095,10.0,5.9,0,10
2020-12-14,102900011018095,2.0,5.9,0,2
2020-12-15,102900011018095,6.0,5.9,0,6
2020-12-16,102900011018095,2.0,5.9,0,2
2020-12-17,102900011018095,3.0,5.9,0,3
2020-12-18,102900011018095,1.0,5.9,0,1
2020-12-19,102900011018095,8.0,5.9,0,8
2020-12-20,102900011018095,10.0,5.9,0,10
2020-12-21,102900011018095,5.0,5.9,0,5
2020-12-22,102900011018095,9.0,5.9,0,9
2020-12-23,102900011018095,3.0,5.9,0,3
2020-12-24,102900011018095,7.0,5.9,0,7
2020-12-25,102900011018095,6.0,5.9,0,6
2020-12-26,102900011018095,7.0,5.9,0,7
2020-12-27,102900011018095,10.0,5.9,0,10
2020-12-28,102900011018095,7.0,5.9,0,7
2020-12-29,102900011018095,5.0,5.9,0,5
2020-12-30,102900011018095,2.0,5.9,0,2
2020-12-31,102900011018095,11.0,5.9,0,11
2021-01-01,102900011018095,11.0,5.9,0,11
2021-01-02,102900011018095,6.0,5.9,0,6
2021-01-03,102900011018095,5.0,5.9,0,5
2021-01-04,102900011018095,12.0,5.9,0,12
2021-01-05,102900011018095,4.0,5.9,0,4
2021-01-06,102900011018095,1.0,5.9,0,1
2021-01-08,102900011018095,7.0,5.9,0,7
2021-01-09,102900011018095,7.0,5.9,0,7
2021-01-10,102900011018095,9.0,5.9,0,9
2021-01-11,102900011018095,5.0,5.9,0,5
2021-01-12,102900011018095,6.0,5.9,0,6
2021-01-13,102900011018095,6.0,5.9,0,6
2021-01-14,102900011018095,7.0,5.9,0,7
2021-01-15,102900011018095,6.0,5.9,0,6
2021-01-16,102900011018095,15.0,5.9,0,15
2021-01-17,102900011018095,11.0,5.9,0,11
2021-01-18,102900011018095,5.0,5.9,0,5
2021-01-19,102900011018095,3.0,5.9,0,3
2021-01-20,102900011018095,4.0,5.9,0,4
2021-01-21,102900011018095,4.0,5.9,0,4
2021-01-22,102900011018095,3.0,5.9,0,3
2021-01-23,102900011018095,7.0,5.9,0,7
2021-01-24,102900011018095,9.0,5.9,0,9
2021-01-25,102900011018095,5.0,5.9,0,5
2021-01-26,102900011018095,13.0,5.9,0,13
2021-01-27,102900011018095,1.0,5.9,0,1
2021-01-28,102900011018095,5.0,5.9,0,5
2021-01-29,102900011018095,3.0,5.9,0,3
2020-10-26,102900005122654,1.425,19.8,0,4
2020-10-27,102900005122654,0.955,19.8,0,4
2020-10-28,102900005122654,1.258,16.0,0,6
2020-10-29,102900005122654,0.209,12.0,0,1
2020-10-30,102900005122654,2.408,10.0,0,9
2020-10-31,102900005122654,8.149000000000001,10.0,0,35
2020-11-01,102900005122654,1.905,8.0,0,7
2020-11-02,102900005122654,3.234,8.0,0,9
2020-11-03,102900005122654,4.022,8.0,0,9
2020-11-04,102900005122654,3.899,8.0,0,12
2020-11-05,102900005122654,2.205,8.0,0,6
2020-11-06,102900005122654,3.797,8.0,0,10
2020-11-07,102900005122654,6.041,8.0,0,13
2020-11-08,102900005122654,7.193,8.0,0,16
2020-11-09,102900005122654,5.126,8.0,0,11
2020-11-10,102900005122654,4.337,8.0,0,8
2020-11-11,102900005122654,6.227,8.0,0,13
2020-11-12,102900005122654,4.3870000000000005,8.0,0,8
2020-11-13,102900005122654,4.55,8.0,0,8
2020-11-14,102900005122654,8.736,8.0,0,17
2020-11-15,102900005122654,7.12,8.0,0,12
2020-11-16,102900005122654,12.049,5.0,0,24
2020-11-17,102900005122654,8.877,5.0,0,15
2020-11-18,102900005122654,9.055,5.0,0,19
2020-11-19,102900005122654,6.083,4.0,0,14
2020-11-20,102900005122654,7.79,3.0,0,19
2020-11-21,102900005122654,18.24,2.0,0,34
2020-11-22,102900005122654,15.233,3.4,0,28
2020-11-23,102900005122654,11.638,6.0,0,26
2020-11-24,102900005122654,6.677,7.0,0,16
2020-11-25,102900005122654,5.078,9.0,0,11
2020-11-26,102900005122654,2.427,9.0,0,5
2020-11-27,102900005122654,2.957,10.0,0,7
2020-11-28,102900005122654,5.645,9.0,0,15
2020-11-29,102900005122654,5.134,9.0,0,10
2020-11-30,102900005122654,3.44,9.0,0,6
2020-12-01,102900005122654,3.278,10.0,0,8
2020-12-02,102900005122654,5.57,10.0,0,11
2020-12-03,102900005122654,5.043,10.0,0,13
2020-12-04,102900005122654,6.472,9.0,1,13
2020-12-05,102900005122654,9.525,12.0,0,20
2020-12-06,102900005122654,7.822999999999999,12.0,0,17
2020-12-07,102900005122654,3.448,14.0,0,6
2020-12-08,102900005122654,3.169,14.0,0,5
2020-12-09,102900005122654,6.595,14.0,0,14
2020-12-10,102900005122654,3.69,10.0,0,10
2020-12-11,102900005122654,2.515,10.0,0,6
2020-12-12,102900005122654,8.577,10.0,0,27
2020-12-13,102900005122654,6.695,10.0,0,15
2020-12-14,102900005122654,6.251,10.0,0,10
2020-12-15,102900005122654,7.205,10.0,0,15
2020-12-16,102900005122654,11.803,8.0,1,21
2020-12-17,102900005122654,4.6,9.0,0,9
2020-12-18,102900005122654,6.554,10.0,0,13
2020-12-19,102900005122654,7.054,10.0,0,14
2020-12-20,102900005122654,5.625,12.0,0,13
2020-12-21,102900005122654,2.972,12.0,0,6
2020-12-22,102900005122654,5.609,13.0,0,14
2020-12-23,102900005122654,6.791,13.0,0,14
2020-12-24,102900005122654,5.293,11.0,1,9
2020-12-25,102900005122654,6.678,12.0,0,15
2020-12-26,102900005122654,6.961,12.0,0,12
2020-12-27,102900005122654,9.475,12.0,0,21
2020-12-28,102900005122654,4.708,12.0,0,11
2020-12-29,102900005122654,6.244,12.0,0,13
2020-12-30,102900005122654,4.107,13.0,0,8
2020-12-31,102900005122654,10.121,10.0,0,14
2021-01-01,102900005122654,29.401,7.0,0,55
2021-01-02,102900005122654,19.9,7.0,0,41
2021-01-03,102900005122654,17.395,7.0,28,10
2021-01-04,102900005122654,8.422,8.0,0,17
2021-01-05,102900005122654,10.341,8.0,0,24
2021-01-06,102900005122654,10.631,8.0,0,24
2021-01-07,102900005122654,8.546,7.5,0,19
2021-01-08,102900005122654,9.688,10.0,0,22
2021-01-09,102900005122654,25.511,10.0,0,52
2021-01-10,102900005122654,12.959,10.0,0,27
2021-01-11,102900005122654,16.065,10.0,0,30
2021-01-12,102900005122654,12.678,10.0,0,27
2021-01-13,102900005122654,9.959,10.0,0,17
2021-01-14,102900005122654,10.671,10.0,0,18
2021-01-15,102900005122654,8.822000000000001,10.0,0,22
2021-01-16,102900005122654,14.461,10.0,0,32
2021-01-17,102900005122654,10.365,10.0,0,27
2021-01-18,102900005122654,26.081,8.0,0,49
2021-01-19,102900005122654,30.405,8.0,0,54
2021-01-20,102900005122654,29.099,6.0,0,57
2021-01-21,102900005122654,46.113,6.0,0,81
2021-01-22,102900005122654,26.708,6.0,0,50
2021-01-23,102900005122654,13.596,6.0,0,31
2021-01-24,102900005122654,69.01,6.0,0,128
2021-01-25,102900005122654,33.27,5.0,0,63
2021-01-26,102900005122654,50.64,5.0,0,90
2021-01-27,102900005122654,89.525,4.0,0,136
2021-01-28,102900005122654,8.645,4.0,0,17
2021-01-29,102900005122654,18.82,4.0,0,29
2021-01-30,102900005122654,80.512,3.7,61,67
2020-11-09,102900011008676,2.092,7.0,0,4
2020-11-11,102900011008676,1.248,5.5,2,2
2020-11-12,102900011008676,0.803,7.0,0,2
2020-11-13,102900011008676,1.1520000000000001,5.5,1,2
2020-11-14,102900011008676,0.888,7.0,0,1
2020-12-07,102900011008676,1.261,7.0,0,2
2020-12-09,102900011008676,1.1669999999999998,3.0,2,0
2020-12-19,102900011008676,0.258,7.0,0,1
2020-12-21,102900011008676,2.588,5.0,1,5
2020-11-11,102900005115199,0.491,37.7,2,2
2020-11-12,102900005115199,0.286,49.8,0,2
2020-11-14,102900005115199,1.627,49.8,0,10
2020-11-15,102900005115199,0.908,49.8,0,6
2020-11-16,102900005115199,0.384,49.8,0,2
2020-11-17,102900005115199,0.795,49.8,0,5
2020-11-18,102900005115199,0.278,49.8,0,2
2020-11-19,102900005115199,0.358,49.8,0,3
2020-11-21,102900005115199,0.3419999999999999,59.8,0,2
2020-11-22,102900005115199,0.284,59.8,0,2
2020-11-28,102900005115199,0.298,69.8,0,2
2020-11-29,102900005115199,0.125,69.8,0,1
2020-11-11,102900011018132,2.428,16.0,0,5
2020-11-12,102900011018132,1.7400000000000002,16.0,0,3
2020-11-13,102900011018132,0.713,16.0,0,1
2020-11-19,102900011018132,6.210999999999999,12.0,0,5
2020-11-20,102900011018132,1.729,12.0,0,3
2020-11-21,102900011018132,4.178,14.0,0,6
2020-12-08,102900011018132,4.729,14.0,0,6
2020-12-09,102900011018132,1.452,14.0,0,2
2020-12-10,102900011018132,0.744,14.0,0,1
2020-12-11,102900011018132,2.819,14.0,0,4
2020-12-12,102900011018132,2.153,14.0,0,2
2020-12-13,102900011018132,6.1370000000000005,14.0,0,10
2020-12-15,102900011018132,0.165,14.0,0,1
2020-12-16,102900011018132,3.27,14.0,0,4
2020-12-29,102900011018132,0.222,14.0,0,1
2020-12-30,102900011018132,3.198,14.0,0,4
2020-12-31,102900011018132,1.445,14.0,0,2
2021-01-04,102900011018132,3.105,14.0,0,5
2021-01-05,102900011018132,1.5590000000000002,14.0,0,3
2021-01-06,102900011018132,0.379,14.0,0,1
2020-11-21,102900005115977,2.049,5.0,0,8
2020-11-23,102900005115977,6.793,5.0,0,26
2020-11-25,102900005115977,4.749,8.0,0,17
2020-11-26,102900005115977,3.879,10.0,0,13
2020-11-27,102900005115977,2.004,10.0,0,9
2020-11-28,102900005115977,4.089,10.0,0,15
2020-11-29,102900005115977,3.366,10.0,0,13
2020-11-30,102900005115977,3.276,10.0,0,10
2020-12-01,102900005115977,3.919,10.0,0,15
2020-12-02,102900005115977,1.222,10.0,0,5
2020-12-03,102900005115977,1.784,10.0,0,5
2020-12-04,102900005115977,4.159,10.0,0,14
2020-12-05,102900005115977,1.953,10.0,0,8
2020-12-06,102900005115977,2.336,10.0,0,7
2020-11-23,102900005115748,5.203,3.0,0,11
2020-11-25,102900005115748,3.433,5.0,0,7
2020-11-26,102900005115748,3.212,5.0,0,8
2020-11-27,102900005115748,2.228,5.0,0,6
2020-11-28,102900005115748,4.96,5.0,0,10
2020-11-29,102900005115748,2.542,6.0,0,6
2020-11-30,102900005115748,1.372,6.0,0,3
2020-12-01,102900005115748,0.502,6.0,0,1
2020-12-03,102900005115748,1.305,6.0,0,5
2020-12-04,102900005115748,1.488,6.0,0,4
2020-12-05,102900005115748,2.343,6.0,0,7
2020-12-06,102900005115748,2.024,6.0,0,6
2020-12-07,102900005115748,1.004,6.0,0,3
2020-12-08,102900005115748,1.089,7.0,0,2
2020-11-25,102900011011669,1.123,14.0,0,5
2020-11-26,102900011011669,0.839,16.0,0,4
2020-11-27,102900011011669,0.25,16.0,0,1
2020-11-28,102900011011669,1.057,16.0,0,4
2020-11-29,102900011011669,0.813,16.0,0,4
2020-11-30,102900011011669,0.688,16.0,0,3
2020-12-04,102900011011669,1.403,18.0,0,6
2020-12-05,102900011011669,0.573,18.0,0,2
2020-12-06,102900011011669,1.63,18.0,0,8
2020-12-07,102900011011669,0.494,16.0,0,2
2020-12-10,102900011011669,0.532,16.0,0,3
2020-12-12,102900011011669,0.5640000000000001,16.0,0,2
2020-12-16,102900011011669,0.419,16.0,0,2
2020-12-17,102900011011669,0.207,16.0,0,1
