数学建模相关/2023数模国赛C题/运行代码/数据拼合/sales_day_simple.csv
销售日期,单品编码,销量(千克),每日平均销售单价(元/千克),打折数量,原价数量
2020-12-02,102900011009277,2.782,8.0,0,6
2020-12-03,102900011009277,12.53,8.0,0,25
2020-12-04,102900011009277,63.326,5.5,33,65
2020-12-05,102900011009277,8.717,5.0,0,19
2020-12-06,102900011009277,29.201,5.0,0,56
2020-12-07,102900011009277,14.759,5.0,0,30
2020-12-08,102900011009277,33.457,5.0,0,57
2020-12-09,102900011009277,2.055,8.0,0,5
2020-12-10,102900011009277,4.639,5.0,0,7
2020-12-11,102900011009277,8.886,8.0,0,16
2020-12-12,102900011009277,12.235,8.0,0,21
2020-12-13,102900011009277,15.729,8.0,0,29
2020-12-14,102900011009277,13.822,8.0,0,23
2020-12-15,102900011009277,12.269,8.0,0,21
2020-12-16,102900011009277,11.064,8.0,0,22
2020-12-17,102900011009277,12.948,8.0,0,22
2020-12-18,102900011009277,7.819,8.0,0,16
2020-12-19,102900011009277,8.384,8.0,0,19
2020-12-20,102900011009277,17.61,8.0,0,26
2020-12-21,102900011009277,9.832,6.0,0,18
2020-12-22,102900011009277,8.496,6.0,0,15
2020-12-23,102900011009277,10.321,6.0,0,18
2020-12-24,102900011009277,14.215,6.0,0,25
2020-12-25,102900011009277,15.267,6.0,0,22
2020-12-26,102900011009277,29.216,6.0,0,48
2020-12-27,102900011009277,30.204,6.0,0,45
2020-12-28,102900011009277,13.247,6.0,0,21
2020-12-29,102900011009277,9.048,6.0,0,16
2020-12-30,102900011009277,16.541,6.0,0,26
2020-12-31,102900011009277,12.208,6.0,0,20
2021-01-01,102900011009277,21.674,6.0,0,32
2021-01-02,102900011009277,17.961,6.0,0,27
2021-01-03,102900011009277,19.452,6.0,0,34
2021-01-04,102900011009277,11.44,6.0,0,21
2021-01-05,102900011009277,27.752,7.0,0,36
2021-01-06,102900011009277,12.093,7.0,0,16
2021-01-07,102900011009277,2.882,8.0,0,6
2021-01-08,102900011009277,15.37,6.0,0,22
2021-01-09,102900011009277,12.676,6.0,0,16
2021-01-10,102900011009277,13.696,6.0,0,18
2021-01-11,102900011009277,6.228,8.0,0,8
2021-01-12,102900011009277,12.369,8.0,0,11
2021-01-13,102900011009277,4.95,8.0,0,9
2021-01-14,102900011009277,4.925,8.0,0,8
2021-01-15,102900011009277,7.957,8.0,0,7
2021-01-16,102900011009277,13.019,8.0,0,16
2021-01-17,102900011009277,5.827999999999999,8.0,0,7
2021-01-18,102900011009277,10.626,8.0,0,12
2021-01-19,102900011009277,9.234,8.0,0,13
2021-01-20,102900011009277,6.228,8.0,0,10
2021-01-21,102900011009277,7.972,8.0,0,12
2021-01-22,102900011009277,9.486,8.0,0,12
2021-01-23,102900011009277,3.447,8.0,0,7
2021-01-24,102900011009277,8.999,8.0,0,15
2021-01-25,102900011009277,5.614,8.0,0,10
2021-01-26,102900011009277,11.68,8.0,0,19
2021-01-27,102900011009277,3.935,8.0,0,7
2021-01-28,102900011009277,0.902,8.0,0,2
2021-01-29,102900011009277,8.773,8.0,0,11
2020-12-03,102900011000571,8.476,4.2,2,17
2020-12-05,102900011000571,2.225,6.0,0,5
2020-12-06,102900011000571,4.121,5.6,0,10
2020-12-07,102900011000571,3.92,4.0,0,8
2020-12-08,102900011000571,2.438,5.6,0,4
2020-12-09,102900011000571,1.381,5.6,0,4
2020-12-10,102900011000571,0.771,5.6,0,2
2020-12-11,102900011000571,3.297,5.6,0,6
2020-12-12,102900011000571,1.093,5.6,0,3
2020-12-13,102900011000571,1.38,5.6,0,4
2020-12-19,102900011000571,2.993,5.6,0,7
2020-12-20,102900011000571,4.175,5.6,0,10
2020-12-23,102900011000571,4.391,5.6,0,9
2020-12-24,102900011000571,1.219,5.6,0,4
2020-12-25,102900011000571,1.433,5.6,0,4
2021-01-23,102900011000571,8.572000000000001,8.0,0,23
2021-01-24,102900011000571,7.255,8.0,0,18
2021-01-26,102900011000571,10.728,8.0,0,28
2021-01-27,102900011000571,3.934,8.0,0,11
2021-01-28,102900011000571,7.87,8.0,0,26
2021-01-29,102900011000571,3.923,8.0,0,11
2021-01-30,102900011000571,5.637,6.0,0,14
2020-12-08,106949711300068,3.0,3.5,0,3
2020-12-10,106949711300068,1.0,3.5,0,1
2020-12-11,106949711300068,5.0,3.5,0,5
2020-12-12,106949711300068,1.0,3.5,0,1
2020-12-13,106949711300068,35.0,3.5,0,35
2020-12-14,106949711300068,12.0,3.5,0,12
2020-12-15,106949711300068,17.0,3.5,0,17
2020-12-16,106949711300068,6.0,3.5,0,6
2020-12-17,106949711300068,15.0,3.5,0,15
2020-12-18,106949711300068,15.0,3.5,0,15
2020-12-19,106949711300068,27.0,3.5,0,27
2020-12-20,106949711300068,15.0,3.5,0,15
2020-12-21,106949711300068,16.0,3.5,0,16
2020-12-22,106949711300068,10.0,3.5,0,10
2020-12-23,106949711300068,10.0,3.5,0,10
2020-12-24,106949711300068,12.0,3.5,0,12
2020-12-25,106949711300068,23.0,3.5,0,23
2020-12-26,106949711300068,26.0,3.5,0,26
2020-12-27,106949711300068,8.0,3.5,0,8
2020-12-28,106949711300068,3.0,3.5,0,3
2020-12-29,106949711300068,3.0,3.5,0,3
2020-12-30,106949711300068,8.0,3.5,0,8
2020-12-31,106949711300068,20.0,3.5,0,20
2021-01-01,106949711300068,13.0,3.5,0,13
2021-01-02,106949711300068,29.0,3.5,0,29
2021-01-03,106949711300068,20.0,3.5,0,20
2021-01-04,106949711300068,12.0,3.5,0,12
2021-01-05,106949711300068,13.0,3.5,0,13
2021-01-06,106949711300068,10.0,3.5,0,10
2021-01-07,106949711300068,13.0,3.5,0,13
2021-01-08,106949711300068,11.0,3.5,0,11
2021-01-09,106949711300068,22.0,3.5,0,22
2021-01-10,106949711300068,11.0,3.5,0,11
2021-01-11,106949711300068,6.0,3.5,0,6
2021-01-12,106949711300068,7.0,3.5,0,7
2021-01-13,106949711300068,10.0,3.5,0,10
2021-01-14,106949711300068,8.0,3.5,0,8
2021-01-15,106949711300068,2.0,3.5,0,2
2021-01-16,106949711300068,24.0,3.5,0,23
2021-01-17,106949711300068,26.0,3.5,0,26
2021-01-18,106949711300068,4.0,3.5,0,4
2021-01-19,106949711300068,19.0,3.5,0,19
2021-01-20,106949711300068,11.0,3.5,0,11
2021-01-21,106949711300068,8.0,3.5,0,8
2021-01-22,106949711300068,18.0,3.5,0,18
2021-01-23,106949711300068,18.0,3.5,0,18
2021-01-24,106949711300068,20.0,3.5,0,20
2021-01-25,106949711300068,8.0,3.5,0,8
2021-01-26,106949711300068,7.0,3.5,0,7
2021-01-27,106949711300068,15.0,3.9,0,15
2021-01-28,106949711300068,9.0,3.9,0,9
2021-01-29,106949711300068,5.0,3.9,0,5
2020-12-10,106930274220092,1.0,4.9,0,1
2020-12-11,106930274220092,1.0,4.9,0,1
2020-12-19,106930274220092,1.0,100.0,0,1
2020-12-29,106930274220092,6.0,4.9,0,6
2021-01-03,106930274220092,4.0,4.9,0,4
2021-01-04,106930274220092,1.0,4.9,0,1
2021-01-05,106930274220092,2.0,4.9,0,2
2021-01-06,106930274220092,2.0,3.9,0,2
2021-01-07,106930274220092,2.0,3.9,0,2
2021-01-08,106930274220092,5.0,3.9,0,5
2021-01-09,106930274220092,4.0,3.9,0,4
2021-01-10,106930274220092,4.0,3.9,0,4
2021-01-11,106930274220092,4.0,3.9,0,4
2021-01-12,106930274220092,3.0,3.9,0,3
2021-01-14,106930274220092,2.0,3.9,0,2
2021-01-15,106930274220092,4.0,3.9,0,4
2021-01-16,106930274220092,3.0,3.9,0,3
2021-01-17,106930274220092,4.0,3.9,0,4
2021-01-18,106930274220092,4.0,3.9,0,4
2021-01-19,106930274220092,1.0,3.9,0,1
2021-01-20,106930274220092,1.0,3.9,0,1
2021-01-21,106930274220092,3.0,3.9,0,3
2021-01-22,106930274220092,4.0,3.9,0,4
2021-01-23,106930274220092,3.0,3.9,0,3
2021-01-24,106930274220092,2.0,3.9,0,2
2021-01-28,106930274220092,2.0,3.9,0,2
2021-01-17,102900011000632,1.369,19.8,0,2
2021-01-19,102900011000632,1.336,12.0,0,2
2021-01-20,102900011000632,0.843,12.0,0,2
2021-01-21,102900011000632,0.493,12.0,0,1
2021-01-23,102900011000632,1.578,12.0,0,3
2021-01-24,102900011000632,1.569,12.0,0,2
2021-01-26,102900011000632,0.584,12.0,0,1
2021-01-27,102900011000632,1.344,12.0,0,2
2021-01-29,102900011000632,0.609,12.0,0,2
